{"timestamp":"2026-07-03T13:07:49.205914Z","level":"info","event":"::group::Pre Execute","logger":"task","filename":"task_runner.py","lineno":1926}
{"timestamp":"2026-07-03T13:07:49.771820Z","level":"info","event":"DAG bundles loaded: dags-folder, example_dags","try_number":1,"dag_id":"vehicle_batch_pipeline","map_index":0,"run_id":"manual__2026-07-03T13:07:42.135930+00:00","task_id":"process_batch_task","ti_id":"019f2817-962c-7371-9d20-201892cea934","logger":"airflow.dag_processing.bundles.manager.DagBundlesManager","filename":"manager.py","lineno":209}
{"timestamp":"2026-07-03T13:07:49.774243Z","level":"info","event":"Filling up the DagBag from /opt/airflow/dags/vehicle_pipeline.py","try_number":1,"dag_id":"vehicle_batch_pipeline","map_index":0,"run_id":"manual__2026-07-03T13:07:42.135930+00:00","task_id":"process_batch_task","ti_id":"019f2817-962c-7371-9d20-201892cea934","logger":"airflow.dag_processing.dagbag.BundleDagBag","filename":"dagbag.py","lineno":469}
{"timestamp":"2026-07-03T13:07:49.947065Z","level":"info","event":"Task instance is in running state","logger":"task.stdout"}
{"timestamp":"2026-07-03T13:07:49.947772Z","level":"info","event":" Previous state of the Task instance: TaskInstanceState.QUEUED","logger":"task.stdout"}
{"timestamp":"2026-07-03T13:07:49.948236Z","level":"info","event":"Current task name:process_batch_task","logger":"task.stdout"}
{"timestamp":"2026-07-03T13:07:49.948730Z","level":"info","event":"Dag name:vehicle_batch_pipeline","logger":"task.stdout"}
{"timestamp":"2026-07-03T13:07:49.947419Z","level":"info","event":"::endgroup::","try_number":1,"dag_id":"vehicle_batch_pipeline","map_index":0,"run_id":"manual__2026-07-03T13:07:42.135930+00:00","task_id":"process_batch_task","ti_id":"019f2817-962c-7371-9d20-201892cea934","logger":"task","filename":"task_runner.py","lineno":1727}
{"timestamp":"2026-07-03T13:07:49.949358Z","level":"info","event":"Processing batch_1.csv","logger":"scripts.process_batch","try_number":1,"dag_id":"vehicle_batch_pipeline","map_index":0,"run_id":"manual__2026-07-03T13:07:42.135930+00:00","task_id":"process_batch_task","ti_id":"019f2817-962c-7371-9d20-201892cea934","filename":"process_batch.py","lineno":13}
{"timestamp":"2026-07-03T13:07:49.950645Z","level":"error","event":"2026-07-03 13:07:49,949 | INFO | Processing batch_1.csv","logger":"task.stderr"}
{"timestamp":"2026-07-03T13:07:49.960729Z","level":"error","event":"2026-07-03 13:07:49,960 | INFO | Rows = 2","logger":"task.stderr"}
{"timestamp":"2026-07-03T13:07:49.960693Z","level":"info","event":"Rows = 2","logger":"scripts.process_batch","try_number":1,"dag_id":"vehicle_batch_pipeline","map_index":0,"run_id":"manual__2026-07-03T13:07:42.135930+00:00","task_id":"process_batch_task","ti_id":"019f2817-962c-7371-9d20-201892cea934","filename":"process_batch.py","lineno":17}
{"timestamp":"2026-07-03T13:07:49.962258Z","level":"info","event":"Using environment: production","logger":"scripts.api_client","filename":"api_client.py","lineno":17}
{"timestamp":"2026-07-03T13:07:49.962457Z","level":"info","event":"Calling URL: http://host.docker.internal:8000/rc","logger":"scripts.api_client","filename":"api_client.py","lineno":18}
{"timestamp":"2026-07-03T13:07:49.966385Z","level":"error","event":"2026-07-03 13:07:49,962 | INFO | Using environment: production","logger":"task.stderr"}
{"timestamp":"2026-07-03T13:07:49.967156Z","level":"error","event":"2026-07-03 13:07:49,962 | INFO | Calling URL: http://host.docker.internal:8000/rc","logger":"task.stderr"}
{"timestamp":"2026-07-03T13:07:49.967766Z","level":"error","event":"2026-07-03 13:07:49,964 | INFO | Using environment: production","logger":"task.stderr"}
{"timestamp":"2026-07-03T13:07:49.968325Z","level":"error","event":"2026-07-03 13:07:49,964 | INFO | Calling URL: http://host.docker.internal:8000/fastag","logger":"task.stderr"}
{"timestamp":"2026-07-03T13:07:49.969319Z","level":"error","event":"2026-07-03 13:07:49,964 | INFO | Using environment: production","logger":"task.stderr"}
{"timestamp":"2026-07-03T13:07:49.970053Z","level":"error","event":"2026-07-03 13:07:49,965 | INFO | Calling URL: http://host.docker.internal:8000/vrn","logger":"task.stderr"}
{"timestamp":"2026-07-03T13:07:49.971401Z","level":"error","event":"2026-07-03 13:07:49,966 | INFO | Using environment: production","logger":"task.stderr"}
{"timestamp":"2026-07-03T13:07:49.964541Z","level":"info","event":"Using environment: production","logger":"scripts.api_client","filename":"api_client.py","lineno":17}
{"timestamp":"2026-07-03T13:07:49.964775Z","level":"info","event":"Calling URL: http://host.docker.internal:8000/fastag","logger":"scripts.api_client","filename":"api_client.py","lineno":18}
{"timestamp":"2026-07-03T13:07:49.965619Z","level":"info","event":"Using environment: production","logger":"scripts.api_client","filename":"api_client.py","lineno":17}
{"timestamp":"2026-07-03T13:07:49.965746Z","level":"info","event":"Calling URL: http://host.docker.internal:8000/vrn","logger":"scripts.api_client","filename":"api_client.py","lineno":18}
{"timestamp":"2026-07-03T13:07:49.966673Z","level":"info","event":"Using environment: production","logger":"scripts.api_client","filename":"api_client.py","lineno":17}
{"timestamp":"2026-07-03T13:07:49.966814Z","level":"info","event":"Calling URL: http://host.docker.internal:8000/valuation","logger":"scripts.api_client","filename":"api_client.py","lineno":18}
{"timestamp":"2026-07-03T13:07:49.982480Z","level":"error","event":"2026-07-03 13:07:49,966 | INFO | Calling URL: http://host.docker.internal:8000/valuation","logger":"task.stderr"}
{"timestamp":"2026-07-03T13:07:50.990304Z","level":"error","event":"2026-07-03 13:07:50,989 | INFO | Using environment: production","logger":"task.stderr"}
{"timestamp":"2026-07-03T13:07:50.991240Z","level":"error","event":"2026-07-03 13:07:50,990 | INFO | Using environment: production","logger":"task.stderr"}
{"timestamp":"2026-07-03T13:07:50.990519Z","level":"info","event":"Using environment: production","logger":"scripts.api_client","filename":"api_client.py","lineno":17}
{"timestamp":"2026-07-03T13:07:50.990976Z","level":"info","event":"Using environment: production","logger":"scripts.api_client","filename":"api_client.py","lineno":17}
{"timestamp":"2026-07-03T13:07:50.993687Z","level":"error","event":"2026-07-03 13:07:50,990 | INFO | Calling URL: http://host.docker.internal:8000/fastag","logger":"task.stderr"}
{"timestamp":"2026-07-03T13:07:50.994363Z","level":"error","event":"2026-07-03 13:07:50,991 | INFO | Calling URL: http://host.docker.internal:8000/valuation","logger":"task.stderr"}
{"timestamp":"2026-07-03T13:07:50.995044Z","level":"error","event":"2026-07-03 13:07:50,991 | INFO | Using environment: production","logger":"task.stderr"}
{"timestamp":"2026-07-03T13:07:50.991973Z","level":"info","event":"Calling URL: http://host.docker.internal:8000/fastag","logger":"scripts.api_client","filename":"api_client.py","lineno":18}
{"timestamp":"2026-07-03T13:07:50.992476Z","level":"info","event":"Calling URL: http://host.docker.internal:8000/valuation","logger":"scripts.api_client","filename":"api_client.py","lineno":18}
{"timestamp":"2026-07-03T13:07:50.993491Z","level":"info","event":"Using environment: production","logger":"scripts.api_client","filename":"api_client.py","lineno":17}
{"timestamp":"2026-07-03T13:07:50.999730Z","level":"error","event":"2026-07-03 13:07:50,993 | INFO | Calling URL: http://host.docker.internal:8000/rc","logger":"task.stderr"}
{"timestamp":"2026-07-03T13:07:51.000326Z","level":"error","event":"2026-07-03 13:07:50,991 | INFO | Using environment: production","logger":"task.stderr"}
{"timestamp":"2026-07-03T13:07:50.997354Z","level":"info","event":"Calling URL: http://host.docker.internal:8000/rc","logger":"scripts.api_client","filename":"api_client.py","lineno":18}
{"timestamp":"2026-07-03T13:07:50.999179Z","level":"info","event":"Using environment: production","logger":"scripts.api_client","filename":"api_client.py","lineno":17}
{"timestamp":"2026-07-03T13:07:51.000609Z","level":"info","event":"Calling URL: http://host.docker.internal:8000/vrn","logger":"scripts.api_client","filename":"api_client.py","lineno":18}
{"timestamp":"2026-07-03T13:07:51.003090Z","level":"error","event":"2026-07-03 13:07:50,999 | INFO | Calling URL: http://host.docker.internal:8000/vrn","logger":"task.stderr"}
{"timestamp":"2026-07-03T13:07:53.007985Z","level":"error","event":"2026-07-03 13:07:53,005 | INFO | Using environment: production","logger":"task.stderr"}
{"timestamp":"2026-07-03T13:07:53.008810Z","level":"error","event":"2026-07-03 13:07:53,006 | INFO | Using environment: production","logger":"task.stderr"}
{"timestamp":"2026-07-03T13:07:53.009282Z","level":"error","event":"2026-07-03 13:07:53,006 | INFO | Using environment: production","logger":"task.stderr"}
{"timestamp":"2026-07-03T13:07:53.009734Z","level":"error","event":"2026-07-03 13:07:53,006 | INFO | Calling URL: http://host.docker.internal:8000/rc","logger":"task.stderr"}
{"timestamp":"2026-07-03T13:07:53.006468Z","level":"info","event":"Using environment: production","logger":"scripts.api_client","filename":"api_client.py","lineno":17}
{"timestamp":"2026-07-03T13:07:53.007077Z","level":"info","event":"Calling URL: http://host.docker.internal:8000/rc","logger":"scripts.api_client","filename":"api_client.py","lineno":18}
{"timestamp":"2026-07-03T13:07:53.012892Z","level":"info","event":"Using environment: production","logger":"scripts.api_client","filename":"api_client.py","lineno":17}
{"timestamp":"2026-07-03T13:07:53.013644Z","level":"info","event":"Calling URL: http://host.docker.internal:8000/fastag","logger":"scripts.api_client","filename":"api_client.py","lineno":18}
{"timestamp":"2026-07-03T13:07:53.014564Z","level":"info","event":"Using environment: production","logger":"scripts.api_client","filename":"api_client.py","lineno":17}
{"timestamp":"2026-07-03T13:07:53.014753Z","level":"info","event":"Calling URL: http://host.docker.internal:8000/valuation","logger":"scripts.api_client","filename":"api_client.py","lineno":18}
{"timestamp":"2026-07-03T13:07:53.019428Z","level":"error","event":"2026-07-03 13:07:53,013 | INFO | Calling URL: http://host.docker.internal:8000/fastag","logger":"task.stderr"}
{"timestamp":"2026-07-03T13:07:53.020640Z","level":"error","event":"2026-07-03 13:07:53,014 | INFO | Using environment: production","logger":"task.stderr"}
{"timestamp":"2026-07-03T13:07:53.021500Z","level":"error","event":"2026-07-03 13:07:53,014 | INFO | Calling URL: http://host.docker.internal:8000/valuation","logger":"task.stderr"}
{"timestamp":"2026-07-03T13:07:53.022033Z","level":"error","event":"2026-07-03 13:07:53,016 | INFO | Calling URL: http://host.docker.internal:8000/vrn","logger":"task.stderr"}
{"timestamp":"2026-07-03T13:07:53.016413Z","level":"info","event":"Using environment: production","logger":"scripts.api_client","filename":"api_client.py","lineno":17}
{"timestamp":"2026-07-03T13:07:53.016567Z","level":"info","event":"Calling URL: http://host.docker.internal:8000/vrn","logger":"scripts.api_client","filename":"api_client.py","lineno":18}
{"timestamp":"2026-07-03T13:07:53.031100Z","level":"error","event":"2026-07-03 13:07:53,029 | ERROR | V001 failed: HTTPConnectionPool(host='host.docker.internal', port=8000): Max retries exceeded with url: /rc (Caused by NewConnectionError(\"HTTPConnection(host='host.docker.internal', port=8000): Failed to establish a new connection: [Errno 101] Network is unreachable\"))","logger":"task.stderr"}
{"timestamp":"2026-07-03T13:07:53.029690Z","level":"error","event":"V001 failed: HTTPConnectionPool(host='host.docker.internal', port=8000): Max retries exceeded with url: /rc (Caused by NewConnectionError(\"HTTPConnection(host='host.docker.internal', port=8000): Failed to establish a new connection: [Errno 101] Network is unreachable\"))","logger":"scripts.process_batch","try_number":1,"dag_id":"vehicle_batch_pipeline","map_index":0,"run_id":"manual__2026-07-03T13:07:42.135930+00:00","task_id":"process_batch_task","ti_id":"019f2817-962c-7371-9d20-201892cea934","filename":"process_batch.py","lineno":29}
{"timestamp":"2026-07-03T13:07:53.031188Z","level":"info","event":"Using environment: production","logger":"scripts.api_client","filename":"api_client.py","lineno":17}
{"timestamp":"2026-07-03T13:07:53.031383Z","level":"info","event":"Calling URL: http://host.docker.internal:8000/rc","logger":"scripts.api_client","filename":"api_client.py","lineno":18}
{"timestamp":"2026-07-03T13:07:53.035343Z","level":"error","event":"2026-07-03 13:07:53,030 | INFO | Using environment: production","logger":"task.stderr"}
{"timestamp":"2026-07-03T13:07:53.037825Z","level":"error","event":"2026-07-03 13:07:53,031 | INFO | Calling URL: http://host.docker.internal:8000/rc","logger":"task.stderr"}
{"timestamp":"2026-07-03T13:07:53.040682Z","level":"error","event":"2026-07-03 13:07:53,031 | INFO | Using environment: production","logger":"task.stderr"}
{"timestamp":"2026-07-03T13:07:53.052696Z","level":"error","event":"2026-07-03 13:07:53,033 | INFO | Using environment: production","logger":"task.stderr"}
{"timestamp":"2026-07-03T13:07:53.034043Z","level":"info","event":"Using environment: production","logger":"scripts.api_client","filename":"api_client.py","lineno":17}
{"timestamp":"2026-07-03T13:07:53.034688Z","level":"info","event":"Using environment: production","logger":"scripts.api_client","filename":"api_client.py","lineno":17}
{"timestamp":"2026-07-03T13:07:53.035987Z","level":"info","event":"Calling URL: http://host.docker.internal:8000/fastag","logger":"scripts.api_client","filename":"api_client.py","lineno":18}
{"timestamp":"2026-07-03T13:07:53.038987Z","level":"info","event":"Using environment: production","logger":"scripts.api_client","filename":"api_client.py","lineno":17}
{"timestamp":"2026-07-03T13:07:53.039335Z","level":"info","event":"Calling URL: http://host.docker.internal:8000/valuation","logger":"scripts.api_client","filename":"api_client.py","lineno":18}
{"timestamp":"2026-07-03T13:07:53.040944Z","level":"info","event":"Calling URL: http://host.docker.internal:8000/vrn","logger":"scripts.api_client","filename":"api_client.py","lineno":18}
{"timestamp":"2026-07-03T13:07:53.066592Z","level":"error","event":"2026-07-03 13:07:53,034 | INFO | Calling URL: http://host.docker.internal:8000/fastag","logger":"task.stderr"}
{"timestamp":"2026-07-03T13:07:53.067312Z","level":"error","event":"2026-07-03 13:07:53,037 | INFO | Using environment: production","logger":"task.stderr"}
{"timestamp":"2026-07-03T13:07:53.067904Z","level":"error","event":"2026-07-03 13:07:53,039 | INFO | Calling URL: http://host.docker.internal:8000/valuation","logger":"task.stderr"}
{"timestamp":"2026-07-03T13:07:53.069965Z","level":"error","event":"2026-07-03 13:07:53,035 | INFO | Calling URL: http://host.docker.internal:8000/vrn","logger":"task.stderr"}
{"timestamp":"2026-07-03T13:07:54.054403Z","level":"error","event":"2026-07-03 13:07:54,054 | INFO | Using environment: production","logger":"task.stderr"}
{"timestamp":"2026-07-03T13:07:54.055995Z","level":"error","event":"2026-07-03 13:07:54,054 | INFO | Calling URL: http://host.docker.internal:8000/rc","logger":"task.stderr"}
{"timestamp":"2026-07-03T13:07:54.054306Z","level":"info","event":"Using environment: production","logger":"scripts.api_client","filename":"api_client.py","lineno":17}
{"timestamp":"2026-07-03T13:07:54.054500Z","level":"info","event":"Calling URL: http://host.docker.internal:8000/rc","logger":"scripts.api_client","filename":"api_client.py","lineno":18}
{"timestamp":"2026-07-03T13:07:54.056135Z","level":"info","event":"Using environment: production","logger":"scripts.api_client","filename":"api_client.py","lineno":17}
{"timestamp":"2026-07-03T13:07:54.056243Z","level":"info","event":"Calling URL: http://host.docker.internal:8000/fastag","logger":"scripts.api_client","filename":"api_client.py","lineno":18}
{"timestamp":"2026-07-03T13:07:54.059177Z","level":"error","event":"2026-07-03 13:07:54,056 | INFO | Using environment: production","logger":"task.stderr"}
{"timestamp":"2026-07-03T13:07:54.059736Z","level":"error","event":"2026-07-03 13:07:54,056 | INFO | Calling URL: http://host.docker.internal:8000/fastag","logger":"task.stderr"}
{"timestamp":"2026-07-03T13:07:54.061359Z","level":"error","event":"2026-07-03 13:07:54,061 | INFO | Using environment: production","logger":"task.stderr"}
{"timestamp":"2026-07-03T13:07:54.063227Z","level":"error","event":"2026-07-03 13:07:54,061 | INFO | Calling URL: http://host.docker.internal:8000/valuation","logger":"task.stderr"}
{"timestamp":"2026-07-03T13:07:54.063897Z","level":"error","event":"2026-07-03 13:07:54,062 | INFO | Using environment: production","logger":"task.stderr"}
{"timestamp":"2026-07-03T13:07:54.064380Z","level":"error","event":"2026-07-03 13:07:54,062 | INFO | Calling URL: http://host.docker.internal:8000/vrn","logger":"task.stderr"}
{"timestamp":"2026-07-03T13:07:54.061354Z","level":"info","event":"Using environment: production","logger":"scripts.api_client","filename":"api_client.py","lineno":17}
{"timestamp":"2026-07-03T13:07:54.061507Z","level":"info","event":"Calling URL: http://host.docker.internal:8000/valuation","logger":"scripts.api_client","filename":"api_client.py","lineno":18}
{"timestamp":"2026-07-03T13:07:54.062569Z","level":"info","event":"Using environment: production","logger":"scripts.api_client","filename":"api_client.py","lineno":17}
{"timestamp":"2026-07-03T13:07:54.062691Z","level":"info","event":"Calling URL: http://host.docker.internal:8000/vrn","logger":"scripts.api_client","filename":"api_client.py","lineno":18}
{"timestamp":"2026-07-03T13:07:56.060944Z","level":"error","event":"2026-07-03 13:07:56,060 | INFO | Using environment: production","logger":"task.stderr"}
{"timestamp":"2026-07-03T13:07:56.064086Z","level":"error","event":"2026-07-03 13:07:56,060 | INFO | Calling URL: http://host.docker.internal:8000/rc","logger":"task.stderr"}
{"timestamp":"2026-07-03T13:07:56.060370Z","level":"info","event":"Using environment: production","logger":"scripts.api_client","filename":"api_client.py","lineno":17}
{"timestamp":"2026-07-03T13:07:56.060555Z","level":"info","event":"Calling URL: http://host.docker.internal:8000/rc","logger":"scripts.api_client","filename":"api_client.py","lineno":18}
{"timestamp":"2026-07-03T13:07:56.061997Z","level":"info","event":"Using environment: production","logger":"scripts.api_client","filename":"api_client.py","lineno":17}
{"timestamp":"2026-07-03T13:07:56.062156Z","level":"info","event":"Calling URL: http://host.docker.internal:8000/fastag","logger":"scripts.api_client","filename":"api_client.py","lineno":18}
{"timestamp":"2026-07-03T13:07:56.078000Z","level":"error","event":"2026-07-03 13:07:56,061 | INFO | Using environment: production","logger":"task.stderr"}
{"timestamp":"2026-07-03T13:07:56.078986Z","level":"error","event":"2026-07-03 13:07:56,062 | INFO | Calling URL: http://host.docker.internal:8000/fastag","logger":"task.stderr"}
{"timestamp":"2026-07-03T13:07:56.079578Z","level":"error","event":"2026-07-03 13:07:56,069 | INFO | Using environment: production","logger":"task.stderr"}
{"timestamp":"2026-07-03T13:07:56.080132Z","level":"error","event":"2026-07-03 13:07:56,069 | INFO | Calling URL: http://host.docker.internal:8000/valuation","logger":"task.stderr"}
{"timestamp":"2026-07-03T13:07:56.080642Z","level":"error","event":"2026-07-03 13:07:56,069 | INFO | Using environment: production","logger":"task.stderr"}
{"timestamp":"2026-07-03T13:07:56.081110Z","level":"error","event":"2026-07-03 13:07:56,070 | INFO | Calling URL: http://host.docker.internal:8000/vrn","logger":"task.stderr"}
{"timestamp":"2026-07-03T13:07:56.081552Z","level":"error","event":"2026-07-03 13:07:56,074 | ERROR | V002 failed: HTTPConnectionPool(host='host.docker.internal', port=8000): Max retries exceeded with url: /rc (Caused by NewConnectionError(\"HTTPConnection(host='host.docker.internal', port=8000): Failed to establish a new connection: [Errno 101] Network is unreachable\"))","logger":"task.stderr"}
{"timestamp":"2026-07-03T13:07:56.069403Z","level":"info","event":"Using environment: production","logger":"scripts.api_client","filename":"api_client.py","lineno":17}
{"timestamp":"2026-07-03T13:07:56.069602Z","level":"info","event":"Calling URL: http://host.docker.internal:8000/valuation","logger":"scripts.api_client","filename":"api_client.py","lineno":18}
{"timestamp":"2026-07-03T13:07:56.069920Z","level":"info","event":"Using environment: production","logger":"scripts.api_client","filename":"api_client.py","lineno":17}
{"timestamp":"2026-07-03T13:07:56.070724Z","level":"info","event":"Calling URL: http://host.docker.internal:8000/vrn","logger":"scripts.api_client","filename":"api_client.py","lineno":18}
{"timestamp":"2026-07-03T13:07:56.074831Z","level":"error","event":"V002 failed: HTTPConnectionPool(host='host.docker.internal', port=8000): Max retries exceeded with url: /rc (Caused by NewConnectionError(\"HTTPConnection(host='host.docker.internal', port=8000): Failed to establish a new connection: [Errno 101] Network is unreachable\"))","logger":"scripts.process_batch","try_number":1,"dag_id":"vehicle_batch_pipeline","map_index":0,"run_id":"manual__2026-07-03T13:07:42.135930+00:00","task_id":"process_batch_task","ti_id":"019f2817-962c-7371-9d20-201892cea934","filename":"process_batch.py","lineno":29}
{"timestamp":"2026-07-03T13:07:56.084531Z","level":"error","event":"2026-07-03 13:07:56,083 | INFO |","logger":"task.stderr"}
{"timestamp":"2026-07-03T13:07:56.084989Z","level":"error","event":"==========================","logger":"task.stderr"}
{"timestamp":"2026-07-03T13:07:56.085438Z","level":"error","event":"Batch Summary","logger":"task.stderr"}
{"timestamp":"2026-07-03T13:07:56.085879Z","level":"error","event":"==========================","logger":"task.stderr"}
{"timestamp":"2026-07-03T13:07:56.086312Z","level":"error","event":"Total Records : 2","logger":"task.stderr"}
{"timestamp":"2026-07-03T13:07:56.086758Z","level":"error","event":"Success : 0","logger":"task.stderr"}
{"timestamp":"2026-07-03T13:07:56.087170Z","level":"error","event":"Failed : 2","logger":"task.stderr"}
{"timestamp":"2026-07-03T13:07:56.087546Z","level":"error","event":"Success Rate : 0.0%","logger":"task.stderr"}
{"timestamp":"2026-07-03T13:07:56.087982Z","level":"error","event":"==========================","logger":"task.stderr"}
{"timestamp":"2026-07-03T13:07:56.083919Z","level":"info","event":"\n==========================\nBatch Summary\n==========================\nTotal Records : 2\nSuccess : 0\nFailed : 2\nSuccess Rate : 0.0%\n==========================","logger":"scripts.process_batch","try_number":1,"dag_id":"vehicle_batch_pipeline","map_index":0,"run_id":"manual__2026-07-03T13:07:42.135930+00:00","task_id":"process_batch_task","ti_id":"019f2817-962c-7371-9d20-201892cea934","filename":"process_batch.py","lineno":42}
{"timestamp":"2026-07-03T13:07:56.086454Z","level":"info","event":"Done. Returned value was: Empty DataFrame\nColumns: []\nIndex: []","try_number":1,"dag_id":"vehicle_batch_pipeline","map_index":0,"run_id":"manual__2026-07-03T13:07:42.135930+00:00","task_id":"process_batch_task","ti_id":"019f2817-962c-7371-9d20-201892cea934","logger":"airflow.task.operators.airflow.providers.standard.decorators.python._PythonDecoratedOperator","filename":"python.py","lineno":233}
{"timestamp":"2026-07-03T13:07:56.086599Z","level":"info","event":"::group::Post Execute","try_number":1,"dag_id":"vehicle_batch_pipeline","map_index":0,"run_id":"manual__2026-07-03T13:07:42.135930+00:00","task_id":"process_batch_task","ti_id":"019f2817-962c-7371-9d20-201892cea934","logger":"task","filename":"task_runner.py","lineno":1288}
{"timestamp":"2026-07-03T13:07:56.086852Z","level":"info","event":"Pushing xcom","ti":"RuntimeTaskInstance(id=UUID('019f2817-962c-7371-9d20-201892cea934'), task_id='process_batch_task', dag_id='vehicle_batch_pipeline', run_id='manual__2026-07-03T13:07:42.135930+00:00', try_number=1, dag_version_id=UUID('019f2816-76da-7e39-88fb-09ffc304bea2'), map_index=0, hostname='8e3d505c6688', context_carrier={'traceparent': '00-0edc00401b61767f36578b155d86611a-681ebf969cdc205d-01'}, task=<Task(_PythonDecoratedOperator): process_batch_task>, bundle_instance=LocalDagBundle(name=dags-folder), max_tries=2, start_date=datetime.datetime(2026, 7, 3, 13, 7, 49, 184877, tzinfo=datetime.timezone.utc), end_date=None, state=<TaskInstanceState.RUNNING: 'running'>, is_mapped=True, rendered_map_index=None, sentry_integration='')","try_number":1,"dag_id":"vehicle_batch_pipeline","map_index":0,"run_id":"manual__2026-07-03T13:07:42.135930+00:00","task_id":"process_batch_task","ti_id":"019f2817-962c-7371-9d20-201892cea934","logger":"task","filename":"task_runner.py","lineno":1791}
{"timestamp":"2026-07-03T13:07:56.132314Z","level":"info","event":"Task instance in success state","logger":"task.stdout"}
{"timestamp":"2026-07-03T13:07:56.133152Z","level":"info","event":" Previous state of the Task instance: TaskInstanceState.RUNNING","logger":"task.stdout"}
{"timestamp":"2026-07-03T13:07:56.133914Z","level":"info","event":"Task operator:<Task(_PythonDecoratedOperator): process_batch_task>","logger":"task.stdout"}
{"timestamp":"2026-07-03T13:07:56.132765Z","level":"info","event":"::endgroup::","try_number":1,"dag_id":"vehicle_batch_pipeline","map_index":0,"run_id":"manual__2026-07-03T13:07:42.135930+00:00","task_id":"process_batch_task","ti_id":"019f2817-962c-7371-9d20-201892cea934","logger":"task","filename":"task_runner.py","lineno":1896}
