{"timestamp":"2026-07-04T08:50:14.480071Z","level":"info","event":"::group::Pre Execute","logger":"task","filename":"task_runner.py","lineno":1926}
{"timestamp":"2026-07-04T08:50:14.834231Z","level":"info","event":"DAG bundles loaded: dags-folder, example_dags","task_id":"process_batch_task","run_id":"manual__2026-07-04T08:49:58.860431+00:00","map_index":1,"try_number":1,"dag_id":"vehicle_batch_pipeline","ti_id":"019f2c52-39d2-7fac-93a2-cb391e6e9626","logger":"airflow.dag_processing.bundles.manager.DagBundlesManager","filename":"manager.py","lineno":209}
{"timestamp":"2026-07-04T08:50:14.837177Z","level":"info","event":"Filling up the DagBag from /opt/airflow/dags/vehicle_pipeline.py","task_id":"process_batch_task","run_id":"manual__2026-07-04T08:49:58.860431+00:00","map_index":1,"try_number":1,"dag_id":"vehicle_batch_pipeline","ti_id":"019f2c52-39d2-7fac-93a2-cb391e6e9626","logger":"airflow.dag_processing.dagbag.BundleDagBag","filename":"dagbag.py","lineno":469}
{"timestamp":"2026-07-04T08:50:15.012359Z","level":"info","event":"Task instance is in running state","logger":"task.stdout"}
{"timestamp":"2026-07-04T08:50:15.013034Z","level":"info","event":" Previous state of the Task instance: TaskInstanceState.QUEUED","logger":"task.stdout"}
{"timestamp":"2026-07-04T08:50:15.013587Z","level":"info","event":"Current task name:process_batch_task","logger":"task.stdout"}
{"timestamp":"2026-07-04T08:50:15.014048Z","level":"info","event":"Dag name:vehicle_batch_pipeline","logger":"task.stdout"}
{"timestamp":"2026-07-04T08:50:15.012751Z","level":"info","event":"::endgroup::","task_id":"process_batch_task","run_id":"manual__2026-07-04T08:49:58.860431+00:00","map_index":1,"try_number":1,"dag_id":"vehicle_batch_pipeline","ti_id":"019f2c52-39d2-7fac-93a2-cb391e6e9626","logger":"task","filename":"task_runner.py","lineno":1727}
{"timestamp":"2026-07-04T08:50:15.014463Z","level":"info","event":"Processing batch_2.csv","logger":"scripts.process_batch","task_id":"process_batch_task","run_id":"manual__2026-07-04T08:49:58.860431+00:00","map_index":1,"try_number":1,"dag_id":"vehicle_batch_pipeline","ti_id":"019f2c52-39d2-7fac-93a2-cb391e6e9626","filename":"process_batch.py","lineno":13}
{"timestamp":"2026-07-04T08:50:15.015741Z","level":"error","event":"2026-07-04 08:50:15,014 | INFO | Processing batch_2.csv","logger":"task.stderr"}
{"timestamp":"2026-07-04T08:50:15.022823Z","level":"error","event":"2026-07-04 08:50:15,022 | INFO | Rows = 2","logger":"task.stderr"}
{"timestamp":"2026-07-04T08:50:15.022795Z","level":"info","event":"Rows = 2","logger":"scripts.process_batch","task_id":"process_batch_task","run_id":"manual__2026-07-04T08:49:58.860431+00:00","map_index":1,"try_number":1,"dag_id":"vehicle_batch_pipeline","ti_id":"019f2c52-39d2-7fac-93a2-cb391e6e9626","filename":"process_batch.py","lineno":17}
{"timestamp":"2026-07-04T08:50:15.024113Z","level":"info","event":"Using environment: staging","logger":"scripts.api_client","filename":"api_client.py","lineno":19}
{"timestamp":"2026-07-04T08:50:15.025394Z","level":"error","event":"2026-07-04 08:50:15,023 | INFO | Using environment: staging","logger":"task.stderr"}
{"timestamp":"2026-07-04T08:50:15.025933Z","level":"error","event":"2026-07-04 08:50:15,024 | INFO | Calling URL: http://host.docker.internal:8000/rc","logger":"task.stderr"}
{"timestamp":"2026-07-04T08:50:15.024669Z","level":"info","event":"Calling URL: http://host.docker.internal:8000/rc","logger":"scripts.api_client","filename":"api_client.py","lineno":20}
{"timestamp":"2026-07-04T08:50:15.026154Z","level":"info","event":"Using environment: staging","logger":"scripts.api_client","filename":"api_client.py","lineno":19}
{"timestamp":"2026-07-04T08:50:15.026336Z","level":"info","event":"Calling URL: http://host.docker.internal:8000/fastag","logger":"scripts.api_client","filename":"api_client.py","lineno":20}
{"timestamp":"2026-07-04T08:50:15.028160Z","level":"error","event":"2026-07-04 08:50:15,026 | INFO | Using environment: staging","logger":"task.stderr"}
{"timestamp":"2026-07-04T08:50:15.028913Z","level":"error","event":"2026-07-04 08:50:15,026 | INFO | Calling URL: http://host.docker.internal:8000/fastag","logger":"task.stderr"}
{"timestamp":"2026-07-04T08:50:15.029577Z","level":"error","event":"2026-07-04 08:50:15,027 | INFO | Using environment: staging","logger":"task.stderr"}
{"timestamp":"2026-07-04T08:50:15.030052Z","level":"error","event":"2026-07-04 08:50:15,027 | INFO | Calling URL: http://host.docker.internal:8000/vrn","logger":"task.stderr"}
{"timestamp":"2026-07-04T08:50:15.027292Z","level":"info","event":"Using environment: staging","logger":"scripts.api_client","filename":"api_client.py","lineno":19}
{"timestamp":"2026-07-04T08:50:15.027438Z","level":"info","event":"Calling URL: http://host.docker.internal:8000/vrn","logger":"scripts.api_client","filename":"api_client.py","lineno":20}
{"timestamp":"2026-07-04T08:50:15.028568Z","level":"info","event":"Using environment: staging","logger":"scripts.api_client","filename":"api_client.py","lineno":19}
{"timestamp":"2026-07-04T08:50:15.028757Z","level":"info","event":"Calling URL: http://host.docker.internal:8000/valuation","logger":"scripts.api_client","filename":"api_client.py","lineno":20}
{"timestamp":"2026-07-04T08:50:15.032477Z","level":"error","event":"2026-07-04 08:50:15,028 | INFO | Using environment: staging","logger":"task.stderr"}
{"timestamp":"2026-07-04T08:50:15.033030Z","level":"error","event":"2026-07-04 08:50:15,028 | INFO | Calling URL: http://host.docker.internal:8000/valuation","logger":"task.stderr"}
{"timestamp":"2026-07-04T08:50:15.037499Z","level":"error","event":"2026-07-04 08:50:15,037 | WARNING | Retrying scripts.api_client.post in 1 seconds as it raised ConnectionError: HTTPConnectionPool(host='host.docker.internal', port=8000): Max retries exceeded with url: /rc (Caused by NewConnectionError(\"HTTPConnection(host='host.docker.internal', port=8000): Failed to establish a new connection: [Errno 101] Network is unreachable\")).","logger":"task.stderr"}
{"timestamp":"2026-07-04T08:50:15.038239Z","level":"error","event":"2026-07-04 08:50:15,038 | WARNING | Retrying scripts.api_client.post in 1 seconds as it raised ConnectionError: HTTPConnectionPool(host='host.docker.internal', port=8000): Max retries exceeded with url: /vrn (Caused by NewConnectionError(\"HTTPConnection(host='host.docker.internal', port=8000): Failed to establish a new connection: [Errno 101] Network is unreachable\")).","logger":"task.stderr"}
{"timestamp":"2026-07-04T08:50:15.037509Z","level":"warning","event":"Retrying scripts.api_client.post in 1 seconds as it raised ConnectionError: HTTPConnectionPool(host='host.docker.internal', port=8000): Max retries exceeded with url: /rc (Caused by NewConnectionError(\"HTTPConnection(host='host.docker.internal', port=8000): Failed to establish a new connection: [Errno 101] Network is unreachable\")).","logger":"scripts.api_client","filename":"before_sleep.py","lineno":64}
{"timestamp":"2026-07-04T08:50:15.038107Z","level":"warning","event":"Retrying scripts.api_client.post in 1 seconds as it raised ConnectionError: HTTPConnectionPool(host='host.docker.internal', port=8000): Max retries exceeded with url: /vrn (Caused by NewConnectionError(\"HTTPConnection(host='host.docker.internal', port=8000): Failed to establish a new connection: [Errno 101] Network is unreachable\")).","logger":"scripts.api_client","filename":"before_sleep.py","lineno":64}
{"timestamp":"2026-07-04T08:50:15.038507Z","level":"warning","event":"Retrying scripts.api_client.post in 1 seconds as it raised ConnectionError: HTTPConnectionPool(host='host.docker.internal', port=8000): Max retries exceeded with url: /valuation (Caused by NewConnectionError(\"HTTPConnection(host='host.docker.internal', port=8000): Failed to establish a new connection: [Errno 101] Network is unreachable\")).","logger":"scripts.api_client","filename":"before_sleep.py","lineno":64}
{"timestamp":"2026-07-04T08:50:15.038816Z","level":"warning","event":"Retrying scripts.api_client.post in 1 seconds as it raised ConnectionError: HTTPConnectionPool(host='host.docker.internal', port=8000): Max retries exceeded with url: /fastag (Caused by NewConnectionError(\"HTTPConnection(host='host.docker.internal', port=8000): Failed to establish a new connection: [Errno 101] Network is unreachable\")).","logger":"scripts.api_client","filename":"before_sleep.py","lineno":64}
{"timestamp":"2026-07-04T08:50:15.041218Z","level":"error","event":"2026-07-04 08:50:15,038 | WARNING | Retrying scripts.api_client.post in 1 seconds as it raised ConnectionError: HTTPConnectionPool(host='host.docker.internal', port=8000): Max retries exceeded with url: /valuation (Caused by NewConnectionError(\"HTTPConnection(host='host.docker.internal', port=8000): Failed to establish a new connection: [Errno 101] Network is unreachable\")).","logger":"task.stderr"}
{"timestamp":"2026-07-04T08:50:15.041966Z","level":"error","event":"2026-07-04 08:50:15,038 | WARNING | Retrying scripts.api_client.post in 1 seconds as it raised ConnectionError: HTTPConnectionPool(host='host.docker.internal', port=8000): Max retries exceeded with url: /fastag (Caused by NewConnectionError(\"HTTPConnection(host='host.docker.internal', port=8000): Failed to establish a new connection: [Errno 101] Network is unreachable\")).","logger":"task.stderr"}
{"timestamp":"2026-07-04T08:50:16.038091Z","level":"error","event":"2026-07-04 08:50:16,037 | INFO | Using environment: staging","logger":"task.stderr"}
{"timestamp":"2026-07-04T08:50:16.039153Z","level":"error","event":"2026-07-04 08:50:16,038 | INFO | Calling URL: http://host.docker.internal:8000/rc","logger":"task.stderr"}
{"timestamp":"2026-07-04T08:50:16.039687Z","level":"error","event":"2026-07-04 08:50:16,038 | INFO | Using environment: staging","logger":"task.stderr"}
{"timestamp":"2026-07-04T08:50:16.040307Z","level":"error","event":"2026-07-04 08:50:16,038 | INFO | Calling URL: http://host.docker.internal:8000/vrn","logger":"task.stderr"}
{"timestamp":"2026-07-04T08:50:16.038044Z","level":"info","event":"Using environment: staging","logger":"scripts.api_client","filename":"api_client.py","lineno":19}
{"timestamp":"2026-07-04T08:50:16.038239Z","level":"info","event":"Calling URL: http://host.docker.internal:8000/rc","logger":"scripts.api_client","filename":"api_client.py","lineno":20}
{"timestamp":"2026-07-04T08:50:16.038765Z","level":"info","event":"Using environment: staging","logger":"scripts.api_client","filename":"api_client.py","lineno":19}
{"timestamp":"2026-07-04T08:50:16.038954Z","level":"info","event":"Calling URL: http://host.docker.internal:8000/vrn","logger":"scripts.api_client","filename":"api_client.py","lineno":20}
{"timestamp":"2026-07-04T08:50:16.044760Z","level":"error","event":"2026-07-04 08:50:16,040 | INFO | Using environment: staging","logger":"task.stderr"}
{"timestamp":"2026-07-04T08:50:16.045523Z","level":"error","event":"2026-07-04 08:50:16,041 | INFO | Calling URL: http://host.docker.internal:8000/valuation","logger":"task.stderr"}
{"timestamp":"2026-07-04T08:50:16.046138Z","level":"error","event":"2026-07-04 08:50:16,043 | INFO | Using environment: staging","logger":"task.stderr"}
{"timestamp":"2026-07-04T08:50:16.047233Z","level":"error","event":"2026-07-04 08:50:16,043 | INFO | Calling URL: http://host.docker.internal:8000/fastag","logger":"task.stderr"}
{"timestamp":"2026-07-04T08:50:16.040723Z","level":"info","event":"Using environment: staging","logger":"scripts.api_client","filename":"api_client.py","lineno":19}
{"timestamp":"2026-07-04T08:50:16.041175Z","level":"info","event":"Calling URL: http://host.docker.internal:8000/valuation","logger":"scripts.api_client","filename":"api_client.py","lineno":20}
{"timestamp":"2026-07-04T08:50:16.043278Z","level":"info","event":"Using environment: staging","logger":"scripts.api_client","filename":"api_client.py","lineno":19}
{"timestamp":"2026-07-04T08:50:16.043432Z","level":"info","event":"Calling URL: http://host.docker.internal:8000/fastag","logger":"scripts.api_client","filename":"api_client.py","lineno":20}
{"timestamp":"2026-07-04T08:50:16.047555Z","level":"warning","event":"Retrying scripts.api_client.post in 2 seconds as it raised ConnectionError: HTTPConnectionPool(host='host.docker.internal', port=8000): Max retries exceeded with url: /vrn (Caused by NewConnectionError(\"HTTPConnection(host='host.docker.internal', port=8000): Failed to establish a new connection: [Errno 101] Network is unreachable\")).","logger":"scripts.api_client","filename":"before_sleep.py","lineno":64}
{"timestamp":"2026-07-04T08:50:16.050090Z","level":"error","event":"2026-07-04 08:50:16,047 | WARNING | Retrying scripts.api_client.post in 2 seconds as it raised ConnectionError: HTTPConnectionPool(host='host.docker.internal', port=8000): Max retries exceeded with url: /vrn (Caused by NewConnectionError(\"HTTPConnection(host='host.docker.internal', port=8000): Failed to establish a new connection: [Errno 101] Network is unreachable\")).","logger":"task.stderr"}
{"timestamp":"2026-07-04T08:50:16.050526Z","level":"error","event":"2026-07-04 08:50:16,047 | WARNING | Retrying scripts.api_client.post in 2 seconds as it raised ConnectionError: HTTPConnectionPool(host='host.docker.internal', port=8000): Max retries exceeded with url: /rc (Caused by NewConnectionError(\"HTTPConnection(host='host.docker.internal', port=8000): Failed to establish a new connection: [Errno 101] Network is unreachable\")).","logger":"task.stderr"}
{"timestamp":"2026-07-04T08:50:16.050984Z","level":"error","event":"2026-07-04 08:50:16,049 | WARNING | Retrying scripts.api_client.post in 2 seconds as it raised ConnectionError: HTTPConnectionPool(host='host.docker.internal', port=8000): Max retries exceeded with url: /valuation (Caused by NewConnectionError(\"HTTPConnection(host='host.docker.internal', port=8000): Failed to establish a new connection: [Errno 101] Network is unreachable\")).","logger":"task.stderr"}
{"timestamp":"2026-07-04T08:50:16.051412Z","level":"error","event":"2026-07-04 08:50:16,049 | WARNING | Retrying scripts.api_client.post in 2 seconds as it raised ConnectionError: HTTPConnectionPool(host='host.docker.internal', port=8000): Max retries exceeded with url: /fastag (Caused by NewConnectionError(\"HTTPConnection(host='host.docker.internal', port=8000): Failed to establish a new connection: [Errno 101] Network is unreachable\")).","logger":"task.stderr"}
{"timestamp":"2026-07-04T08:50:16.048646Z","level":"warning","event":"Retrying scripts.api_client.post in 2 seconds as it raised ConnectionError: HTTPConnectionPool(host='host.docker.internal', port=8000): Max retries exceeded with url: /rc (Caused by NewConnectionError(\"HTTPConnection(host='host.docker.internal', port=8000): Failed to establish a new connection: [Errno 101] Network is unreachable\")).","logger":"scripts.api_client","filename":"before_sleep.py","lineno":64}
{"timestamp":"2026-07-04T08:50:16.049122Z","level":"warning","event":"Retrying scripts.api_client.post in 2 seconds as it raised ConnectionError: HTTPConnectionPool(host='host.docker.internal', port=8000): Max retries exceeded with url: /valuation (Caused by NewConnectionError(\"HTTPConnection(host='host.docker.internal', port=8000): Failed to establish a new connection: [Errno 101] Network is unreachable\")).","logger":"scripts.api_client","filename":"before_sleep.py","lineno":64}
{"timestamp":"2026-07-04T08:50:16.049412Z","level":"warning","event":"Retrying scripts.api_client.post in 2 seconds as it raised ConnectionError: HTTPConnectionPool(host='host.docker.internal', port=8000): Max retries exceeded with url: /fastag (Caused by NewConnectionError(\"HTTPConnection(host='host.docker.internal', port=8000): Failed to establish a new connection: [Errno 101] Network is unreachable\")).","logger":"scripts.api_client","filename":"before_sleep.py","lineno":64}
{"timestamp":"2026-07-04T08:50:18.048486Z","level":"error","event":"2026-07-04 08:50:18,047 | INFO | Using environment: staging","logger":"task.stderr"}
{"timestamp":"2026-07-04T08:50:18.051867Z","level":"error","event":"2026-07-04 08:50:18,048 | INFO | Calling URL: http://host.docker.internal:8000/vrn","logger":"task.stderr"}
{"timestamp":"2026-07-04T08:50:18.053730Z","level":"error","event":"2026-07-04 08:50:18,049 | INFO | Using environment: staging","logger":"task.stderr"}
{"timestamp":"2026-07-04T08:50:18.054650Z","level":"error","event":"2026-07-04 08:50:18,049 | INFO | Calling URL: http://host.docker.internal:8000/rc","logger":"task.stderr"}
{"timestamp":"2026-07-04T08:50:18.056034Z","level":"error","event":"2026-07-04 08:50:18,050 | INFO | Using environment: staging","logger":"task.stderr"}
{"timestamp":"2026-07-04T08:50:18.058216Z","level":"error","event":"2026-07-04 08:50:18,050 | INFO | Calling URL: http://host.docker.internal:8000/fastag","logger":"task.stderr"}
{"timestamp":"2026-07-04T08:50:18.062471Z","level":"error","event":"2026-07-04 08:50:18,051 | INFO | Using environment: staging","logger":"task.stderr"}
{"timestamp":"2026-07-04T08:50:18.048432Z","level":"info","event":"Using environment: staging","logger":"scripts.api_client","filename":"api_client.py","lineno":19}
{"timestamp":"2026-07-04T08:50:18.048687Z","level":"info","event":"Calling URL: http://host.docker.internal:8000/vrn","logger":"scripts.api_client","filename":"api_client.py","lineno":20}
{"timestamp":"2026-07-04T08:50:18.049209Z","level":"info","event":"Using environment: staging","logger":"scripts.api_client","filename":"api_client.py","lineno":19}
{"timestamp":"2026-07-04T08:50:18.049448Z","level":"info","event":"Calling URL: http://host.docker.internal:8000/rc","logger":"scripts.api_client","filename":"api_client.py","lineno":20}
{"timestamp":"2026-07-04T08:50:18.050805Z","level":"info","event":"Using environment: staging","logger":"scripts.api_client","filename":"api_client.py","lineno":19}
{"timestamp":"2026-07-04T08:50:18.050983Z","level":"info","event":"Calling URL: http://host.docker.internal:8000/fastag","logger":"scripts.api_client","filename":"api_client.py","lineno":20}
{"timestamp":"2026-07-04T08:50:18.052105Z","level":"info","event":"Using environment: staging","logger":"scripts.api_client","filename":"api_client.py","lineno":19}
{"timestamp":"2026-07-04T08:50:18.052327Z","level":"info","event":"Calling URL: http://host.docker.internal:8000/valuation","logger":"scripts.api_client","filename":"api_client.py","lineno":20}
{"timestamp":"2026-07-04T08:50:18.071112Z","level":"error","event":"2026-07-04 08:50:18,052 | INFO | Calling URL: http://host.docker.internal:8000/valuation","logger":"task.stderr"}
{"timestamp":"2026-07-04T08:50:18.079498Z","level":"error","event":"2026-07-04 08:50:18,079 | ERROR | RC failed for Vehicle V003: HTTPConnectionPool(host='host.docker.internal', port=8000): Max retries exceeded with url: /rc (Caused by NewConnectionError(\"HTTPConnection(host='host.docker.internal', port=8000): Failed to establish a new connection: [Errno 101] Network is unreachable\"))","logger":"task.stderr"}
{"timestamp":"2026-07-04T08:50:18.080886Z","level":"error","event":"2026-07-04 08:50:18,079 | ERROR | FASTag failed for Vehicle V003: HTTPConnectionPool(host='host.docker.internal', port=8000): Max retries exceeded with url: /fastag (Caused by NewConnectionError(\"HTTPConnection(host='host.docker.internal', port=8000): Failed to establish a new connection: [Errno 101] Network is unreachable\"))","logger":"task.stderr"}
{"timestamp":"2026-07-04T08:50:18.082016Z","level":"error","event":"2026-07-04 08:50:18,079 | ERROR | VRN failed for Vehicle V003: HTTPConnectionPool(host='host.docker.internal', port=8000): Max retries exceeded with url: /vrn (Caused by NewConnectionError(\"HTTPConnection(host='host.docker.internal', port=8000): Failed to establish a new connection: [Errno 101] Network is unreachable\"))","logger":"task.stderr"}
{"timestamp":"2026-07-04T08:50:18.083278Z","level":"error","event":"2026-07-04 08:50:18,079 | ERROR | Valuation failed for Vehicle V003: HTTPConnectionPool(host='host.docker.internal', port=8000): Max retries exceeded with url: /valuation (Caused by NewConnectionError(\"HTTPConnection(host='host.docker.internal', port=8000): Failed to establish a new connection: [Errno 101] Network is unreachable\"))","logger":"task.stderr"}
{"timestamp":"2026-07-04T08:50:18.079373Z","level":"error","event":"RC failed for Vehicle V003: HTTPConnectionPool(host='host.docker.internal', port=8000): Max retries exceeded with url: /rc (Caused by NewConnectionError(\"HTTPConnection(host='host.docker.internal', port=8000): Failed to establish a new connection: [Errno 101] Network is unreachable\"))","logger":"utils.error_handler","task_id":"process_batch_task","run_id":"manual__2026-07-04T08:49:58.860431+00:00","map_index":1,"try_number":1,"dag_id":"vehicle_batch_pipeline","ti_id":"019f2c52-39d2-7fac-93a2-cb391e6e9626","filename":"error_handler.py","lineno":7}
{"timestamp":"2026-07-04T08:50:18.079711Z","level":"error","event":"FASTag failed for Vehicle V003: HTTPConnectionPool(host='host.docker.internal', port=8000): Max retries exceeded with url: /fastag (Caused by NewConnectionError(\"HTTPConnection(host='host.docker.internal', port=8000): Failed to establish a new connection: [Errno 101] Network is unreachable\"))","logger":"utils.error_handler","task_id":"process_batch_task","run_id":"manual__2026-07-04T08:49:58.860431+00:00","map_index":1,"try_number":1,"dag_id":"vehicle_batch_pipeline","ti_id":"019f2c52-39d2-7fac-93a2-cb391e6e9626","filename":"error_handler.py","lineno":7}
{"timestamp":"2026-07-04T08:50:18.079878Z","level":"error","event":"VRN failed for Vehicle V003: HTTPConnectionPool(host='host.docker.internal', port=8000): Max retries exceeded with url: /vrn (Caused by NewConnectionError(\"HTTPConnection(host='host.docker.internal', port=8000): Failed to establish a new connection: [Errno 101] Network is unreachable\"))","logger":"utils.error_handler","task_id":"process_batch_task","run_id":"manual__2026-07-04T08:49:58.860431+00:00","map_index":1,"try_number":1,"dag_id":"vehicle_batch_pipeline","ti_id":"019f2c52-39d2-7fac-93a2-cb391e6e9626","filename":"error_handler.py","lineno":7}
{"timestamp":"2026-07-04T08:50:18.080017Z","level":"error","event":"Valuation failed for Vehicle V003: HTTPConnectionPool(host='host.docker.internal', port=8000): Max retries exceeded with url: /valuation (Caused by NewConnectionError(\"HTTPConnection(host='host.docker.internal', port=8000): Failed to establish a new connection: [Errno 101] Network is unreachable\"))","logger":"utils.error_handler","task_id":"process_batch_task","run_id":"manual__2026-07-04T08:49:58.860431+00:00","map_index":1,"try_number":1,"dag_id":"vehicle_batch_pipeline","ti_id":"019f2c52-39d2-7fac-93a2-cb391e6e9626","filename":"error_handler.py","lineno":7}
{"timestamp":"2026-07-04T08:50:18.082288Z","level":"info","event":"Using environment: staging","logger":"scripts.api_client","filename":"api_client.py","lineno":19}
{"timestamp":"2026-07-04T08:50:18.082444Z","level":"info","event":"Calling URL: http://host.docker.internal:8000/rc","logger":"scripts.api_client","filename":"api_client.py","lineno":20}
{"timestamp":"2026-07-04T08:50:18.106798Z","level":"error","event":"2026-07-04 08:50:18,082 | INFO | Using environment: staging","logger":"task.stderr"}
{"timestamp":"2026-07-04T08:50:18.107279Z","level":"error","event":"2026-07-04 08:50:18,082 | INFO | Calling URL: http://host.docker.internal:8000/rc","logger":"task.stderr"}
{"timestamp":"2026-07-04T08:50:18.107778Z","level":"error","event":"2026-07-04 08:50:18,085 | INFO | Using environment: staging","logger":"task.stderr"}
{"timestamp":"2026-07-04T08:50:18.108661Z","level":"error","event":"2026-07-04 08:50:18,086 | INFO | Calling URL: http://host.docker.internal:8000/fastag","logger":"task.stderr"}
{"timestamp":"2026-07-04T08:50:18.109736Z","level":"error","event":"2026-07-04 08:50:18,088 | INFO | Using environment: staging","logger":"task.stderr"}
{"timestamp":"2026-07-04T08:50:18.110450Z","level":"error","event":"2026-07-04 08:50:18,088 | INFO | Using environment: staging","logger":"task.stderr"}
{"timestamp":"2026-07-04T08:50:18.111004Z","level":"error","event":"2026-07-04 08:50:18,089 | INFO | Calling URL: http://host.docker.internal:8000/vrn","logger":"task.stderr"}
{"timestamp":"2026-07-04T08:50:18.111503Z","level":"error","event":"2026-07-04 08:50:18,089 | INFO | Calling URL: http://host.docker.internal:8000/valuation","logger":"task.stderr"}
{"timestamp":"2026-07-04T08:50:18.112074Z","level":"error","event":"2026-07-04 08:50:18,100 | WARNING | Retrying scripts.api_client.post in 1 seconds as it raised ConnectionError: HTTPConnectionPool(host='host.docker.internal', port=8000): Max retries exceeded with url: /rc (Caused by NewConnectionError(\"HTTPConnection(host='host.docker.internal', port=8000): Failed to establish a new connection: [Errno 101] Network is unreachable\")).","logger":"task.stderr"}
{"timestamp":"2026-07-04T08:50:18.112667Z","level":"error","event":"2026-07-04 08:50:18,105 | WARNING | Retrying scripts.api_client.post in 1 seconds as it raised ConnectionError: HTTPConnectionPool(host='host.docker.internal', port=8000): Max retries exceeded with url: /vrn (Caused by NewConnectionError(\"HTTPConnection(host='host.docker.internal', port=8000): Failed to establish a new connection: [Errno 101] Network is unreachable\")).","logger":"task.stderr"}
{"timestamp":"2026-07-04T08:50:18.113201Z","level":"error","event":"2026-07-04 08:50:18,105 | WARNING | Retrying scripts.api_client.post in 1 seconds as it raised ConnectionError: HTTPConnectionPool(host='host.docker.internal', port=8000): Max retries exceeded with url: /fastag (Caused by NewConnectionError(\"HTTPConnection(host='host.docker.internal', port=8000): Failed to establish a new connection: [Errno 101] Network is unreachable\")).","logger":"task.stderr"}
{"timestamp":"2026-07-04T08:50:18.086040Z","level":"info","event":"Using environment: staging","logger":"scripts.api_client","filename":"api_client.py","lineno":19}
{"timestamp":"2026-07-04T08:50:18.086315Z","level":"info","event":"Calling URL: http://host.docker.internal:8000/fastag","logger":"scripts.api_client","filename":"api_client.py","lineno":20}
{"timestamp":"2026-07-04T08:50:18.089075Z","level":"info","event":"Using environment: staging","logger":"scripts.api_client","filename":"api_client.py","lineno":19}
{"timestamp":"2026-07-04T08:50:18.089428Z","level":"info","event":"Using environment: staging","logger":"scripts.api_client","filename":"api_client.py","lineno":19}
{"timestamp":"2026-07-04T08:50:18.089598Z","level":"info","event":"Calling URL: http://host.docker.internal:8000/vrn","logger":"scripts.api_client","filename":"api_client.py","lineno":20}
{"timestamp":"2026-07-04T08:50:18.089975Z","level":"info","event":"Calling URL: http://host.docker.internal:8000/valuation","logger":"scripts.api_client","filename":"api_client.py","lineno":20}
{"timestamp":"2026-07-04T08:50:18.101954Z","level":"warning","event":"Retrying scripts.api_client.post in 1 seconds as it raised ConnectionError: HTTPConnectionPool(host='host.docker.internal', port=8000): Max retries exceeded with url: /rc (Caused by NewConnectionError(\"HTTPConnection(host='host.docker.internal', port=8000): Failed to establish a new connection: [Errno 101] Network is unreachable\")).","logger":"scripts.api_client","filename":"before_sleep.py","lineno":64}
{"timestamp":"2026-07-04T08:50:18.105977Z","level":"warning","event":"Retrying scripts.api_client.post in 1 seconds as it raised ConnectionError: HTTPConnectionPool(host='host.docker.internal', port=8000): Max retries exceeded with url: /vrn (Caused by NewConnectionError(\"HTTPConnection(host='host.docker.internal', port=8000): Failed to establish a new connection: [Errno 101] Network is unreachable\")).","logger":"scripts.api_client","filename":"before_sleep.py","lineno":64}
{"timestamp":"2026-07-04T08:50:18.106231Z","level":"warning","event":"Retrying scripts.api_client.post in 1 seconds as it raised ConnectionError: HTTPConnectionPool(host='host.docker.internal', port=8000): Max retries exceeded with url: /fastag (Caused by NewConnectionError(\"HTTPConnection(host='host.docker.internal', port=8000): Failed to establish a new connection: [Errno 101] Network is unreachable\")).","logger":"scripts.api_client","filename":"before_sleep.py","lineno":64}
{"timestamp":"2026-07-04T08:50:18.106792Z","level":"warning","event":"Retrying scripts.api_client.post in 1 seconds as it raised ConnectionError: HTTPConnectionPool(host='host.docker.internal', port=8000): Max retries exceeded with url: /valuation (Caused by NewConnectionError(\"HTTPConnection(host='host.docker.internal', port=8000): Failed to establish a new connection: [Errno 101] Network is unreachable\")).","logger":"scripts.api_client","filename":"before_sleep.py","lineno":64}
{"timestamp":"2026-07-04T08:50:18.119334Z","level":"info","event":"V003 processed in 3.06 sec","logger":"task.stdout"}
{"timestamp":"2026-07-04T08:50:18.120550Z","level":"error","event":"2026-07-04 08:50:18,106 | WARNING | Retrying scripts.api_client.post in 1 seconds as it raised ConnectionError: HTTPConnectionPool(host='host.docker.internal', port=8000): Max retries exceeded with url: /valuation (Caused by NewConnectionError(\"HTTPConnection(host='host.docker.internal', port=8000): Failed to establish a new connection: [Errno 101] Network is unreachable\")).","logger":"task.stderr"}
{"timestamp":"2026-07-04T08:50:19.105549Z","level":"error","event":"2026-07-04 08:50:19,105 | INFO | Using environment: staging","logger":"task.stderr"}
{"timestamp":"2026-07-04T08:50:19.106770Z","level":"error","event":"2026-07-04 08:50:19,105 | INFO | Calling URL: http://host.docker.internal:8000/rc","logger":"task.stderr"}
{"timestamp":"2026-07-04T08:50:19.105430Z","level":"info","event":"Using environment: staging","logger":"scripts.api_client","filename":"api_client.py","lineno":19}
{"timestamp":"2026-07-04T08:50:19.105662Z","level":"info","event":"Calling URL: http://host.docker.internal:8000/rc","logger":"scripts.api_client","filename":"api_client.py","lineno":20}
{"timestamp":"2026-07-04T08:50:19.106926Z","level":"info","event":"Using environment: staging","logger":"scripts.api_client","filename":"api_client.py","lineno":19}
{"timestamp":"2026-07-04T08:50:19.107105Z","level":"info","event":"Calling URL: http://host.docker.internal:8000/vrn","logger":"scripts.api_client","filename":"api_client.py","lineno":20}
{"timestamp":"2026-07-04T08:50:19.111246Z","level":"error","event":"2026-07-04 08:50:19,106 | INFO | Using environment: staging","logger":"task.stderr"}
{"timestamp":"2026-07-04T08:50:19.112802Z","level":"error","event":"2026-07-04 08:50:19,107 | INFO | Calling URL: http://host.docker.internal:8000/vrn","logger":"task.stderr"}
{"timestamp":"2026-07-04T08:50:19.114139Z","level":"error","event":"2026-07-04 08:50:19,107 | INFO | Using environment: staging","logger":"task.stderr"}
{"timestamp":"2026-07-04T08:50:19.114934Z","level":"error","event":"2026-07-04 08:50:19,108 | INFO | Calling URL: http://host.docker.internal:8000/fastag","logger":"task.stderr"}
{"timestamp":"2026-07-04T08:50:19.115468Z","level":"error","event":"2026-07-04 08:50:19,109 | INFO | Using environment: staging","logger":"task.stderr"}
{"timestamp":"2026-07-04T08:50:19.115973Z","level":"error","event":"2026-07-04 08:50:19,110 | INFO | Calling URL: http://host.docker.internal:8000/valuation","logger":"task.stderr"}
{"timestamp":"2026-07-04T08:50:19.108065Z","level":"info","event":"Using environment: staging","logger":"scripts.api_client","filename":"api_client.py","lineno":19}
{"timestamp":"2026-07-04T08:50:19.108444Z","level":"info","event":"Calling URL: http://host.docker.internal:8000/fastag","logger":"scripts.api_client","filename":"api_client.py","lineno":20}
{"timestamp":"2026-07-04T08:50:19.110112Z","level":"info","event":"Using environment: staging","logger":"scripts.api_client","filename":"api_client.py","lineno":19}
{"timestamp":"2026-07-04T08:50:19.110466Z","level":"info","event":"Calling URL: http://host.docker.internal:8000/valuation","logger":"scripts.api_client","filename":"api_client.py","lineno":20}
{"timestamp":"2026-07-04T08:50:19.115339Z","level":"warning","event":"Retrying scripts.api_client.post in 2 seconds as it raised ConnectionError: HTTPConnectionPool(host='host.docker.internal', port=8000): Max retries exceeded with url: /rc (Caused by NewConnectionError(\"HTTPConnection(host='host.docker.internal', port=8000): Failed to establish a new connection: [Errno 101] Network is unreachable\")).","logger":"scripts.api_client","filename":"before_sleep.py","lineno":64}
{"timestamp":"2026-07-04T08:50:19.115705Z","level":"warning","event":"Retrying scripts.api_client.post in 2 seconds as it raised ConnectionError: HTTPConnectionPool(host='host.docker.internal', port=8000): Max retries exceeded with url: /vrn (Caused by NewConnectionError(\"HTTPConnection(host='host.docker.internal', port=8000): Failed to establish a new connection: [Errno 101] Network is unreachable\")).","logger":"scripts.api_client","filename":"before_sleep.py","lineno":64}
{"timestamp":"2026-07-04T08:50:19.116182Z","level":"warning","event":"Retrying scripts.api_client.post in 2 seconds as it raised ConnectionError: HTTPConnectionPool(host='host.docker.internal', port=8000): Max retries exceeded with url: /fastag (Caused by NewConnectionError(\"HTTPConnection(host='host.docker.internal', port=8000): Failed to establish a new connection: [Errno 101] Network is unreachable\")).","logger":"scripts.api_client","filename":"before_sleep.py","lineno":64}
{"timestamp":"2026-07-04T08:50:19.120220Z","level":"error","event":"2026-07-04 08:50:19,115 | WARNING | Retrying scripts.api_client.post in 2 seconds as it raised ConnectionError: HTTPConnectionPool(host='host.docker.internal', port=8000): Max retries exceeded with url: /rc (Caused by NewConnectionError(\"HTTPConnection(host='host.docker.internal', port=8000): Failed to establish a new connection: [Errno 101] Network is unreachable\")).","logger":"task.stderr"}
{"timestamp":"2026-07-04T08:50:19.120671Z","level":"error","event":"2026-07-04 08:50:19,115 | WARNING | Retrying scripts.api_client.post in 2 seconds as it raised ConnectionError: HTTPConnectionPool(host='host.docker.internal', port=8000): Max retries exceeded with url: /vrn (Caused by NewConnectionError(\"HTTPConnection(host='host.docker.internal', port=8000): Failed to establish a new connection: [Errno 101] Network is unreachable\")).","logger":"task.stderr"}
{"timestamp":"2026-07-04T08:50:19.121130Z","level":"error","event":"2026-07-04 08:50:19,116 | WARNING | Retrying scripts.api_client.post in 2 seconds as it raised ConnectionError: HTTPConnectionPool(host='host.docker.internal', port=8000): Max retries exceeded with url: /fastag (Caused by NewConnectionError(\"HTTPConnection(host='host.docker.internal', port=8000): Failed to establish a new connection: [Errno 101] Network is unreachable\")).","logger":"task.stderr"}
{"timestamp":"2026-07-04T08:50:19.121590Z","level":"error","event":"2026-07-04 08:50:19,117 | WARNING | Retrying scripts.api_client.post in 2 seconds as it raised ConnectionError: HTTPConnectionPool(host='host.docker.internal', port=8000): Max retries exceeded with url: /valuation (Caused by NewConnectionError(\"HTTPConnection(host='host.docker.internal', port=8000): Failed to establish a new connection: [Errno 101] Network is unreachable\")).","logger":"task.stderr"}
{"timestamp":"2026-07-04T08:50:19.117350Z","level":"warning","event":"Retrying scripts.api_client.post in 2 seconds as it raised ConnectionError: HTTPConnectionPool(host='host.docker.internal', port=8000): Max retries exceeded with url: /valuation (Caused by NewConnectionError(\"HTTPConnection(host='host.docker.internal', port=8000): Failed to establish a new connection: [Errno 101] Network is unreachable\")).","logger":"scripts.api_client","filename":"before_sleep.py","lineno":64}
{"timestamp":"2026-07-04T08:50:21.115845Z","level":"error","event":"2026-07-04 08:50:21,115 | INFO | Using environment: staging","logger":"task.stderr"}
{"timestamp":"2026-07-04T08:50:21.127673Z","level":"error","event":"2026-07-04 08:50:21,115 | INFO | Calling URL: http://host.docker.internal:8000/rc","logger":"task.stderr"}
{"timestamp":"2026-07-04T08:50:21.128962Z","level":"error","event":"2026-07-04 08:50:21,116 | INFO | Using environment: staging","logger":"task.stderr"}
{"timestamp":"2026-07-04T08:50:21.129942Z","level":"error","event":"2026-07-04 08:50:21,117 | INFO | Calling URL: http://host.docker.internal:8000/vrn","logger":"task.stderr"}
{"timestamp":"2026-07-04T08:50:21.130545Z","level":"error","event":"2026-07-04 08:50:21,117 | INFO | Using environment: staging","logger":"task.stderr"}
{"timestamp":"2026-07-04T08:50:21.131571Z","level":"error","event":"2026-07-04 08:50:21,117 | INFO | Using environment: staging","logger":"task.stderr"}
{"timestamp":"2026-07-04T08:50:21.132876Z","level":"error","event":"2026-07-04 08:50:21,118 | INFO | Calling URL: http://host.docker.internal:8000/fastag","logger":"task.stderr"}
{"timestamp":"2026-07-04T08:50:21.133593Z","level":"error","event":"2026-07-04 08:50:21,118 | INFO | Calling URL: http://host.docker.internal:8000/valuation","logger":"task.stderr"}
{"timestamp":"2026-07-04T08:50:21.134177Z","level":"error","event":"2026-07-04 08:50:21,124 | ERROR | RC failed for Vehicle V004: HTTPConnectionPool(host='host.docker.internal', port=8000): Max retries exceeded with url: /rc (Caused by NewConnectionError(\"HTTPConnection(host='host.docker.internal', port=8000): Failed to establish a new connection: [Errno 101] Network is unreachable\"))","logger":"task.stderr"}
{"timestamp":"2026-07-04T08:50:21.134715Z","level":"error","event":"2026-07-04 08:50:21,125 | ERROR | FASTag failed for Vehicle V004: HTTPConnectionPool(host='host.docker.internal', port=8000): Max retries exceeded with url: /fastag (Caused by NewConnectionError(\"HTTPConnection(host='host.docker.internal', port=8000): Failed to establish a new connection: [Errno 101] Network is unreachable\"))","logger":"task.stderr"}
{"timestamp":"2026-07-04T08:50:21.115791Z","level":"info","event":"Using environment: staging","logger":"scripts.api_client","filename":"api_client.py","lineno":19}
{"timestamp":"2026-07-04T08:50:21.115964Z","level":"info","event":"Calling URL: http://host.docker.internal:8000/rc","logger":"scripts.api_client","filename":"api_client.py","lineno":20}
{"timestamp":"2026-07-04T08:50:21.117003Z","level":"info","event":"Using environment: staging","logger":"scripts.api_client","filename":"api_client.py","lineno":19}
{"timestamp":"2026-07-04T08:50:21.117204Z","level":"info","event":"Calling URL: http://host.docker.internal:8000/vrn","logger":"scripts.api_client","filename":"api_client.py","lineno":20}
{"timestamp":"2026-07-04T08:50:21.118101Z","level":"info","event":"Using environment: staging","logger":"scripts.api_client","filename":"api_client.py","lineno":19}
{"timestamp":"2026-07-04T08:50:21.118240Z","level":"info","event":"Using environment: staging","logger":"scripts.api_client","filename":"api_client.py","lineno":19}
{"timestamp":"2026-07-04T08:50:21.118351Z","level":"info","event":"Calling URL: http://host.docker.internal:8000/fastag","logger":"scripts.api_client","filename":"api_client.py","lineno":20}
{"timestamp":"2026-07-04T08:50:21.120018Z","level":"info","event":"Calling URL: http://host.docker.internal:8000/valuation","logger":"scripts.api_client","filename":"api_client.py","lineno":20}
{"timestamp":"2026-07-04T08:50:21.124659Z","level":"error","event":"RC failed for Vehicle V004: HTTPConnectionPool(host='host.docker.internal', port=8000): Max retries exceeded with url: /rc (Caused by NewConnectionError(\"HTTPConnection(host='host.docker.internal', port=8000): Failed to establish a new connection: [Errno 101] Network is unreachable\"))","logger":"utils.error_handler","task_id":"process_batch_task","run_id":"manual__2026-07-04T08:49:58.860431+00:00","map_index":1,"try_number":1,"dag_id":"vehicle_batch_pipeline","ti_id":"019f2c52-39d2-7fac-93a2-cb391e6e9626","filename":"error_handler.py","lineno":7}
{"timestamp":"2026-07-04T08:50:21.125399Z","level":"error","event":"FASTag failed for Vehicle V004: HTTPConnectionPool(host='host.docker.internal', port=8000): Max retries exceeded with url: /fastag (Caused by NewConnectionError(\"HTTPConnection(host='host.docker.internal', port=8000): Failed to establish a new connection: [Errno 101] Network is unreachable\"))","logger":"utils.error_handler","task_id":"process_batch_task","run_id":"manual__2026-07-04T08:49:58.860431+00:00","map_index":1,"try_number":1,"dag_id":"vehicle_batch_pipeline","ti_id":"019f2c52-39d2-7fac-93a2-cb391e6e9626","filename":"error_handler.py","lineno":7}
{"timestamp":"2026-07-04T08:50:21.128582Z","level":"error","event":"VRN failed for Vehicle V004: HTTPConnectionPool(host='host.docker.internal', port=8000): Max retries exceeded with url: /vrn (Caused by NewConnectionError(\"HTTPConnection(host='host.docker.internal', port=8000): Failed to establish a new connection: [Errno 101] Network is unreachable\"))","logger":"utils.error_handler","task_id":"process_batch_task","run_id":"manual__2026-07-04T08:49:58.860431+00:00","map_index":1,"try_number":1,"dag_id":"vehicle_batch_pipeline","ti_id":"019f2c52-39d2-7fac-93a2-cb391e6e9626","filename":"error_handler.py","lineno":7}
{"timestamp":"2026-07-04T08:50:21.129010Z","level":"error","event":"Valuation failed for Vehicle V004: HTTPConnectionPool(host='host.docker.internal', port=8000): Max retries exceeded with url: /valuation (Caused by NewConnectionError(\"HTTPConnection(host='host.docker.internal', port=8000): Failed to establish a new connection: [Errno 101] Network is unreachable\"))","logger":"utils.error_handler","task_id":"process_batch_task","run_id":"manual__2026-07-04T08:49:58.860431+00:00","map_index":1,"try_number":1,"dag_id":"vehicle_batch_pipeline","ti_id":"019f2c52-39d2-7fac-93a2-cb391e6e9626","filename":"error_handler.py","lineno":7}
{"timestamp":"2026-07-04T08:50:21.146008Z","level":"error","event":"2026-07-04 08:50:21,128 | ERROR | VRN failed for Vehicle V004: HTTPConnectionPool(host='host.docker.internal', port=8000): Max retries exceeded with url: /vrn (Caused by NewConnectionError(\"HTTPConnection(host='host.docker.internal', port=8000): Failed to establish a new connection: [Errno 101] Network is unreachable\"))","logger":"task.stderr"}
{"timestamp":"2026-07-04T08:50:21.146715Z","level":"error","event":"2026-07-04 08:50:21,128 | ERROR | Valuation failed for Vehicle V004: HTTPConnectionPool(host='host.docker.internal', port=8000): Max retries exceeded with url: /valuation (Caused by NewConnectionError(\"HTTPConnection(host='host.docker.internal', port=8000): Failed to establish a new connection: [Errno 101] Network is unreachable\"))","logger":"task.stderr"}
{"timestamp":"2026-07-04T08:50:21.147379Z","level":"error","event":"2026-07-04 08:50:21,129 | INFO |","logger":"task.stderr"}
{"timestamp":"2026-07-04T08:50:21.148226Z","level":"error","event":"==========================","logger":"task.stderr"}
{"timestamp":"2026-07-04T08:50:21.149015Z","level":"error","event":"Batch Summary","logger":"task.stderr"}
{"timestamp":"2026-07-04T08:50:21.149546Z","level":"error","event":"==========================","logger":"task.stderr"}
{"timestamp":"2026-07-04T08:50:21.150153Z","level":"error","event":"Total Records : 2","logger":"task.stderr"}
{"timestamp":"2026-07-04T08:50:21.150892Z","level":"error","event":"Success : 2","logger":"task.stderr"}
{"timestamp":"2026-07-04T08:50:21.151563Z","level":"error","event":"Failed : 0","logger":"task.stderr"}
{"timestamp":"2026-07-04T08:50:21.152502Z","level":"error","event":"Success Rate : 100.0%","logger":"task.stderr"}
{"timestamp":"2026-07-04T08:50:21.153441Z","level":"error","event":"==========================","logger":"task.stderr"}
{"timestamp":"2026-07-04T08:50:21.129688Z","level":"info","event":"\n==========================\nBatch Summary\n==========================\nTotal Records : 2\nSuccess : 2\nFailed : 0\nSuccess Rate : 100.0%\n==========================","logger":"scripts.process_batch","task_id":"process_batch_task","run_id":"manual__2026-07-04T08:49:58.860431+00:00","map_index":1,"try_number":1,"dag_id":"vehicle_batch_pipeline","ti_id":"019f2c52-39d2-7fac-93a2-cb391e6e9626","filename":"process_batch.py","lineno":42}
{"timestamp":"2026-07-04T08:50:21.138993Z","level":"info","event":"Done. Returned value was:    year     brand  ...  status                                              error\n0  2023      Tata  ...  FAILED  HTTPConnectionPool(host='host.docker.internal'...\n1  2022  Mahindra  ...  FAILED  HTTPConnectionPool(host='host.docker.internal'...\n\n[2 rows x 7 columns]","task_id":"process_batch_task","run_id":"manual__2026-07-04T08:49:58.860431+00:00","map_index":1,"try_number":1,"dag_id":"vehicle_batch_pipeline","ti_id":"019f2c52-39d2-7fac-93a2-cb391e6e9626","logger":"airflow.task.operators.airflow.providers.standard.decorators.python._PythonDecoratedOperator","filename":"python.py","lineno":233}
{"timestamp":"2026-07-04T08:50:21.139150Z","level":"info","event":"::group::Post Execute","task_id":"process_batch_task","run_id":"manual__2026-07-04T08:49:58.860431+00:00","map_index":1,"try_number":1,"dag_id":"vehicle_batch_pipeline","ti_id":"019f2c52-39d2-7fac-93a2-cb391e6e9626","logger":"task","filename":"task_runner.py","lineno":1288}
{"timestamp":"2026-07-04T08:50:21.139344Z","level":"info","event":"Pushing xcom","ti":"RuntimeTaskInstance(id=UUID('019f2c52-39d2-7fac-93a2-cb391e6e9626'), task_id='process_batch_task', dag_id='vehicle_batch_pipeline', run_id='manual__2026-07-04T08:49:58.860431+00:00', try_number=1, dag_version_id=UUID('019f2c50-8b66-7475-9dae-822508d85766'), map_index=1, hostname='8e3d505c6688', context_carrier={'traceparent': '00-edba6e25268cc8a6ad29b5e9c38fa4cb-31635f6b2ae2cf5d-01'}, task=<Task(_PythonDecoratedOperator): process_batch_task>, bundle_instance=LocalDagBundle(name=dags-folder), max_tries=2, start_date=datetime.datetime(2026, 7, 4, 8, 50, 14, 485302, tzinfo=datetime.timezone.utc), end_date=None, state=<TaskInstanceState.RUNNING: 'running'>, is_mapped=True, rendered_map_index=None, sentry_integration='')","task_id":"process_batch_task","run_id":"manual__2026-07-04T08:49:58.860431+00:00","map_index":1,"try_number":1,"dag_id":"vehicle_batch_pipeline","ti_id":"019f2c52-39d2-7fac-93a2-cb391e6e9626","logger":"task","filename":"task_runner.py","lineno":1791}
{"timestamp":"2026-07-04T08:50:21.157174Z","level":"info","event":"V004 processed in 3.05 sec","logger":"task.stdout"}
{"timestamp":"2026-07-04T08:50:21.222327Z","level":"info","event":"Task instance in success state","logger":"task.stdout"}
{"timestamp":"2026-07-04T08:50:21.222969Z","level":"info","event":" Previous state of the Task instance: TaskInstanceState.RUNNING","logger":"task.stdout"}
{"timestamp":"2026-07-04T08:50:21.223534Z","level":"info","event":"Task operator:<Task(_PythonDecoratedOperator): process_batch_task>","logger":"task.stdout"}
{"timestamp":"2026-07-04T08:50:21.222660Z","level":"info","event":"::endgroup::","task_id":"process_batch_task","run_id":"manual__2026-07-04T08:49:58.860431+00:00","map_index":1,"try_number":1,"dag_id":"vehicle_batch_pipeline","ti_id":"019f2c52-39d2-7fac-93a2-cb391e6e9626","logger":"task","filename":"task_runner.py","lineno":1896}
