{"timestamp":"2026-07-03T12:52:56.808982Z","level":"info","event":"::group::Pre Execute","logger":"task","filename":"task_runner.py","lineno":1926}
{"timestamp":"2026-07-03T12:52:57.550837Z","level":"info","event":"DAG bundles loaded: dags-folder, example_dags","task_id":"process_batch_task","dag_id":"vehicle_batch_pipeline","ti_id":"019f280a-0c7f-799a-9e44-59cba27f584b","run_id":"manual__2026-07-03T12:52:48.971549+00:00","try_number":1,"map_index":2,"logger":"airflow.dag_processing.bundles.manager.DagBundlesManager","filename":"manager.py","lineno":209}
{"timestamp":"2026-07-03T12:52:57.556210Z","level":"info","event":"Filling up the DagBag from /opt/airflow/dags/vehicle_pipeline.py","task_id":"process_batch_task","dag_id":"vehicle_batch_pipeline","ti_id":"019f280a-0c7f-799a-9e44-59cba27f584b","run_id":"manual__2026-07-03T12:52:48.971549+00:00","try_number":1,"map_index":2,"logger":"airflow.dag_processing.dagbag.BundleDagBag","filename":"dagbag.py","lineno":469}
{"timestamp":"2026-07-03T12:52:57.745356Z","level":"info","event":"Task instance is in running state","logger":"task.stdout"}
{"timestamp":"2026-07-03T12:52:57.746015Z","level":"info","event":" Previous state of the Task instance: TaskInstanceState.QUEUED","logger":"task.stdout"}
{"timestamp":"2026-07-03T12:52:57.746569Z","level":"info","event":"Current task name:process_batch_task","logger":"task.stdout"}
{"timestamp":"2026-07-03T12:52:57.747104Z","level":"info","event":"Dag name:vehicle_batch_pipeline","logger":"task.stdout"}
{"timestamp":"2026-07-03T12:52:57.745739Z","level":"info","event":"::endgroup::","task_id":"process_batch_task","dag_id":"vehicle_batch_pipeline","ti_id":"019f280a-0c7f-799a-9e44-59cba27f584b","run_id":"manual__2026-07-03T12:52:48.971549+00:00","try_number":1,"map_index":2,"logger":"task","filename":"task_runner.py","lineno":1727}
{"timestamp":"2026-07-03T12:52:57.748074Z","level":"info","event":"Processing batch_3.csv","logger":"scripts.process_batch","task_id":"process_batch_task","dag_id":"vehicle_batch_pipeline","ti_id":"019f280a-0c7f-799a-9e44-59cba27f584b","run_id":"manual__2026-07-03T12:52:48.971549+00:00","try_number":1,"map_index":2,"filename":"process_batch.py","lineno":13}
{"timestamp":"2026-07-03T12:52:57.748806Z","level":"error","event":"2026-07-03 12:52:57,747 | INFO | Processing batch_3.csv","logger":"task.stderr"}
{"timestamp":"2026-07-03T12:52:57.756671Z","level":"error","event":"2026-07-03 12:52:57,756 | INFO | Rows = 1","logger":"task.stderr"}
{"timestamp":"2026-07-03T12:52:57.756647Z","level":"info","event":"Rows = 1","logger":"scripts.process_batch","task_id":"process_batch_task","dag_id":"vehicle_batch_pipeline","ti_id":"019f280a-0c7f-799a-9e44-59cba27f584b","run_id":"manual__2026-07-03T12:52:48.971549+00:00","try_number":1,"map_index":2,"filename":"process_batch.py","lineno":17}
{"timestamp":"2026-07-03T12:53:00.908027Z","level":"error","event":"2026-07-03 12:53:00,907 | ERROR | V005 failed: HTTPConnectionPool(host='host.docker.internal', port=8000): Max retries exceeded with url: /api/rc (Caused by NewConnectionError(\"HTTPConnection(host='host.docker.internal', port=8000): Failed to establish a new connection: [Errno 101] Network is unreachable\"))","logger":"task.stderr"}
{"timestamp":"2026-07-03T12:53:00.908188Z","level":"error","event":"V005 failed: HTTPConnectionPool(host='host.docker.internal', port=8000): Max retries exceeded with url: /api/rc (Caused by NewConnectionError(\"HTTPConnection(host='host.docker.internal', port=8000): Failed to establish a new connection: [Errno 101] Network is unreachable\"))","logger":"scripts.process_batch","task_id":"process_batch_task","dag_id":"vehicle_batch_pipeline","ti_id":"019f280a-0c7f-799a-9e44-59cba27f584b","run_id":"manual__2026-07-03T12:52:48.971549+00:00","try_number":1,"map_index":2,"filename":"process_batch.py","lineno":29}
{"timestamp":"2026-07-03T12:53:00.921633Z","level":"error","event":"2026-07-03 12:53:00,917 | INFO |","logger":"task.stderr"}
{"timestamp":"2026-07-03T12:53:00.922320Z","level":"error","event":"==========================","logger":"task.stderr"}
{"timestamp":"2026-07-03T12:53:00.922847Z","level":"error","event":"Batch Summary","logger":"task.stderr"}
{"timestamp":"2026-07-03T12:53:00.923342Z","level":"error","event":"==========================","logger":"task.stderr"}
{"timestamp":"2026-07-03T12:53:00.923911Z","level":"error","event":"Total Records : 1","logger":"task.stderr"}
{"timestamp":"2026-07-03T12:53:00.924409Z","level":"error","event":"Success : 0","logger":"task.stderr"}
{"timestamp":"2026-07-03T12:53:00.925025Z","level":"error","event":"Failed : 1","logger":"task.stderr"}
{"timestamp":"2026-07-03T12:53:00.925626Z","level":"error","event":"Success Rate : 0.0%","logger":"task.stderr"}
{"timestamp":"2026-07-03T12:53:00.926025Z","level":"error","event":"==========================","logger":"task.stderr"}
{"timestamp":"2026-07-03T12:53:00.917695Z","level":"info","event":"\n==========================\nBatch Summary\n==========================\nTotal Records : 1\nSuccess : 0\nFailed : 1\nSuccess Rate : 0.0%\n==========================","logger":"scripts.process_batch","task_id":"process_batch_task","dag_id":"vehicle_batch_pipeline","ti_id":"019f280a-0c7f-799a-9e44-59cba27f584b","run_id":"manual__2026-07-03T12:52:48.971549+00:00","try_number":1,"map_index":2,"filename":"process_batch.py","lineno":42}
{"timestamp":"2026-07-03T12:53:00.927325Z","level":"info","event":"Done. Returned value was: Empty DataFrame\nColumns: []\nIndex: []","task_id":"process_batch_task","dag_id":"vehicle_batch_pipeline","ti_id":"019f280a-0c7f-799a-9e44-59cba27f584b","run_id":"manual__2026-07-03T12:52:48.971549+00:00","try_number":1,"map_index":2,"logger":"airflow.task.operators.airflow.providers.standard.decorators.python._PythonDecoratedOperator","filename":"python.py","lineno":233}
{"timestamp":"2026-07-03T12:53:00.927549Z","level":"info","event":"::group::Post Execute","task_id":"process_batch_task","dag_id":"vehicle_batch_pipeline","ti_id":"019f280a-0c7f-799a-9e44-59cba27f584b","run_id":"manual__2026-07-03T12:52:48.971549+00:00","try_number":1,"map_index":2,"logger":"task","filename":"task_runner.py","lineno":1288}
{"timestamp":"2026-07-03T12:53:00.937718Z","level":"info","event":"Pushing xcom","ti":"RuntimeTaskInstance(id=UUID('019f280a-0c7f-799a-9e44-59cba27f584b'), task_id='process_batch_task', dag_id='vehicle_batch_pipeline', run_id='manual__2026-07-03T12:52:48.971549+00:00', try_number=1, dag_version_id=UUID('019f22c5-c59c-7188-9004-bdbae84ffd51'), map_index=2, hostname='8e3d505c6688', context_carrier={'traceparent': '00-3e03db2b8ceed56bf956598e398b0275-a9b5054d50fbb8c2-01'}, task=<Task(_PythonDecoratedOperator): process_batch_task>, bundle_instance=LocalDagBundle(name=dags-folder), max_tries=2, start_date=datetime.datetime(2026, 7, 3, 12, 52, 56, 907935, tzinfo=datetime.timezone.utc), end_date=None, state=<TaskInstanceState.RUNNING: 'running'>, is_mapped=True, rendered_map_index=None, sentry_integration='')","task_id":"process_batch_task","dag_id":"vehicle_batch_pipeline","ti_id":"019f280a-0c7f-799a-9e44-59cba27f584b","run_id":"manual__2026-07-03T12:52:48.971549+00:00","try_number":1,"map_index":2,"logger":"task","filename":"task_runner.py","lineno":1791}
{"timestamp":"2026-07-03T12:53:01.078212Z","level":"info","event":"Task instance in success state","logger":"task.stdout"}
{"timestamp":"2026-07-03T12:53:01.080632Z","level":"info","event":" Previous state of the Task instance: TaskInstanceState.RUNNING","logger":"task.stdout"}
{"timestamp":"2026-07-03T12:53:01.081265Z","level":"info","event":"Task operator:<Task(_PythonDecoratedOperator): process_batch_task>","logger":"task.stdout"}
{"timestamp":"2026-07-03T12:53:01.078978Z","level":"info","event":"::endgroup::","task_id":"process_batch_task","dag_id":"vehicle_batch_pipeline","ti_id":"019f280a-0c7f-799a-9e44-59cba27f584b","run_id":"manual__2026-07-03T12:52:48.971549+00:00","try_number":1,"map_index":2,"logger":"task","filename":"task_runner.py","lineno":1896}
