{"timestamp":"2026-07-03T12:52:56.867138Z","level":"info","event":"::group::Pre Execute","logger":"task","filename":"task_runner.py","lineno":1926}
{"timestamp":"2026-07-03T12:52:57.435936Z","level":"info","event":"DAG bundles loaded: dags-folder, example_dags","dag_id":"vehicle_batch_pipeline","try_number":1,"task_id":"process_batch_task","ti_id":"019f280a-0c62-7190-b209-d962d5221561","map_index":1,"run_id":"manual__2026-07-03T12:52:48.971549+00:00","logger":"airflow.dag_processing.bundles.manager.DagBundlesManager","filename":"manager.py","lineno":209}
{"timestamp":"2026-07-03T12:52:57.438792Z","level":"info","event":"Filling up the DagBag from /opt/airflow/dags/vehicle_pipeline.py","dag_id":"vehicle_batch_pipeline","try_number":1,"task_id":"process_batch_task","ti_id":"019f280a-0c62-7190-b209-d962d5221561","map_index":1,"run_id":"manual__2026-07-03T12:52:48.971549+00:00","logger":"airflow.dag_processing.dagbag.BundleDagBag","filename":"dagbag.py","lineno":469}
{"timestamp":"2026-07-03T12:52:57.597865Z","level":"info","event":"Task instance is in running state","logger":"task.stdout"}
{"timestamp":"2026-07-03T12:52:57.598562Z","level":"info","event":" Previous state of the Task instance: TaskInstanceState.QUEUED","logger":"task.stdout"}
{"timestamp":"2026-07-03T12:52:57.599085Z","level":"info","event":"Current task name:process_batch_task","logger":"task.stdout"}
{"timestamp":"2026-07-03T12:52:57.599621Z","level":"info","event":"Dag name:vehicle_batch_pipeline","logger":"task.stdout"}
{"timestamp":"2026-07-03T12:52:57.597838Z","level":"info","event":"::endgroup::","dag_id":"vehicle_batch_pipeline","try_number":1,"task_id":"process_batch_task","ti_id":"019f280a-0c62-7190-b209-d962d5221561","map_index":1,"run_id":"manual__2026-07-03T12:52:48.971549+00:00","logger":"task","filename":"task_runner.py","lineno":1727}
{"timestamp":"2026-07-03T12:52:57.600389Z","level":"info","event":"Processing batch_2.csv","logger":"scripts.process_batch","dag_id":"vehicle_batch_pipeline","try_number":1,"task_id":"process_batch_task","ti_id":"019f280a-0c62-7190-b209-d962d5221561","map_index":1,"run_id":"manual__2026-07-03T12:52:48.971549+00:00","filename":"process_batch.py","lineno":13}
{"timestamp":"2026-07-03T12:52:57.601492Z","level":"error","event":"2026-07-03 12:52:57,600 | INFO | Processing batch_2.csv","logger":"task.stderr"}
{"timestamp":"2026-07-03T12:52:57.610500Z","level":"error","event":"2026-07-03 12:52:57,610 | INFO | Rows = 2","logger":"task.stderr"}
{"timestamp":"2026-07-03T12:52:57.610455Z","level":"info","event":"Rows = 2","logger":"scripts.process_batch","dag_id":"vehicle_batch_pipeline","try_number":1,"task_id":"process_batch_task","ti_id":"019f280a-0c62-7190-b209-d962d5221561","map_index":1,"run_id":"manual__2026-07-03T12:52:48.971549+00:00","filename":"process_batch.py","lineno":17}
{"timestamp":"2026-07-03T12:53:00.693653Z","level":"error","event":"2026-07-03 12:53:00,693 | ERROR | V003 failed: HTTPConnectionPool(host='host.docker.internal', port=8000): Max retries exceeded with url: /api/rc (Caused by NewConnectionError(\"HTTPConnection(host='host.docker.internal', port=8000): Failed to establish a new connection: [Errno 101] Network is unreachable\"))","logger":"task.stderr"}
{"timestamp":"2026-07-03T12:53:00.693187Z","level":"error","event":"V003 failed: HTTPConnectionPool(host='host.docker.internal', port=8000): Max retries exceeded with url: /api/rc (Caused by NewConnectionError(\"HTTPConnection(host='host.docker.internal', port=8000): Failed to establish a new connection: [Errno 101] Network is unreachable\"))","logger":"scripts.process_batch","dag_id":"vehicle_batch_pipeline","try_number":1,"task_id":"process_batch_task","ti_id":"019f280a-0c62-7190-b209-d962d5221561","map_index":1,"run_id":"manual__2026-07-03T12:52:48.971549+00:00","filename":"process_batch.py","lineno":29}
{"timestamp":"2026-07-03T12:53:03.802295Z","level":"error","event":"2026-07-03 12:53:03,802 | ERROR | V004 failed: HTTPConnectionPool(host='host.docker.internal', port=8000): Max retries exceeded with url: /api/rc (Caused by NewConnectionError(\"HTTPConnection(host='host.docker.internal', port=8000): Failed to establish a new connection: [Errno 101] Network is unreachable\"))","logger":"task.stderr"}
{"timestamp":"2026-07-03T12:53:03.802272Z","level":"error","event":"V004 failed: HTTPConnectionPool(host='host.docker.internal', port=8000): Max retries exceeded with url: /api/rc (Caused by NewConnectionError(\"HTTPConnection(host='host.docker.internal', port=8000): Failed to establish a new connection: [Errno 101] Network is unreachable\"))","logger":"scripts.process_batch","dag_id":"vehicle_batch_pipeline","try_number":1,"task_id":"process_batch_task","ti_id":"019f280a-0c62-7190-b209-d962d5221561","map_index":1,"run_id":"manual__2026-07-03T12:52:48.971549+00:00","filename":"process_batch.py","lineno":29}
{"timestamp":"2026-07-03T12:53:03.810565Z","level":"error","event":"2026-07-03 12:53:03,810 | INFO |","logger":"task.stderr"}
{"timestamp":"2026-07-03T12:53:03.811132Z","level":"error","event":"==========================","logger":"task.stderr"}
{"timestamp":"2026-07-03T12:53:03.811676Z","level":"error","event":"Batch Summary","logger":"task.stderr"}
{"timestamp":"2026-07-03T12:53:03.812158Z","level":"error","event":"==========================","logger":"task.stderr"}
{"timestamp":"2026-07-03T12:53:03.812617Z","level":"error","event":"Total Records : 2","logger":"task.stderr"}
{"timestamp":"2026-07-03T12:53:03.813126Z","level":"error","event":"Success : 0","logger":"task.stderr"}
{"timestamp":"2026-07-03T12:53:03.813707Z","level":"error","event":"Failed : 2","logger":"task.stderr"}
{"timestamp":"2026-07-03T12:53:03.814212Z","level":"error","event":"Success Rate : 0.0%","logger":"task.stderr"}
{"timestamp":"2026-07-03T12:53:03.814751Z","level":"error","event":"==========================","logger":"task.stderr"}
{"timestamp":"2026-07-03T12:53:03.810525Z","level":"info","event":"\n==========================\nBatch Summary\n==========================\nTotal Records : 2\nSuccess : 0\nFailed : 2\nSuccess Rate : 0.0%\n==========================","logger":"scripts.process_batch","dag_id":"vehicle_batch_pipeline","try_number":1,"task_id":"process_batch_task","ti_id":"019f280a-0c62-7190-b209-d962d5221561","map_index":1,"run_id":"manual__2026-07-03T12:52:48.971549+00:00","filename":"process_batch.py","lineno":42}
{"timestamp":"2026-07-03T12:53:03.813350Z","level":"info","event":"Done. Returned value was: Empty DataFrame\nColumns: []\nIndex: []","dag_id":"vehicle_batch_pipeline","try_number":1,"task_id":"process_batch_task","ti_id":"019f280a-0c62-7190-b209-d962d5221561","map_index":1,"run_id":"manual__2026-07-03T12:52:48.971549+00:00","logger":"airflow.task.operators.airflow.providers.standard.decorators.python._PythonDecoratedOperator","filename":"python.py","lineno":233}
{"timestamp":"2026-07-03T12:53:03.813540Z","level":"info","event":"::group::Post Execute","dag_id":"vehicle_batch_pipeline","try_number":1,"task_id":"process_batch_task","ti_id":"019f280a-0c62-7190-b209-d962d5221561","map_index":1,"run_id":"manual__2026-07-03T12:52:48.971549+00:00","logger":"task","filename":"task_runner.py","lineno":1288}
{"timestamp":"2026-07-03T12:53:03.813771Z","level":"info","event":"Pushing xcom","ti":"RuntimeTaskInstance(id=UUID('019f280a-0c62-7190-b209-d962d5221561'), task_id='process_batch_task', dag_id='vehicle_batch_pipeline', run_id='manual__2026-07-03T12:52:48.971549+00:00', try_number=1, dag_version_id=UUID('019f22c5-c59c-7188-9004-bdbae84ffd51'), map_index=1, hostname='8e3d505c6688', context_carrier={'traceparent': '00-3e03db2b8ceed56bf956598e398b0275-a9b5054d50fbb8c2-01'}, task=<Task(_PythonDecoratedOperator): process_batch_task>, bundle_instance=LocalDagBundle(name=dags-folder), max_tries=2, start_date=datetime.datetime(2026, 7, 3, 12, 52, 56, 914967, tzinfo=datetime.timezone.utc), end_date=None, state=<TaskInstanceState.RUNNING: 'running'>, is_mapped=True, rendered_map_index=None, sentry_integration='')","dag_id":"vehicle_batch_pipeline","try_number":1,"task_id":"process_batch_task","ti_id":"019f280a-0c62-7190-b209-d962d5221561","map_index":1,"run_id":"manual__2026-07-03T12:52:48.971549+00:00","logger":"task","filename":"task_runner.py","lineno":1791}
{"timestamp":"2026-07-03T12:53:03.850742Z","level":"info","event":"Task instance in success state","logger":"task.stdout"}
{"timestamp":"2026-07-03T12:53:03.851409Z","level":"info","event":" Previous state of the Task instance: TaskInstanceState.RUNNING","logger":"task.stdout"}
{"timestamp":"2026-07-03T12:53:03.851955Z","level":"info","event":"Task operator:<Task(_PythonDecoratedOperator): process_batch_task>","logger":"task.stdout"}
{"timestamp":"2026-07-03T12:53:03.851061Z","level":"info","event":"::endgroup::","dag_id":"vehicle_batch_pipeline","try_number":1,"task_id":"process_batch_task","ti_id":"019f280a-0c62-7190-b209-d962d5221561","map_index":1,"run_id":"manual__2026-07-03T12:52:48.971549+00:00","logger":"task","filename":"task_runner.py","lineno":1896}
