{"timestamp":"2026-07-03T14:54:25.491072Z","level":"info","event":"::group::Pre Execute","logger":"task","filename":"task_runner.py","lineno":1926}
{"timestamp":"2026-07-03T14:54:25.894260Z","level":"info","event":"DAG bundles loaded: dags-folder, example_dags","try_number":1,"dag_id":"vehicle_batch_pipeline","map_index":2,"run_id":"manual__2026-07-03T14:54:22.374779+00:00","task_id":"process_batch_task","ti_id":"019f2879-49d5-7072-8421-eb1772ad5531","logger":"airflow.dag_processing.bundles.manager.DagBundlesManager","filename":"manager.py","lineno":209}
{"timestamp":"2026-07-03T14:54:25.896208Z","level":"info","event":"Filling up the DagBag from /opt/airflow/dags/vehicle_pipeline.py","try_number":1,"dag_id":"vehicle_batch_pipeline","map_index":2,"run_id":"manual__2026-07-03T14:54:22.374779+00:00","task_id":"process_batch_task","ti_id":"019f2879-49d5-7072-8421-eb1772ad5531","logger":"airflow.dag_processing.dagbag.BundleDagBag","filename":"dagbag.py","lineno":469}
{"timestamp":"2026-07-03T14:54:26.023691Z","level":"info","event":"Task instance is in running state","logger":"task.stdout"}
{"timestamp":"2026-07-03T14:54:26.026321Z","level":"info","event":" Previous state of the Task instance: TaskInstanceState.QUEUED","logger":"task.stdout"}
{"timestamp":"2026-07-03T14:54:26.027340Z","level":"info","event":"Current task name:process_batch_task","logger":"task.stdout"}
{"timestamp":"2026-07-03T14:54:26.027897Z","level":"info","event":"Dag name:vehicle_batch_pipeline","logger":"task.stdout"}
{"timestamp":"2026-07-03T14:54:26.024028Z","level":"info","event":"::endgroup::","try_number":1,"dag_id":"vehicle_batch_pipeline","map_index":2,"run_id":"manual__2026-07-03T14:54:22.374779+00:00","task_id":"process_batch_task","ti_id":"019f2879-49d5-7072-8421-eb1772ad5531","logger":"task","filename":"task_runner.py","lineno":1727}
{"timestamp":"2026-07-03T14:54:26.025665Z","level":"info","event":"Processing batch_3.csv","logger":"scripts.process_batch","try_number":1,"dag_id":"vehicle_batch_pipeline","map_index":2,"run_id":"manual__2026-07-03T14:54:22.374779+00:00","task_id":"process_batch_task","ti_id":"019f2879-49d5-7072-8421-eb1772ad5531","filename":"process_batch.py","lineno":13}
{"timestamp":"2026-07-03T14:54:26.029541Z","level":"error","event":"2026-07-03 14:54:26,025 | INFO | Processing batch_3.csv","logger":"task.stderr"}
{"timestamp":"2026-07-03T14:54:26.042097Z","level":"error","event":"2026-07-03 14:54:26,041 | INFO | Rows = 1","logger":"task.stderr"}
{"timestamp":"2026-07-03T14:54:26.042068Z","level":"info","event":"Rows = 1","logger":"scripts.process_batch","try_number":1,"dag_id":"vehicle_batch_pipeline","map_index":2,"run_id":"manual__2026-07-03T14:54:22.374779+00:00","task_id":"process_batch_task","ti_id":"019f2879-49d5-7072-8421-eb1772ad5531","filename":"process_batch.py","lineno":17}
{"timestamp":"2026-07-03T14:54:26.044164Z","level":"error","event":"2026-07-03 14:54:26,043 | INFO | Using environment: production","logger":"task.stderr"}
{"timestamp":"2026-07-03T14:54:26.046934Z","level":"error","event":"2026-07-03 14:54:26,044 | INFO | Calling URL: http://host.docker.internal:8000/rc","logger":"task.stderr"}
{"timestamp":"2026-07-03T14:54:26.047518Z","level":"error","event":"2026-07-03 14:54:26,046 | INFO | Using environment: production","logger":"task.stderr"}
{"timestamp":"2026-07-03T14:54:26.048364Z","level":"error","event":"2026-07-03 14:54:26,046 | INFO | Calling URL: http://host.docker.internal:8000/fastag","logger":"task.stderr"}
{"timestamp":"2026-07-03T14:54:26.044371Z","level":"info","event":"Using environment: production","logger":"scripts.api_client","filename":"api_client.py","lineno":19}
{"timestamp":"2026-07-03T14:54:26.044572Z","level":"info","event":"Calling URL: http://host.docker.internal:8000/rc","logger":"scripts.api_client","filename":"api_client.py","lineno":20}
{"timestamp":"2026-07-03T14:54:26.046270Z","level":"info","event":"Using environment: production","logger":"scripts.api_client","filename":"api_client.py","lineno":19}
{"timestamp":"2026-07-03T14:54:26.046447Z","level":"info","event":"Calling URL: http://host.docker.internal:8000/fastag","logger":"scripts.api_client","filename":"api_client.py","lineno":20}
{"timestamp":"2026-07-03T14:54:26.047502Z","level":"info","event":"Using environment: production","logger":"scripts.api_client","filename":"api_client.py","lineno":19}
{"timestamp":"2026-07-03T14:54:26.048050Z","level":"info","event":"Calling URL: http://host.docker.internal:8000/vrn","logger":"scripts.api_client","filename":"api_client.py","lineno":20}
{"timestamp":"2026-07-03T14:54:26.051774Z","level":"error","event":"2026-07-03 14:54:26,047 | INFO | Using environment: production","logger":"task.stderr"}
{"timestamp":"2026-07-03T14:54:26.052226Z","level":"error","event":"2026-07-03 14:54:26,047 | INFO | Calling URL: http://host.docker.internal:8000/vrn","logger":"task.stderr"}
{"timestamp":"2026-07-03T14:54:26.054275Z","level":"error","event":"2026-07-03 14:54:26,054 | INFO | Using environment: production","logger":"task.stderr"}
{"timestamp":"2026-07-03T14:54:26.055795Z","level":"info","event":"Using environment: production","logger":"scripts.api_client","filename":"api_client.py","lineno":19}
{"timestamp":"2026-07-03T14:54:26.055987Z","level":"info","event":"Calling URL: http://host.docker.internal:8000/valuation","logger":"scripts.api_client","filename":"api_client.py","lineno":20}
{"timestamp":"2026-07-03T14:54:26.057676Z","level":"error","event":"2026-07-03 14:54:26,055 | INFO | Calling URL: http://host.docker.internal:8000/valuation","logger":"task.stderr"}
{"timestamp":"2026-07-03T14:54:26.060903Z","level":"error","event":"2026-07-03 14:54:26,060 | WARNING | Retrying scripts.api_client.post in 1 seconds as it raised ConnectionError: HTTPConnectionPool(host='host.docker.internal', port=8000): Max retries exceeded with url: /fastag (Caused by NewConnectionError(\"HTTPConnection(host='host.docker.internal', port=8000): Failed to establish a new connection: [Errno 101] Network is unreachable\")).","logger":"task.stderr"}
{"timestamp":"2026-07-03T14:54:26.061384Z","level":"warning","event":"Retrying scripts.api_client.post in 1 seconds as it raised ConnectionError: HTTPConnectionPool(host='host.docker.internal', port=8000): Max retries exceeded with url: /fastag (Caused by NewConnectionError(\"HTTPConnection(host='host.docker.internal', port=8000): Failed to establish a new connection: [Errno 101] Network is unreachable\")).","logger":"scripts.api_client","filename":"before_sleep.py","lineno":64}
{"timestamp":"2026-07-03T14:54:26.064026Z","level":"error","event":"2026-07-03 14:54:26,061 | WARNING | Retrying scripts.api_client.post in 1 seconds as it raised ConnectionError: HTTPConnectionPool(host='host.docker.internal', port=8000): Max retries exceeded with url: /rc (Caused by NewConnectionError(\"HTTPConnection(host='host.docker.internal', port=8000): Failed to establish a new connection: [Errno 101] Network is unreachable\")).","logger":"task.stderr"}
{"timestamp":"2026-07-03T14:54:26.064796Z","level":"error","event":"2026-07-03 14:54:26,062 | WARNING | Retrying scripts.api_client.post in 1 seconds as it raised ConnectionError: HTTPConnectionPool(host='host.docker.internal', port=8000): Max retries exceeded with url: /valuation (Caused by NewConnectionError(\"HTTPConnection(host='host.docker.internal', port=8000): Failed to establish a new connection: [Errno 101] Network is unreachable\")).","logger":"task.stderr"}
{"timestamp":"2026-07-03T14:54:26.065414Z","level":"error","event":"2026-07-03 14:54:26,062 | WARNING | Retrying scripts.api_client.post in 1 seconds as it raised ConnectionError: HTTPConnectionPool(host='host.docker.internal', port=8000): Max retries exceeded with url: /vrn (Caused by NewConnectionError(\"HTTPConnection(host='host.docker.internal', port=8000): Failed to establish a new connection: [Errno 101] Network is unreachable\")).","logger":"task.stderr"}
{"timestamp":"2026-07-03T14:54:26.062384Z","level":"warning","event":"Retrying scripts.api_client.post in 1 seconds as it raised ConnectionError: HTTPConnectionPool(host='host.docker.internal', port=8000): Max retries exceeded with url: /rc (Caused by NewConnectionError(\"HTTPConnection(host='host.docker.internal', port=8000): Failed to establish a new connection: [Errno 101] Network is unreachable\")).","logger":"scripts.api_client","filename":"before_sleep.py","lineno":64}
{"timestamp":"2026-07-03T14:54:26.062637Z","level":"warning","event":"Retrying scripts.api_client.post in 1 seconds as it raised ConnectionError: HTTPConnectionPool(host='host.docker.internal', port=8000): Max retries exceeded with url: /valuation (Caused by NewConnectionError(\"HTTPConnection(host='host.docker.internal', port=8000): Failed to establish a new connection: [Errno 101] Network is unreachable\")).","logger":"scripts.api_client","filename":"before_sleep.py","lineno":64}
{"timestamp":"2026-07-03T14:54:26.063006Z","level":"warning","event":"Retrying scripts.api_client.post in 1 seconds as it raised ConnectionError: HTTPConnectionPool(host='host.docker.internal', port=8000): Max retries exceeded with url: /vrn (Caused by NewConnectionError(\"HTTPConnection(host='host.docker.internal', port=8000): Failed to establish a new connection: [Errno 101] Network is unreachable\")).","logger":"scripts.api_client","filename":"before_sleep.py","lineno":64}
{"timestamp":"2026-07-03T14:54:27.062776Z","level":"error","event":"2026-07-03 14:54:27,062 | INFO | Using environment: production","logger":"task.stderr"}
{"timestamp":"2026-07-03T14:54:27.063809Z","level":"error","event":"2026-07-03 14:54:27,062 | INFO | Using environment: production","logger":"task.stderr"}
{"timestamp":"2026-07-03T14:54:27.065408Z","level":"error","event":"2026-07-03 14:54:27,063 | INFO | Using environment: production","logger":"task.stderr"}
{"timestamp":"2026-07-03T14:54:27.065830Z","level":"error","event":"2026-07-03 14:54:27,063 | INFO | Calling URL: http://host.docker.internal:8000/fastag","logger":"task.stderr"}
{"timestamp":"2026-07-03T14:54:27.066310Z","level":"error","event":"2026-07-03 14:54:27,063 | INFO | Using environment: production","logger":"task.stderr"}
{"timestamp":"2026-07-03T14:54:27.067313Z","level":"error","event":"2026-07-03 14:54:27,063 | INFO | Calling URL: http://host.docker.internal:8000/rc","logger":"task.stderr"}
{"timestamp":"2026-07-03T14:54:27.068229Z","level":"error","event":"2026-07-03 14:54:27,063 | INFO | Calling URL: http://host.docker.internal:8000/valuation","logger":"task.stderr"}
{"timestamp":"2026-07-03T14:54:27.062630Z","level":"info","event":"Using environment: production","logger":"scripts.api_client","filename":"api_client.py","lineno":19}
{"timestamp":"2026-07-03T14:54:27.063410Z","level":"info","event":"Using environment: production","logger":"scripts.api_client","filename":"api_client.py","lineno":19}
{"timestamp":"2026-07-03T14:54:27.063606Z","level":"info","event":"Using environment: production","logger":"scripts.api_client","filename":"api_client.py","lineno":19}
{"timestamp":"2026-07-03T14:54:27.063789Z","level":"info","event":"Calling URL: http://host.docker.internal:8000/fastag","logger":"scripts.api_client","filename":"api_client.py","lineno":20}
{"timestamp":"2026-07-03T14:54:27.064100Z","level":"info","event":"Using environment: production","logger":"scripts.api_client","filename":"api_client.py","lineno":19}
{"timestamp":"2026-07-03T14:54:27.064284Z","level":"info","event":"Calling URL: http://host.docker.internal:8000/rc","logger":"scripts.api_client","filename":"api_client.py","lineno":20}
{"timestamp":"2026-07-03T14:54:27.065936Z","level":"info","event":"Calling URL: http://host.docker.internal:8000/valuation","logger":"scripts.api_client","filename":"api_client.py","lineno":20}
{"timestamp":"2026-07-03T14:54:27.066913Z","level":"info","event":"Calling URL: http://host.docker.internal:8000/vrn","logger":"scripts.api_client","filename":"api_client.py","lineno":20}
{"timestamp":"2026-07-03T14:54:27.073736Z","level":"error","event":"2026-07-03 14:54:27,064 | INFO | Calling URL: http://host.docker.internal:8000/vrn","logger":"task.stderr"}
{"timestamp":"2026-07-03T14:54:27.074195Z","level":"error","event":"2026-07-03 14:54:27,070 | WARNING | Retrying scripts.api_client.post in 2 seconds as it raised ConnectionError: HTTPConnectionPool(host='host.docker.internal', port=8000): Max retries exceeded with url: /rc (Caused by NewConnectionError(\"HTTPConnection(host='host.docker.internal', port=8000): Failed to establish a new connection: [Errno 101] Network is unreachable\")).","logger":"task.stderr"}
{"timestamp":"2026-07-03T14:54:27.074609Z","level":"error","event":"2026-07-03 14:54:27,071 | WARNING | Retrying scripts.api_client.post in 2 seconds as it raised ConnectionError: HTTPConnectionPool(host='host.docker.internal', port=8000): Max retries exceeded with url: /fastag (Caused by NewConnectionError(\"HTTPConnection(host='host.docker.internal', port=8000): Failed to establish a new connection: [Errno 101] Network is unreachable\")).","logger":"task.stderr"}
{"timestamp":"2026-07-03T14:54:27.075021Z","level":"error","event":"2026-07-03 14:54:27,071 | WARNING | Retrying scripts.api_client.post in 2 seconds as it raised ConnectionError: HTTPConnectionPool(host='host.docker.internal', port=8000): Max retries exceeded with url: /vrn (Caused by NewConnectionError(\"HTTPConnection(host='host.docker.internal', port=8000): Failed to establish a new connection: [Errno 101] Network is unreachable\")).","logger":"task.stderr"}
{"timestamp":"2026-07-03T14:54:27.075484Z","level":"error","event":"2026-07-03 14:54:27,072 | WARNING | Retrying scripts.api_client.post in 2 seconds as it raised ConnectionError: HTTPConnectionPool(host='host.docker.internal', port=8000): Max retries exceeded with url: /valuation (Caused by NewConnectionError(\"HTTPConnection(host='host.docker.internal', port=8000): Failed to establish a new connection: [Errno 101] Network is unreachable\")).","logger":"task.stderr"}
{"timestamp":"2026-07-03T14:54:27.070702Z","level":"warning","event":"Retrying scripts.api_client.post in 2 seconds as it raised ConnectionError: HTTPConnectionPool(host='host.docker.internal', port=8000): Max retries exceeded with url: /rc (Caused by NewConnectionError(\"HTTPConnection(host='host.docker.internal', port=8000): Failed to establish a new connection: [Errno 101] Network is unreachable\")).","logger":"scripts.api_client","filename":"before_sleep.py","lineno":64}
{"timestamp":"2026-07-03T14:54:27.072394Z","level":"warning","event":"Retrying scripts.api_client.post in 2 seconds as it raised ConnectionError: HTTPConnectionPool(host='host.docker.internal', port=8000): Max retries exceeded with url: /fastag (Caused by NewConnectionError(\"HTTPConnection(host='host.docker.internal', port=8000): Failed to establish a new connection: [Errno 101] Network is unreachable\")).","logger":"scripts.api_client","filename":"before_sleep.py","lineno":64}
{"timestamp":"2026-07-03T14:54:27.072631Z","level":"warning","event":"Retrying scripts.api_client.post in 2 seconds as it raised ConnectionError: HTTPConnectionPool(host='host.docker.internal', port=8000): Max retries exceeded with url: /vrn (Caused by NewConnectionError(\"HTTPConnection(host='host.docker.internal', port=8000): Failed to establish a new connection: [Errno 101] Network is unreachable\")).","logger":"scripts.api_client","filename":"before_sleep.py","lineno":64}
{"timestamp":"2026-07-03T14:54:27.072797Z","level":"warning","event":"Retrying scripts.api_client.post in 2 seconds as it raised ConnectionError: HTTPConnectionPool(host='host.docker.internal', port=8000): Max retries exceeded with url: /valuation (Caused by NewConnectionError(\"HTTPConnection(host='host.docker.internal', port=8000): Failed to establish a new connection: [Errno 101] Network is unreachable\")).","logger":"scripts.api_client","filename":"before_sleep.py","lineno":64}
{"timestamp":"2026-07-03T14:54:29.071367Z","level":"error","event":"2026-07-03 14:54:29,071 | INFO | Using environment: production","logger":"task.stderr"}
{"timestamp":"2026-07-03T14:54:29.072596Z","level":"error","event":"2026-07-03 14:54:29,071 | INFO | Calling URL: http://host.docker.internal:8000/rc","logger":"task.stderr"}
{"timestamp":"2026-07-03T14:54:29.071289Z","level":"info","event":"Using environment: production","logger":"scripts.api_client","filename":"api_client.py","lineno":19}
{"timestamp":"2026-07-03T14:54:29.071506Z","level":"info","event":"Calling URL: http://host.docker.internal:8000/rc","logger":"scripts.api_client","filename":"api_client.py","lineno":20}
{"timestamp":"2026-07-03T14:54:29.072745Z","level":"info","event":"Using environment: production","logger":"scripts.api_client","filename":"api_client.py","lineno":19}
{"timestamp":"2026-07-03T14:54:29.072887Z","level":"info","event":"Calling URL: http://host.docker.internal:8000/fastag","logger":"scripts.api_client","filename":"api_client.py","lineno":20}
{"timestamp":"2026-07-03T14:54:29.078374Z","level":"error","event":"2026-07-03 14:54:29,072 | INFO | Using environment: production","logger":"task.stderr"}
{"timestamp":"2026-07-03T14:54:29.079245Z","level":"error","event":"2026-07-03 14:54:29,072 | INFO | Calling URL: http://host.docker.internal:8000/fastag","logger":"task.stderr"}
{"timestamp":"2026-07-03T14:54:29.079848Z","level":"error","event":"2026-07-03 14:54:29,074 | INFO | Using environment: production","logger":"task.stderr"}
{"timestamp":"2026-07-03T14:54:29.080463Z","level":"error","event":"2026-07-03 14:54:29,074 | INFO | Calling URL: http://host.docker.internal:8000/vrn","logger":"task.stderr"}
{"timestamp":"2026-07-03T14:54:29.080990Z","level":"error","event":"2026-07-03 14:54:29,075 | INFO | Using environment: production","logger":"task.stderr"}
{"timestamp":"2026-07-03T14:54:29.081475Z","level":"error","event":"2026-07-03 14:54:29,075 | INFO | Calling URL: http://host.docker.internal:8000/valuation","logger":"task.stderr"}
{"timestamp":"2026-07-03T14:54:29.074182Z","level":"info","event":"Using environment: production","logger":"scripts.api_client","filename":"api_client.py","lineno":19}
{"timestamp":"2026-07-03T14:54:29.074352Z","level":"info","event":"Calling URL: http://host.docker.internal:8000/vrn","logger":"scripts.api_client","filename":"api_client.py","lineno":20}
{"timestamp":"2026-07-03T14:54:29.075480Z","level":"info","event":"Using environment: production","logger":"scripts.api_client","filename":"api_client.py","lineno":19}
{"timestamp":"2026-07-03T14:54:29.075591Z","level":"info","event":"Calling URL: http://host.docker.internal:8000/valuation","logger":"scripts.api_client","filename":"api_client.py","lineno":20}
{"timestamp":"2026-07-03T14:54:29.089055Z","level":"error","event":"2026-07-03 14:54:29,088 | ERROR | RC failed for Vehicle V005: HTTPConnectionPool(host='host.docker.internal', port=8000): Max retries exceeded with url: /rc (Caused by NewConnectionError(\"HTTPConnection(host='host.docker.internal', port=8000): Failed to establish a new connection: [Errno 101] Network is unreachable\"))","logger":"task.stderr"}
{"timestamp":"2026-07-03T14:54:29.089611Z","level":"error","event":"2026-07-03 14:54:29,089 | ERROR | FASTag failed for Vehicle V005: HTTPConnectionPool(host='host.docker.internal', port=8000): Max retries exceeded with url: /fastag (Caused by NewConnectionError(\"HTTPConnection(host='host.docker.internal', port=8000): Failed to establish a new connection: [Errno 101] Network is unreachable\"))","logger":"task.stderr"}
{"timestamp":"2026-07-03T14:54:29.090163Z","level":"error","event":"2026-07-03 14:54:29,089 | ERROR | VRN failed for Vehicle V005: HTTPConnectionPool(host='host.docker.internal', port=8000): Max retries exceeded with url: /vrn (Caused by NewConnectionError(\"HTTPConnection(host='host.docker.internal', port=8000): Failed to establish a new connection: [Errno 101] Network is unreachable\"))","logger":"task.stderr"}
{"timestamp":"2026-07-03T14:54:29.090661Z","level":"error","event":"2026-07-03 14:54:29,089 | ERROR | Valuation failed for Vehicle V005: HTTPConnectionPool(host='host.docker.internal', port=8000): Max retries exceeded with url: /valuation (Caused by NewConnectionError(\"HTTPConnection(host='host.docker.internal', port=8000): Failed to establish a new connection: [Errno 101] Network is unreachable\"))","logger":"task.stderr"}
{"timestamp":"2026-07-03T14:54:29.089042Z","level":"error","event":"RC failed for Vehicle V005: HTTPConnectionPool(host='host.docker.internal', port=8000): Max retries exceeded with url: /rc (Caused by NewConnectionError(\"HTTPConnection(host='host.docker.internal', port=8000): Failed to establish a new connection: [Errno 101] Network is unreachable\"))","logger":"utils.error_handler","try_number":1,"dag_id":"vehicle_batch_pipeline","map_index":2,"run_id":"manual__2026-07-03T14:54:22.374779+00:00","task_id":"process_batch_task","ti_id":"019f2879-49d5-7072-8421-eb1772ad5531","filename":"error_handler.py","lineno":7}
{"timestamp":"2026-07-03T14:54:29.089205Z","level":"error","event":"FASTag failed for Vehicle V005: HTTPConnectionPool(host='host.docker.internal', port=8000): Max retries exceeded with url: /fastag (Caused by NewConnectionError(\"HTTPConnection(host='host.docker.internal', port=8000): Failed to establish a new connection: [Errno 101] Network is unreachable\"))","logger":"utils.error_handler","try_number":1,"dag_id":"vehicle_batch_pipeline","map_index":2,"run_id":"manual__2026-07-03T14:54:22.374779+00:00","task_id":"process_batch_task","ti_id":"019f2879-49d5-7072-8421-eb1772ad5531","filename":"error_handler.py","lineno":7}
{"timestamp":"2026-07-03T14:54:29.089301Z","level":"error","event":"VRN failed for Vehicle V005: HTTPConnectionPool(host='host.docker.internal', port=8000): Max retries exceeded with url: /vrn (Caused by NewConnectionError(\"HTTPConnection(host='host.docker.internal', port=8000): Failed to establish a new connection: [Errno 101] Network is unreachable\"))","logger":"utils.error_handler","try_number":1,"dag_id":"vehicle_batch_pipeline","map_index":2,"run_id":"manual__2026-07-03T14:54:22.374779+00:00","task_id":"process_batch_task","ti_id":"019f2879-49d5-7072-8421-eb1772ad5531","filename":"error_handler.py","lineno":7}
{"timestamp":"2026-07-03T14:54:29.089384Z","level":"error","event":"Valuation failed for Vehicle V005: HTTPConnectionPool(host='host.docker.internal', port=8000): Max retries exceeded with url: /valuation (Caused by NewConnectionError(\"HTTPConnection(host='host.docker.internal', port=8000): Failed to establish a new connection: [Errno 101] Network is unreachable\"))","logger":"utils.error_handler","try_number":1,"dag_id":"vehicle_batch_pipeline","map_index":2,"run_id":"manual__2026-07-03T14:54:22.374779+00:00","task_id":"process_batch_task","ti_id":"019f2879-49d5-7072-8421-eb1772ad5531","filename":"error_handler.py","lineno":7}
{"timestamp":"2026-07-03T14:54:29.090088Z","level":"info","event":"\n==========================\nBatch Summary\n==========================\nTotal Records : 1\nSuccess : 1\nFailed : 0\nSuccess Rate : 100.0%\n==========================","logger":"scripts.process_batch","try_number":1,"dag_id":"vehicle_batch_pipeline","map_index":2,"run_id":"manual__2026-07-03T14:54:22.374779+00:00","task_id":"process_batch_task","ti_id":"019f2879-49d5-7072-8421-eb1772ad5531","filename":"process_batch.py","lineno":42}
{"timestamp":"2026-07-03T14:54:29.093618Z","level":"error","event":"2026-07-03 14:54:29,090 | INFO |","logger":"task.stderr"}
{"timestamp":"2026-07-03T14:54:29.094068Z","level":"error","event":"==========================","logger":"task.stderr"}
{"timestamp":"2026-07-03T14:54:29.094485Z","level":"error","event":"Batch Summary","logger":"task.stderr"}
{"timestamp":"2026-07-03T14:54:29.094896Z","level":"error","event":"==========================","logger":"task.stderr"}
{"timestamp":"2026-07-03T14:54:29.095333Z","level":"error","event":"Total Records : 1","logger":"task.stderr"}
{"timestamp":"2026-07-03T14:54:29.095789Z","level":"error","event":"Success : 1","logger":"task.stderr"}
{"timestamp":"2026-07-03T14:54:29.096269Z","level":"error","event":"Failed : 0","logger":"task.stderr"}
{"timestamp":"2026-07-03T14:54:29.096694Z","level":"error","event":"Success Rate : 100.0%","logger":"task.stderr"}
{"timestamp":"2026-07-03T14:54:29.097091Z","level":"error","event":"==========================","logger":"task.stderr"}
{"timestamp":"2026-07-03T14:54:29.097538Z","level":"info","event":"V005 processed in 3.05 sec","logger":"task.stdout"}
{"timestamp":"2026-07-03T14:54:29.101152Z","level":"info","event":"Done. Returned value was:    year  brand  ...  status                                              error\n0  2020  Honda  ...  FAILED  HTTPConnectionPool(host='host.docker.internal'...\n\n[1 rows x 7 columns]","try_number":1,"dag_id":"vehicle_batch_pipeline","map_index":2,"run_id":"manual__2026-07-03T14:54:22.374779+00:00","task_id":"process_batch_task","ti_id":"019f2879-49d5-7072-8421-eb1772ad5531","logger":"airflow.task.operators.airflow.providers.standard.decorators.python._PythonDecoratedOperator","filename":"python.py","lineno":233}
{"timestamp":"2026-07-03T14:54:29.101325Z","level":"info","event":"::group::Post Execute","try_number":1,"dag_id":"vehicle_batch_pipeline","map_index":2,"run_id":"manual__2026-07-03T14:54:22.374779+00:00","task_id":"process_batch_task","ti_id":"019f2879-49d5-7072-8421-eb1772ad5531","logger":"task","filename":"task_runner.py","lineno":1288}
{"timestamp":"2026-07-03T14:54:29.101514Z","level":"info","event":"Pushing xcom","ti":"RuntimeTaskInstance(id=UUID('019f2879-49d5-7072-8421-eb1772ad5531'), task_id='process_batch_task', dag_id='vehicle_batch_pipeline', run_id='manual__2026-07-03T14:54:22.374779+00:00', try_number=1, dag_version_id=UUID('019f2816-76da-7e39-88fb-09ffc304bea2'), map_index=2, hostname='8e3d505c6688', context_carrier={'traceparent': '00-fc92650cfe7ebd2d6db0040ca512b4aa-52a3db5d64e54956-01'}, task=<Task(_PythonDecoratedOperator): process_batch_task>, bundle_instance=LocalDagBundle(name=dags-folder), max_tries=2, start_date=datetime.datetime(2026, 7, 3, 14, 54, 25, 498055, tzinfo=datetime.timezone.utc), end_date=None, state=<TaskInstanceState.RUNNING: 'running'>, is_mapped=True, rendered_map_index=None, sentry_integration='')","try_number":1,"dag_id":"vehicle_batch_pipeline","map_index":2,"run_id":"manual__2026-07-03T14:54:22.374779+00:00","task_id":"process_batch_task","ti_id":"019f2879-49d5-7072-8421-eb1772ad5531","logger":"task","filename":"task_runner.py","lineno":1791}
{"timestamp":"2026-07-03T14:54:29.145703Z","level":"info","event":"Task instance in success state","logger":"task.stdout"}
{"timestamp":"2026-07-03T14:54:29.146443Z","level":"info","event":" Previous state of the Task instance: TaskInstanceState.RUNNING","logger":"task.stdout"}
{"timestamp":"2026-07-03T14:54:29.147204Z","level":"info","event":"Task operator:<Task(_PythonDecoratedOperator): process_batch_task>","logger":"task.stdout"}
{"timestamp":"2026-07-03T14:54:29.146069Z","level":"info","event":"::endgroup::","try_number":1,"dag_id":"vehicle_batch_pipeline","map_index":2,"run_id":"manual__2026-07-03T14:54:22.374779+00:00","task_id":"process_batch_task","ti_id":"019f2879-49d5-7072-8421-eb1772ad5531","logger":"task","filename":"task_runner.py","lineno":1896}
