{"timestamp":"2026-07-04T08:50:21.581413Z","level":"info","event":"::group::Pre Execute","logger":"task","filename":"task_runner.py","lineno":1926}
{"timestamp":"2026-07-04T08:50:21.898415Z","level":"info","event":"DAG bundles loaded: dags-folder, example_dags","try_number":1,"run_id":"manual__2026-07-04T08:49:58.860431+00:00","dag_id":"vehicle_batch_pipeline","ti_id":"019f2c52-39db-7498-b9fd-662d82bfbcb3","task_id":"process_batch_task","map_index":2,"logger":"airflow.dag_processing.bundles.manager.DagBundlesManager","filename":"manager.py","lineno":209}
{"timestamp":"2026-07-04T08:50:21.900077Z","level":"info","event":"Filling up the DagBag from /opt/airflow/dags/vehicle_pipeline.py","try_number":1,"run_id":"manual__2026-07-04T08:49:58.860431+00:00","dag_id":"vehicle_batch_pipeline","ti_id":"019f2c52-39db-7498-b9fd-662d82bfbcb3","task_id":"process_batch_task","map_index":2,"logger":"airflow.dag_processing.dagbag.BundleDagBag","filename":"dagbag.py","lineno":469}
{"timestamp":"2026-07-04T08:50:22.030913Z","level":"info","event":"Task instance is in running state","logger":"task.stdout"}
{"timestamp":"2026-07-04T08:50:22.033677Z","level":"info","event":" Previous state of the Task instance: TaskInstanceState.QUEUED","logger":"task.stdout"}
{"timestamp":"2026-07-04T08:50:22.034319Z","level":"info","event":"Current task name:process_batch_task","logger":"task.stdout"}
{"timestamp":"2026-07-04T08:50:22.034792Z","level":"info","event":"Dag name:vehicle_batch_pipeline","logger":"task.stdout"}
{"timestamp":"2026-07-04T08:50:22.031375Z","level":"info","event":"::endgroup::","try_number":1,"run_id":"manual__2026-07-04T08:49:58.860431+00:00","dag_id":"vehicle_batch_pipeline","ti_id":"019f2c52-39db-7498-b9fd-662d82bfbcb3","task_id":"process_batch_task","map_index":2,"logger":"task","filename":"task_runner.py","lineno":1727}
{"timestamp":"2026-07-04T08:50:22.033050Z","level":"info","event":"Processing batch_3.csv","logger":"scripts.process_batch","try_number":1,"run_id":"manual__2026-07-04T08:49:58.860431+00:00","dag_id":"vehicle_batch_pipeline","ti_id":"019f2c52-39db-7498-b9fd-662d82bfbcb3","task_id":"process_batch_task","map_index":2,"filename":"process_batch.py","lineno":13}
{"timestamp":"2026-07-04T08:50:22.036295Z","level":"error","event":"2026-07-04 08:50:22,032 | INFO | Processing batch_3.csv","logger":"task.stderr"}
{"timestamp":"2026-07-04T08:50:22.042518Z","level":"error","event":"2026-07-04 08:50:22,042 | INFO | Rows = 1","logger":"task.stderr"}
{"timestamp":"2026-07-04T08:50:22.042463Z","level":"info","event":"Rows = 1","logger":"scripts.process_batch","try_number":1,"run_id":"manual__2026-07-04T08:49:58.860431+00:00","dag_id":"vehicle_batch_pipeline","ti_id":"019f2c52-39db-7498-b9fd-662d82bfbcb3","task_id":"process_batch_task","map_index":2,"filename":"process_batch.py","lineno":17}
{"timestamp":"2026-07-04T08:50:22.044457Z","level":"info","event":"Using environment: staging","logger":"scripts.api_client","filename":"api_client.py","lineno":19}
{"timestamp":"2026-07-04T08:50:22.046151Z","level":"error","event":"2026-07-04 08:50:22,044 | INFO | Using environment: staging","logger":"task.stderr"}
{"timestamp":"2026-07-04T08:50:22.046719Z","level":"error","event":"2026-07-04 08:50:22,045 | INFO | Using environment: staging","logger":"task.stderr"}
{"timestamp":"2026-07-04T08:50:22.047222Z","level":"error","event":"2026-07-04 08:50:22,045 | INFO | Calling URL: http://host.docker.internal:8000/rc","logger":"task.stderr"}
{"timestamp":"2026-07-04T08:50:22.046037Z","level":"info","event":"Using environment: staging","logger":"scripts.api_client","filename":"api_client.py","lineno":19}
{"timestamp":"2026-07-04T08:50:22.046549Z","level":"info","event":"Calling URL: http://host.docker.internal:8000/rc","logger":"scripts.api_client","filename":"api_client.py","lineno":20}
{"timestamp":"2026-07-04T08:50:22.047650Z","level":"info","event":"Calling URL: http://host.docker.internal:8000/fastag","logger":"scripts.api_client","filename":"api_client.py","lineno":20}
{"timestamp":"2026-07-04T08:50:22.054595Z","level":"error","event":"2026-07-04 08:50:22,046 | INFO | Calling URL: http://host.docker.internal:8000/fastag","logger":"task.stderr"}
{"timestamp":"2026-07-04T08:50:22.056675Z","level":"error","event":"2026-07-04 08:50:22,047 | INFO | Using environment: staging","logger":"task.stderr"}
{"timestamp":"2026-07-04T08:50:22.057427Z","level":"error","event":"2026-07-04 08:50:22,048 | INFO | Calling URL: http://host.docker.internal:8000/vrn","logger":"task.stderr"}
{"timestamp":"2026-07-04T08:50:22.058340Z","level":"error","event":"2026-07-04 08:50:22,048 | INFO | Using environment: staging","logger":"task.stderr"}
{"timestamp":"2026-07-04T08:50:22.058830Z","level":"error","event":"2026-07-04 08:50:22,049 | INFO | Calling URL: http://host.docker.internal:8000/valuation","logger":"task.stderr"}
{"timestamp":"2026-07-04T08:50:22.048334Z","level":"info","event":"Using environment: staging","logger":"scripts.api_client","filename":"api_client.py","lineno":19}
{"timestamp":"2026-07-04T08:50:22.048875Z","level":"info","event":"Calling URL: http://host.docker.internal:8000/vrn","logger":"scripts.api_client","filename":"api_client.py","lineno":20}
{"timestamp":"2026-07-04T08:50:22.049281Z","level":"info","event":"Using environment: staging","logger":"scripts.api_client","filename":"api_client.py","lineno":19}
{"timestamp":"2026-07-04T08:50:22.049564Z","level":"info","event":"Calling URL: http://host.docker.internal:8000/valuation","logger":"scripts.api_client","filename":"api_client.py","lineno":20}
{"timestamp":"2026-07-04T08:50:22.058697Z","level":"warning","event":"Retrying scripts.api_client.post in 1 seconds as it raised ConnectionError: HTTPConnectionPool(host='host.docker.internal', port=8000): Max retries exceeded with url: /rc (Caused by NewConnectionError(\"HTTPConnection(host='host.docker.internal', port=8000): Failed to establish a new connection: [Errno 101] Network is unreachable\")).","logger":"scripts.api_client","filename":"before_sleep.py","lineno":64}
{"timestamp":"2026-07-04T08:50:22.062852Z","level":"error","event":"2026-07-04 08:50:22,058 | WARNING | Retrying scripts.api_client.post in 1 seconds as it raised ConnectionError: HTTPConnectionPool(host='host.docker.internal', port=8000): Max retries exceeded with url: /rc (Caused by NewConnectionError(\"HTTPConnection(host='host.docker.internal', port=8000): Failed to establish a new connection: [Errno 101] Network is unreachable\")).","logger":"task.stderr"}
{"timestamp":"2026-07-04T08:50:22.063143Z","level":"warning","event":"Retrying scripts.api_client.post in 1 seconds as it raised ConnectionError: HTTPConnectionPool(host='host.docker.internal', port=8000): Max retries exceeded with url: /fastag (Caused by NewConnectionError(\"HTTPConnection(host='host.docker.internal', port=8000): Failed to establish a new connection: [Errno 101] Network is unreachable\")).","logger":"scripts.api_client","filename":"before_sleep.py","lineno":64}
{"timestamp":"2026-07-04T08:50:22.063904Z","level":"error","event":"2026-07-04 08:50:22,063 | WARNING | Retrying scripts.api_client.post in 1 seconds as it raised ConnectionError: HTTPConnectionPool(host='host.docker.internal', port=8000): Max retries exceeded with url: /fastag (Caused by NewConnectionError(\"HTTPConnection(host='host.docker.internal', port=8000): Failed to establish a new connection: [Errno 101] Network is unreachable\")).","logger":"task.stderr"}
{"timestamp":"2026-07-04T08:50:22.064328Z","level":"error","event":"2026-07-04 08:50:22,063 | WARNING | Retrying scripts.api_client.post in 1 seconds as it raised ConnectionError: HTTPConnectionPool(host='host.docker.internal', port=8000): Max retries exceeded with url: /valuation (Caused by NewConnectionError(\"HTTPConnection(host='host.docker.internal', port=8000): Failed to establish a new connection: [Errno 101] Network is unreachable\")).","logger":"task.stderr"}
{"timestamp":"2026-07-04T08:50:22.064758Z","level":"error","event":"2026-07-04 08:50:22,063 | WARNING | Retrying scripts.api_client.post in 1 seconds as it raised ConnectionError: HTTPConnectionPool(host='host.docker.internal', port=8000): Max retries exceeded with url: /vrn (Caused by NewConnectionError(\"HTTPConnection(host='host.docker.internal', port=8000): Failed to establish a new connection: [Errno 101] Network is unreachable\")).","logger":"task.stderr"}
{"timestamp":"2026-07-04T08:50:22.063510Z","level":"warning","event":"Retrying scripts.api_client.post in 1 seconds as it raised ConnectionError: HTTPConnectionPool(host='host.docker.internal', port=8000): Max retries exceeded with url: /valuation (Caused by NewConnectionError(\"HTTPConnection(host='host.docker.internal', port=8000): Failed to establish a new connection: [Errno 101] Network is unreachable\")).","logger":"scripts.api_client","filename":"before_sleep.py","lineno":64}
{"timestamp":"2026-07-04T08:50:22.063804Z","level":"warning","event":"Retrying scripts.api_client.post in 1 seconds as it raised ConnectionError: HTTPConnectionPool(host='host.docker.internal', port=8000): Max retries exceeded with url: /vrn (Caused by NewConnectionError(\"HTTPConnection(host='host.docker.internal', port=8000): Failed to establish a new connection: [Errno 101] Network is unreachable\")).","logger":"scripts.api_client","filename":"before_sleep.py","lineno":64}
{"timestamp":"2026-07-04T08:50:23.059620Z","level":"error","event":"2026-07-04 08:50:23,059 | INFO | Using environment: staging","logger":"task.stderr"}
{"timestamp":"2026-07-04T08:50:23.061123Z","level":"error","event":"2026-07-04 08:50:23,059 | INFO | Calling URL: http://host.docker.internal:8000/rc","logger":"task.stderr"}
{"timestamp":"2026-07-04T08:50:23.059510Z","level":"info","event":"Using environment: staging","logger":"scripts.api_client","filename":"api_client.py","lineno":19}
{"timestamp":"2026-07-04T08:50:23.059714Z","level":"info","event":"Calling URL: http://host.docker.internal:8000/rc","logger":"scripts.api_client","filename":"api_client.py","lineno":20}
{"timestamp":"2026-07-04T08:50:23.063701Z","level":"error","event":"2026-07-04 08:50:23,063 | INFO | Using environment: staging","logger":"task.stderr"}
{"timestamp":"2026-07-04T08:50:23.064325Z","level":"error","event":"2026-07-04 08:50:23,063 | INFO | Calling URL: http://host.docker.internal:8000/fastag","logger":"task.stderr"}
{"timestamp":"2026-07-04T08:50:23.063688Z","level":"info","event":"Using environment: staging","logger":"scripts.api_client","filename":"api_client.py","lineno":19}
{"timestamp":"2026-07-04T08:50:23.064040Z","level":"info","event":"Calling URL: http://host.docker.internal:8000/fastag","logger":"scripts.api_client","filename":"api_client.py","lineno":20}
{"timestamp":"2026-07-04T08:50:23.064490Z","level":"info","event":"Using environment: staging","logger":"scripts.api_client","filename":"api_client.py","lineno":19}
{"timestamp":"2026-07-04T08:50:23.064647Z","level":"info","event":"Calling URL: http://host.docker.internal:8000/vrn","logger":"scripts.api_client","filename":"api_client.py","lineno":20}
{"timestamp":"2026-07-04T08:50:23.069025Z","level":"error","event":"2026-07-04 08:50:23,064 | INFO | Using environment: staging","logger":"task.stderr"}
{"timestamp":"2026-07-04T08:50:23.069926Z","level":"error","event":"2026-07-04 08:50:23,064 | INFO | Calling URL: http://host.docker.internal:8000/vrn","logger":"task.stderr"}
{"timestamp":"2026-07-04T08:50:23.070556Z","level":"error","event":"2026-07-04 08:50:23,064 | INFO | Using environment: staging","logger":"task.stderr"}
{"timestamp":"2026-07-04T08:50:23.071092Z","level":"error","event":"2026-07-04 08:50:23,065 | INFO | Calling URL: http://host.docker.internal:8000/valuation","logger":"task.stderr"}
{"timestamp":"2026-07-04T08:50:23.071590Z","level":"error","event":"2026-07-04 08:50:23,067 | WARNING | Retrying scripts.api_client.post in 2 seconds as it raised ConnectionError: HTTPConnectionPool(host='host.docker.internal', port=8000): Max retries exceeded with url: /rc (Caused by NewConnectionError(\"HTTPConnection(host='host.docker.internal', port=8000): Failed to establish a new connection: [Errno 101] Network is unreachable\")).","logger":"task.stderr"}
{"timestamp":"2026-07-04T08:50:23.065127Z","level":"info","event":"Using environment: staging","logger":"scripts.api_client","filename":"api_client.py","lineno":19}
{"timestamp":"2026-07-04T08:50:23.065334Z","level":"info","event":"Calling URL: http://host.docker.internal:8000/valuation","logger":"scripts.api_client","filename":"api_client.py","lineno":20}
{"timestamp":"2026-07-04T08:50:23.067282Z","level":"warning","event":"Retrying scripts.api_client.post in 2 seconds as it raised ConnectionError: HTTPConnectionPool(host='host.docker.internal', port=8000): Max retries exceeded with url: /rc (Caused by NewConnectionError(\"HTTPConnection(host='host.docker.internal', port=8000): Failed to establish a new connection: [Errno 101] Network is unreachable\")).","logger":"scripts.api_client","filename":"before_sleep.py","lineno":64}
{"timestamp":"2026-07-04T08:50:23.070903Z","level":"warning","event":"Retrying scripts.api_client.post in 2 seconds as it raised ConnectionError: HTTPConnectionPool(host='host.docker.internal', port=8000): Max retries exceeded with url: /vrn (Caused by NewConnectionError(\"HTTPConnection(host='host.docker.internal', port=8000): Failed to establish a new connection: [Errno 101] Network is unreachable\")).","logger":"scripts.api_client","filename":"before_sleep.py","lineno":64}
{"timestamp":"2026-07-04T08:50:23.071372Z","level":"warning","event":"Retrying scripts.api_client.post in 2 seconds as it raised ConnectionError: HTTPConnectionPool(host='host.docker.internal', port=8000): Max retries exceeded with url: /valuation (Caused by NewConnectionError(\"HTTPConnection(host='host.docker.internal', port=8000): Failed to establish a new connection: [Errno 101] Network is unreachable\")).","logger":"scripts.api_client","filename":"before_sleep.py","lineno":64}
{"timestamp":"2026-07-04T08:50:23.071726Z","level":"warning","event":"Retrying scripts.api_client.post in 2 seconds as it raised ConnectionError: HTTPConnectionPool(host='host.docker.internal', port=8000): Max retries exceeded with url: /fastag (Caused by NewConnectionError(\"HTTPConnection(host='host.docker.internal', port=8000): Failed to establish a new connection: [Errno 101] Network is unreachable\")).","logger":"scripts.api_client","filename":"before_sleep.py","lineno":64}
{"timestamp":"2026-07-04T08:50:23.075163Z","level":"error","event":"2026-07-04 08:50:23,070 | WARNING | Retrying scripts.api_client.post in 2 seconds as it raised ConnectionError: HTTPConnectionPool(host='host.docker.internal', port=8000): Max retries exceeded with url: /vrn (Caused by NewConnectionError(\"HTTPConnection(host='host.docker.internal', port=8000): Failed to establish a new connection: [Errno 101] Network is unreachable\")).","logger":"task.stderr"}
{"timestamp":"2026-07-04T08:50:23.075645Z","level":"error","event":"2026-07-04 08:50:23,071 | WARNING | Retrying scripts.api_client.post in 2 seconds as it raised ConnectionError: HTTPConnectionPool(host='host.docker.internal', port=8000): Max retries exceeded with url: /valuation (Caused by NewConnectionError(\"HTTPConnection(host='host.docker.internal', port=8000): Failed to establish a new connection: [Errno 101] Network is unreachable\")).","logger":"task.stderr"}
{"timestamp":"2026-07-04T08:50:23.076115Z","level":"error","event":"2026-07-04 08:50:23,071 | WARNING | Retrying scripts.api_client.post in 2 seconds as it raised ConnectionError: HTTPConnectionPool(host='host.docker.internal', port=8000): Max retries exceeded with url: /fastag (Caused by NewConnectionError(\"HTTPConnection(host='host.docker.internal', port=8000): Failed to establish a new connection: [Errno 101] Network is unreachable\")).","logger":"task.stderr"}
{"timestamp":"2026-07-04T08:50:25.067919Z","level":"error","event":"2026-07-04 08:50:25,067 | INFO | Using environment: staging","logger":"task.stderr"}
{"timestamp":"2026-07-04T08:50:25.068859Z","level":"error","event":"2026-07-04 08:50:25,067 | INFO | Calling URL: http://host.docker.internal:8000/rc","logger":"task.stderr"}
{"timestamp":"2026-07-04T08:50:25.067781Z","level":"info","event":"Using environment: staging","logger":"scripts.api_client","filename":"api_client.py","lineno":19}
{"timestamp":"2026-07-04T08:50:25.067959Z","level":"info","event":"Calling URL: http://host.docker.internal:8000/rc","logger":"scripts.api_client","filename":"api_client.py","lineno":20}
{"timestamp":"2026-07-04T08:50:25.071437Z","level":"error","event":"2026-07-04 08:50:25,071 | INFO | Using environment: staging","logger":"task.stderr"}
{"timestamp":"2026-07-04T08:50:25.072130Z","level":"error","event":"2026-07-04 08:50:25,071 | INFO | Calling URL: http://host.docker.internal:8000/vrn","logger":"task.stderr"}
{"timestamp":"2026-07-04T08:50:25.071500Z","level":"info","event":"Using environment: staging","logger":"scripts.api_client","filename":"api_client.py","lineno":19}
{"timestamp":"2026-07-04T08:50:25.071711Z","level":"info","event":"Calling URL: http://host.docker.internal:8000/vrn","logger":"scripts.api_client","filename":"api_client.py","lineno":20}
{"timestamp":"2026-07-04T08:50:25.073905Z","level":"error","event":"2026-07-04 08:50:25,073 | INFO | Using environment: staging","logger":"task.stderr"}
{"timestamp":"2026-07-04T08:50:25.076237Z","level":"error","event":"2026-07-04 08:50:25,073 | INFO | Using environment: staging","logger":"task.stderr"}
{"timestamp":"2026-07-04T08:50:25.077113Z","level":"error","event":"2026-07-04 08:50:25,075 | INFO | Calling URL: http://host.docker.internal:8000/fastag","logger":"task.stderr"}
{"timestamp":"2026-07-04T08:50:25.074299Z","level":"info","event":"Using environment: staging","logger":"scripts.api_client","filename":"api_client.py","lineno":19}
{"timestamp":"2026-07-04T08:50:25.075688Z","level":"info","event":"Using environment: staging","logger":"scripts.api_client","filename":"api_client.py","lineno":19}
{"timestamp":"2026-07-04T08:50:25.075882Z","level":"info","event":"Calling URL: http://host.docker.internal:8000/fastag","logger":"scripts.api_client","filename":"api_client.py","lineno":20}
{"timestamp":"2026-07-04T08:50:25.076487Z","level":"info","event":"Calling URL: http://host.docker.internal:8000/valuation","logger":"scripts.api_client","filename":"api_client.py","lineno":20}
{"timestamp":"2026-07-04T08:50:25.083287Z","level":"error","event":"2026-07-04 08:50:25,075 | INFO | Calling URL: http://host.docker.internal:8000/valuation","logger":"task.stderr"}
{"timestamp":"2026-07-04T08:50:25.091374Z","level":"error","event":"2026-07-04 08:50:25,091 | ERROR | RC failed for Vehicle V005: HTTPConnectionPool(host='host.docker.internal', port=8000): Max retries exceeded with url: /rc (Caused by NewConnectionError(\"HTTPConnection(host='host.docker.internal', port=8000): Failed to establish a new connection: [Errno 101] Network is unreachable\"))","logger":"task.stderr"}
{"timestamp":"2026-07-04T08:50:25.091951Z","level":"error","event":"2026-07-04 08:50:25,091 | ERROR | FASTag failed for Vehicle V005: HTTPConnectionPool(host='host.docker.internal', port=8000): Max retries exceeded with url: /fastag (Caused by NewConnectionError(\"HTTPConnection(host='host.docker.internal', port=8000): Failed to establish a new connection: [Errno 101] Network is unreachable\"))","logger":"task.stderr"}
{"timestamp":"2026-07-04T08:50:25.092485Z","level":"error","event":"2026-07-04 08:50:25,091 | ERROR | VRN failed for Vehicle V005: HTTPConnectionPool(host='host.docker.internal', port=8000): Max retries exceeded with url: /vrn (Caused by NewConnectionError(\"HTTPConnection(host='host.docker.internal', port=8000): Failed to establish a new connection: [Errno 101] Network is unreachable\"))","logger":"task.stderr"}
{"timestamp":"2026-07-04T08:50:25.093001Z","level":"error","event":"2026-07-04 08:50:25,091 | ERROR | Valuation failed for Vehicle V005: HTTPConnectionPool(host='host.docker.internal', port=8000): Max retries exceeded with url: /valuation (Caused by NewConnectionError(\"HTTPConnection(host='host.docker.internal', port=8000): Failed to establish a new connection: [Errno 101] Network is unreachable\"))","logger":"task.stderr"}
{"timestamp":"2026-07-04T08:50:25.091329Z","level":"error","event":"RC failed for Vehicle V005: HTTPConnectionPool(host='host.docker.internal', port=8000): Max retries exceeded with url: /rc (Caused by NewConnectionError(\"HTTPConnection(host='host.docker.internal', port=8000): Failed to establish a new connection: [Errno 101] Network is unreachable\"))","logger":"utils.error_handler","try_number":1,"run_id":"manual__2026-07-04T08:49:58.860431+00:00","dag_id":"vehicle_batch_pipeline","ti_id":"019f2c52-39db-7498-b9fd-662d82bfbcb3","task_id":"process_batch_task","map_index":2,"filename":"error_handler.py","lineno":7}
{"timestamp":"2026-07-04T08:50:25.091498Z","level":"error","event":"FASTag failed for Vehicle V005: HTTPConnectionPool(host='host.docker.internal', port=8000): Max retries exceeded with url: /fastag (Caused by NewConnectionError(\"HTTPConnection(host='host.docker.internal', port=8000): Failed to establish a new connection: [Errno 101] Network is unreachable\"))","logger":"utils.error_handler","try_number":1,"run_id":"manual__2026-07-04T08:49:58.860431+00:00","dag_id":"vehicle_batch_pipeline","ti_id":"019f2c52-39db-7498-b9fd-662d82bfbcb3","task_id":"process_batch_task","map_index":2,"filename":"error_handler.py","lineno":7}
{"timestamp":"2026-07-04T08:50:25.091597Z","level":"error","event":"VRN failed for Vehicle V005: HTTPConnectionPool(host='host.docker.internal', port=8000): Max retries exceeded with url: /vrn (Caused by NewConnectionError(\"HTTPConnection(host='host.docker.internal', port=8000): Failed to establish a new connection: [Errno 101] Network is unreachable\"))","logger":"utils.error_handler","try_number":1,"run_id":"manual__2026-07-04T08:49:58.860431+00:00","dag_id":"vehicle_batch_pipeline","ti_id":"019f2c52-39db-7498-b9fd-662d82bfbcb3","task_id":"process_batch_task","map_index":2,"filename":"error_handler.py","lineno":7}
{"timestamp":"2026-07-04T08:50:25.091683Z","level":"error","event":"Valuation failed for Vehicle V005: HTTPConnectionPool(host='host.docker.internal', port=8000): Max retries exceeded with url: /valuation (Caused by NewConnectionError(\"HTTPConnection(host='host.docker.internal', port=8000): Failed to establish a new connection: [Errno 101] Network is unreachable\"))","logger":"utils.error_handler","try_number":1,"run_id":"manual__2026-07-04T08:49:58.860431+00:00","dag_id":"vehicle_batch_pipeline","ti_id":"019f2c52-39db-7498-b9fd-662d82bfbcb3","task_id":"process_batch_task","map_index":2,"filename":"error_handler.py","lineno":7}
{"timestamp":"2026-07-04T08:50:25.092491Z","level":"info","event":"\n==========================\nBatch Summary\n==========================\nTotal Records : 1\nSuccess : 1\nFailed : 0\nSuccess Rate : 100.0%\n==========================","logger":"scripts.process_batch","try_number":1,"run_id":"manual__2026-07-04T08:49:58.860431+00:00","dag_id":"vehicle_batch_pipeline","ti_id":"019f2c52-39db-7498-b9fd-662d82bfbcb3","task_id":"process_batch_task","map_index":2,"filename":"process_batch.py","lineno":42}
{"timestamp":"2026-07-04T08:50:25.098574Z","level":"error","event":"2026-07-04 08:50:25,092 | INFO |","logger":"task.stderr"}
{"timestamp":"2026-07-04T08:50:25.099031Z","level":"error","event":"==========================","logger":"task.stderr"}
{"timestamp":"2026-07-04T08:50:25.099509Z","level":"error","event":"Batch Summary","logger":"task.stderr"}
{"timestamp":"2026-07-04T08:50:25.099996Z","level":"error","event":"==========================","logger":"task.stderr"}
{"timestamp":"2026-07-04T08:50:25.100410Z","level":"error","event":"Total Records : 1","logger":"task.stderr"}
{"timestamp":"2026-07-04T08:50:25.101570Z","level":"error","event":"Success : 1","logger":"task.stderr"}
{"timestamp":"2026-07-04T08:50:25.102064Z","level":"error","event":"Failed : 0","logger":"task.stderr"}
{"timestamp":"2026-07-04T08:50:25.102514Z","level":"error","event":"Success Rate : 100.0%","logger":"task.stderr"}
{"timestamp":"2026-07-04T08:50:25.103033Z","level":"error","event":"==========================","logger":"task.stderr"}
{"timestamp":"2026-07-04T08:50:25.103495Z","level":"info","event":"V005 processed in 3.05 sec","logger":"task.stdout"}
{"timestamp":"2026-07-04T08:50:25.104940Z","level":"info","event":"Done. Returned value was:    year  brand  ...  status                                              error\n0  2020  Honda  ...  FAILED  HTTPConnectionPool(host='host.docker.internal'...\n\n[1 rows x 7 columns]","try_number":1,"run_id":"manual__2026-07-04T08:49:58.860431+00:00","dag_id":"vehicle_batch_pipeline","ti_id":"019f2c52-39db-7498-b9fd-662d82bfbcb3","task_id":"process_batch_task","map_index":2,"logger":"airflow.task.operators.airflow.providers.standard.decorators.python._PythonDecoratedOperator","filename":"python.py","lineno":233}
{"timestamp":"2026-07-04T08:50:25.105127Z","level":"info","event":"::group::Post Execute","try_number":1,"run_id":"manual__2026-07-04T08:49:58.860431+00:00","dag_id":"vehicle_batch_pipeline","ti_id":"019f2c52-39db-7498-b9fd-662d82bfbcb3","task_id":"process_batch_task","map_index":2,"logger":"task","filename":"task_runner.py","lineno":1288}
{"timestamp":"2026-07-04T08:50:25.105361Z","level":"info","event":"Pushing xcom","ti":"RuntimeTaskInstance(id=UUID('019f2c52-39db-7498-b9fd-662d82bfbcb3'), task_id='process_batch_task', dag_id='vehicle_batch_pipeline', run_id='manual__2026-07-04T08:49:58.860431+00:00', try_number=1, dag_version_id=UUID('019f2c50-8b66-7475-9dae-822508d85766'), map_index=2, hostname='8e3d505c6688', context_carrier={'traceparent': '00-edba6e25268cc8a6ad29b5e9c38fa4cb-31635f6b2ae2cf5d-01'}, task=<Task(_PythonDecoratedOperator): process_batch_task>, bundle_instance=LocalDagBundle(name=dags-folder), max_tries=2, start_date=datetime.datetime(2026, 7, 4, 8, 50, 21, 589263, tzinfo=datetime.timezone.utc), end_date=None, state=<TaskInstanceState.RUNNING: 'running'>, is_mapped=True, rendered_map_index=None, sentry_integration='')","try_number":1,"run_id":"manual__2026-07-04T08:49:58.860431+00:00","dag_id":"vehicle_batch_pipeline","ti_id":"019f2c52-39db-7498-b9fd-662d82bfbcb3","task_id":"process_batch_task","map_index":2,"logger":"task","filename":"task_runner.py","lineno":1791}
{"timestamp":"2026-07-04T08:50:25.149532Z","level":"info","event":"Task instance in success state","logger":"task.stdout"}
{"timestamp":"2026-07-04T08:50:25.150482Z","level":"info","event":" Previous state of the Task instance: TaskInstanceState.RUNNING","logger":"task.stdout"}
{"timestamp":"2026-07-04T08:50:25.151009Z","level":"info","event":"Task operator:<Task(_PythonDecoratedOperator): process_batch_task>","logger":"task.stdout"}
{"timestamp":"2026-07-04T08:50:25.149061Z","level":"info","event":"::endgroup::","try_number":1,"run_id":"manual__2026-07-04T08:49:58.860431+00:00","dag_id":"vehicle_batch_pipeline","ti_id":"019f2c52-39db-7498-b9fd-662d82bfbcb3","task_id":"process_batch_task","map_index":2,"logger":"task","filename":"task_runner.py","lineno":1896}
