{"timestamp":"2026-07-03T14:47:29.869703Z","level":"info","event":"::group::Pre Execute","logger":"task","filename":"task_runner.py","lineno":1926}
{"timestamp":"2026-07-03T14:47:30.619751Z","level":"info","event":"DAG bundles loaded: dags-folder, example_dags","try_number":1,"dag_id":"vehicle_batch_pipeline","map_index":2,"run_id":"manual__2026-07-03T14:47:22.275002+00:00","task_id":"process_batch_task","ti_id":"019f2872-f200-7604-ae8e-3b3edc704394","logger":"airflow.dag_processing.bundles.manager.DagBundlesManager","filename":"manager.py","lineno":209}
{"timestamp":"2026-07-03T14:47:30.622014Z","level":"info","event":"Filling up the DagBag from /opt/airflow/dags/vehicle_pipeline.py","try_number":1,"dag_id":"vehicle_batch_pipeline","map_index":2,"run_id":"manual__2026-07-03T14:47:22.275002+00:00","task_id":"process_batch_task","ti_id":"019f2872-f200-7604-ae8e-3b3edc704394","logger":"airflow.dag_processing.dagbag.BundleDagBag","filename":"dagbag.py","lineno":469}
{"timestamp":"2026-07-03T14:47:30.853625Z","level":"info","event":"Task instance is in running state","logger":"task.stdout"}
{"timestamp":"2026-07-03T14:47:30.854130Z","level":"info","event":" Previous state of the Task instance: TaskInstanceState.QUEUED","logger":"task.stdout"}
{"timestamp":"2026-07-03T14:47:30.854669Z","level":"info","event":"Current task name:process_batch_task","logger":"task.stdout"}
{"timestamp":"2026-07-03T14:47:30.855138Z","level":"info","event":"Dag name:vehicle_batch_pipeline","logger":"task.stdout"}
{"timestamp":"2026-07-03T14:47:30.850109Z","level":"info","event":"::endgroup::","try_number":1,"dag_id":"vehicle_batch_pipeline","map_index":2,"run_id":"manual__2026-07-03T14:47:22.275002+00:00","task_id":"process_batch_task","ti_id":"019f2872-f200-7604-ae8e-3b3edc704394","logger":"task","filename":"task_runner.py","lineno":1727}
{"timestamp":"2026-07-03T14:47:30.852952Z","level":"info","event":"Processing batch_3.csv","logger":"scripts.process_batch","try_number":1,"dag_id":"vehicle_batch_pipeline","map_index":2,"run_id":"manual__2026-07-03T14:47:22.275002+00:00","task_id":"process_batch_task","ti_id":"019f2872-f200-7604-ae8e-3b3edc704394","filename":"process_batch.py","lineno":13}
{"timestamp":"2026-07-03T14:47:30.856548Z","level":"error","event":"2026-07-03 14:47:30,852 | INFO | Processing batch_3.csv","logger":"task.stderr"}
{"timestamp":"2026-07-03T14:47:30.877474Z","level":"error","event":"2026-07-03 14:47:30,875 | INFO | Rows = 1","logger":"task.stderr"}
{"timestamp":"2026-07-03T14:47:30.875319Z","level":"info","event":"Rows = 1","logger":"scripts.process_batch","try_number":1,"dag_id":"vehicle_batch_pipeline","map_index":2,"run_id":"manual__2026-07-03T14:47:22.275002+00:00","task_id":"process_batch_task","ti_id":"019f2872-f200-7604-ae8e-3b3edc704394","filename":"process_batch.py","lineno":17}
{"timestamp":"2026-07-03T14:47:30.883700Z","level":"error","event":"2026-07-03 14:47:30,883 | INFO | Using environment: production","logger":"task.stderr"}
{"timestamp":"2026-07-03T14:47:30.884496Z","level":"error","event":"2026-07-03 14:47:30,883 | INFO | Calling URL: http://host.docker.internal:8000/rc","logger":"task.stderr"}
{"timestamp":"2026-07-03T14:47:30.883662Z","level":"info","event":"Using environment: production","logger":"scripts.api_client","filename":"api_client.py","lineno":19}
{"timestamp":"2026-07-03T14:47:30.883917Z","level":"info","event":"Calling URL: http://host.docker.internal:8000/rc","logger":"scripts.api_client","filename":"api_client.py","lineno":20}
{"timestamp":"2026-07-03T14:47:30.904062Z","level":"error","event":"2026-07-03 14:47:30,903 | INFO | Using environment: production","logger":"task.stderr"}
{"timestamp":"2026-07-03T14:47:30.914719Z","level":"info","event":"Using environment: production","logger":"scripts.api_client","filename":"api_client.py","lineno":19}
{"timestamp":"2026-07-03T14:47:30.914925Z","level":"info","event":"Calling URL: http://host.docker.internal:8000/fastag","logger":"scripts.api_client","filename":"api_client.py","lineno":20}
{"timestamp":"2026-07-03T14:47:30.924291Z","level":"error","event":"2026-07-03 14:47:30,914 | INFO | Calling URL: http://host.docker.internal:8000/fastag","logger":"task.stderr"}
{"timestamp":"2026-07-03T14:47:30.942163Z","level":"error","event":"2026-07-03 14:47:30,941 | INFO | Using environment: production","logger":"task.stderr"}
{"timestamp":"2026-07-03T14:47:30.951585Z","level":"error","event":"2026-07-03 14:47:30,951 | INFO | Using environment: production","logger":"task.stderr"}
{"timestamp":"2026-07-03T14:47:30.952959Z","level":"error","event":"2026-07-03 14:47:30,951 | INFO | Calling URL: http://host.docker.internal:8000/vrn","logger":"task.stderr"}
{"timestamp":"2026-07-03T14:47:30.954035Z","level":"error","event":"2026-07-03 14:47:30,952 | INFO | Calling URL: http://host.docker.internal:8000/valuation","logger":"task.stderr"}
{"timestamp":"2026-07-03T14:47:30.950730Z","level":"info","event":"Using environment: production","logger":"scripts.api_client","filename":"api_client.py","lineno":19}
{"timestamp":"2026-07-03T14:47:30.951962Z","level":"info","event":"Using environment: production","logger":"scripts.api_client","filename":"api_client.py","lineno":19}
{"timestamp":"2026-07-03T14:47:30.952132Z","level":"info","event":"Calling URL: http://host.docker.internal:8000/vrn","logger":"scripts.api_client","filename":"api_client.py","lineno":20}
{"timestamp":"2026-07-03T14:47:30.952467Z","level":"info","event":"Calling URL: http://host.docker.internal:8000/valuation","logger":"scripts.api_client","filename":"api_client.py","lineno":20}
{"timestamp":"2026-07-03T14:47:30.990862Z","level":"error","event":"2026-07-03 14:47:30,987 | WARNING | Retrying scripts.api_client.post in 1 seconds as it raised ConnectionError: HTTPConnectionPool(host='host.docker.internal', port=8000): Max retries exceeded with url: /vrn (Caused by NewConnectionError(\"HTTPConnection(host='host.docker.internal', port=8000): Failed to establish a new connection: [Errno 101] Network is unreachable\")).","logger":"task.stderr"}
{"timestamp":"2026-07-03T14:47:30.992395Z","level":"error","event":"2026-07-03 14:47:30,988 | WARNING | Retrying scripts.api_client.post in 1 seconds as it raised ConnectionError: HTTPConnectionPool(host='host.docker.internal', port=8000): Max retries exceeded with url: /rc (Caused by NewConnectionError(\"HTTPConnection(host='host.docker.internal', port=8000): Failed to establish a new connection: [Errno 101] Network is unreachable\")).","logger":"task.stderr"}
{"timestamp":"2026-07-03T14:47:30.993101Z","level":"error","event":"2026-07-03 14:47:30,988 | WARNING | Retrying scripts.api_client.post in 1 seconds as it raised ConnectionError: HTTPConnectionPool(host='host.docker.internal', port=8000): Max retries exceeded with url: /fastag (Caused by NewConnectionError(\"HTTPConnection(host='host.docker.internal', port=8000): Failed to establish a new connection: [Errno 101] Network is unreachable\")).","logger":"task.stderr"}
{"timestamp":"2026-07-03T14:47:30.987367Z","level":"warning","event":"Retrying scripts.api_client.post in 1 seconds as it raised ConnectionError: HTTPConnectionPool(host='host.docker.internal', port=8000): Max retries exceeded with url: /vrn (Caused by NewConnectionError(\"HTTPConnection(host='host.docker.internal', port=8000): Failed to establish a new connection: [Errno 101] Network is unreachable\")).","logger":"scripts.api_client","filename":"before_sleep.py","lineno":64}
{"timestamp":"2026-07-03T14:47:30.990321Z","level":"warning","event":"Retrying scripts.api_client.post in 1 seconds as it raised ConnectionError: HTTPConnectionPool(host='host.docker.internal', port=8000): Max retries exceeded with url: /rc (Caused by NewConnectionError(\"HTTPConnection(host='host.docker.internal', port=8000): Failed to establish a new connection: [Errno 101] Network is unreachable\")).","logger":"scripts.api_client","filename":"before_sleep.py","lineno":64}
{"timestamp":"2026-07-03T14:47:30.990770Z","level":"warning","event":"Retrying scripts.api_client.post in 1 seconds as it raised ConnectionError: HTTPConnectionPool(host='host.docker.internal', port=8000): Max retries exceeded with url: /fastag (Caused by NewConnectionError(\"HTTPConnection(host='host.docker.internal', port=8000): Failed to establish a new connection: [Errno 101] Network is unreachable\")).","logger":"scripts.api_client","filename":"before_sleep.py","lineno":64}
{"timestamp":"2026-07-03T14:47:30.990948Z","level":"warning","event":"Retrying scripts.api_client.post in 1 seconds as it raised ConnectionError: HTTPConnectionPool(host='host.docker.internal', port=8000): Max retries exceeded with url: /valuation (Caused by NewConnectionError(\"HTTPConnection(host='host.docker.internal', port=8000): Failed to establish a new connection: [Errno 101] Network is unreachable\")).","logger":"scripts.api_client","filename":"before_sleep.py","lineno":64}
{"timestamp":"2026-07-03T14:47:31.003803Z","level":"error","event":"2026-07-03 14:47:30,988 | WARNING | Retrying scripts.api_client.post in 1 seconds as it raised ConnectionError: HTTPConnectionPool(host='host.docker.internal', port=8000): Max retries exceeded with url: /valuation (Caused by NewConnectionError(\"HTTPConnection(host='host.docker.internal', port=8000): Failed to establish a new connection: [Errno 101] Network is unreachable\")).","logger":"task.stderr"}
{"timestamp":"2026-07-03T14:47:31.988085Z","level":"error","event":"2026-07-03 14:47:31,987 | INFO | Using environment: production","logger":"task.stderr"}
{"timestamp":"2026-07-03T14:47:31.990876Z","level":"error","event":"2026-07-03 14:47:31,988 | INFO | Calling URL: http://host.docker.internal:8000/vrn","logger":"task.stderr"}
{"timestamp":"2026-07-03T14:47:31.988033Z","level":"info","event":"Using environment: production","logger":"scripts.api_client","filename":"api_client.py","lineno":19}
{"timestamp":"2026-07-03T14:47:31.988210Z","level":"info","event":"Calling URL: http://host.docker.internal:8000/vrn","logger":"scripts.api_client","filename":"api_client.py","lineno":20}
{"timestamp":"2026-07-03T14:47:31.991217Z","level":"info","event":"Using environment: production","logger":"scripts.api_client","filename":"api_client.py","lineno":19}
{"timestamp":"2026-07-03T14:47:31.991494Z","level":"info","event":"Calling URL: http://host.docker.internal:8000/rc","logger":"scripts.api_client","filename":"api_client.py","lineno":20}
{"timestamp":"2026-07-03T14:47:31.997855Z","level":"error","event":"2026-07-03 14:47:31,991 | INFO | Using environment: production","logger":"task.stderr"}
{"timestamp":"2026-07-03T14:47:31.998750Z","level":"error","event":"2026-07-03 14:47:31,991 | INFO | Calling URL: http://host.docker.internal:8000/rc","logger":"task.stderr"}
{"timestamp":"2026-07-03T14:47:31.999620Z","level":"error","event":"2026-07-03 14:47:31,991 | INFO | Using environment: production","logger":"task.stderr"}
{"timestamp":"2026-07-03T14:47:32.000534Z","level":"error","event":"2026-07-03 14:47:31,992 | INFO | Using environment: production","logger":"task.stderr"}
{"timestamp":"2026-07-03T14:47:32.001132Z","level":"error","event":"2026-07-03 14:47:31,994 | INFO | Calling URL: http://host.docker.internal:8000/fastag","logger":"task.stderr"}
{"timestamp":"2026-07-03T14:47:32.001677Z","level":"error","event":"2026-07-03 14:47:31,995 | INFO | Calling URL: http://host.docker.internal:8000/valuation","logger":"task.stderr"}
{"timestamp":"2026-07-03T14:47:31.994282Z","level":"info","event":"Using environment: production","logger":"scripts.api_client","filename":"api_client.py","lineno":19}
{"timestamp":"2026-07-03T14:47:31.995173Z","level":"info","event":"Using environment: production","logger":"scripts.api_client","filename":"api_client.py","lineno":19}
{"timestamp":"2026-07-03T14:47:31.995683Z","level":"info","event":"Calling URL: http://host.docker.internal:8000/fastag","logger":"scripts.api_client","filename":"api_client.py","lineno":20}
{"timestamp":"2026-07-03T14:47:31.996793Z","level":"info","event":"Calling URL: http://host.docker.internal:8000/valuation","logger":"scripts.api_client","filename":"api_client.py","lineno":20}
{"timestamp":"2026-07-03T14:47:31.998011Z","level":"warning","event":"Retrying scripts.api_client.post in 2 seconds as it raised ConnectionError: HTTPConnectionPool(host='host.docker.internal', port=8000): Max retries exceeded with url: /vrn (Caused by NewConnectionError(\"HTTPConnection(host='host.docker.internal', port=8000): Failed to establish a new connection: [Errno 101] Network is unreachable\")).","logger":"scripts.api_client","filename":"before_sleep.py","lineno":64}
{"timestamp":"2026-07-03T14:47:32.000928Z","level":"warning","event":"Retrying scripts.api_client.post in 2 seconds as it raised ConnectionError: HTTPConnectionPool(host='host.docker.internal', port=8000): Max retries exceeded with url: /rc (Caused by NewConnectionError(\"HTTPConnection(host='host.docker.internal', port=8000): Failed to establish a new connection: [Errno 101] Network is unreachable\")).","logger":"scripts.api_client","filename":"before_sleep.py","lineno":64}
{"timestamp":"2026-07-03T14:47:32.005811Z","level":"error","event":"2026-07-03 14:47:31,997 | WARNING | Retrying scripts.api_client.post in 2 seconds as it raised ConnectionError: HTTPConnectionPool(host='host.docker.internal', port=8000): Max retries exceeded with url: /vrn (Caused by NewConnectionError(\"HTTPConnection(host='host.docker.internal', port=8000): Failed to establish a new connection: [Errno 101] Network is unreachable\")).","logger":"task.stderr"}
{"timestamp":"2026-07-03T14:47:32.006409Z","level":"error","event":"2026-07-03 14:47:32,000 | WARNING | Retrying scripts.api_client.post in 2 seconds as it raised ConnectionError: HTTPConnectionPool(host='host.docker.internal', port=8000): Max retries exceeded with url: /rc (Caused by NewConnectionError(\"HTTPConnection(host='host.docker.internal', port=8000): Failed to establish a new connection: [Errno 101] Network is unreachable\")).","logger":"task.stderr"}
{"timestamp":"2026-07-03T14:47:32.006959Z","level":"error","event":"2026-07-03 14:47:32,002 | WARNING | Retrying scripts.api_client.post in 2 seconds as it raised ConnectionError: HTTPConnectionPool(host='host.docker.internal', port=8000): Max retries exceeded with url: /fastag (Caused by NewConnectionError(\"HTTPConnection(host='host.docker.internal', port=8000): Failed to establish a new connection: [Errno 101] Network is unreachable\")).","logger":"task.stderr"}
{"timestamp":"2026-07-03T14:47:32.007412Z","level":"error","event":"2026-07-03 14:47:32,003 | WARNING | Retrying scripts.api_client.post in 2 seconds as it raised ConnectionError: HTTPConnectionPool(host='host.docker.internal', port=8000): Max retries exceeded with url: /valuation (Caused by NewConnectionError(\"HTTPConnection(host='host.docker.internal', port=8000): Failed to establish a new connection: [Errno 101] Network is unreachable\")).","logger":"task.stderr"}
{"timestamp":"2026-07-03T14:47:32.002564Z","level":"warning","event":"Retrying scripts.api_client.post in 2 seconds as it raised ConnectionError: HTTPConnectionPool(host='host.docker.internal', port=8000): Max retries exceeded with url: /fastag (Caused by NewConnectionError(\"HTTPConnection(host='host.docker.internal', port=8000): Failed to establish a new connection: [Errno 101] Network is unreachable\")).","logger":"scripts.api_client","filename":"before_sleep.py","lineno":64}
{"timestamp":"2026-07-03T14:47:32.003162Z","level":"warning","event":"Retrying scripts.api_client.post in 2 seconds as it raised ConnectionError: HTTPConnectionPool(host='host.docker.internal', port=8000): Max retries exceeded with url: /valuation (Caused by NewConnectionError(\"HTTPConnection(host='host.docker.internal', port=8000): Failed to establish a new connection: [Errno 101] Network is unreachable\")).","logger":"scripts.api_client","filename":"before_sleep.py","lineno":64}
{"timestamp":"2026-07-03T14:47:34.001670Z","level":"error","event":"2026-07-03 14:47:33,998 | INFO | Using environment: production","logger":"task.stderr"}
{"timestamp":"2026-07-03T14:47:34.003563Z","level":"error","event":"2026-07-03 14:47:33,999 | INFO | Calling URL: http://host.docker.internal:8000/vrn","logger":"task.stderr"}
{"timestamp":"2026-07-03T14:47:33.999420Z","level":"info","event":"Using environment: production","logger":"scripts.api_client","filename":"api_client.py","lineno":19}
{"timestamp":"2026-07-03T14:47:33.999901Z","level":"info","event":"Calling URL: http://host.docker.internal:8000/vrn","logger":"scripts.api_client","filename":"api_client.py","lineno":20}
{"timestamp":"2026-07-03T14:47:34.012380Z","level":"error","event":"2026-07-03 14:47:34,010 | INFO | Using environment: production","logger":"task.stderr"}
{"timestamp":"2026-07-03T14:47:34.013271Z","level":"error","event":"2026-07-03 14:47:34,011 | INFO | Calling URL: http://host.docker.internal:8000/fastag","logger":"task.stderr"}
{"timestamp":"2026-07-03T14:47:34.011039Z","level":"info","event":"Using environment: production","logger":"scripts.api_client","filename":"api_client.py","lineno":19}
{"timestamp":"2026-07-03T14:47:34.012723Z","level":"info","event":"Calling URL: http://host.docker.internal:8000/fastag","logger":"scripts.api_client","filename":"api_client.py","lineno":20}
{"timestamp":"2026-07-03T14:47:34.016197Z","level":"error","event":"2026-07-03 14:47:34,011 | INFO | Using environment: production","logger":"task.stderr"}
{"timestamp":"2026-07-03T14:47:34.016775Z","level":"error","event":"2026-07-03 14:47:34,015 | INFO | Calling URL: http://host.docker.internal:8000/rc","logger":"task.stderr"}
{"timestamp":"2026-07-03T14:47:34.015755Z","level":"info","event":"Using environment: production","logger":"scripts.api_client","filename":"api_client.py","lineno":19}
{"timestamp":"2026-07-03T14:47:34.016313Z","level":"info","event":"Calling URL: http://host.docker.internal:8000/rc","logger":"scripts.api_client","filename":"api_client.py","lineno":20}
{"timestamp":"2026-07-03T14:47:34.016902Z","level":"info","event":"Using environment: production","logger":"scripts.api_client","filename":"api_client.py","lineno":19}
{"timestamp":"2026-07-03T14:47:34.017037Z","level":"info","event":"Calling URL: http://host.docker.internal:8000/valuation","logger":"scripts.api_client","filename":"api_client.py","lineno":20}
{"timestamp":"2026-07-03T14:47:34.019976Z","level":"error","event":"2026-07-03 14:47:34,012 | INFO | Using environment: production","logger":"task.stderr"}
{"timestamp":"2026-07-03T14:47:34.021725Z","level":"error","event":"2026-07-03 14:47:34,016 | INFO | Calling URL: http://host.docker.internal:8000/valuation","logger":"task.stderr"}
{"timestamp":"2026-07-03T14:47:34.068821Z","level":"error","event":"2026-07-03 14:47:34,067 | ERROR | RC failed for Vehicle V005: HTTPConnectionPool(host='host.docker.internal', port=8000): Max retries exceeded with url: /rc (Caused by NewConnectionError(\"HTTPConnection(host='host.docker.internal', port=8000): Failed to establish a new connection: [Errno 101] Network is unreachable\"))","logger":"task.stderr"}
{"timestamp":"2026-07-03T14:47:34.070968Z","level":"error","event":"2026-07-03 14:47:34,067 | ERROR | FASTag failed for Vehicle V005: HTTPConnectionPool(host='host.docker.internal', port=8000): Max retries exceeded with url: /fastag (Caused by NewConnectionError(\"HTTPConnection(host='host.docker.internal', port=8000): Failed to establish a new connection: [Errno 101] Network is unreachable\"))","logger":"task.stderr"}
{"timestamp":"2026-07-03T14:47:34.071563Z","level":"error","event":"2026-07-03 14:47:34,067 | ERROR | VRN failed for Vehicle V005: HTTPConnectionPool(host='host.docker.internal', port=8000): Max retries exceeded with url: /vrn (Caused by NewConnectionError(\"HTTPConnection(host='host.docker.internal', port=8000): Failed to establish a new connection: [Errno 101] Network is unreachable\"))","logger":"task.stderr"}
{"timestamp":"2026-07-03T14:47:34.072261Z","level":"error","event":"2026-07-03 14:47:34,067 | ERROR | Valuation failed for Vehicle V005: HTTPConnectionPool(host='host.docker.internal', port=8000): Max retries exceeded with url: /valuation (Caused by NewConnectionError(\"HTTPConnection(host='host.docker.internal', port=8000): Failed to establish a new connection: [Errno 101] Network is unreachable\"))","logger":"task.stderr"}
{"timestamp":"2026-07-03T14:47:34.067533Z","level":"error","event":"RC failed for Vehicle V005: HTTPConnectionPool(host='host.docker.internal', port=8000): Max retries exceeded with url: /rc (Caused by NewConnectionError(\"HTTPConnection(host='host.docker.internal', port=8000): Failed to establish a new connection: [Errno 101] Network is unreachable\"))","logger":"utils.error_handler","try_number":1,"dag_id":"vehicle_batch_pipeline","map_index":2,"run_id":"manual__2026-07-03T14:47:22.275002+00:00","task_id":"process_batch_task","ti_id":"019f2872-f200-7604-ae8e-3b3edc704394","filename":"error_handler.py","lineno":7}
{"timestamp":"2026-07-03T14:47:34.067766Z","level":"error","event":"FASTag failed for Vehicle V005: HTTPConnectionPool(host='host.docker.internal', port=8000): Max retries exceeded with url: /fastag (Caused by NewConnectionError(\"HTTPConnection(host='host.docker.internal', port=8000): Failed to establish a new connection: [Errno 101] Network is unreachable\"))","logger":"utils.error_handler","try_number":1,"dag_id":"vehicle_batch_pipeline","map_index":2,"run_id":"manual__2026-07-03T14:47:22.275002+00:00","task_id":"process_batch_task","ti_id":"019f2872-f200-7604-ae8e-3b3edc704394","filename":"error_handler.py","lineno":7}
{"timestamp":"2026-07-03T14:47:34.067870Z","level":"error","event":"VRN failed for Vehicle V005: HTTPConnectionPool(host='host.docker.internal', port=8000): Max retries exceeded with url: /vrn (Caused by NewConnectionError(\"HTTPConnection(host='host.docker.internal', port=8000): Failed to establish a new connection: [Errno 101] Network is unreachable\"))","logger":"utils.error_handler","try_number":1,"dag_id":"vehicle_batch_pipeline","map_index":2,"run_id":"manual__2026-07-03T14:47:22.275002+00:00","task_id":"process_batch_task","ti_id":"019f2872-f200-7604-ae8e-3b3edc704394","filename":"error_handler.py","lineno":7}
{"timestamp":"2026-07-03T14:47:34.067967Z","level":"error","event":"Valuation failed for Vehicle V005: HTTPConnectionPool(host='host.docker.internal', port=8000): Max retries exceeded with url: /valuation (Caused by NewConnectionError(\"HTTPConnection(host='host.docker.internal', port=8000): Failed to establish a new connection: [Errno 101] Network is unreachable\"))","logger":"utils.error_handler","try_number":1,"dag_id":"vehicle_batch_pipeline","map_index":2,"run_id":"manual__2026-07-03T14:47:22.275002+00:00","task_id":"process_batch_task","ti_id":"019f2872-f200-7604-ae8e-3b3edc704394","filename":"error_handler.py","lineno":7}
{"timestamp":"2026-07-03T14:47:34.069764Z","level":"info","event":"\n==========================\nBatch Summary\n==========================\nTotal Records : 1\nSuccess : 1\nFailed : 0\nSuccess Rate : 100.0%\n==========================","logger":"scripts.process_batch","try_number":1,"dag_id":"vehicle_batch_pipeline","map_index":2,"run_id":"manual__2026-07-03T14:47:22.275002+00:00","task_id":"process_batch_task","ti_id":"019f2872-f200-7604-ae8e-3b3edc704394","filename":"process_batch.py","lineno":42}
{"timestamp":"2026-07-03T14:47:34.080867Z","level":"error","event":"2026-07-03 14:47:34,069 | INFO |","logger":"task.stderr"}
{"timestamp":"2026-07-03T14:47:34.081739Z","level":"error","event":"==========================","logger":"task.stderr"}
{"timestamp":"2026-07-03T14:47:34.082287Z","level":"error","event":"Batch Summary","logger":"task.stderr"}
{"timestamp":"2026-07-03T14:47:34.082742Z","level":"error","event":"==========================","logger":"task.stderr"}
{"timestamp":"2026-07-03T14:47:34.083169Z","level":"error","event":"Total Records : 1","logger":"task.stderr"}
{"timestamp":"2026-07-03T14:47:34.083615Z","level":"error","event":"Success : 1","logger":"task.stderr"}
{"timestamp":"2026-07-03T14:47:34.084037Z","level":"error","event":"Failed : 0","logger":"task.stderr"}
{"timestamp":"2026-07-03T14:47:34.084472Z","level":"error","event":"Success Rate : 100.0%","logger":"task.stderr"}
{"timestamp":"2026-07-03T14:47:34.084910Z","level":"error","event":"==========================","logger":"task.stderr"}
{"timestamp":"2026-07-03T14:47:34.085380Z","level":"info","event":"V005 processed in 3.19 sec","logger":"task.stdout"}
{"timestamp":"2026-07-03T14:47:34.130031Z","level":"info","event":"Done. Returned value was:    year  brand  ...  status                                              error\n0  2020  Honda  ...  FAILED  HTTPConnectionPool(host='host.docker.internal'...\n\n[1 rows x 7 columns]","try_number":1,"dag_id":"vehicle_batch_pipeline","map_index":2,"run_id":"manual__2026-07-03T14:47:22.275002+00:00","task_id":"process_batch_task","ti_id":"019f2872-f200-7604-ae8e-3b3edc704394","logger":"airflow.task.operators.airflow.providers.standard.decorators.python._PythonDecoratedOperator","filename":"python.py","lineno":233}
{"timestamp":"2026-07-03T14:47:34.135089Z","level":"info","event":"::group::Post Execute","try_number":1,"dag_id":"vehicle_batch_pipeline","map_index":2,"run_id":"manual__2026-07-03T14:47:22.275002+00:00","task_id":"process_batch_task","ti_id":"019f2872-f200-7604-ae8e-3b3edc704394","logger":"task","filename":"task_runner.py","lineno":1288}
{"timestamp":"2026-07-03T14:47:34.135460Z","level":"info","event":"Pushing xcom","ti":"RuntimeTaskInstance(id=UUID('019f2872-f200-7604-ae8e-3b3edc704394'), task_id='process_batch_task', dag_id='vehicle_batch_pipeline', run_id='manual__2026-07-03T14:47:22.275002+00:00', try_number=1, dag_version_id=UUID('019f2816-76da-7e39-88fb-09ffc304bea2'), map_index=2, hostname='8e3d505c6688', context_carrier={'traceparent': '00-4a669eb8d127dbb2b9f8d32cbaa0e1e3-823a5b60e4553f1c-01'}, task=<Task(_PythonDecoratedOperator): process_batch_task>, bundle_instance=LocalDagBundle(name=dags-folder), max_tries=2, start_date=datetime.datetime(2026, 7, 3, 14, 47, 29, 893522, tzinfo=datetime.timezone.utc), end_date=None, state=<TaskInstanceState.RUNNING: 'running'>, is_mapped=True, rendered_map_index=None, sentry_integration='')","try_number":1,"dag_id":"vehicle_batch_pipeline","map_index":2,"run_id":"manual__2026-07-03T14:47:22.275002+00:00","task_id":"process_batch_task","ti_id":"019f2872-f200-7604-ae8e-3b3edc704394","logger":"task","filename":"task_runner.py","lineno":1791}
{"timestamp":"2026-07-03T14:47:34.443749Z","level":"info","event":"Task instance in success state","logger":"task.stdout"}
{"timestamp":"2026-07-03T14:47:34.446550Z","level":"info","event":" Previous state of the Task instance: TaskInstanceState.RUNNING","logger":"task.stdout"}
{"timestamp":"2026-07-03T14:47:34.449391Z","level":"info","event":"Task operator:<Task(_PythonDecoratedOperator): process_batch_task>","logger":"task.stdout"}
{"timestamp":"2026-07-03T14:47:34.438093Z","level":"info","event":"::endgroup::","try_number":1,"dag_id":"vehicle_batch_pipeline","map_index":2,"run_id":"manual__2026-07-03T14:47:22.275002+00:00","task_id":"process_batch_task","ti_id":"019f2872-f200-7604-ae8e-3b3edc704394","logger":"task","filename":"task_runner.py","lineno":1896}
