{"timestamp":"2026-07-04T09:01:10.187970Z","level":"info","event":"::group::Pre Execute","logger":"task","filename":"task_runner.py","lineno":1926}
{"timestamp":"2026-07-04T09:01:11.024142Z","level":"info","event":"DAG bundles loaded: dags-folder, example_dags","ti_id":"019f2c5c-0afe-7c1f-9184-8dadfa613425","map_index":2,"task_id":"process_batch_task","run_id":"manual__2026-07-04T09:00:51.557785+00:00","try_number":1,"dag_id":"vehicle_batch_pipeline","logger":"airflow.dag_processing.bundles.manager.DagBundlesManager","filename":"manager.py","lineno":209}
{"timestamp":"2026-07-04T09:01:11.025785Z","level":"info","event":"Filling up the DagBag from /opt/airflow/dags/vehicle_pipeline.py","ti_id":"019f2c5c-0afe-7c1f-9184-8dadfa613425","map_index":2,"task_id":"process_batch_task","run_id":"manual__2026-07-04T09:00:51.557785+00:00","try_number":1,"dag_id":"vehicle_batch_pipeline","logger":"airflow.dag_processing.dagbag.BundleDagBag","filename":"dagbag.py","lineno":469}
{"timestamp":"2026-07-04T09:01:11.973484Z","level":"info","event":"Task instance is in running state","logger":"task.stdout"}
{"timestamp":"2026-07-04T09:01:11.978053Z","level":"info","event":" Previous state of the Task instance: TaskInstanceState.QUEUED","logger":"task.stdout"}
{"timestamp":"2026-07-04T09:01:11.983547Z","level":"info","event":"Current task name:process_batch_task","logger":"task.stdout"}
{"timestamp":"2026-07-04T09:01:11.985199Z","level":"info","event":"Dag name:vehicle_batch_pipeline","logger":"task.stdout"}
{"timestamp":"2026-07-04T09:01:11.974793Z","level":"info","event":"::endgroup::","ti_id":"019f2c5c-0afe-7c1f-9184-8dadfa613425","map_index":2,"task_id":"process_batch_task","run_id":"manual__2026-07-04T09:00:51.557785+00:00","try_number":1,"dag_id":"vehicle_batch_pipeline","logger":"task","filename":"task_runner.py","lineno":1727}
{"timestamp":"2026-07-04T09:01:11.983461Z","level":"info","event":"Processing batch_3.csv","logger":"scripts.process_batch","ti_id":"019f2c5c-0afe-7c1f-9184-8dadfa613425","map_index":2,"task_id":"process_batch_task","run_id":"manual__2026-07-04T09:00:51.557785+00:00","try_number":1,"dag_id":"vehicle_batch_pipeline","filename":"process_batch.py","lineno":13}
{"timestamp":"2026-07-04T09:01:11.988771Z","level":"error","event":"2026-07-04 09:01:11,983 | INFO | Processing batch_3.csv","logger":"task.stderr"}
{"timestamp":"2026-07-04T09:01:12.004470Z","level":"error","event":"2026-07-04 09:01:12,004 | INFO | Rows = 1","logger":"task.stderr"}
{"timestamp":"2026-07-04T09:01:12.004397Z","level":"info","event":"Rows = 1","logger":"scripts.process_batch","ti_id":"019f2c5c-0afe-7c1f-9184-8dadfa613425","map_index":2,"task_id":"process_batch_task","run_id":"manual__2026-07-04T09:00:51.557785+00:00","try_number":1,"dag_id":"vehicle_batch_pipeline","filename":"process_batch.py","lineno":17}
{"timestamp":"2026-07-04T09:01:12.008316Z","level":"error","event":"2026-07-04 09:01:12,008 | INFO | Using environment: staging","logger":"task.stderr"}
{"timestamp":"2026-07-04T09:01:12.009643Z","level":"info","event":"Using environment: staging","logger":"scripts.api_client","filename":"api_client.py","lineno":19}
{"timestamp":"2026-07-04T09:01:12.010321Z","level":"info","event":"Using environment: staging","logger":"scripts.api_client","filename":"api_client.py","lineno":19}
{"timestamp":"2026-07-04T09:01:12.011201Z","level":"error","event":"2026-07-04 09:01:12,009 | INFO | Using environment: staging","logger":"task.stderr"}
{"timestamp":"2026-07-04T09:01:12.011770Z","level":"error","event":"2026-07-04 09:01:12,010 | INFO | Calling URL: http://host.docker.internal:8000/rc","logger":"task.stderr"}
{"timestamp":"2026-07-04T09:01:12.012305Z","level":"error","event":"2026-07-04 09:01:12,010 | INFO | Calling URL: http://host.docker.internal:8000/fastag","logger":"task.stderr"}
{"timestamp":"2026-07-04T09:01:12.010505Z","level":"info","event":"Calling URL: http://host.docker.internal:8000/fastag","logger":"scripts.api_client","filename":"api_client.py","lineno":20}
{"timestamp":"2026-07-04T09:01:12.011640Z","level":"info","event":"Calling URL: http://host.docker.internal:8000/rc","logger":"scripts.api_client","filename":"api_client.py","lineno":20}
{"timestamp":"2026-07-04T09:01:12.012215Z","level":"info","event":"Using environment: staging","logger":"scripts.api_client","filename":"api_client.py","lineno":19}
{"timestamp":"2026-07-04T09:01:12.014893Z","level":"error","event":"2026-07-04 09:01:12,011 | INFO | Using environment: staging","logger":"task.stderr"}
{"timestamp":"2026-07-04T09:01:12.015421Z","level":"error","event":"2026-07-04 09:01:12,012 | INFO | Calling URL: http://host.docker.internal:8000/vrn","logger":"task.stderr"}
{"timestamp":"2026-07-04T09:01:12.016084Z","level":"error","event":"2026-07-04 09:01:12,012 | INFO | Using environment: staging","logger":"task.stderr"}
{"timestamp":"2026-07-04T09:01:12.016625Z","level":"error","event":"2026-07-04 09:01:12,013 | INFO | Calling URL: http://host.docker.internal:8000/valuation","logger":"task.stderr"}
{"timestamp":"2026-07-04T09:01:12.013186Z","level":"info","event":"Calling URL: http://host.docker.internal:8000/vrn","logger":"scripts.api_client","filename":"api_client.py","lineno":20}
{"timestamp":"2026-07-04T09:01:12.013610Z","level":"info","event":"Using environment: staging","logger":"scripts.api_client","filename":"api_client.py","lineno":19}
{"timestamp":"2026-07-04T09:01:12.013794Z","level":"info","event":"Calling URL: http://host.docker.internal:8000/valuation","logger":"scripts.api_client","filename":"api_client.py","lineno":20}
{"timestamp":"2026-07-04T09:01:12.035594Z","level":"error","event":"2026-07-04 09:01:12,035 | WARNING | Retrying scripts.api_client.post in 1 seconds as it raised ConnectionError: HTTPConnectionPool(host='host.docker.internal', port=8000): Max retries exceeded with url: /valuation (Caused by NewConnectionError(\"HTTPConnection(host='host.docker.internal', port=8000): Failed to establish a new connection: [Errno 101] Network is unreachable\")).","logger":"task.stderr"}
{"timestamp":"2026-07-04T09:01:12.035299Z","level":"warning","event":"Retrying scripts.api_client.post in 1 seconds as it raised ConnectionError: HTTPConnectionPool(host='host.docker.internal', port=8000): Max retries exceeded with url: /valuation (Caused by NewConnectionError(\"HTTPConnection(host='host.docker.internal', port=8000): Failed to establish a new connection: [Errno 101] Network is unreachable\")).","logger":"scripts.api_client","filename":"before_sleep.py","lineno":64}
{"timestamp":"2026-07-04T09:01:12.039812Z","level":"error","event":"2026-07-04 09:01:12,039 | WARNING | Retrying scripts.api_client.post in 1 seconds as it raised ConnectionError: HTTPConnectionPool(host='host.docker.internal', port=8000): Max retries exceeded with url: /fastag (Caused by NewConnectionError(\"HTTPConnection(host='host.docker.internal', port=8000): Failed to establish a new connection: [Errno 101] Network is unreachable\")).","logger":"task.stderr"}
{"timestamp":"2026-07-04T09:01:12.040556Z","level":"error","event":"2026-07-04 09:01:12,039 | WARNING | Retrying scripts.api_client.post in 1 seconds as it raised ConnectionError: HTTPConnectionPool(host='host.docker.internal', port=8000): Max retries exceeded with url: /rc (Caused by NewConnectionError(\"HTTPConnection(host='host.docker.internal', port=8000): Failed to establish a new connection: [Errno 101] Network is unreachable\")).","logger":"task.stderr"}
{"timestamp":"2026-07-04T09:01:12.041065Z","level":"error","event":"2026-07-04 09:01:12,039 | WARNING | Retrying scripts.api_client.post in 1 seconds as it raised ConnectionError: HTTPConnectionPool(host='host.docker.internal', port=8000): Max retries exceeded with url: /vrn (Caused by NewConnectionError(\"HTTPConnection(host='host.docker.internal', port=8000): Failed to establish a new connection: [Errno 101] Network is unreachable\")).","logger":"task.stderr"}
{"timestamp":"2026-07-04T09:01:12.040095Z","level":"warning","event":"Retrying scripts.api_client.post in 1 seconds as it raised ConnectionError: HTTPConnectionPool(host='host.docker.internal', port=8000): Max retries exceeded with url: /fastag (Caused by NewConnectionError(\"HTTPConnection(host='host.docker.internal', port=8000): Failed to establish a new connection: [Errno 101] Network is unreachable\")).","logger":"scripts.api_client","filename":"before_sleep.py","lineno":64}
{"timestamp":"2026-07-04T09:01:12.040397Z","level":"warning","event":"Retrying scripts.api_client.post in 1 seconds as it raised ConnectionError: HTTPConnectionPool(host='host.docker.internal', port=8000): Max retries exceeded with url: /rc (Caused by NewConnectionError(\"HTTPConnection(host='host.docker.internal', port=8000): Failed to establish a new connection: [Errno 101] Network is unreachable\")).","logger":"scripts.api_client","filename":"before_sleep.py","lineno":64}
{"timestamp":"2026-07-04T09:01:12.041055Z","level":"warning","event":"Retrying scripts.api_client.post in 1 seconds as it raised ConnectionError: HTTPConnectionPool(host='host.docker.internal', port=8000): Max retries exceeded with url: /vrn (Caused by NewConnectionError(\"HTTPConnection(host='host.docker.internal', port=8000): Failed to establish a new connection: [Errno 101] Network is unreachable\")).","logger":"scripts.api_client","filename":"before_sleep.py","lineno":64}
{"timestamp":"2026-07-04T09:01:13.036594Z","level":"error","event":"2026-07-04 09:01:13,035 | INFO | Using environment: staging","logger":"task.stderr"}
{"timestamp":"2026-07-04T09:01:13.037813Z","level":"error","event":"2026-07-04 09:01:13,036 | INFO | Calling URL: http://host.docker.internal:8000/valuation","logger":"task.stderr"}
{"timestamp":"2026-07-04T09:01:13.036281Z","level":"info","event":"Using environment: staging","logger":"scripts.api_client","filename":"api_client.py","lineno":19}
{"timestamp":"2026-07-04T09:01:13.036680Z","level":"info","event":"Calling URL: http://host.docker.internal:8000/valuation","logger":"scripts.api_client","filename":"api_client.py","lineno":20}
{"timestamp":"2026-07-04T09:01:13.040882Z","level":"error","event":"2026-07-04 09:01:13,040 | INFO | Using environment: staging","logger":"task.stderr"}
{"timestamp":"2026-07-04T09:01:13.041349Z","level":"error","event":"2026-07-04 09:01:13,040 | INFO | Calling URL: http://host.docker.internal:8000/fastag","logger":"task.stderr"}
{"timestamp":"2026-07-04T09:01:13.040573Z","level":"info","event":"Using environment: staging","logger":"scripts.api_client","filename":"api_client.py","lineno":19}
{"timestamp":"2026-07-04T09:01:13.040739Z","level":"info","event":"Calling URL: http://host.docker.internal:8000/fastag","logger":"scripts.api_client","filename":"api_client.py","lineno":20}
{"timestamp":"2026-07-04T09:01:13.043167Z","level":"error","event":"2026-07-04 09:01:13,040 | INFO | Using environment: staging","logger":"task.stderr"}
{"timestamp":"2026-07-04T09:01:13.043635Z","level":"error","event":"2026-07-04 09:01:13,041 | INFO | Using environment: staging","logger":"task.stderr"}
{"timestamp":"2026-07-04T09:01:13.044281Z","level":"error","event":"2026-07-04 09:01:13,042 | INFO | Calling URL: http://host.docker.internal:8000/rc","logger":"task.stderr"}
{"timestamp":"2026-07-04T09:01:13.047362Z","level":"error","event":"2026-07-04 09:01:13,042 | INFO | Calling URL: http://host.docker.internal:8000/vrn","logger":"task.stderr"}
{"timestamp":"2026-07-04T09:01:13.042059Z","level":"info","event":"Using environment: staging","logger":"scripts.api_client","filename":"api_client.py","lineno":19}
{"timestamp":"2026-07-04T09:01:13.042342Z","level":"info","event":"Using environment: staging","logger":"scripts.api_client","filename":"api_client.py","lineno":19}
{"timestamp":"2026-07-04T09:01:13.042603Z","level":"info","event":"Calling URL: http://host.docker.internal:8000/rc","logger":"scripts.api_client","filename":"api_client.py","lineno":20}
{"timestamp":"2026-07-04T09:01:13.043496Z","level":"info","event":"Calling URL: http://host.docker.internal:8000/vrn","logger":"scripts.api_client","filename":"api_client.py","lineno":20}
{"timestamp":"2026-07-04T09:01:13.045363Z","level":"warning","event":"Retrying scripts.api_client.post in 2 seconds as it raised ConnectionError: HTTPConnectionPool(host='host.docker.internal', port=8000): Max retries exceeded with url: /valuation (Caused by NewConnectionError(\"HTTPConnection(host='host.docker.internal', port=8000): Failed to establish a new connection: [Errno 101] Network is unreachable\")).","logger":"scripts.api_client","filename":"before_sleep.py","lineno":64}
{"timestamp":"2026-07-04T09:01:13.051510Z","level":"error","event":"2026-07-04 09:01:13,045 | WARNING | Retrying scripts.api_client.post in 2 seconds as it raised ConnectionError: HTTPConnectionPool(host='host.docker.internal', port=8000): Max retries exceeded with url: /valuation (Caused by NewConnectionError(\"HTTPConnection(host='host.docker.internal', port=8000): Failed to establish a new connection: [Errno 101] Network is unreachable\")).","logger":"task.stderr"}
{"timestamp":"2026-07-04T09:01:13.051992Z","level":"error","event":"2026-07-04 09:01:13,049 | WARNING | Retrying scripts.api_client.post in 2 seconds as it raised ConnectionError: HTTPConnectionPool(host='host.docker.internal', port=8000): Max retries exceeded with url: /rc (Caused by NewConnectionError(\"HTTPConnection(host='host.docker.internal', port=8000): Failed to establish a new connection: [Errno 101] Network is unreachable\")).","logger":"task.stderr"}
{"timestamp":"2026-07-04T09:01:13.052436Z","level":"error","event":"2026-07-04 09:01:13,050 | WARNING | Retrying scripts.api_client.post in 2 seconds as it raised ConnectionError: HTTPConnectionPool(host='host.docker.internal', port=8000): Max retries exceeded with url: /vrn (Caused by NewConnectionError(\"HTTPConnection(host='host.docker.internal', port=8000): Failed to establish a new connection: [Errno 101] Network is unreachable\")).","logger":"task.stderr"}
{"timestamp":"2026-07-04T09:01:13.052881Z","level":"error","event":"2026-07-04 09:01:13,050 | WARNING | Retrying scripts.api_client.post in 2 seconds as it raised ConnectionError: HTTPConnectionPool(host='host.docker.internal', port=8000): Max retries exceeded with url: /fastag (Caused by NewConnectionError(\"HTTPConnection(host='host.docker.internal', port=8000): Failed to establish a new connection: [Errno 101] Network is unreachable\")).","logger":"task.stderr"}
{"timestamp":"2026-07-04T09:01:13.049552Z","level":"warning","event":"Retrying scripts.api_client.post in 2 seconds as it raised ConnectionError: HTTPConnectionPool(host='host.docker.internal', port=8000): Max retries exceeded with url: /rc (Caused by NewConnectionError(\"HTTPConnection(host='host.docker.internal', port=8000): Failed to establish a new connection: [Errno 101] Network is unreachable\")).","logger":"scripts.api_client","filename":"before_sleep.py","lineno":64}
{"timestamp":"2026-07-04T09:01:13.050094Z","level":"warning","event":"Retrying scripts.api_client.post in 2 seconds as it raised ConnectionError: HTTPConnectionPool(host='host.docker.internal', port=8000): Max retries exceeded with url: /vrn (Caused by NewConnectionError(\"HTTPConnection(host='host.docker.internal', port=8000): Failed to establish a new connection: [Errno 101] Network is unreachable\")).","logger":"scripts.api_client","filename":"before_sleep.py","lineno":64}
{"timestamp":"2026-07-04T09:01:13.050386Z","level":"warning","event":"Retrying scripts.api_client.post in 2 seconds as it raised ConnectionError: HTTPConnectionPool(host='host.docker.internal', port=8000): Max retries exceeded with url: /fastag (Caused by NewConnectionError(\"HTTPConnection(host='host.docker.internal', port=8000): Failed to establish a new connection: [Errno 101] Network is unreachable\")).","logger":"scripts.api_client","filename":"before_sleep.py","lineno":64}
{"timestamp":"2026-07-04T09:01:15.046240Z","level":"error","event":"2026-07-04 09:01:15,045 | INFO | Using environment: staging","logger":"task.stderr"}
{"timestamp":"2026-07-04T09:01:15.049778Z","level":"error","event":"2026-07-04 09:01:15,046 | INFO | Calling URL: http://host.docker.internal:8000/valuation","logger":"task.stderr"}
{"timestamp":"2026-07-04T09:01:15.046166Z","level":"info","event":"Using environment: staging","logger":"scripts.api_client","filename":"api_client.py","lineno":19}
{"timestamp":"2026-07-04T09:01:15.046355Z","level":"info","event":"Calling URL: http://host.docker.internal:8000/valuation","logger":"scripts.api_client","filename":"api_client.py","lineno":20}
{"timestamp":"2026-07-04T09:01:15.050208Z","level":"info","event":"Using environment: staging","logger":"scripts.api_client","filename":"api_client.py","lineno":19}
{"timestamp":"2026-07-04T09:01:15.053998Z","level":"error","event":"2026-07-04 09:01:15,050 | INFO | Using environment: staging","logger":"task.stderr"}
{"timestamp":"2026-07-04T09:01:15.054510Z","level":"error","event":"2026-07-04 09:01:15,050 | INFO | Using environment: staging","logger":"task.stderr"}
{"timestamp":"2026-07-04T09:01:15.055084Z","level":"error","event":"2026-07-04 09:01:15,050 | INFO | Calling URL: http://host.docker.internal:8000/rc","logger":"task.stderr"}
{"timestamp":"2026-07-04T09:01:15.055598Z","level":"error","event":"2026-07-04 09:01:15,050 | INFO | Using environment: staging","logger":"task.stderr"}
{"timestamp":"2026-07-04T09:01:15.056261Z","level":"error","event":"2026-07-04 09:01:15,050 | INFO | Calling URL: http://host.docker.internal:8000/vrn","logger":"task.stderr"}
{"timestamp":"2026-07-04T09:01:15.057776Z","level":"error","event":"2026-07-04 09:01:15,053 | INFO | Calling URL: http://host.docker.internal:8000/fastag","logger":"task.stderr"}
{"timestamp":"2026-07-04T09:01:15.050776Z","level":"info","event":"Using environment: staging","logger":"scripts.api_client","filename":"api_client.py","lineno":19}
{"timestamp":"2026-07-04T09:01:15.051193Z","level":"info","event":"Calling URL: http://host.docker.internal:8000/rc","logger":"scripts.api_client","filename":"api_client.py","lineno":20}
{"timestamp":"2026-07-04T09:01:15.052995Z","level":"info","event":"Using environment: staging","logger":"scripts.api_client","filename":"api_client.py","lineno":19}
{"timestamp":"2026-07-04T09:01:15.053270Z","level":"info","event":"Calling URL: http://host.docker.internal:8000/vrn","logger":"scripts.api_client","filename":"api_client.py","lineno":20}
{"timestamp":"2026-07-04T09:01:15.055381Z","level":"info","event":"Calling URL: http://host.docker.internal:8000/fastag","logger":"scripts.api_client","filename":"api_client.py","lineno":20}
{"timestamp":"2026-07-04T09:01:15.068875Z","level":"error","event":"2026-07-04 09:01:15,067 | ERROR | RC failed for Vehicle V005: HTTPConnectionPool(host='host.docker.internal', port=8000): Max retries exceeded with url: /rc (Caused by NewConnectionError(\"HTTPConnection(host='host.docker.internal', port=8000): Failed to establish a new connection: [Errno 101] Network is unreachable\"))","logger":"task.stderr"}
{"timestamp":"2026-07-04T09:01:15.069736Z","level":"error","event":"2026-07-04 09:01:15,068 | ERROR | FASTag failed for Vehicle V005: HTTPConnectionPool(host='host.docker.internal', port=8000): Max retries exceeded with url: /fastag (Caused by NewConnectionError(\"HTTPConnection(host='host.docker.internal', port=8000): Failed to establish a new connection: [Errno 101] Network is unreachable\"))","logger":"task.stderr"}
{"timestamp":"2026-07-04T09:01:15.072181Z","level":"error","event":"2026-07-04 09:01:15,068 | ERROR | VRN failed for Vehicle V005: HTTPConnectionPool(host='host.docker.internal', port=8000): Max retries exceeded with url: /vrn (Caused by NewConnectionError(\"HTTPConnection(host='host.docker.internal', port=8000): Failed to establish a new connection: [Errno 101] Network is unreachable\"))","logger":"task.stderr"}
{"timestamp":"2026-07-04T09:01:15.072755Z","level":"error","event":"2026-07-04 09:01:15,068 | ERROR | Valuation failed for Vehicle V005: HTTPConnectionPool(host='host.docker.internal', port=8000): Max retries exceeded with url: /valuation (Caused by NewConnectionError(\"HTTPConnection(host='host.docker.internal', port=8000): Failed to establish a new connection: [Errno 101] Network is unreachable\"))","logger":"task.stderr"}
{"timestamp":"2026-07-04T09:01:15.068163Z","level":"error","event":"RC failed for Vehicle V005: HTTPConnectionPool(host='host.docker.internal', port=8000): Max retries exceeded with url: /rc (Caused by NewConnectionError(\"HTTPConnection(host='host.docker.internal', port=8000): Failed to establish a new connection: [Errno 101] Network is unreachable\"))","logger":"utils.error_handler","ti_id":"019f2c5c-0afe-7c1f-9184-8dadfa613425","map_index":2,"task_id":"process_batch_task","run_id":"manual__2026-07-04T09:00:51.557785+00:00","try_number":1,"dag_id":"vehicle_batch_pipeline","filename":"error_handler.py","lineno":7}
{"timestamp":"2026-07-04T09:01:15.068457Z","level":"error","event":"FASTag failed for Vehicle V005: HTTPConnectionPool(host='host.docker.internal', port=8000): Max retries exceeded with url: /fastag (Caused by NewConnectionError(\"HTTPConnection(host='host.docker.internal', port=8000): Failed to establish a new connection: [Errno 101] Network is unreachable\"))","logger":"utils.error_handler","ti_id":"019f2c5c-0afe-7c1f-9184-8dadfa613425","map_index":2,"task_id":"process_batch_task","run_id":"manual__2026-07-04T09:00:51.557785+00:00","try_number":1,"dag_id":"vehicle_batch_pipeline","filename":"error_handler.py","lineno":7}
{"timestamp":"2026-07-04T09:01:15.068582Z","level":"error","event":"VRN failed for Vehicle V005: HTTPConnectionPool(host='host.docker.internal', port=8000): Max retries exceeded with url: /vrn (Caused by NewConnectionError(\"HTTPConnection(host='host.docker.internal', port=8000): Failed to establish a new connection: [Errno 101] Network is unreachable\"))","logger":"utils.error_handler","ti_id":"019f2c5c-0afe-7c1f-9184-8dadfa613425","map_index":2,"task_id":"process_batch_task","run_id":"manual__2026-07-04T09:00:51.557785+00:00","try_number":1,"dag_id":"vehicle_batch_pipeline","filename":"error_handler.py","lineno":7}
{"timestamp":"2026-07-04T09:01:15.069089Z","level":"error","event":"Valuation failed for Vehicle V005: HTTPConnectionPool(host='host.docker.internal', port=8000): Max retries exceeded with url: /valuation (Caused by NewConnectionError(\"HTTPConnection(host='host.docker.internal', port=8000): Failed to establish a new connection: [Errno 101] Network is unreachable\"))","logger":"utils.error_handler","ti_id":"019f2c5c-0afe-7c1f-9184-8dadfa613425","map_index":2,"task_id":"process_batch_task","run_id":"manual__2026-07-04T09:00:51.557785+00:00","try_number":1,"dag_id":"vehicle_batch_pipeline","filename":"error_handler.py","lineno":7}
{"timestamp":"2026-07-04T09:01:15.070266Z","level":"info","event":"\n==========================\nBatch Summary\n==========================\nTotal Records : 1\nSuccess : 1\nFailed : 0\nSuccess Rate : 100.0%\n==========================","logger":"scripts.process_batch","ti_id":"019f2c5c-0afe-7c1f-9184-8dadfa613425","map_index":2,"task_id":"process_batch_task","run_id":"manual__2026-07-04T09:00:51.557785+00:00","try_number":1,"dag_id":"vehicle_batch_pipeline","filename":"process_batch.py","lineno":42}
{"timestamp":"2026-07-04T09:01:15.079532Z","level":"error","event":"2026-07-04 09:01:15,070 | INFO |","logger":"task.stderr"}
{"timestamp":"2026-07-04T09:01:15.080080Z","level":"error","event":"==========================","logger":"task.stderr"}
{"timestamp":"2026-07-04T09:01:15.081118Z","level":"error","event":"Batch Summary","logger":"task.stderr"}
{"timestamp":"2026-07-04T09:01:15.082072Z","level":"error","event":"==========================","logger":"task.stderr"}
{"timestamp":"2026-07-04T09:01:15.082818Z","level":"error","event":"Total Records : 1","logger":"task.stderr"}
{"timestamp":"2026-07-04T09:01:15.084883Z","level":"error","event":"Success : 1","logger":"task.stderr"}
{"timestamp":"2026-07-04T09:01:15.085667Z","level":"error","event":"Failed : 0","logger":"task.stderr"}
{"timestamp":"2026-07-04T09:01:15.086409Z","level":"error","event":"Success Rate : 100.0%","logger":"task.stderr"}
{"timestamp":"2026-07-04T09:01:15.088037Z","level":"error","event":"==========================","logger":"task.stderr"}
{"timestamp":"2026-07-04T09:01:15.091411Z","level":"info","event":"V005 processed in 3.07 sec","logger":"task.stdout"}
{"timestamp":"2026-07-04T09:01:15.087928Z","level":"info","event":"Done. Returned value was:    year  brand  ...  status                                              error\n0  2020  Honda  ...  FAILED  HTTPConnectionPool(host='host.docker.internal'...\n\n[1 rows x 7 columns]","ti_id":"019f2c5c-0afe-7c1f-9184-8dadfa613425","map_index":2,"task_id":"process_batch_task","run_id":"manual__2026-07-04T09:00:51.557785+00:00","try_number":1,"dag_id":"vehicle_batch_pipeline","logger":"airflow.task.operators.airflow.providers.standard.decorators.python._PythonDecoratedOperator","filename":"python.py","lineno":233}
{"timestamp":"2026-07-04T09:01:15.088895Z","level":"info","event":"::group::Post Execute","ti_id":"019f2c5c-0afe-7c1f-9184-8dadfa613425","map_index":2,"task_id":"process_batch_task","run_id":"manual__2026-07-04T09:00:51.557785+00:00","try_number":1,"dag_id":"vehicle_batch_pipeline","logger":"task","filename":"task_runner.py","lineno":1288}
{"timestamp":"2026-07-04T09:01:15.089263Z","level":"info","event":"Pushing xcom","ti":"RuntimeTaskInstance(id=UUID('019f2c5c-0afe-7c1f-9184-8dadfa613425'), task_id='process_batch_task', dag_id='vehicle_batch_pipeline', run_id='manual__2026-07-04T09:00:51.557785+00:00', try_number=1, dag_version_id=UUID('019f2c50-8b66-7475-9dae-822508d85766'), map_index=2, hostname='8e3d505c6688', context_carrier={'traceparent': '00-f3926ef58f5ae986956fb94df93744c2-748f9fa8c8e2ad59-01'}, task=<Task(_PythonDecoratedOperator): process_batch_task>, bundle_instance=LocalDagBundle(name=dags-folder), max_tries=2, start_date=datetime.datetime(2026, 7, 4, 9, 1, 10, 704871, tzinfo=datetime.timezone.utc), end_date=None, state=<TaskInstanceState.RUNNING: 'running'>, is_mapped=True, rendered_map_index=None, sentry_integration='')","ti_id":"019f2c5c-0afe-7c1f-9184-8dadfa613425","map_index":2,"task_id":"process_batch_task","run_id":"manual__2026-07-04T09:00:51.557785+00:00","try_number":1,"dag_id":"vehicle_batch_pipeline","logger":"task","filename":"task_runner.py","lineno":1791}
{"timestamp":"2026-07-04T09:01:15.149487Z","level":"info","event":"Task instance in success state","logger":"task.stdout"}
{"timestamp":"2026-07-04T09:01:15.150272Z","level":"info","event":" Previous state of the Task instance: TaskInstanceState.RUNNING","logger":"task.stdout"}
{"timestamp":"2026-07-04T09:01:15.150894Z","level":"info","event":"Task operator:<Task(_PythonDecoratedOperator): process_batch_task>","logger":"task.stdout"}
{"timestamp":"2026-07-04T09:01:15.149969Z","level":"info","event":"::endgroup::","ti_id":"019f2c5c-0afe-7c1f-9184-8dadfa613425","map_index":2,"task_id":"process_batch_task","run_id":"manual__2026-07-04T09:00:51.557785+00:00","try_number":1,"dag_id":"vehicle_batch_pipeline","logger":"task","filename":"task_runner.py","lineno":1896}
