{"timestamp":"2026-07-03T14:56:32.888854Z","level":"info","event":"::group::Pre Execute","logger":"task","filename":"task_runner.py","lineno":1926}
{"timestamp":"2026-07-03T14:56:33.299442Z","level":"info","event":"DAG bundles loaded: dags-folder, example_dags","try_number":1,"dag_id":"vehicle_batch_pipeline","map_index":2,"run_id":"manual__2026-07-03T14:56:28.893157+00:00","task_id":"process_batch_task","ti_id":"019f287b-3b9a-7440-8a7f-e13df4b36c68","logger":"airflow.dag_processing.bundles.manager.DagBundlesManager","filename":"manager.py","lineno":209}
{"timestamp":"2026-07-03T14:56:33.301614Z","level":"info","event":"Filling up the DagBag from /opt/airflow/dags/vehicle_pipeline.py","try_number":1,"dag_id":"vehicle_batch_pipeline","map_index":2,"run_id":"manual__2026-07-03T14:56:28.893157+00:00","task_id":"process_batch_task","ti_id":"019f287b-3b9a-7440-8a7f-e13df4b36c68","logger":"airflow.dag_processing.dagbag.BundleDagBag","filename":"dagbag.py","lineno":469}
{"timestamp":"2026-07-03T14:56:33.455964Z","level":"info","event":"Task instance is in running state","logger":"task.stdout"}
{"timestamp":"2026-07-03T14:56:33.456517Z","level":"info","event":" Previous state of the Task instance: TaskInstanceState.QUEUED","logger":"task.stdout"}
{"timestamp":"2026-07-03T14:56:33.457003Z","level":"info","event":"Current task name:process_batch_task","logger":"task.stdout"}
{"timestamp":"2026-07-03T14:56:33.457467Z","level":"info","event":"Dag name:vehicle_batch_pipeline","logger":"task.stdout"}
{"timestamp":"2026-07-03T14:56:33.456826Z","level":"info","event":"::endgroup::","try_number":1,"dag_id":"vehicle_batch_pipeline","map_index":2,"run_id":"manual__2026-07-03T14:56:28.893157+00:00","task_id":"process_batch_task","ti_id":"019f287b-3b9a-7440-8a7f-e13df4b36c68","logger":"task","filename":"task_runner.py","lineno":1727}
{"timestamp":"2026-07-03T14:56:33.459426Z","level":"error","event":"2026-07-03 14:56:33,459 | INFO | Processing batch_3.csv","logger":"task.stderr"}
{"timestamp":"2026-07-03T14:56:33.459513Z","level":"info","event":"Processing batch_3.csv","logger":"scripts.process_batch","try_number":1,"dag_id":"vehicle_batch_pipeline","map_index":2,"run_id":"manual__2026-07-03T14:56:28.893157+00:00","task_id":"process_batch_task","ti_id":"019f287b-3b9a-7440-8a7f-e13df4b36c68","filename":"process_batch.py","lineno":13}
{"timestamp":"2026-07-03T14:56:33.469760Z","level":"error","event":"2026-07-03 14:56:33,469 | INFO | Rows = 1","logger":"task.stderr"}
{"timestamp":"2026-07-03T14:56:33.469721Z","level":"info","event":"Rows = 1","logger":"scripts.process_batch","try_number":1,"dag_id":"vehicle_batch_pipeline","map_index":2,"run_id":"manual__2026-07-03T14:56:28.893157+00:00","task_id":"process_batch_task","ti_id":"019f287b-3b9a-7440-8a7f-e13df4b36c68","filename":"process_batch.py","lineno":17}
{"timestamp":"2026-07-03T14:56:33.472077Z","level":"error","event":"2026-07-03 14:56:33,471 | INFO | Using environment: production","logger":"task.stderr"}
{"timestamp":"2026-07-03T14:56:33.472756Z","level":"error","event":"2026-07-03 14:56:33,471 | INFO | Calling URL: http://host.docker.internal:8000/rc","logger":"task.stderr"}
{"timestamp":"2026-07-03T14:56:33.471362Z","level":"info","event":"Using environment: production","logger":"scripts.api_client","filename":"api_client.py","lineno":19}
{"timestamp":"2026-07-03T14:56:33.472082Z","level":"info","event":"Calling URL: http://host.docker.internal:8000/rc","logger":"scripts.api_client","filename":"api_client.py","lineno":20}
{"timestamp":"2026-07-03T14:56:33.480219Z","level":"error","event":"2026-07-03 14:56:33,475 | INFO | Using environment: production","logger":"task.stderr"}
{"timestamp":"2026-07-03T14:56:33.481442Z","level":"error","event":"2026-07-03 14:56:33,476 | INFO | Calling URL: http://host.docker.internal:8000/fastag","logger":"task.stderr"}
{"timestamp":"2026-07-03T14:56:33.482121Z","level":"error","event":"2026-07-03 14:56:33,477 | INFO | Using environment: production","logger":"task.stderr"}
{"timestamp":"2026-07-03T14:56:33.482621Z","level":"error","event":"2026-07-03 14:56:33,477 | INFO | Calling URL: http://host.docker.internal:8000/vrn","logger":"task.stderr"}
{"timestamp":"2026-07-03T14:56:33.483174Z","level":"error","event":"2026-07-03 14:56:33,478 | INFO | Using environment: production","logger":"task.stderr"}
{"timestamp":"2026-07-03T14:56:33.483657Z","level":"error","event":"2026-07-03 14:56:33,478 | INFO | Calling URL: http://host.docker.internal:8000/valuation","logger":"task.stderr"}
{"timestamp":"2026-07-03T14:56:33.476083Z","level":"info","event":"Using environment: production","logger":"scripts.api_client","filename":"api_client.py","lineno":19}
{"timestamp":"2026-07-03T14:56:33.476342Z","level":"info","event":"Calling URL: http://host.docker.internal:8000/fastag","logger":"scripts.api_client","filename":"api_client.py","lineno":20}
{"timestamp":"2026-07-03T14:56:33.477428Z","level":"info","event":"Using environment: production","logger":"scripts.api_client","filename":"api_client.py","lineno":19}
{"timestamp":"2026-07-03T14:56:33.477539Z","level":"info","event":"Calling URL: http://host.docker.internal:8000/vrn","logger":"scripts.api_client","filename":"api_client.py","lineno":20}
{"timestamp":"2026-07-03T14:56:33.478327Z","level":"info","event":"Using environment: production","logger":"scripts.api_client","filename":"api_client.py","lineno":19}
{"timestamp":"2026-07-03T14:56:33.478492Z","level":"info","event":"Calling URL: http://host.docker.internal:8000/valuation","logger":"scripts.api_client","filename":"api_client.py","lineno":20}
{"timestamp":"2026-07-03T14:56:33.499084Z","level":"error","event":"2026-07-03 14:56:33,498 | WARNING | Retrying scripts.api_client.post in 1 seconds as it raised ConnectionError: HTTPConnectionPool(host='host.docker.internal', port=8000): Max retries exceeded with url: /rc (Caused by NewConnectionError(\"HTTPConnection(host='host.docker.internal', port=8000): Failed to establish a new connection: [Errno 101] Network is unreachable\")).","logger":"task.stderr"}
{"timestamp":"2026-07-03T14:56:33.499739Z","level":"error","event":"2026-07-03 14:56:33,499 | WARNING | Retrying scripts.api_client.post in 1 seconds as it raised ConnectionError: HTTPConnectionPool(host='host.docker.internal', port=8000): Max retries exceeded with url: /valuation (Caused by NewConnectionError(\"HTTPConnection(host='host.docker.internal', port=8000): Failed to establish a new connection: [Errno 101] Network is unreachable\")).","logger":"task.stderr"}
{"timestamp":"2026-07-03T14:56:33.499090Z","level":"warning","event":"Retrying scripts.api_client.post in 1 seconds as it raised ConnectionError: HTTPConnectionPool(host='host.docker.internal', port=8000): Max retries exceeded with url: /rc (Caused by NewConnectionError(\"HTTPConnection(host='host.docker.internal', port=8000): Failed to establish a new connection: [Errno 101] Network is unreachable\")).","logger":"scripts.api_client","filename":"before_sleep.py","lineno":64}
{"timestamp":"2026-07-03T14:56:33.500000Z","level":"warning","event":"Retrying scripts.api_client.post in 1 seconds as it raised ConnectionError: HTTPConnectionPool(host='host.docker.internal', port=8000): Max retries exceeded with url: /valuation (Caused by NewConnectionError(\"HTTPConnection(host='host.docker.internal', port=8000): Failed to establish a new connection: [Errno 101] Network is unreachable\")).","logger":"scripts.api_client","filename":"before_sleep.py","lineno":64}
{"timestamp":"2026-07-03T14:56:33.501223Z","level":"error","event":"2026-07-03 14:56:33,500 | WARNING | Retrying scripts.api_client.post in 1 seconds as it raised ConnectionError: HTTPConnectionPool(host='host.docker.internal', port=8000): Max retries exceeded with url: /fastag (Caused by NewConnectionError(\"HTTPConnection(host='host.docker.internal', port=8000): Failed to establish a new connection: [Errno 101] Network is unreachable\")).","logger":"task.stderr"}
{"timestamp":"2026-07-03T14:56:33.501624Z","level":"error","event":"2026-07-03 14:56:33,500 | WARNING | Retrying scripts.api_client.post in 1 seconds as it raised ConnectionError: HTTPConnectionPool(host='host.docker.internal', port=8000): Max retries exceeded with url: /vrn (Caused by NewConnectionError(\"HTTPConnection(host='host.docker.internal', port=8000): Failed to establish a new connection: [Errno 101] Network is unreachable\")).","logger":"task.stderr"}
{"timestamp":"2026-07-03T14:56:33.500351Z","level":"warning","event":"Retrying scripts.api_client.post in 1 seconds as it raised ConnectionError: HTTPConnectionPool(host='host.docker.internal', port=8000): Max retries exceeded with url: /fastag (Caused by NewConnectionError(\"HTTPConnection(host='host.docker.internal', port=8000): Failed to establish a new connection: [Errno 101] Network is unreachable\")).","logger":"scripts.api_client","filename":"before_sleep.py","lineno":64}
{"timestamp":"2026-07-03T14:56:33.500590Z","level":"warning","event":"Retrying scripts.api_client.post in 1 seconds as it raised ConnectionError: HTTPConnectionPool(host='host.docker.internal', port=8000): Max retries exceeded with url: /vrn (Caused by NewConnectionError(\"HTTPConnection(host='host.docker.internal', port=8000): Failed to establish a new connection: [Errno 101] Network is unreachable\")).","logger":"scripts.api_client","filename":"before_sleep.py","lineno":64}
{"timestamp":"2026-07-03T14:56:34.500043Z","level":"error","event":"2026-07-03 14:56:34,499 | INFO | Using environment: production","logger":"task.stderr"}
{"timestamp":"2026-07-03T14:56:34.501199Z","level":"error","event":"2026-07-03 14:56:34,500 | INFO | Calling URL: http://host.docker.internal:8000/rc","logger":"task.stderr"}
{"timestamp":"2026-07-03T14:56:34.499968Z","level":"info","event":"Using environment: production","logger":"scripts.api_client","filename":"api_client.py","lineno":19}
{"timestamp":"2026-07-03T14:56:34.500192Z","level":"info","event":"Calling URL: http://host.docker.internal:8000/rc","logger":"scripts.api_client","filename":"api_client.py","lineno":20}
{"timestamp":"2026-07-03T14:56:34.501732Z","level":"info","event":"Using environment: production","logger":"scripts.api_client","filename":"api_client.py","lineno":19}
{"timestamp":"2026-07-03T14:56:34.504370Z","level":"error","event":"2026-07-03 14:56:34,501 | INFO | Using environment: production","logger":"task.stderr"}
{"timestamp":"2026-07-03T14:56:34.504937Z","level":"error","event":"2026-07-03 14:56:34,501 | INFO | Calling URL: http://host.docker.internal:8000/valuation","logger":"task.stderr"}
{"timestamp":"2026-07-03T14:56:34.505482Z","level":"error","event":"2026-07-03 14:56:34,501 | INFO | Using environment: production","logger":"task.stderr"}
{"timestamp":"2026-07-03T14:56:34.505930Z","level":"error","event":"2026-07-03 14:56:34,503 | INFO | Using environment: production","logger":"task.stderr"}
{"timestamp":"2026-07-03T14:56:34.506411Z","level":"error","event":"2026-07-03 14:56:34,503 | INFO | Calling URL: http://host.docker.internal:8000/vrn","logger":"task.stderr"}
{"timestamp":"2026-07-03T14:56:34.501986Z","level":"info","event":"Calling URL: http://host.docker.internal:8000/valuation","logger":"scripts.api_client","filename":"api_client.py","lineno":20}
{"timestamp":"2026-07-03T14:56:34.503348Z","level":"info","event":"Using environment: production","logger":"scripts.api_client","filename":"api_client.py","lineno":19}
{"timestamp":"2026-07-03T14:56:34.503886Z","level":"info","event":"Using environment: production","logger":"scripts.api_client","filename":"api_client.py","lineno":19}
{"timestamp":"2026-07-03T14:56:34.504363Z","level":"info","event":"Calling URL: http://host.docker.internal:8000/vrn","logger":"scripts.api_client","filename":"api_client.py","lineno":20}
{"timestamp":"2026-07-03T14:56:34.505096Z","level":"info","event":"Calling URL: http://host.docker.internal:8000/fastag","logger":"scripts.api_client","filename":"api_client.py","lineno":20}
{"timestamp":"2026-07-03T14:56:34.510977Z","level":"error","event":"2026-07-03 14:56:34,504 | INFO | Calling URL: http://host.docker.internal:8000/fastag","logger":"task.stderr"}
{"timestamp":"2026-07-03T14:56:34.511477Z","level":"error","event":"2026-07-03 14:56:34,507 | WARNING | Retrying scripts.api_client.post in 2 seconds as it raised ConnectionError: HTTPConnectionPool(host='host.docker.internal', port=8000): Max retries exceeded with url: /rc (Caused by NewConnectionError(\"HTTPConnection(host='host.docker.internal', port=8000): Failed to establish a new connection: [Errno 101] Network is unreachable\")).","logger":"task.stderr"}
{"timestamp":"2026-07-03T14:56:34.511935Z","level":"error","event":"2026-07-03 14:56:34,509 | WARNING | Retrying scripts.api_client.post in 2 seconds as it raised ConnectionError: HTTPConnectionPool(host='host.docker.internal', port=8000): Max retries exceeded with url: /valuation (Caused by NewConnectionError(\"HTTPConnection(host='host.docker.internal', port=8000): Failed to establish a new connection: [Errno 101] Network is unreachable\")).","logger":"task.stderr"}
{"timestamp":"2026-07-03T14:56:34.512364Z","level":"error","event":"2026-07-03 14:56:34,510 | WARNING | Retrying scripts.api_client.post in 2 seconds as it raised ConnectionError: HTTPConnectionPool(host='host.docker.internal', port=8000): Max retries exceeded with url: /fastag (Caused by NewConnectionError(\"HTTPConnection(host='host.docker.internal', port=8000): Failed to establish a new connection: [Errno 101] Network is unreachable\")).","logger":"task.stderr"}
{"timestamp":"2026-07-03T14:56:34.507497Z","level":"warning","event":"Retrying scripts.api_client.post in 2 seconds as it raised ConnectionError: HTTPConnectionPool(host='host.docker.internal', port=8000): Max retries exceeded with url: /rc (Caused by NewConnectionError(\"HTTPConnection(host='host.docker.internal', port=8000): Failed to establish a new connection: [Errno 101] Network is unreachable\")).","logger":"scripts.api_client","filename":"before_sleep.py","lineno":64}
{"timestamp":"2026-07-03T14:56:34.510023Z","level":"warning","event":"Retrying scripts.api_client.post in 2 seconds as it raised ConnectionError: HTTPConnectionPool(host='host.docker.internal', port=8000): Max retries exceeded with url: /valuation (Caused by NewConnectionError(\"HTTPConnection(host='host.docker.internal', port=8000): Failed to establish a new connection: [Errno 101] Network is unreachable\")).","logger":"scripts.api_client","filename":"before_sleep.py","lineno":64}
{"timestamp":"2026-07-03T14:56:34.510574Z","level":"warning","event":"Retrying scripts.api_client.post in 2 seconds as it raised ConnectionError: HTTPConnectionPool(host='host.docker.internal', port=8000): Max retries exceeded with url: /fastag (Caused by NewConnectionError(\"HTTPConnection(host='host.docker.internal', port=8000): Failed to establish a new connection: [Errno 101] Network is unreachable\")).","logger":"scripts.api_client","filename":"before_sleep.py","lineno":64}
{"timestamp":"2026-07-03T14:56:34.511086Z","level":"warning","event":"Retrying scripts.api_client.post in 2 seconds as it raised ConnectionError: HTTPConnectionPool(host='host.docker.internal', port=8000): Max retries exceeded with url: /vrn (Caused by NewConnectionError(\"HTTPConnection(host='host.docker.internal', port=8000): Failed to establish a new connection: [Errno 101] Network is unreachable\")).","logger":"scripts.api_client","filename":"before_sleep.py","lineno":64}
{"timestamp":"2026-07-03T14:56:34.514719Z","level":"error","event":"2026-07-03 14:56:34,511 | WARNING | Retrying scripts.api_client.post in 2 seconds as it raised ConnectionError: HTTPConnectionPool(host='host.docker.internal', port=8000): Max retries exceeded with url: /vrn (Caused by NewConnectionError(\"HTTPConnection(host='host.docker.internal', port=8000): Failed to establish a new connection: [Errno 101] Network is unreachable\")).","logger":"task.stderr"}
{"timestamp":"2026-07-03T14:56:36.510105Z","level":"error","event":"2026-07-03 14:56:36,508 | INFO | Using environment: production","logger":"task.stderr"}
{"timestamp":"2026-07-03T14:56:36.510210Z","level":"info","event":"Using environment: production","logger":"scripts.api_client","filename":"api_client.py","lineno":19}
{"timestamp":"2026-07-03T14:56:36.517762Z","level":"error","event":"2026-07-03 14:56:36,512 | INFO | Using environment: production","logger":"task.stderr"}
{"timestamp":"2026-07-03T14:56:36.518714Z","level":"error","event":"2026-07-03 14:56:36,515 | INFO | Calling URL: http://host.docker.internal:8000/rc","logger":"task.stderr"}
{"timestamp":"2026-07-03T14:56:36.519880Z","level":"error","event":"2026-07-03 14:56:36,516 | INFO | Using environment: production","logger":"task.stderr"}
{"timestamp":"2026-07-03T14:56:36.520937Z","level":"error","event":"2026-07-03 14:56:36,517 | INFO | Calling URL: http://host.docker.internal:8000/valuation","logger":"task.stderr"}
{"timestamp":"2026-07-03T14:56:36.521463Z","level":"error","event":"2026-07-03 14:56:36,518 | INFO | Using environment: production","logger":"task.stderr"}
{"timestamp":"2026-07-03T14:56:36.516971Z","level":"info","event":"Using environment: production","logger":"scripts.api_client","filename":"api_client.py","lineno":19}
{"timestamp":"2026-07-03T14:56:36.517930Z","level":"info","event":"Calling URL: http://host.docker.internal:8000/rc","logger":"scripts.api_client","filename":"api_client.py","lineno":20}
{"timestamp":"2026-07-03T14:56:36.526121Z","level":"info","event":"Using environment: production","logger":"scripts.api_client","filename":"api_client.py","lineno":19}
{"timestamp":"2026-07-03T14:56:36.529878Z","level":"error","event":"2026-07-03 14:56:36,527 | INFO | Calling URL: http://host.docker.internal:8000/fastag","logger":"task.stderr"}
{"timestamp":"2026-07-03T14:56:36.529013Z","level":"info","event":"Calling URL: http://host.docker.internal:8000/valuation","logger":"scripts.api_client","filename":"api_client.py","lineno":20}
{"timestamp":"2026-07-03T14:56:36.531302Z","level":"info","event":"Using environment: production","logger":"scripts.api_client","filename":"api_client.py","lineno":19}
{"timestamp":"2026-07-03T14:56:36.536825Z","level":"error","event":"2026-07-03 14:56:36,535 | INFO | Calling URL: http://host.docker.internal:8000/vrn","logger":"task.stderr"}
{"timestamp":"2026-07-03T14:56:36.537300Z","level":"info","event":"Calling URL: http://host.docker.internal:8000/fastag","logger":"scripts.api_client","filename":"api_client.py","lineno":20}
{"timestamp":"2026-07-03T14:56:36.538392Z","level":"info","event":"Calling URL: http://host.docker.internal:8000/vrn","logger":"scripts.api_client","filename":"api_client.py","lineno":20}
{"timestamp":"2026-07-03T14:56:36.565262Z","level":"error","event":"2026-07-03 14:56:36,564 | ERROR | RC failed for Vehicle V005: HTTPConnectionPool(host='host.docker.internal', port=8000): Max retries exceeded with url: /rc (Caused by NewConnectionError(\"HTTPConnection(host='host.docker.internal', port=8000): Failed to establish a new connection: [Errno 101] Network is unreachable\"))","logger":"task.stderr"}
{"timestamp":"2026-07-03T14:56:36.566629Z","level":"error","event":"2026-07-03 14:56:36,564 | ERROR | FASTag failed for Vehicle V005: HTTPConnectionPool(host='host.docker.internal', port=8000): Max retries exceeded with url: /fastag (Caused by NewConnectionError(\"HTTPConnection(host='host.docker.internal', port=8000): Failed to establish a new connection: [Errno 101] Network is unreachable\"))","logger":"task.stderr"}
{"timestamp":"2026-07-03T14:56:36.564647Z","level":"error","event":"RC failed for Vehicle V005: HTTPConnectionPool(host='host.docker.internal', port=8000): Max retries exceeded with url: /rc (Caused by NewConnectionError(\"HTTPConnection(host='host.docker.internal', port=8000): Failed to establish a new connection: [Errno 101] Network is unreachable\"))","logger":"utils.error_handler","try_number":1,"dag_id":"vehicle_batch_pipeline","map_index":2,"run_id":"manual__2026-07-03T14:56:28.893157+00:00","task_id":"process_batch_task","ti_id":"019f287b-3b9a-7440-8a7f-e13df4b36c68","filename":"error_handler.py","lineno":7}
{"timestamp":"2026-07-03T14:56:36.565978Z","level":"error","event":"FASTag failed for Vehicle V005: HTTPConnectionPool(host='host.docker.internal', port=8000): Max retries exceeded with url: /fastag (Caused by NewConnectionError(\"HTTPConnection(host='host.docker.internal', port=8000): Failed to establish a new connection: [Errno 101] Network is unreachable\"))","logger":"utils.error_handler","try_number":1,"dag_id":"vehicle_batch_pipeline","map_index":2,"run_id":"manual__2026-07-03T14:56:28.893157+00:00","task_id":"process_batch_task","ti_id":"019f287b-3b9a-7440-8a7f-e13df4b36c68","filename":"error_handler.py","lineno":7}
{"timestamp":"2026-07-03T14:56:36.566522Z","level":"error","event":"VRN failed for Vehicle V005: HTTPConnectionPool(host='host.docker.internal', port=8000): Max retries exceeded with url: /vrn (Caused by NewConnectionError(\"HTTPConnection(host='host.docker.internal', port=8000): Failed to establish a new connection: [Errno 101] Network is unreachable\"))","logger":"utils.error_handler","try_number":1,"dag_id":"vehicle_batch_pipeline","map_index":2,"run_id":"manual__2026-07-03T14:56:28.893157+00:00","task_id":"process_batch_task","ti_id":"019f287b-3b9a-7440-8a7f-e13df4b36c68","filename":"error_handler.py","lineno":7}
{"timestamp":"2026-07-03T14:56:36.567089Z","level":"error","event":"Valuation failed for Vehicle V005: HTTPConnectionPool(host='host.docker.internal', port=8000): Max retries exceeded with url: /valuation (Caused by NewConnectionError(\"HTTPConnection(host='host.docker.internal', port=8000): Failed to establish a new connection: [Errno 101] Network is unreachable\"))","logger":"utils.error_handler","try_number":1,"dag_id":"vehicle_batch_pipeline","map_index":2,"run_id":"manual__2026-07-03T14:56:28.893157+00:00","task_id":"process_batch_task","ti_id":"019f287b-3b9a-7440-8a7f-e13df4b36c68","filename":"error_handler.py","lineno":7}
{"timestamp":"2026-07-03T14:56:36.573112Z","level":"error","event":"2026-07-03 14:56:36,566 | ERROR | VRN failed for Vehicle V005: HTTPConnectionPool(host='host.docker.internal', port=8000): Max retries exceeded with url: /vrn (Caused by NewConnectionError(\"HTTPConnection(host='host.docker.internal', port=8000): Failed to establish a new connection: [Errno 101] Network is unreachable\"))","logger":"task.stderr"}
{"timestamp":"2026-07-03T14:56:36.573565Z","level":"error","event":"2026-07-03 14:56:36,566 | ERROR | Valuation failed for Vehicle V005: HTTPConnectionPool(host='host.docker.internal', port=8000): Max retries exceeded with url: /valuation (Caused by NewConnectionError(\"HTTPConnection(host='host.docker.internal', port=8000): Failed to establish a new connection: [Errno 101] Network is unreachable\"))","logger":"task.stderr"}
{"timestamp":"2026-07-03T14:56:36.573973Z","level":"error","event":"2026-07-03 14:56:36,567 | INFO |","logger":"task.stderr"}
{"timestamp":"2026-07-03T14:56:36.575502Z","level":"error","event":"==========================","logger":"task.stderr"}
{"timestamp":"2026-07-03T14:56:36.576167Z","level":"error","event":"Batch Summary","logger":"task.stderr"}
{"timestamp":"2026-07-03T14:56:36.576596Z","level":"error","event":"==========================","logger":"task.stderr"}
{"timestamp":"2026-07-03T14:56:36.577089Z","level":"error","event":"Total Records : 1","logger":"task.stderr"}
{"timestamp":"2026-07-03T14:56:36.577571Z","level":"error","event":"Success : 1","logger":"task.stderr"}
{"timestamp":"2026-07-03T14:56:36.578069Z","level":"error","event":"Failed : 0","logger":"task.stderr"}
{"timestamp":"2026-07-03T14:56:36.578688Z","level":"error","event":"Success Rate : 100.0%","logger":"task.stderr"}
{"timestamp":"2026-07-03T14:56:36.579230Z","level":"error","event":"==========================","logger":"task.stderr"}
{"timestamp":"2026-07-03T14:56:36.568127Z","level":"info","event":"\n==========================\nBatch Summary\n==========================\nTotal Records : 1\nSuccess : 1\nFailed : 0\nSuccess Rate : 100.0%\n==========================","logger":"scripts.process_batch","try_number":1,"dag_id":"vehicle_batch_pipeline","map_index":2,"run_id":"manual__2026-07-03T14:56:28.893157+00:00","task_id":"process_batch_task","ti_id":"019f287b-3b9a-7440-8a7f-e13df4b36c68","filename":"process_batch.py","lineno":42}
{"timestamp":"2026-07-03T14:56:36.580411Z","level":"info","event":"V005 processed in 3.10 sec","logger":"task.stdout"}
{"timestamp":"2026-07-03T14:56:36.583857Z","level":"info","event":"Done. Returned value was:    year  brand  ...  status                                              error\n0  2020  Honda  ...  FAILED  HTTPConnectionPool(host='host.docker.internal'...\n\n[1 rows x 7 columns]","try_number":1,"dag_id":"vehicle_batch_pipeline","map_index":2,"run_id":"manual__2026-07-03T14:56:28.893157+00:00","task_id":"process_batch_task","ti_id":"019f287b-3b9a-7440-8a7f-e13df4b36c68","logger":"airflow.task.operators.airflow.providers.standard.decorators.python._PythonDecoratedOperator","filename":"python.py","lineno":233}
{"timestamp":"2026-07-03T14:56:36.584068Z","level":"info","event":"::group::Post Execute","try_number":1,"dag_id":"vehicle_batch_pipeline","map_index":2,"run_id":"manual__2026-07-03T14:56:28.893157+00:00","task_id":"process_batch_task","ti_id":"019f287b-3b9a-7440-8a7f-e13df4b36c68","logger":"task","filename":"task_runner.py","lineno":1288}
{"timestamp":"2026-07-03T14:56:36.584262Z","level":"info","event":"Pushing xcom","ti":"RuntimeTaskInstance(id=UUID('019f287b-3b9a-7440-8a7f-e13df4b36c68'), task_id='process_batch_task', dag_id='vehicle_batch_pipeline', run_id='manual__2026-07-03T14:56:28.893157+00:00', try_number=1, dag_version_id=UUID('019f2816-76da-7e39-88fb-09ffc304bea2'), map_index=2, hostname='8e3d505c6688', context_carrier={'traceparent': '00-73c2403aa3be726cc1a0a8d3b89e672d-fac8385cdac97072-01'}, task=<Task(_PythonDecoratedOperator): process_batch_task>, bundle_instance=LocalDagBundle(name=dags-folder), max_tries=2, start_date=datetime.datetime(2026, 7, 3, 14, 56, 32, 904314, tzinfo=datetime.timezone.utc), end_date=None, state=<TaskInstanceState.RUNNING: 'running'>, is_mapped=True, rendered_map_index=None, sentry_integration='')","try_number":1,"dag_id":"vehicle_batch_pipeline","map_index":2,"run_id":"manual__2026-07-03T14:56:28.893157+00:00","task_id":"process_batch_task","ti_id":"019f287b-3b9a-7440-8a7f-e13df4b36c68","logger":"task","filename":"task_runner.py","lineno":1791}
{"timestamp":"2026-07-03T14:56:36.642480Z","level":"info","event":"Task instance in success state","logger":"task.stdout"}
{"timestamp":"2026-07-03T14:56:36.643258Z","level":"info","event":" Previous state of the Task instance: TaskInstanceState.RUNNING","logger":"task.stdout"}
{"timestamp":"2026-07-03T14:56:36.644190Z","level":"info","event":"Task operator:<Task(_PythonDecoratedOperator): process_batch_task>","logger":"task.stdout"}
{"timestamp":"2026-07-03T14:56:36.641675Z","level":"info","event":"::endgroup::","try_number":1,"dag_id":"vehicle_batch_pipeline","map_index":2,"run_id":"manual__2026-07-03T14:56:28.893157+00:00","task_id":"process_batch_task","ti_id":"019f287b-3b9a-7440-8a7f-e13df4b36c68","logger":"task","filename":"task_runner.py","lineno":1896}
