{"timestamp":"2026-07-05T08:47:29.181955Z","level":"info","event":"::group::Pre Execute","logger":"task","filename":"task_runner.py","lineno":1926}
{"timestamp":"2026-07-05T08:47:29.622342Z","level":"info","event":"DAG bundles loaded: dags-folder, example_dags","dag_id":"vehicle_batch_pipeline","ti_id":"019f3175-ec47-7efe-a22f-7ae39956cd56","try_number":1,"task_id":"process_batch_task","map_index":0,"run_id":"manual__2026-07-05T08:47:19.525395+00:00","logger":"airflow.dag_processing.bundles.manager.DagBundlesManager","filename":"manager.py","lineno":209}
{"timestamp":"2026-07-05T08:47:29.624261Z","level":"info","event":"Filling up the DagBag from /opt/airflow/dags/vehicle_pipeline.py","dag_id":"vehicle_batch_pipeline","ti_id":"019f3175-ec47-7efe-a22f-7ae39956cd56","try_number":1,"task_id":"process_batch_task","map_index":0,"run_id":"manual__2026-07-05T08:47:19.525395+00:00","logger":"airflow.dag_processing.dagbag.BundleDagBag","filename":"dagbag.py","lineno":469}
{"timestamp":"2026-07-05T08:47:29.730377Z","level":"warning","event":"Using Variable.get from `airflow.models` is deprecated.Please use `get` on Variable from sdk(`airflow.sdk.Variable`) instead","category":"UserWarning","filename":"/home/airflow/.local/lib/python3.13/site-packages/airflow/models/variable.py","lineno":159,"dag_id":"vehicle_batch_pipeline","ti_id":"019f3175-ec47-7efe-a22f-7ae39956cd56","try_number":1,"task_id":"process_batch_task","map_index":0,"run_id":"manual__2026-07-05T08:47:19.525395+00:00","logger":"py.warnings"}
{"timestamp":"2026-07-05T08:47:29.763193Z","level":"info","event":"Task instance is in running state","logger":"task.stdout"}
{"timestamp":"2026-07-05T08:47:29.764163Z","level":"info","event":" Previous state of the Task instance: TaskInstanceState.QUEUED","logger":"task.stdout"}
{"timestamp":"2026-07-05T08:47:29.764767Z","level":"info","event":"Current task name:process_batch_task","logger":"task.stdout"}
{"timestamp":"2026-07-05T08:47:29.765224Z","level":"info","event":"Dag name:vehicle_batch_pipeline","logger":"task.stdout"}
{"timestamp":"2026-07-05T08:47:29.763921Z","level":"info","event":"::endgroup::","dag_id":"vehicle_batch_pipeline","ti_id":"019f3175-ec47-7efe-a22f-7ae39956cd56","try_number":1,"task_id":"process_batch_task","map_index":0,"run_id":"manual__2026-07-05T08:47:19.525395+00:00","logger":"task","filename":"task_runner.py","lineno":1727}
{"timestamp":"2026-07-05T08:47:29.765809Z","level":"info","event":"Processing batch_1.csv","logger":"scripts.process_batch","dag_id":"vehicle_batch_pipeline","ti_id":"019f3175-ec47-7efe-a22f-7ae39956cd56","try_number":1,"task_id":"process_batch_task","map_index":0,"run_id":"manual__2026-07-05T08:47:19.525395+00:00","filename":"process_batch.py","lineno":14}
{"timestamp":"2026-07-05T08:47:29.766829Z","level":"error","event":"2026-07-05 08:47:29,765 | INFO | Processing batch_1.csv","logger":"task.stderr"}
{"timestamp":"2026-07-05T08:47:29.774592Z","level":"error","event":"2026-07-05 08:47:29,774 | INFO | Rows = 2","logger":"task.stderr"}
{"timestamp":"2026-07-05T08:47:29.774533Z","level":"info","event":"Rows = 2","logger":"scripts.process_batch","dag_id":"vehicle_batch_pipeline","ti_id":"019f3175-ec47-7efe-a22f-7ae39956cd56","try_number":1,"task_id":"process_batch_task","map_index":0,"run_id":"manual__2026-07-05T08:47:19.525395+00:00","filename":"process_batch.py","lineno":18}
{"timestamp":"2026-07-05T08:47:29.774775Z","level":"warning","event":"Using Variable.get from `airflow.models` is deprecated.Please use `get` on Variable from sdk(`airflow.sdk.Variable`) instead","category":"DeprecationWarning","filename":"/home/airflow/.local/lib/python3.13/site-packages/airflow/models/variable.py","lineno":159,"dag_id":"vehicle_batch_pipeline","ti_id":"019f3175-ec47-7efe-a22f-7ae39956cd56","try_number":1,"task_id":"process_batch_task","map_index":0,"run_id":"manual__2026-07-05T08:47:19.525395+00:00","logger":"py.warnings"}
{"timestamp":"2026-07-05T08:47:29.782980Z","level":"warning","event":"Skipping masking for a secret as it's too short (<5 chars)","logger":"airflow._shared.secrets_masker.secrets_masker","dag_id":"vehicle_batch_pipeline","ti_id":"019f3175-ec47-7efe-a22f-7ae39956cd56","try_number":1,"task_id":"process_batch_task","map_index":0,"run_id":"manual__2026-07-05T08:47:19.525395+00:00","filename":"secrets_masker.py","lineno":590}
{"timestamp":"2026-07-05T08:47:29.783184Z","level":"info","event":"Valuation Enabled = True","logger":"scripts.process_batch","dag_id":"vehicle_batch_pipeline","ti_id":"019f3175-ec47-7efe-a22f-7ae39956cd56","try_number":1,"task_id":"process_batch_task","map_index":0,"run_id":"manual__2026-07-05T08:47:19.525395+00:00","filename":"process_batch.py","lineno":30}
{"timestamp":"2026-07-05T08:47:29.784488Z","level":"error","event":"2026-07-05 08:47:29,783 | INFO | Valuation Enabled = True","logger":"task.stderr"}
{"timestamp":"2026-07-05T08:47:29.784596Z","level":"info","event":"Using environment: staging","logger":"scripts.api_client","filename":"api_client.py","lineno":19}
{"timestamp":"2026-07-05T08:47:29.784777Z","level":"info","event":"Calling URL: http://host.docker.internal:8000/rc","logger":"scripts.api_client","filename":"api_client.py","lineno":20}
{"timestamp":"2026-07-05T08:47:29.788272Z","level":"error","event":"2026-07-05 08:47:29,784 | INFO | Using environment: staging","logger":"task.stderr"}
{"timestamp":"2026-07-05T08:47:29.788736Z","level":"error","event":"2026-07-05 08:47:29,784 | INFO | Calling URL: http://host.docker.internal:8000/rc","logger":"task.stderr"}
{"timestamp":"2026-07-05T08:47:29.789169Z","level":"error","event":"2026-07-05 08:47:29,786 | INFO | Using environment: staging","logger":"task.stderr"}
{"timestamp":"2026-07-05T08:47:29.789692Z","level":"error","event":"2026-07-05 08:47:29,786 | INFO | Calling URL: http://host.docker.internal:8000/fastag","logger":"task.stderr"}
{"timestamp":"2026-07-05T08:47:29.790116Z","level":"error","event":"2026-07-05 08:47:29,787 | INFO | Using environment: staging","logger":"task.stderr"}
{"timestamp":"2026-07-05T08:47:29.790568Z","level":"error","event":"2026-07-05 08:47:29,787 | INFO | Calling URL: http://host.docker.internal:8000/vrn","logger":"task.stderr"}
{"timestamp":"2026-07-05T08:47:29.786553Z","level":"info","event":"Using environment: staging","logger":"scripts.api_client","filename":"api_client.py","lineno":19}
{"timestamp":"2026-07-05T08:47:29.786706Z","level":"info","event":"Calling URL: http://host.docker.internal:8000/fastag","logger":"scripts.api_client","filename":"api_client.py","lineno":20}
{"timestamp":"2026-07-05T08:47:29.787336Z","level":"info","event":"Using environment: staging","logger":"scripts.api_client","filename":"api_client.py","lineno":19}
{"timestamp":"2026-07-05T08:47:29.787474Z","level":"info","event":"Calling URL: http://host.docker.internal:8000/vrn","logger":"scripts.api_client","filename":"api_client.py","lineno":20}
{"timestamp":"2026-07-05T08:47:29.788306Z","level":"info","event":"Using environment: staging","logger":"scripts.api_client","filename":"api_client.py","lineno":19}
{"timestamp":"2026-07-05T08:47:29.788442Z","level":"info","event":"Calling URL: http://host.docker.internal:8000/valuation","logger":"scripts.api_client","filename":"api_client.py","lineno":20}
{"timestamp":"2026-07-05T08:47:29.794884Z","level":"error","event":"2026-07-05 08:47:29,788 | INFO | Using environment: staging","logger":"task.stderr"}
{"timestamp":"2026-07-05T08:47:29.795488Z","level":"error","event":"2026-07-05 08:47:29,788 | INFO | Calling URL: http://host.docker.internal:8000/valuation","logger":"task.stderr"}
{"timestamp":"2026-07-05T08:47:29.798458Z","level":"error","event":"2026-07-05 08:47:29,798 | WARNING | Retrying scripts.api_client.post in 1 seconds as it raised ConnectionError: HTTPConnectionPool(host='host.docker.internal', port=8000): Max retries exceeded with url: /fastag (Caused by NewConnectionError(\"HTTPConnection(host='host.docker.internal', port=8000): Failed to establish a new connection: [Errno 101] Network is unreachable\")).","logger":"task.stderr"}
{"timestamp":"2026-07-05T08:47:29.799335Z","level":"error","event":"2026-07-05 08:47:29,798 | WARNING | Retrying scripts.api_client.post in 1 seconds as it raised ConnectionError: HTTPConnectionPool(host='host.docker.internal', port=8000): Max retries exceeded with url: /rc (Caused by NewConnectionError(\"HTTPConnection(host='host.docker.internal', port=8000): Failed to establish a new connection: [Errno 101] Network is unreachable\")).","logger":"task.stderr"}
{"timestamp":"2026-07-05T08:47:29.798442Z","level":"warning","event":"Retrying scripts.api_client.post in 1 seconds as it raised ConnectionError: HTTPConnectionPool(host='host.docker.internal', port=8000): Max retries exceeded with url: /fastag (Caused by NewConnectionError(\"HTTPConnection(host='host.docker.internal', port=8000): Failed to establish a new connection: [Errno 101] Network is unreachable\")).","logger":"scripts.api_client","filename":"before_sleep.py","lineno":64}
{"timestamp":"2026-07-05T08:47:29.798933Z","level":"warning","event":"Retrying scripts.api_client.post in 1 seconds as it raised ConnectionError: HTTPConnectionPool(host='host.docker.internal', port=8000): Max retries exceeded with url: /rc (Caused by NewConnectionError(\"HTTPConnection(host='host.docker.internal', port=8000): Failed to establish a new connection: [Errno 101] Network is unreachable\")).","logger":"scripts.api_client","filename":"before_sleep.py","lineno":64}
{"timestamp":"2026-07-05T08:47:29.799660Z","level":"warning","event":"Retrying scripts.api_client.post in 1 seconds as it raised ConnectionError: HTTPConnectionPool(host='host.docker.internal', port=8000): Max retries exceeded with url: /valuation (Caused by NewConnectionError(\"HTTPConnection(host='host.docker.internal', port=8000): Failed to establish a new connection: [Errno 101] Network is unreachable\")).","logger":"scripts.api_client","filename":"before_sleep.py","lineno":64}
{"timestamp":"2026-07-05T08:47:29.801274Z","level":"error","event":"2026-07-05 08:47:29,799 | WARNING | Retrying scripts.api_client.post in 1 seconds as it raised ConnectionError: HTTPConnectionPool(host='host.docker.internal', port=8000): Max retries exceeded with url: /valuation (Caused by NewConnectionError(\"HTTPConnection(host='host.docker.internal', port=8000): Failed to establish a new connection: [Errno 101] Network is unreachable\")).","logger":"task.stderr"}
{"timestamp":"2026-07-05T08:47:29.801721Z","level":"error","event":"2026-07-05 08:47:29,799 | WARNING | Retrying scripts.api_client.post in 1 seconds as it raised ConnectionError: HTTPConnectionPool(host='host.docker.internal', port=8000): Max retries exceeded with url: /vrn (Caused by NewConnectionError(\"HTTPConnection(host='host.docker.internal', port=8000): Failed to establish a new connection: [Errno 101] Network is unreachable\")).","logger":"task.stderr"}
{"timestamp":"2026-07-05T08:47:29.799837Z","level":"warning","event":"Retrying scripts.api_client.post in 1 seconds as it raised ConnectionError: HTTPConnectionPool(host='host.docker.internal', port=8000): Max retries exceeded with url: /vrn (Caused by NewConnectionError(\"HTTPConnection(host='host.docker.internal', port=8000): Failed to establish a new connection: [Errno 101] Network is unreachable\")).","logger":"scripts.api_client","filename":"before_sleep.py","lineno":64}
{"timestamp":"2026-07-05T08:47:30.799087Z","level":"error","event":"2026-07-05 08:47:30,798 | INFO | Using environment: staging","logger":"task.stderr"}
{"timestamp":"2026-07-05T08:47:30.800382Z","level":"error","event":"2026-07-05 08:47:30,799 | INFO | Calling URL: http://host.docker.internal:8000/fastag","logger":"task.stderr"}
{"timestamp":"2026-07-05T08:47:30.801727Z","level":"error","event":"2026-07-05 08:47:30,799 | INFO | Using environment: staging","logger":"task.stderr"}
{"timestamp":"2026-07-05T08:47:30.802415Z","level":"error","event":"2026-07-05 08:47:30,800 | INFO | Calling URL: http://host.docker.internal:8000/rc","logger":"task.stderr"}
{"timestamp":"2026-07-05T08:47:30.799004Z","level":"info","event":"Using environment: staging","logger":"scripts.api_client","filename":"api_client.py","lineno":19}
{"timestamp":"2026-07-05T08:47:30.799290Z","level":"info","event":"Calling URL: http://host.docker.internal:8000/fastag","logger":"scripts.api_client","filename":"api_client.py","lineno":20}
{"timestamp":"2026-07-05T08:47:30.799891Z","level":"info","event":"Using environment: staging","logger":"scripts.api_client","filename":"api_client.py","lineno":19}
{"timestamp":"2026-07-05T08:47:30.800177Z","level":"info","event":"Calling URL: http://host.docker.internal:8000/rc","logger":"scripts.api_client","filename":"api_client.py","lineno":20}
{"timestamp":"2026-07-05T08:47:30.801339Z","level":"info","event":"Using environment: staging","logger":"scripts.api_client","filename":"api_client.py","lineno":19}
{"timestamp":"2026-07-05T08:47:30.801507Z","level":"info","event":"Calling URL: http://host.docker.internal:8000/vrn","logger":"scripts.api_client","filename":"api_client.py","lineno":20}
{"timestamp":"2026-07-05T08:47:30.808086Z","level":"error","event":"2026-07-05 08:47:30,801 | INFO | Using environment: staging","logger":"task.stderr"}
{"timestamp":"2026-07-05T08:47:30.808680Z","level":"error","event":"2026-07-05 08:47:30,801 | INFO | Calling URL: http://host.docker.internal:8000/vrn","logger":"task.stderr"}
{"timestamp":"2026-07-05T08:47:30.809253Z","level":"error","event":"2026-07-05 08:47:30,803 | INFO | Using environment: staging","logger":"task.stderr"}
{"timestamp":"2026-07-05T08:47:30.809785Z","level":"error","event":"2026-07-05 08:47:30,803 | INFO | Calling URL: http://host.docker.internal:8000/valuation","logger":"task.stderr"}
{"timestamp":"2026-07-05T08:47:30.803595Z","level":"info","event":"Using environment: staging","logger":"scripts.api_client","filename":"api_client.py","lineno":19}
{"timestamp":"2026-07-05T08:47:30.803779Z","level":"info","event":"Calling URL: http://host.docker.internal:8000/valuation","logger":"scripts.api_client","filename":"api_client.py","lineno":20}
{"timestamp":"2026-07-05T08:47:30.808703Z","level":"warning","event":"Retrying scripts.api_client.post in 2 seconds as it raised ConnectionError: HTTPConnectionPool(host='host.docker.internal', port=8000): Max retries exceeded with url: /rc (Caused by NewConnectionError(\"HTTPConnection(host='host.docker.internal', port=8000): Failed to establish a new connection: [Errno 101] Network is unreachable\")).","logger":"scripts.api_client","filename":"before_sleep.py","lineno":64}
{"timestamp":"2026-07-05T08:47:30.809274Z","level":"warning","event":"Retrying scripts.api_client.post in 2 seconds as it raised ConnectionError: HTTPConnectionPool(host='host.docker.internal', port=8000): Max retries exceeded with url: /fastag (Caused by NewConnectionError(\"HTTPConnection(host='host.docker.internal', port=8000): Failed to establish a new connection: [Errno 101] Network is unreachable\")).","logger":"scripts.api_client","filename":"before_sleep.py","lineno":64}
{"timestamp":"2026-07-05T08:47:30.810052Z","level":"warning","event":"Retrying scripts.api_client.post in 2 seconds as it raised ConnectionError: HTTPConnectionPool(host='host.docker.internal', port=8000): Max retries exceeded with url: /vrn (Caused by NewConnectionError(\"HTTPConnection(host='host.docker.internal', port=8000): Failed to establish a new connection: [Errno 101] Network is unreachable\")).","logger":"scripts.api_client","filename":"before_sleep.py","lineno":64}
{"timestamp":"2026-07-05T08:47:30.812780Z","level":"error","event":"2026-07-05 08:47:30,808 | WARNING | Retrying scripts.api_client.post in 2 seconds as it raised ConnectionError: HTTPConnectionPool(host='host.docker.internal', port=8000): Max retries exceeded with url: /rc (Caused by NewConnectionError(\"HTTPConnection(host='host.docker.internal', port=8000): Failed to establish a new connection: [Errno 101] Network is unreachable\")).","logger":"task.stderr"}
{"timestamp":"2026-07-05T08:47:30.813233Z","level":"error","event":"2026-07-05 08:47:30,809 | WARNING | Retrying scripts.api_client.post in 2 seconds as it raised ConnectionError: HTTPConnectionPool(host='host.docker.internal', port=8000): Max retries exceeded with url: /fastag (Caused by NewConnectionError(\"HTTPConnection(host='host.docker.internal', port=8000): Failed to establish a new connection: [Errno 101] Network is unreachable\")).","logger":"task.stderr"}
{"timestamp":"2026-07-05T08:47:30.813763Z","level":"error","event":"2026-07-05 08:47:30,809 | WARNING | Retrying scripts.api_client.post in 2 seconds as it raised ConnectionError: HTTPConnectionPool(host='host.docker.internal', port=8000): Max retries exceeded with url: /vrn (Caused by NewConnectionError(\"HTTPConnection(host='host.docker.internal', port=8000): Failed to establish a new connection: [Errno 101] Network is unreachable\")).","logger":"task.stderr"}
{"timestamp":"2026-07-05T08:47:30.814270Z","level":"error","event":"2026-07-05 08:47:30,809 | WARNING | Retrying scripts.api_client.post in 2 seconds as it raised ConnectionError: HTTPConnectionPool(host='host.docker.internal', port=8000): Max retries exceeded with url: /valuation (Caused by NewConnectionError(\"HTTPConnection(host='host.docker.internal', port=8000): Failed to establish a new connection: [Errno 101] Network is unreachable\")).","logger":"task.stderr"}
{"timestamp":"2026-07-05T08:47:30.810230Z","level":"warning","event":"Retrying scripts.api_client.post in 2 seconds as it raised ConnectionError: HTTPConnectionPool(host='host.docker.internal', port=8000): Max retries exceeded with url: /valuation (Caused by NewConnectionError(\"HTTPConnection(host='host.docker.internal', port=8000): Failed to establish a new connection: [Errno 101] Network is unreachable\")).","logger":"scripts.api_client","filename":"before_sleep.py","lineno":64}
{"timestamp":"2026-07-05T08:47:32.809393Z","level":"error","event":"2026-07-05 08:47:32,809 | INFO | Using environment: staging","logger":"task.stderr"}
{"timestamp":"2026-07-05T08:47:32.811567Z","level":"error","event":"2026-07-05 08:47:32,809 | INFO | Calling URL: http://host.docker.internal:8000/rc","logger":"task.stderr"}
{"timestamp":"2026-07-05T08:47:32.812422Z","level":"error","event":"2026-07-05 08:47:32,810 | INFO | Using environment: staging","logger":"task.stderr"}
{"timestamp":"2026-07-05T08:47:32.813182Z","level":"error","event":"2026-07-05 08:47:32,810 | INFO | Calling URL: http://host.docker.internal:8000/fastag","logger":"task.stderr"}
{"timestamp":"2026-07-05T08:47:32.813751Z","level":"error","event":"2026-07-05 08:47:32,811 | INFO | Using environment: staging","logger":"task.stderr"}
{"timestamp":"2026-07-05T08:47:32.814333Z","level":"error","event":"2026-07-05 08:47:32,811 | INFO | Calling URL: http://host.docker.internal:8000/vrn","logger":"task.stderr"}
{"timestamp":"2026-07-05T08:47:32.809324Z","level":"info","event":"Using environment: staging","logger":"scripts.api_client","filename":"api_client.py","lineno":19}
{"timestamp":"2026-07-05T08:47:32.809492Z","level":"info","event":"Calling URL: http://host.docker.internal:8000/rc","logger":"scripts.api_client","filename":"api_client.py","lineno":20}
{"timestamp":"2026-07-05T08:47:32.810707Z","level":"info","event":"Using environment: staging","logger":"scripts.api_client","filename":"api_client.py","lineno":19}
{"timestamp":"2026-07-05T08:47:32.810863Z","level":"info","event":"Calling URL: http://host.docker.internal:8000/fastag","logger":"scripts.api_client","filename":"api_client.py","lineno":20}
{"timestamp":"2026-07-05T08:47:32.811181Z","level":"info","event":"Using environment: staging","logger":"scripts.api_client","filename":"api_client.py","lineno":19}
{"timestamp":"2026-07-05T08:47:32.811273Z","level":"info","event":"Calling URL: http://host.docker.internal:8000/vrn","logger":"scripts.api_client","filename":"api_client.py","lineno":20}
{"timestamp":"2026-07-05T08:47:32.812651Z","level":"info","event":"Using environment: staging","logger":"scripts.api_client","filename":"api_client.py","lineno":19}
{"timestamp":"2026-07-05T08:47:32.812800Z","level":"info","event":"Calling URL: http://host.docker.internal:8000/valuation","logger":"scripts.api_client","filename":"api_client.py","lineno":20}
{"timestamp":"2026-07-05T08:47:32.818677Z","level":"error","event":"2026-07-05 08:47:32,812 | INFO | Using environment: staging","logger":"task.stderr"}
{"timestamp":"2026-07-05T08:47:32.819110Z","level":"error","event":"2026-07-05 08:47:32,812 | INFO | Calling URL: http://host.docker.internal:8000/valuation","logger":"task.stderr"}
{"timestamp":"2026-07-05T08:47:32.825277Z","level":"error","event":"2026-07-05 08:47:32,825 | ERROR | RC failed for Vehicle V001: HTTPConnectionPool(host='host.docker.internal', port=8000): Max retries exceeded with url: /rc (Caused by NewConnectionError(\"HTTPConnection(host='host.docker.internal', port=8000): Failed to establish a new connection: [Errno 101] Network is unreachable\"))","logger":"task.stderr"}
{"timestamp":"2026-07-05T08:47:32.825876Z","level":"error","event":"2026-07-05 08:47:32,825 | ERROR | FASTag failed for Vehicle V001: HTTPConnectionPool(host='host.docker.internal', port=8000): Max retries exceeded with url: /fastag (Caused by NewConnectionError(\"HTTPConnection(host='host.docker.internal', port=8000): Failed to establish a new connection: [Errno 101] Network is unreachable\"))","logger":"task.stderr"}
{"timestamp":"2026-07-05T08:47:32.826868Z","level":"error","event":"2026-07-05 08:47:32,825 | ERROR | VRN failed for Vehicle V001: HTTPConnectionPool(host='host.docker.internal', port=8000): Max retries exceeded with url: /vrn (Caused by NewConnectionError(\"HTTPConnection(host='host.docker.internal', port=8000): Failed to establish a new connection: [Errno 101] Network is unreachable\"))","logger":"task.stderr"}
{"timestamp":"2026-07-05T08:47:32.827339Z","level":"error","event":"2026-07-05 08:47:32,825 | ERROR | Valuation failed for Vehicle V001: HTTPConnectionPool(host='host.docker.internal', port=8000): Max retries exceeded with url: /valuation (Caused by NewConnectionError(\"HTTPConnection(host='host.docker.internal', port=8000): Failed to establish a new connection: [Errno 101] Network is unreachable\"))","logger":"task.stderr"}
{"timestamp":"2026-07-05T08:47:32.825251Z","level":"error","event":"RC failed for Vehicle V001: HTTPConnectionPool(host='host.docker.internal', port=8000): Max retries exceeded with url: /rc (Caused by NewConnectionError(\"HTTPConnection(host='host.docker.internal', port=8000): Failed to establish a new connection: [Errno 101] Network is unreachable\"))","logger":"utils.error_handler","dag_id":"vehicle_batch_pipeline","ti_id":"019f3175-ec47-7efe-a22f-7ae39956cd56","try_number":1,"task_id":"process_batch_task","map_index":0,"run_id":"manual__2026-07-05T08:47:19.525395+00:00","filename":"error_handler.py","lineno":7}
{"timestamp":"2026-07-05T08:47:32.825432Z","level":"error","event":"FASTag failed for Vehicle V001: HTTPConnectionPool(host='host.docker.internal', port=8000): Max retries exceeded with url: /fastag (Caused by NewConnectionError(\"HTTPConnection(host='host.docker.internal', port=8000): Failed to establish a new connection: [Errno 101] Network is unreachable\"))","logger":"utils.error_handler","dag_id":"vehicle_batch_pipeline","ti_id":"019f3175-ec47-7efe-a22f-7ae39956cd56","try_number":1,"task_id":"process_batch_task","map_index":0,"run_id":"manual__2026-07-05T08:47:19.525395+00:00","filename":"error_handler.py","lineno":7}
{"timestamp":"2026-07-05T08:47:32.825528Z","level":"error","event":"VRN failed for Vehicle V001: HTTPConnectionPool(host='host.docker.internal', port=8000): Max retries exceeded with url: /vrn (Caused by NewConnectionError(\"HTTPConnection(host='host.docker.internal', port=8000): Failed to establish a new connection: [Errno 101] Network is unreachable\"))","logger":"utils.error_handler","dag_id":"vehicle_batch_pipeline","ti_id":"019f3175-ec47-7efe-a22f-7ae39956cd56","try_number":1,"task_id":"process_batch_task","map_index":0,"run_id":"manual__2026-07-05T08:47:19.525395+00:00","filename":"error_handler.py","lineno":7}
{"timestamp":"2026-07-05T08:47:32.825643Z","level":"error","event":"Valuation failed for Vehicle V001: HTTPConnectionPool(host='host.docker.internal', port=8000): Max retries exceeded with url: /valuation (Caused by NewConnectionError(\"HTTPConnection(host='host.docker.internal', port=8000): Failed to establish a new connection: [Errno 101] Network is unreachable\"))","logger":"utils.error_handler","dag_id":"vehicle_batch_pipeline","ti_id":"019f3175-ec47-7efe-a22f-7ae39956cd56","try_number":1,"task_id":"process_batch_task","map_index":0,"run_id":"manual__2026-07-05T08:47:19.525395+00:00","filename":"error_handler.py","lineno":7}
{"timestamp":"2026-07-05T08:47:32.827197Z","level":"info","event":"Using environment: staging","logger":"scripts.api_client","filename":"api_client.py","lineno":19}
{"timestamp":"2026-07-05T08:47:32.827396Z","level":"info","event":"Using environment: staging","logger":"scripts.api_client","filename":"api_client.py","lineno":19}
{"timestamp":"2026-07-05T08:47:32.827585Z","level":"info","event":"Calling URL: http://host.docker.internal:8000/rc","logger":"scripts.api_client","filename":"api_client.py","lineno":20}
{"timestamp":"2026-07-05T08:47:32.827859Z","level":"info","event":"Calling URL: http://host.docker.internal:8000/fastag","logger":"scripts.api_client","filename":"api_client.py","lineno":20}
{"timestamp":"2026-07-05T08:47:32.833026Z","level":"error","event":"2026-07-05 08:47:32,826 | INFO | Using environment: staging","logger":"task.stderr"}
{"timestamp":"2026-07-05T08:47:32.833455Z","level":"error","event":"2026-07-05 08:47:32,827 | INFO | Using environment: staging","logger":"task.stderr"}
{"timestamp":"2026-07-05T08:47:32.833842Z","level":"error","event":"2026-07-05 08:47:32,827 | INFO | Calling URL: http://host.docker.internal:8000/rc","logger":"task.stderr"}
{"timestamp":"2026-07-05T08:47:32.834225Z","level":"error","event":"2026-07-05 08:47:32,827 | INFO | Calling URL: http://host.docker.internal:8000/fastag","logger":"task.stderr"}
{"timestamp":"2026-07-05T08:47:32.834619Z","level":"error","event":"2026-07-05 08:47:32,829 | INFO | Using environment: staging","logger":"task.stderr"}
{"timestamp":"2026-07-05T08:47:32.835039Z","level":"error","event":"2026-07-05 08:47:32,829 | INFO | Calling URL: http://host.docker.internal:8000/vrn","logger":"task.stderr"}
{"timestamp":"2026-07-05T08:47:32.835463Z","level":"error","event":"2026-07-05 08:47:32,830 | INFO | Using environment: staging","logger":"task.stderr"}
{"timestamp":"2026-07-05T08:47:32.835868Z","level":"error","event":"2026-07-05 08:47:32,831 | INFO | Calling URL: http://host.docker.internal:8000/valuation","logger":"task.stderr"}
{"timestamp":"2026-07-05T08:47:32.829630Z","level":"info","event":"Using environment: staging","logger":"scripts.api_client","filename":"api_client.py","lineno":19}
{"timestamp":"2026-07-05T08:47:32.829806Z","level":"info","event":"Calling URL: http://host.docker.internal:8000/vrn","logger":"scripts.api_client","filename":"api_client.py","lineno":20}
{"timestamp":"2026-07-05T08:47:32.831132Z","level":"info","event":"Using environment: staging","logger":"scripts.api_client","filename":"api_client.py","lineno":19}
{"timestamp":"2026-07-05T08:47:32.831290Z","level":"info","event":"Calling URL: http://host.docker.internal:8000/valuation","logger":"scripts.api_client","filename":"api_client.py","lineno":20}
{"timestamp":"2026-07-05T08:47:32.838174Z","level":"info","event":"V001 processed in 3.04 sec","logger":"task.stdout"}
{"timestamp":"2026-07-05T08:47:32.840341Z","level":"error","event":"2026-07-05 08:47:32,840 | WARNING | Retrying scripts.api_client.post in 1 seconds as it raised ConnectionError: HTTPConnectionPool(host='host.docker.internal', port=8000): Max retries exceeded with url: /fastag (Caused by NewConnectionError(\"HTTPConnection(host='host.docker.internal', port=8000): Failed to establish a new connection: [Errno 101] Network is unreachable\")).","logger":"task.stderr"}
{"timestamp":"2026-07-05T08:47:32.841199Z","level":"error","event":"2026-07-05 08:47:32,840 | WARNING | Retrying scripts.api_client.post in 1 seconds as it raised ConnectionError: HTTPConnectionPool(host='host.docker.internal', port=8000): Max retries exceeded with url: /valuation (Caused by NewConnectionError(\"HTTPConnection(host='host.docker.internal', port=8000): Failed to establish a new connection: [Errno 101] Network is unreachable\")).","logger":"task.stderr"}
{"timestamp":"2026-07-05T08:47:32.840827Z","level":"warning","event":"Retrying scripts.api_client.post in 1 seconds as it raised ConnectionError: HTTPConnectionPool(host='host.docker.internal', port=8000): Max retries exceeded with url: /fastag (Caused by NewConnectionError(\"HTTPConnection(host='host.docker.internal', port=8000): Failed to establish a new connection: [Errno 101] Network is unreachable\")).","logger":"scripts.api_client","filename":"before_sleep.py","lineno":64}
{"timestamp":"2026-07-05T08:47:32.841098Z","level":"warning","event":"Retrying scripts.api_client.post in 1 seconds as it raised ConnectionError: HTTPConnectionPool(host='host.docker.internal', port=8000): Max retries exceeded with url: /valuation (Caused by NewConnectionError(\"HTTPConnection(host='host.docker.internal', port=8000): Failed to establish a new connection: [Errno 101] Network is unreachable\")).","logger":"scripts.api_client","filename":"before_sleep.py","lineno":64}
{"timestamp":"2026-07-05T08:47:32.841283Z","level":"warning","event":"Retrying scripts.api_client.post in 1 seconds as it raised ConnectionError: HTTPConnectionPool(host='host.docker.internal', port=8000): Max retries exceeded with url: /rc (Caused by NewConnectionError(\"HTTPConnection(host='host.docker.internal', port=8000): Failed to establish a new connection: [Errno 101] Network is unreachable\")).","logger":"scripts.api_client","filename":"before_sleep.py","lineno":64}
{"timestamp":"2026-07-05T08:47:32.841668Z","level":"warning","event":"Retrying scripts.api_client.post in 1 seconds as it raised ConnectionError: HTTPConnectionPool(host='host.docker.internal', port=8000): Max retries exceeded with url: /vrn (Caused by NewConnectionError(\"HTTPConnection(host='host.docker.internal', port=8000): Failed to establish a new connection: [Errno 101] Network is unreachable\")).","logger":"scripts.api_client","filename":"before_sleep.py","lineno":64}
{"timestamp":"2026-07-05T08:47:32.843853Z","level":"error","event":"2026-07-05 08:47:32,840 | WARNING | Retrying scripts.api_client.post in 1 seconds as it raised ConnectionError: HTTPConnectionPool(host='host.docker.internal', port=8000): Max retries exceeded with url: /rc (Caused by NewConnectionError(\"HTTPConnection(host='host.docker.internal', port=8000): Failed to establish a new connection: [Errno 101] Network is unreachable\")).","logger":"task.stderr"}
{"timestamp":"2026-07-05T08:47:32.844283Z","level":"error","event":"2026-07-05 08:47:32,841 | WARNING | Retrying scripts.api_client.post in 1 seconds as it raised ConnectionError: HTTPConnectionPool(host='host.docker.internal', port=8000): Max retries exceeded with url: /vrn (Caused by NewConnectionError(\"HTTPConnection(host='host.docker.internal', port=8000): Failed to establish a new connection: [Errno 101] Network is unreachable\")).","logger":"task.stderr"}
{"timestamp":"2026-07-05T08:47:33.841747Z","level":"error","event":"2026-07-05 08:47:33,841 | INFO | Using environment: staging","logger":"task.stderr"}
{"timestamp":"2026-07-05T08:47:33.842601Z","level":"error","event":"2026-07-05 08:47:33,841 | INFO | Using environment: staging","logger":"task.stderr"}
{"timestamp":"2026-07-05T08:47:33.843318Z","level":"error","event":"2026-07-05 08:47:33,841 | INFO | Calling URL: http://host.docker.internal:8000/valuation","logger":"task.stderr"}
{"timestamp":"2026-07-05T08:47:33.841513Z","level":"info","event":"Using environment: staging","logger":"scripts.api_client","filename":"api_client.py","lineno":19}
{"timestamp":"2026-07-05T08:47:33.841821Z","level":"info","event":"Using environment: staging","logger":"scripts.api_client","filename":"api_client.py","lineno":19}
{"timestamp":"2026-07-05T08:47:33.841943Z","level":"info","event":"Calling URL: http://host.docker.internal:8000/valuation","logger":"scripts.api_client","filename":"api_client.py","lineno":20}
{"timestamp":"2026-07-05T08:47:33.843495Z","level":"info","event":"Calling URL: http://host.docker.internal:8000/fastag","logger":"scripts.api_client","filename":"api_client.py","lineno":20}
{"timestamp":"2026-07-05T08:47:33.846898Z","level":"error","event":"2026-07-05 08:47:33,841 | INFO | Calling URL: http://host.docker.internal:8000/fastag","logger":"task.stderr"}
{"timestamp":"2026-07-05T08:47:33.847394Z","level":"error","event":"2026-07-05 08:47:33,845 | INFO | Using environment: staging","logger":"task.stderr"}
{"timestamp":"2026-07-05T08:47:33.848055Z","level":"error","event":"2026-07-05 08:47:33,845 | INFO | Calling URL: http://host.docker.internal:8000/rc","logger":"task.stderr"}
{"timestamp":"2026-07-05T08:47:33.845235Z","level":"info","event":"Using environment: staging","logger":"scripts.api_client","filename":"api_client.py","lineno":19}
{"timestamp":"2026-07-05T08:47:33.845416Z","level":"info","event":"Calling URL: http://host.docker.internal:8000/rc","logger":"scripts.api_client","filename":"api_client.py","lineno":20}
{"timestamp":"2026-07-05T08:47:33.847255Z","level":"info","event":"Using environment: staging","logger":"scripts.api_client","filename":"api_client.py","lineno":19}
{"timestamp":"2026-07-05T08:47:33.847432Z","level":"info","event":"Calling URL: http://host.docker.internal:8000/vrn","logger":"scripts.api_client","filename":"api_client.py","lineno":20}
{"timestamp":"2026-07-05T08:47:33.851575Z","level":"error","event":"2026-07-05 08:47:33,847 | INFO | Using environment: staging","logger":"task.stderr"}
{"timestamp":"2026-07-05T08:47:33.852332Z","level":"error","event":"2026-07-05 08:47:33,847 | INFO | Calling URL: http://host.docker.internal:8000/vrn","logger":"task.stderr"}
{"timestamp":"2026-07-05T08:47:33.852832Z","level":"error","event":"2026-07-05 08:47:33,849 | WARNING | Retrying scripts.api_client.post in 2 seconds as it raised ConnectionError: HTTPConnectionPool(host='host.docker.internal', port=8000): Max retries exceeded with url: /fastag (Caused by NewConnectionError(\"HTTPConnection(host='host.docker.internal', port=8000): Failed to establish a new connection: [Errno 101] Network is unreachable\")).","logger":"task.stderr"}
{"timestamp":"2026-07-05T08:47:33.853249Z","level":"error","event":"2026-07-05 08:47:33,851 | WARNING | Retrying scripts.api_client.post in 2 seconds as it raised ConnectionError: HTTPConnectionPool(host='host.docker.internal', port=8000): Max retries exceeded with url: /valuation (Caused by NewConnectionError(\"HTTPConnection(host='host.docker.internal', port=8000): Failed to establish a new connection: [Errno 101] Network is unreachable\")).","logger":"task.stderr"}
{"timestamp":"2026-07-05T08:47:33.849702Z","level":"warning","event":"Retrying scripts.api_client.post in 2 seconds as it raised ConnectionError: HTTPConnectionPool(host='host.docker.internal', port=8000): Max retries exceeded with url: /fastag (Caused by NewConnectionError(\"HTTPConnection(host='host.docker.internal', port=8000): Failed to establish a new connection: [Errno 101] Network is unreachable\")).","logger":"scripts.api_client","filename":"before_sleep.py","lineno":64}
{"timestamp":"2026-07-05T08:47:33.851274Z","level":"warning","event":"Retrying scripts.api_client.post in 2 seconds as it raised ConnectionError: HTTPConnectionPool(host='host.docker.internal', port=8000): Max retries exceeded with url: /valuation (Caused by NewConnectionError(\"HTTPConnection(host='host.docker.internal', port=8000): Failed to establish a new connection: [Errno 101] Network is unreachable\")).","logger":"scripts.api_client","filename":"before_sleep.py","lineno":64}
{"timestamp":"2026-07-05T08:47:33.851650Z","level":"warning","event":"Retrying scripts.api_client.post in 2 seconds as it raised ConnectionError: HTTPConnectionPool(host='host.docker.internal', port=8000): Max retries exceeded with url: /rc (Caused by NewConnectionError(\"HTTPConnection(host='host.docker.internal', port=8000): Failed to establish a new connection: [Errno 101] Network is unreachable\")).","logger":"scripts.api_client","filename":"before_sleep.py","lineno":64}
{"timestamp":"2026-07-05T08:47:33.853877Z","level":"warning","event":"Retrying scripts.api_client.post in 2 seconds as it raised ConnectionError: HTTPConnectionPool(host='host.docker.internal', port=8000): Max retries exceeded with url: /vrn (Caused by NewConnectionError(\"HTTPConnection(host='host.docker.internal', port=8000): Failed to establish a new connection: [Errno 101] Network is unreachable\")).","logger":"scripts.api_client","filename":"before_sleep.py","lineno":64}
{"timestamp":"2026-07-05T08:47:33.856038Z","level":"error","event":"2026-07-05 08:47:33,851 | WARNING | Retrying scripts.api_client.post in 2 seconds as it raised ConnectionError: HTTPConnectionPool(host='host.docker.internal', port=8000): Max retries exceeded with url: /rc (Caused by NewConnectionError(\"HTTPConnection(host='host.docker.internal', port=8000): Failed to establish a new connection: [Errno 101] Network is unreachable\")).","logger":"task.stderr"}
{"timestamp":"2026-07-05T08:47:33.856635Z","level":"error","event":"2026-07-05 08:47:33,853 | WARNING | Retrying scripts.api_client.post in 2 seconds as it raised ConnectionError: HTTPConnectionPool(host='host.docker.internal', port=8000): Max retries exceeded with url: /vrn (Caused by NewConnectionError(\"HTTPConnection(host='host.docker.internal', port=8000): Failed to establish a new connection: [Errno 101] Network is unreachable\")).","logger":"task.stderr"}
{"timestamp":"2026-07-05T08:47:35.850266Z","level":"error","event":"2026-07-05 08:47:35,849 | INFO | Using environment: staging","logger":"task.stderr"}
{"timestamp":"2026-07-05T08:47:35.862189Z","level":"error","event":"2026-07-05 08:47:35,850 | INFO | Calling URL: http://host.docker.internal:8000/fastag","logger":"task.stderr"}
{"timestamp":"2026-07-05T08:47:35.862849Z","level":"error","event":"2026-07-05 08:47:35,851 | INFO | Using environment: staging","logger":"task.stderr"}
{"timestamp":"2026-07-05T08:47:35.863283Z","level":"error","event":"2026-07-05 08:47:35,851 | INFO | Calling URL: http://host.docker.internal:8000/valuation","logger":"task.stderr"}
{"timestamp":"2026-07-05T08:47:35.863709Z","level":"error","event":"2026-07-05 08:47:35,851 | INFO | Using environment: staging","logger":"task.stderr"}
{"timestamp":"2026-07-05T08:47:35.864120Z","level":"error","event":"2026-07-05 08:47:35,852 | INFO | Calling URL: http://host.docker.internal:8000/rc","logger":"task.stderr"}
{"timestamp":"2026-07-05T08:47:35.864556Z","level":"error","event":"2026-07-05 08:47:35,854 | INFO | Using environment: staging","logger":"task.stderr"}
{"timestamp":"2026-07-05T08:47:35.864999Z","level":"error","event":"2026-07-05 08:47:35,854 | INFO | Calling URL: http://host.docker.internal:8000/vrn","logger":"task.stderr"}
{"timestamp":"2026-07-05T08:47:35.865429Z","level":"error","event":"2026-07-05 08:47:35,857 | ERROR | RC failed for Vehicle V002: HTTPConnectionPool(host='host.docker.internal', port=8000): Max retries exceeded with url: /rc (Caused by NewConnectionError(\"HTTPConnection(host='host.docker.internal', port=8000): Failed to establish a new connection: [Errno 101] Network is unreachable\"))","logger":"task.stderr"}
{"timestamp":"2026-07-05T08:47:35.865879Z","level":"error","event":"2026-07-05 08:47:35,857 | ERROR | FASTag failed for Vehicle V002: HTTPConnectionPool(host='host.docker.internal', port=8000): Max retries exceeded with url: /fastag (Caused by NewConnectionError(\"HTTPConnection(host='host.docker.internal', port=8000): Failed to establish a new connection: [Errno 101] Network is unreachable\"))","logger":"task.stderr"}
{"timestamp":"2026-07-05T08:47:35.866306Z","level":"error","event":"2026-07-05 08:47:35,858 | ERROR | VRN failed for Vehicle V002: HTTPConnectionPool(host='host.docker.internal', port=8000): Max retries exceeded with url: /vrn (Caused by NewConnectionError(\"HTTPConnection(host='host.docker.internal', port=8000): Failed to establish a new connection: [Errno 101] Network is unreachable\"))","logger":"task.stderr"}
{"timestamp":"2026-07-05T08:47:35.866721Z","level":"error","event":"2026-07-05 08:47:35,858 | ERROR | Valuation failed for Vehicle V002: HTTPConnectionPool(host='host.docker.internal', port=8000): Max retries exceeded with url: /valuation (Caused by NewConnectionError(\"HTTPConnection(host='host.docker.internal', port=8000): Failed to establish a new connection: [Errno 101] Network is unreachable\"))","logger":"task.stderr"}
{"timestamp":"2026-07-05T08:47:35.867154Z","level":"error","event":"2026-07-05 08:47:35,859 | INFO |","logger":"task.stderr"}
{"timestamp":"2026-07-05T08:47:35.867581Z","level":"error","event":"==========================","logger":"task.stderr"}
{"timestamp":"2026-07-05T08:47:35.867948Z","level":"error","event":"Batch Summary","logger":"task.stderr"}
{"timestamp":"2026-07-05T08:47:35.868283Z","level":"error","event":"==========================","logger":"task.stderr"}
{"timestamp":"2026-07-05T08:47:35.868666Z","level":"error","event":"Total Records : 2","logger":"task.stderr"}
{"timestamp":"2026-07-05T08:47:35.869008Z","level":"error","event":"Success : 2","logger":"task.stderr"}
{"timestamp":"2026-07-05T08:47:35.869361Z","level":"error","event":"Failed : 0","logger":"task.stderr"}
{"timestamp":"2026-07-05T08:47:35.869760Z","level":"error","event":"Success Rate : 100.0%","logger":"task.stderr"}
{"timestamp":"2026-07-05T08:47:35.870166Z","level":"error","event":"==========================","logger":"task.stderr"}
{"timestamp":"2026-07-05T08:47:35.850204Z","level":"info","event":"Using environment: staging","logger":"scripts.api_client","filename":"api_client.py","lineno":19}
{"timestamp":"2026-07-05T08:47:35.850381Z","level":"info","event":"Calling URL: http://host.docker.internal:8000/fastag","logger":"scripts.api_client","filename":"api_client.py","lineno":20}
{"timestamp":"2026-07-05T08:47:35.851608Z","level":"info","event":"Using environment: staging","logger":"scripts.api_client","filename":"api_client.py","lineno":19}
{"timestamp":"2026-07-05T08:47:35.851716Z","level":"info","event":"Calling URL: http://host.docker.internal:8000/valuation","logger":"scripts.api_client","filename":"api_client.py","lineno":20}
{"timestamp":"2026-07-05T08:47:35.852051Z","level":"info","event":"Using environment: staging","logger":"scripts.api_client","filename":"api_client.py","lineno":19}
{"timestamp":"2026-07-05T08:47:35.852243Z","level":"info","event":"Calling URL: http://host.docker.internal:8000/rc","logger":"scripts.api_client","filename":"api_client.py","lineno":20}
{"timestamp":"2026-07-05T08:47:35.854110Z","level":"info","event":"Using environment: staging","logger":"scripts.api_client","filename":"api_client.py","lineno":19}
{"timestamp":"2026-07-05T08:47:35.854348Z","level":"info","event":"Calling URL: http://host.docker.internal:8000/vrn","logger":"scripts.api_client","filename":"api_client.py","lineno":20}
{"timestamp":"2026-07-05T08:47:35.857800Z","level":"error","event":"RC failed for Vehicle V002: HTTPConnectionPool(host='host.docker.internal', port=8000): Max retries exceeded with url: /rc (Caused by NewConnectionError(\"HTTPConnection(host='host.docker.internal', port=8000): Failed to establish a new connection: [Errno 101] Network is unreachable\"))","logger":"utils.error_handler","dag_id":"vehicle_batch_pipeline","ti_id":"019f3175-ec47-7efe-a22f-7ae39956cd56","try_number":1,"task_id":"process_batch_task","map_index":0,"run_id":"manual__2026-07-05T08:47:19.525395+00:00","filename":"error_handler.py","lineno":7}
{"timestamp":"2026-07-05T08:47:35.858042Z","level":"error","event":"FASTag failed for Vehicle V002: HTTPConnectionPool(host='host.docker.internal', port=8000): Max retries exceeded with url: /fastag (Caused by NewConnectionError(\"HTTPConnection(host='host.docker.internal', port=8000): Failed to establish a new connection: [Errno 101] Network is unreachable\"))","logger":"utils.error_handler","dag_id":"vehicle_batch_pipeline","ti_id":"019f3175-ec47-7efe-a22f-7ae39956cd56","try_number":1,"task_id":"process_batch_task","map_index":0,"run_id":"manual__2026-07-05T08:47:19.525395+00:00","filename":"error_handler.py","lineno":7}
{"timestamp":"2026-07-05T08:47:35.858518Z","level":"error","event":"VRN failed for Vehicle V002: HTTPConnectionPool(host='host.docker.internal', port=8000): Max retries exceeded with url: /vrn (Caused by NewConnectionError(\"HTTPConnection(host='host.docker.internal', port=8000): Failed to establish a new connection: [Errno 101] Network is unreachable\"))","logger":"utils.error_handler","dag_id":"vehicle_batch_pipeline","ti_id":"019f3175-ec47-7efe-a22f-7ae39956cd56","try_number":1,"task_id":"process_batch_task","map_index":0,"run_id":"manual__2026-07-05T08:47:19.525395+00:00","filename":"error_handler.py","lineno":7}
{"timestamp":"2026-07-05T08:47:35.858656Z","level":"error","event":"Valuation failed for Vehicle V002: HTTPConnectionPool(host='host.docker.internal', port=8000): Max retries exceeded with url: /valuation (Caused by NewConnectionError(\"HTTPConnection(host='host.docker.internal', port=8000): Failed to establish a new connection: [Errno 101] Network is unreachable\"))","logger":"utils.error_handler","dag_id":"vehicle_batch_pipeline","ti_id":"019f3175-ec47-7efe-a22f-7ae39956cd56","try_number":1,"task_id":"process_batch_task","map_index":0,"run_id":"manual__2026-07-05T08:47:19.525395+00:00","filename":"error_handler.py","lineno":7}
{"timestamp":"2026-07-05T08:47:35.875934Z","level":"info","event":"V002 processed in 3.03 sec","logger":"task.stdout"}
{"timestamp":"2026-07-05T08:47:35.859703Z","level":"info","event":"\n==========================\nBatch Summary\n==========================\nTotal Records : 2\nSuccess : 2\nFailed : 0\nSuccess Rate : 100.0%\n==========================","logger":"scripts.process_batch","dag_id":"vehicle_batch_pipeline","ti_id":"019f3175-ec47-7efe-a22f-7ae39956cd56","try_number":1,"task_id":"process_batch_task","map_index":0,"run_id":"manual__2026-07-05T08:47:19.525395+00:00","filename":"process_batch.py","lineno":52}
{"timestamp":"2026-07-05T08:47:35.870405Z","level":"info","event":"Done. Returned value was:    year    brand  ...  status                                              error\n0  2022   Toyota  ...  FAILED  HTTPConnectionPool(host='host.docker.internal'...\n1  2021  Hyundai  ...  FAILED  HTTPConnectionPool(host='host.docker.internal'...\n\n[2 rows x 7 columns]","dag_id":"vehicle_batch_pipeline","ti_id":"019f3175-ec47-7efe-a22f-7ae39956cd56","try_number":1,"task_id":"process_batch_task","map_index":0,"run_id":"manual__2026-07-05T08:47:19.525395+00:00","logger":"airflow.task.operators.airflow.providers.standard.decorators.python._PythonDecoratedOperator","filename":"python.py","lineno":233}
{"timestamp":"2026-07-05T08:47:35.870588Z","level":"info","event":"::group::Post Execute","dag_id":"vehicle_batch_pipeline","ti_id":"019f3175-ec47-7efe-a22f-7ae39956cd56","try_number":1,"task_id":"process_batch_task","map_index":0,"run_id":"manual__2026-07-05T08:47:19.525395+00:00","logger":"task","filename":"task_runner.py","lineno":1288}
{"timestamp":"2026-07-05T08:47:35.870749Z","level":"info","event":"Pushing xcom","ti":"RuntimeTaskInstance(id=UUID('019f3175-ec47-7efe-a22f-7ae39956cd56'), task_id='process_batch_task', dag_id='vehicle_batch_pipeline', run_id='manual__2026-07-05T08:47:19.525395+00:00', try_number=1, dag_version_id=UUID('019f2c50-8b66-7475-9dae-822508d85766'), map_index=0, hostname='8e3d505c6688', context_carrier={'traceparent': '00-701adf5e91f68b920103eaf53cc433e6-6b01bf54e19914a4-01'}, task=<Task(_PythonDecoratedOperator): process_batch_task>, bundle_instance=LocalDagBundle(name=dags-folder), max_tries=2, start_date=datetime.datetime(2026, 7, 5, 8, 47, 29, 164236, tzinfo=datetime.timezone.utc), end_date=None, state=<TaskInstanceState.RUNNING: 'running'>, is_mapped=True, rendered_map_index=None, sentry_integration='')","dag_id":"vehicle_batch_pipeline","ti_id":"019f3175-ec47-7efe-a22f-7ae39956cd56","try_number":1,"task_id":"process_batch_task","map_index":0,"run_id":"manual__2026-07-05T08:47:19.525395+00:00","logger":"task","filename":"task_runner.py","lineno":1791}
{"timestamp":"2026-07-05T08:47:35.910802Z","level":"info","event":"Task instance in success state","logger":"task.stdout"}
{"timestamp":"2026-07-05T08:47:35.911450Z","level":"info","event":" Previous state of the Task instance: TaskInstanceState.RUNNING","logger":"task.stdout"}
{"timestamp":"2026-07-05T08:47:35.912069Z","level":"info","event":"Task operator:<Task(_PythonDecoratedOperator): process_batch_task>","logger":"task.stdout"}
{"timestamp":"2026-07-05T08:47:35.911152Z","level":"info","event":"::endgroup::","dag_id":"vehicle_batch_pipeline","ti_id":"019f3175-ec47-7efe-a22f-7ae39956cd56","try_number":1,"task_id":"process_batch_task","map_index":0,"run_id":"manual__2026-07-05T08:47:19.525395+00:00","logger":"task","filename":"task_runner.py","lineno":1896}
