{"timestamp":"2026-07-04T09:00:57.791613Z","level":"info","event":"::group::Pre Execute","logger":"task","filename":"task_runner.py","lineno":1926}
{"timestamp":"2026-07-04T09:00:58.142828Z","level":"info","event":"DAG bundles loaded: dags-folder, example_dags","task_id":"process_batch_task","map_index":0,"ti_id":"019f2c5b-f682-7a32-b2af-581ac80ab379","run_id":"manual__2026-07-04T09:00:51.557785+00:00","dag_id":"vehicle_batch_pipeline","try_number":1,"logger":"airflow.dag_processing.bundles.manager.DagBundlesManager","filename":"manager.py","lineno":209}
{"timestamp":"2026-07-04T09:00:58.144364Z","level":"info","event":"Filling up the DagBag from /opt/airflow/dags/vehicle_pipeline.py","task_id":"process_batch_task","map_index":0,"ti_id":"019f2c5b-f682-7a32-b2af-581ac80ab379","run_id":"manual__2026-07-04T09:00:51.557785+00:00","dag_id":"vehicle_batch_pipeline","try_number":1,"logger":"airflow.dag_processing.dagbag.BundleDagBag","filename":"dagbag.py","lineno":469}
{"timestamp":"2026-07-04T09:00:58.289938Z","level":"info","event":"Task instance is in running state","logger":"task.stdout"}
{"timestamp":"2026-07-04T09:00:58.290528Z","level":"info","event":" Previous state of the Task instance: TaskInstanceState.QUEUED","logger":"task.stdout"}
{"timestamp":"2026-07-04T09:00:58.291144Z","level":"info","event":"Current task name:process_batch_task","logger":"task.stdout"}
{"timestamp":"2026-07-04T09:00:58.291660Z","level":"info","event":"Dag name:vehicle_batch_pipeline","logger":"task.stdout"}
{"timestamp":"2026-07-04T09:00:58.290365Z","level":"info","event":"::endgroup::","task_id":"process_batch_task","map_index":0,"ti_id":"019f2c5b-f682-7a32-b2af-581ac80ab379","run_id":"manual__2026-07-04T09:00:51.557785+00:00","dag_id":"vehicle_batch_pipeline","try_number":1,"logger":"task","filename":"task_runner.py","lineno":1727}
{"timestamp":"2026-07-04T09:00:58.292184Z","level":"info","event":"Processing batch_1.csv","logger":"scripts.process_batch","task_id":"process_batch_task","map_index":0,"ti_id":"019f2c5b-f682-7a32-b2af-581ac80ab379","run_id":"manual__2026-07-04T09:00:51.557785+00:00","dag_id":"vehicle_batch_pipeline","try_number":1,"filename":"process_batch.py","lineno":13}
{"timestamp":"2026-07-04T09:00:58.293277Z","level":"error","event":"2026-07-04 09:00:58,292 | INFO | Processing batch_1.csv","logger":"task.stderr"}
{"timestamp":"2026-07-04T09:00:58.304068Z","level":"error","event":"2026-07-04 09:00:58,302 | INFO | Rows = 2","logger":"task.stderr"}
{"timestamp":"2026-07-04T09:00:58.303089Z","level":"info","event":"Rows = 2","logger":"scripts.process_batch","task_id":"process_batch_task","map_index":0,"ti_id":"019f2c5b-f682-7a32-b2af-581ac80ab379","run_id":"manual__2026-07-04T09:00:51.557785+00:00","dag_id":"vehicle_batch_pipeline","try_number":1,"filename":"process_batch.py","lineno":17}
{"timestamp":"2026-07-04T09:00:58.305216Z","level":"error","event":"2026-07-04 09:00:58,304 | INFO | Using environment: staging","logger":"task.stderr"}
{"timestamp":"2026-07-04T09:00:58.305834Z","level":"error","event":"2026-07-04 09:00:58,304 | INFO | Calling URL: http://host.docker.internal:8000/rc","logger":"task.stderr"}
{"timestamp":"2026-07-04T09:00:58.304548Z","level":"info","event":"Using environment: staging","logger":"scripts.api_client","filename":"api_client.py","lineno":19}
{"timestamp":"2026-07-04T09:00:58.304729Z","level":"info","event":"Calling URL: http://host.docker.internal:8000/rc","logger":"scripts.api_client","filename":"api_client.py","lineno":20}
{"timestamp":"2026-07-04T09:00:58.306187Z","level":"info","event":"Using environment: staging","logger":"scripts.api_client","filename":"api_client.py","lineno":19}
{"timestamp":"2026-07-04T09:00:58.308494Z","level":"error","event":"2026-07-04 09:00:58,306 | INFO | Using environment: staging","logger":"task.stderr"}
{"timestamp":"2026-07-04T09:00:58.308934Z","level":"error","event":"2026-07-04 09:00:58,306 | INFO | Calling URL: http://host.docker.internal:8000/fastag","logger":"task.stderr"}
{"timestamp":"2026-07-04T09:00:58.309420Z","level":"error","event":"2026-07-04 09:00:58,306 | INFO | Using environment: staging","logger":"task.stderr"}
{"timestamp":"2026-07-04T09:00:58.309946Z","level":"error","event":"2026-07-04 09:00:58,306 | INFO | Calling URL: http://host.docker.internal:8000/vrn","logger":"task.stderr"}
{"timestamp":"2026-07-04T09:00:58.310475Z","level":"error","event":"2026-07-04 09:00:58,307 | INFO | Using environment: staging","logger":"task.stderr"}
{"timestamp":"2026-07-04T09:00:58.310927Z","level":"error","event":"2026-07-04 09:00:58,308 | INFO | Calling URL: http://host.docker.internal:8000/valuation","logger":"task.stderr"}
{"timestamp":"2026-07-04T09:00:58.306338Z","level":"info","event":"Calling URL: http://host.docker.internal:8000/fastag","logger":"scripts.api_client","filename":"api_client.py","lineno":20}
{"timestamp":"2026-07-04T09:00:58.306911Z","level":"info","event":"Using environment: staging","logger":"scripts.api_client","filename":"api_client.py","lineno":19}
{"timestamp":"2026-07-04T09:00:58.307056Z","level":"info","event":"Calling URL: http://host.docker.internal:8000/vrn","logger":"scripts.api_client","filename":"api_client.py","lineno":20}
{"timestamp":"2026-07-04T09:00:58.307911Z","level":"info","event":"Using environment: staging","logger":"scripts.api_client","filename":"api_client.py","lineno":19}
{"timestamp":"2026-07-04T09:00:58.308065Z","level":"info","event":"Calling URL: http://host.docker.internal:8000/valuation","logger":"scripts.api_client","filename":"api_client.py","lineno":20}
{"timestamp":"2026-07-04T09:00:58.319243Z","level":"error","event":"2026-07-04 09:00:58,319 | WARNING | Retrying scripts.api_client.post in 1 seconds as it raised ConnectionError: HTTPConnectionPool(host='host.docker.internal', port=8000): Max retries exceeded with url: /fastag (Caused by NewConnectionError(\"HTTPConnection(host='host.docker.internal', port=8000): Failed to establish a new connection: [Errno 101] Network is unreachable\")).","logger":"task.stderr"}
{"timestamp":"2026-07-04T09:00:58.319798Z","level":"warning","event":"Retrying scripts.api_client.post in 1 seconds as it raised ConnectionError: HTTPConnectionPool(host='host.docker.internal', port=8000): Max retries exceeded with url: /fastag (Caused by NewConnectionError(\"HTTPConnection(host='host.docker.internal', port=8000): Failed to establish a new connection: [Errno 101] Network is unreachable\")).","logger":"scripts.api_client","filename":"before_sleep.py","lineno":64}
{"timestamp":"2026-07-04T09:00:58.320372Z","level":"warning","event":"Retrying scripts.api_client.post in 1 seconds as it raised ConnectionError: HTTPConnectionPool(host='host.docker.internal', port=8000): Max retries exceeded with url: /valuation (Caused by NewConnectionError(\"HTTPConnection(host='host.docker.internal', port=8000): Failed to establish a new connection: [Errno 101] Network is unreachable\")).","logger":"scripts.api_client","filename":"before_sleep.py","lineno":64}
{"timestamp":"2026-07-04T09:00:58.321337Z","level":"error","event":"2026-07-04 09:00:58,319 | WARNING | Retrying scripts.api_client.post in 1 seconds as it raised ConnectionError: HTTPConnectionPool(host='host.docker.internal', port=8000): Max retries exceeded with url: /valuation (Caused by NewConnectionError(\"HTTPConnection(host='host.docker.internal', port=8000): Failed to establish a new connection: [Errno 101] Network is unreachable\")).","logger":"task.stderr"}
{"timestamp":"2026-07-04T09:00:58.357021Z","level":"error","event":"2026-07-04 09:00:58,356 | WARNING | Retrying scripts.api_client.post in 1 seconds as it raised ConnectionError: HTTPConnectionPool(host='host.docker.internal', port=8000): Max retries exceeded with url: /rc (Caused by NewConnectionError(\"HTTPConnection(host='host.docker.internal', port=8000): Failed to establish a new connection: [Errno 101] Network is unreachable\")).","logger":"task.stderr"}
{"timestamp":"2026-07-04T09:00:58.356960Z","level":"warning","event":"Retrying scripts.api_client.post in 1 seconds as it raised ConnectionError: HTTPConnectionPool(host='host.docker.internal', port=8000): Max retries exceeded with url: /rc (Caused by NewConnectionError(\"HTTPConnection(host='host.docker.internal', port=8000): Failed to establish a new connection: [Errno 101] Network is unreachable\")).","logger":"scripts.api_client","filename":"before_sleep.py","lineno":64}
{"timestamp":"2026-07-04T09:00:58.368646Z","level":"error","event":"2026-07-04 09:00:58,366 | WARNING | Retrying scripts.api_client.post in 1 seconds as it raised ConnectionError: HTTPConnectionPool(host='host.docker.internal', port=8000): Max retries exceeded with url: /vrn (Caused by NewConnectionError(\"HTTPConnection(host='host.docker.internal', port=8000): Failed to establish a new connection: [Errno 101] Network is unreachable\")).","logger":"task.stderr"}
{"timestamp":"2026-07-04T09:00:58.366767Z","level":"warning","event":"Retrying scripts.api_client.post in 1 seconds as it raised ConnectionError: HTTPConnectionPool(host='host.docker.internal', port=8000): Max retries exceeded with url: /vrn (Caused by NewConnectionError(\"HTTPConnection(host='host.docker.internal', port=8000): Failed to establish a new connection: [Errno 101] Network is unreachable\")).","logger":"scripts.api_client","filename":"before_sleep.py","lineno":64}
{"timestamp":"2026-07-04T09:00:59.320242Z","level":"error","event":"2026-07-04 09:00:59,320 | INFO | Using environment: staging","logger":"task.stderr"}
{"timestamp":"2026-07-04T09:00:59.320816Z","level":"error","event":"2026-07-04 09:00:59,320 | INFO | Calling URL: http://host.docker.internal:8000/fastag","logger":"task.stderr"}
{"timestamp":"2026-07-04T09:00:59.320209Z","level":"info","event":"Using environment: staging","logger":"scripts.api_client","filename":"api_client.py","lineno":19}
{"timestamp":"2026-07-04T09:00:59.320381Z","level":"info","event":"Calling URL: http://host.docker.internal:8000/fastag","logger":"scripts.api_client","filename":"api_client.py","lineno":20}
{"timestamp":"2026-07-04T09:00:59.324326Z","level":"error","event":"2026-07-04 09:00:59,321 | INFO | Using environment: staging","logger":"task.stderr"}
{"timestamp":"2026-07-04T09:00:59.324878Z","level":"error","event":"2026-07-04 09:00:59,321 | INFO | Calling URL: http://host.docker.internal:8000/valuation","logger":"task.stderr"}
{"timestamp":"2026-07-04T09:00:59.321367Z","level":"info","event":"Using environment: staging","logger":"scripts.api_client","filename":"api_client.py","lineno":19}
{"timestamp":"2026-07-04T09:00:59.321467Z","level":"info","event":"Calling URL: http://host.docker.internal:8000/valuation","logger":"scripts.api_client","filename":"api_client.py","lineno":20}
{"timestamp":"2026-07-04T09:00:59.325461Z","level":"warning","event":"Retrying scripts.api_client.post in 2 seconds as it raised ConnectionError: HTTPConnectionPool(host='host.docker.internal', port=8000): Max retries exceeded with url: /fastag (Caused by NewConnectionError(\"HTTPConnection(host='host.docker.internal', port=8000): Failed to establish a new connection: [Errno 101] Network is unreachable\")).","logger":"scripts.api_client","filename":"before_sleep.py","lineno":64}
{"timestamp":"2026-07-04T09:00:59.327697Z","level":"error","event":"2026-07-04 09:00:59,325 | WARNING | Retrying scripts.api_client.post in 2 seconds as it raised ConnectionError: HTTPConnectionPool(host='host.docker.internal', port=8000): Max retries exceeded with url: /fastag (Caused by NewConnectionError(\"HTTPConnection(host='host.docker.internal', port=8000): Failed to establish a new connection: [Errno 101] Network is unreachable\")).","logger":"task.stderr"}
{"timestamp":"2026-07-04T09:00:59.328136Z","level":"error","event":"2026-07-04 09:00:59,325 | WARNING | Retrying scripts.api_client.post in 2 seconds as it raised ConnectionError: HTTPConnectionPool(host='host.docker.internal', port=8000): Max retries exceeded with url: /valuation (Caused by NewConnectionError(\"HTTPConnection(host='host.docker.internal', port=8000): Failed to establish a new connection: [Errno 101] Network is unreachable\")).","logger":"task.stderr"}
{"timestamp":"2026-07-04T09:00:59.325837Z","level":"warning","event":"Retrying scripts.api_client.post in 2 seconds as it raised ConnectionError: HTTPConnectionPool(host='host.docker.internal', port=8000): Max retries exceeded with url: /valuation (Caused by NewConnectionError(\"HTTPConnection(host='host.docker.internal', port=8000): Failed to establish a new connection: [Errno 101] Network is unreachable\")).","logger":"scripts.api_client","filename":"before_sleep.py","lineno":64}
{"timestamp":"2026-07-04T09:00:59.357475Z","level":"error","event":"2026-07-04 09:00:59,357 | INFO | Using environment: staging","logger":"task.stderr"}
{"timestamp":"2026-07-04T09:00:59.359193Z","level":"error","event":"2026-07-04 09:00:59,357 | INFO | Calling URL: http://host.docker.internal:8000/rc","logger":"task.stderr"}
{"timestamp":"2026-07-04T09:00:59.357432Z","level":"info","event":"Using environment: staging","logger":"scripts.api_client","filename":"api_client.py","lineno":19}
{"timestamp":"2026-07-04T09:00:59.357619Z","level":"info","event":"Calling URL: http://host.docker.internal:8000/rc","logger":"scripts.api_client","filename":"api_client.py","lineno":20}
{"timestamp":"2026-07-04T09:00:59.362522Z","level":"error","event":"2026-07-04 09:00:59,362 | WARNING | Retrying scripts.api_client.post in 2 seconds as it raised ConnectionError: HTTPConnectionPool(host='host.docker.internal', port=8000): Max retries exceeded with url: /rc (Caused by NewConnectionError(\"HTTPConnection(host='host.docker.internal', port=8000): Failed to establish a new connection: [Errno 101] Network is unreachable\")).","logger":"task.stderr"}
{"timestamp":"2026-07-04T09:00:59.362500Z","level":"warning","event":"Retrying scripts.api_client.post in 2 seconds as it raised ConnectionError: HTTPConnectionPool(host='host.docker.internal', port=8000): Max retries exceeded with url: /rc (Caused by NewConnectionError(\"HTTPConnection(host='host.docker.internal', port=8000): Failed to establish a new connection: [Errno 101] Network is unreachable\")).","logger":"scripts.api_client","filename":"before_sleep.py","lineno":64}
{"timestamp":"2026-07-04T09:00:59.367233Z","level":"error","event":"2026-07-04 09:00:59,367 | INFO | Using environment: staging","logger":"task.stderr"}
{"timestamp":"2026-07-04T09:00:59.367914Z","level":"error","event":"2026-07-04 09:00:59,367 | INFO | Calling URL: http://host.docker.internal:8000/vrn","logger":"task.stderr"}
{"timestamp":"2026-07-04T09:00:59.367210Z","level":"info","event":"Using environment: staging","logger":"scripts.api_client","filename":"api_client.py","lineno":19}
{"timestamp":"2026-07-04T09:00:59.367370Z","level":"info","event":"Calling URL: http://host.docker.internal:8000/vrn","logger":"scripts.api_client","filename":"api_client.py","lineno":20}
{"timestamp":"2026-07-04T09:00:59.372125Z","level":"error","event":"2026-07-04 09:00:59,371 | WARNING | Retrying scripts.api_client.post in 2 seconds as it raised ConnectionError: HTTPConnectionPool(host='host.docker.internal', port=8000): Max retries exceeded with url: /vrn (Caused by NewConnectionError(\"HTTPConnection(host='host.docker.internal', port=8000): Failed to establish a new connection: [Errno 101] Network is unreachable\")).","logger":"task.stderr"}
{"timestamp":"2026-07-04T09:00:59.372111Z","level":"warning","event":"Retrying scripts.api_client.post in 2 seconds as it raised ConnectionError: HTTPConnectionPool(host='host.docker.internal', port=8000): Max retries exceeded with url: /vrn (Caused by NewConnectionError(\"HTTPConnection(host='host.docker.internal', port=8000): Failed to establish a new connection: [Errno 101] Network is unreachable\")).","logger":"scripts.api_client","filename":"before_sleep.py","lineno":64}
{"timestamp":"2026-07-04T09:01:01.325990Z","level":"error","event":"2026-07-04 09:01:01,325 | INFO | Using environment: staging","logger":"task.stderr"}
{"timestamp":"2026-07-04T09:01:01.406091Z","level":"error","event":"2026-07-04 09:01:01,326 | INFO | Calling URL: http://host.docker.internal:8000/fastag","logger":"task.stderr"}
{"timestamp":"2026-07-04T09:01:01.662449Z","level":"error","event":"2026-07-04 09:01:01,326 | INFO | Using environment: staging","logger":"task.stderr"}
{"timestamp":"2026-07-04T09:01:01.663813Z","level":"error","event":"2026-07-04 09:01:01,326 | INFO | Calling URL: http://host.docker.internal:8000/valuation","logger":"task.stderr"}
{"timestamp":"2026-07-04T09:01:01.666027Z","level":"error","event":"2026-07-04 09:01:01,362 | INFO | Using environment: staging","logger":"task.stderr"}
{"timestamp":"2026-07-04T09:01:01.672560Z","level":"error","event":"2026-07-04 09:01:01,363 | INFO | Calling URL: http://host.docker.internal:8000/rc","logger":"task.stderr"}
{"timestamp":"2026-07-04T09:01:01.673067Z","level":"error","event":"2026-07-04 09:01:01,372 | INFO | Using environment: staging","logger":"task.stderr"}
{"timestamp":"2026-07-04T09:01:01.673597Z","level":"error","event":"2026-07-04 09:01:01,372 | INFO | Calling URL: http://host.docker.internal:8000/vrn","logger":"task.stderr"}
{"timestamp":"2026-07-04T09:01:01.325940Z","level":"info","event":"Using environment: staging","logger":"scripts.api_client","filename":"api_client.py","lineno":19}
{"timestamp":"2026-07-04T09:01:01.326171Z","level":"info","event":"Calling URL: http://host.docker.internal:8000/fastag","logger":"scripts.api_client","filename":"api_client.py","lineno":20}
{"timestamp":"2026-07-04T09:01:01.326545Z","level":"info","event":"Using environment: staging","logger":"scripts.api_client","filename":"api_client.py","lineno":19}
{"timestamp":"2026-07-04T09:01:01.326735Z","level":"info","event":"Calling URL: http://host.docker.internal:8000/valuation","logger":"scripts.api_client","filename":"api_client.py","lineno":20}
{"timestamp":"2026-07-04T09:01:01.362929Z","level":"info","event":"Using environment: staging","logger":"scripts.api_client","filename":"api_client.py","lineno":19}
{"timestamp":"2026-07-04T09:01:01.363117Z","level":"info","event":"Calling URL: http://host.docker.internal:8000/rc","logger":"scripts.api_client","filename":"api_client.py","lineno":20}
{"timestamp":"2026-07-04T09:01:01.372601Z","level":"info","event":"Using environment: staging","logger":"scripts.api_client","filename":"api_client.py","lineno":19}
{"timestamp":"2026-07-04T09:01:01.372765Z","level":"info","event":"Calling URL: http://host.docker.internal:8000/vrn","logger":"scripts.api_client","filename":"api_client.py","lineno":20}
{"timestamp":"2026-07-04T09:01:03.354491Z","level":"error","event":"2026-07-04 09:01:03,353 | ERROR | RC failed for Vehicle V001: HTTPConnectionPool(host='host.docker.internal', port=8000): Max retries exceeded with url: /rc (Caused by NewConnectionError(\"HTTPConnection(host='host.docker.internal', port=8000): Failed to establish a new connection: [Errno 101] Network is unreachable\"))","logger":"task.stderr"}
{"timestamp":"2026-07-04T09:01:03.355196Z","level":"error","event":"2026-07-04 09:01:03,353 | ERROR | FASTag failed for Vehicle V001: HTTPConnectionPool(host='host.docker.internal', port=8000): Max retries exceeded with url: /fastag (Caused by NewConnectionError(\"HTTPConnection(host='host.docker.internal', port=8000): Failed to establish a new connection: [Errno 101] Network is unreachable\"))","logger":"task.stderr"}
{"timestamp":"2026-07-04T09:01:03.355718Z","level":"error","event":"2026-07-04 09:01:03,354 | ERROR | VRN failed for Vehicle V001: HTTPConnectionPool(host='host.docker.internal', port=8000): Max retries exceeded with url: /vrn (Caused by NewConnectionError(\"HTTPConnection(host='host.docker.internal', port=8000): Failed to establish a new connection: [Errno 101] Network is unreachable\"))","logger":"task.stderr"}
{"timestamp":"2026-07-04T09:01:03.356121Z","level":"error","event":"2026-07-04 09:01:03,354 | ERROR | Valuation failed for Vehicle V001: HTTPConnectionPool(host='host.docker.internal', port=8000): Max retries exceeded with url: /valuation (Caused by NewConnectionError(\"HTTPConnection(host='host.docker.internal', port=8000): Failed to establish a new connection: [Errno 101] Network is unreachable\"))","logger":"task.stderr"}
{"timestamp":"2026-07-04T09:01:03.353786Z","level":"error","event":"RC failed for Vehicle V001: HTTPConnectionPool(host='host.docker.internal', port=8000): Max retries exceeded with url: /rc (Caused by NewConnectionError(\"HTTPConnection(host='host.docker.internal', port=8000): Failed to establish a new connection: [Errno 101] Network is unreachable\"))","logger":"utils.error_handler","task_id":"process_batch_task","map_index":0,"ti_id":"019f2c5b-f682-7a32-b2af-581ac80ab379","run_id":"manual__2026-07-04T09:00:51.557785+00:00","dag_id":"vehicle_batch_pipeline","try_number":1,"filename":"error_handler.py","lineno":7}
{"timestamp":"2026-07-04T09:01:03.354006Z","level":"error","event":"FASTag failed for Vehicle V001: HTTPConnectionPool(host='host.docker.internal', port=8000): Max retries exceeded with url: /fastag (Caused by NewConnectionError(\"HTTPConnection(host='host.docker.internal', port=8000): Failed to establish a new connection: [Errno 101] Network is unreachable\"))","logger":"utils.error_handler","task_id":"process_batch_task","map_index":0,"ti_id":"019f2c5b-f682-7a32-b2af-581ac80ab379","run_id":"manual__2026-07-04T09:00:51.557785+00:00","dag_id":"vehicle_batch_pipeline","try_number":1,"filename":"error_handler.py","lineno":7}
{"timestamp":"2026-07-04T09:01:03.354119Z","level":"error","event":"VRN failed for Vehicle V001: HTTPConnectionPool(host='host.docker.internal', port=8000): Max retries exceeded with url: /vrn (Caused by NewConnectionError(\"HTTPConnection(host='host.docker.internal', port=8000): Failed to establish a new connection: [Errno 101] Network is unreachable\"))","logger":"utils.error_handler","task_id":"process_batch_task","map_index":0,"ti_id":"019f2c5b-f682-7a32-b2af-581ac80ab379","run_id":"manual__2026-07-04T09:00:51.557785+00:00","dag_id":"vehicle_batch_pipeline","try_number":1,"filename":"error_handler.py","lineno":7}
{"timestamp":"2026-07-04T09:01:03.354223Z","level":"error","event":"Valuation failed for Vehicle V001: HTTPConnectionPool(host='host.docker.internal', port=8000): Max retries exceeded with url: /valuation (Caused by NewConnectionError(\"HTTPConnection(host='host.docker.internal', port=8000): Failed to establish a new connection: [Errno 101] Network is unreachable\"))","logger":"utils.error_handler","task_id":"process_batch_task","map_index":0,"ti_id":"019f2c5b-f682-7a32-b2af-581ac80ab379","run_id":"manual__2026-07-04T09:00:51.557785+00:00","dag_id":"vehicle_batch_pipeline","try_number":1,"filename":"error_handler.py","lineno":7}
{"timestamp":"2026-07-04T09:01:03.605658Z","level":"error","event":"2026-07-04 09:01:03,356 | INFO | Using environment: staging","logger":"task.stderr"}
{"timestamp":"2026-07-04T09:01:03.607727Z","level":"error","event":"2026-07-04 09:01:03,357 | INFO | Using environment: staging","logger":"task.stderr"}
{"timestamp":"2026-07-04T09:01:03.608355Z","level":"error","event":"2026-07-04 09:01:03,360 | INFO | Calling URL: http://host.docker.internal:8000/rc","logger":"task.stderr"}
{"timestamp":"2026-07-04T09:01:03.608986Z","level":"error","event":"2026-07-04 09:01:03,361 | INFO | Using environment: staging","logger":"task.stderr"}
{"timestamp":"2026-07-04T09:01:03.609693Z","level":"error","event":"2026-07-04 09:01:03,363 | INFO | Using environment: staging","logger":"task.stderr"}
{"timestamp":"2026-07-04T09:01:03.610347Z","level":"error","event":"2026-07-04 09:01:03,363 | INFO | Calling URL: http://host.docker.internal:8000/fastag","logger":"task.stderr"}
{"timestamp":"2026-07-04T09:01:03.610925Z","level":"error","event":"2026-07-04 09:01:03,365 | INFO | Calling URL: http://host.docker.internal:8000/vrn","logger":"task.stderr"}
{"timestamp":"2026-07-04T09:01:03.611427Z","level":"error","event":"2026-07-04 09:01:03,368 | INFO | Calling URL: http://host.docker.internal:8000/valuation","logger":"task.stderr"}
{"timestamp":"2026-07-04T09:01:03.360776Z","level":"info","event":"Using environment: staging","logger":"scripts.api_client","filename":"api_client.py","lineno":19}
{"timestamp":"2026-07-04T09:01:03.361915Z","level":"info","event":"Using environment: staging","logger":"scripts.api_client","filename":"api_client.py","lineno":19}
{"timestamp":"2026-07-04T09:01:03.363538Z","level":"info","event":"Calling URL: http://host.docker.internal:8000/rc","logger":"scripts.api_client","filename":"api_client.py","lineno":20}
{"timestamp":"2026-07-04T09:01:03.365094Z","level":"info","event":"Using environment: staging","logger":"scripts.api_client","filename":"api_client.py","lineno":19}
{"timestamp":"2026-07-04T09:01:03.365399Z","level":"info","event":"Calling URL: http://host.docker.internal:8000/fastag","logger":"scripts.api_client","filename":"api_client.py","lineno":20}
{"timestamp":"2026-07-04T09:01:03.366669Z","level":"info","event":"Calling URL: http://host.docker.internal:8000/vrn","logger":"scripts.api_client","filename":"api_client.py","lineno":20}
{"timestamp":"2026-07-04T09:01:03.368398Z","level":"info","event":"Using environment: staging","logger":"scripts.api_client","filename":"api_client.py","lineno":19}
{"timestamp":"2026-07-04T09:01:03.368573Z","level":"info","event":"Calling URL: http://host.docker.internal:8000/valuation","logger":"scripts.api_client","filename":"api_client.py","lineno":20}
{"timestamp":"2026-07-04T09:01:03.617620Z","level":"info","event":"V001 processed in 5.05 sec","logger":"task.stdout"}
{"timestamp":"2026-07-04T09:01:04.719180Z","level":"error","event":"2026-07-04 09:01:04,709 | WARNING | Retrying scripts.api_client.post in 1 seconds as it raised ConnectionError: HTTPConnectionPool(host='host.docker.internal', port=8000): Max retries exceeded with url: /valuation (Caused by NewConnectionError(\"HTTPConnection(host='host.docker.internal', port=8000): Failed to establish a new connection: [Errno 101] Network is unreachable\")).","logger":"task.stderr"}
{"timestamp":"2026-07-04T09:01:04.709764Z","level":"warning","event":"Retrying scripts.api_client.post in 1 seconds as it raised ConnectionError: HTTPConnectionPool(host='host.docker.internal', port=8000): Max retries exceeded with url: /valuation (Caused by NewConnectionError(\"HTTPConnection(host='host.docker.internal', port=8000): Failed to establish a new connection: [Errno 101] Network is unreachable\")).","logger":"scripts.api_client","filename":"before_sleep.py","lineno":64}
{"timestamp":"2026-07-04T09:01:04.739622Z","level":"error","event":"2026-07-04 09:01:04,738 | WARNING | Retrying scripts.api_client.post in 1 seconds as it raised ConnectionError: HTTPConnectionPool(host='host.docker.internal', port=8000): Max retries exceeded with url: /fastag (Caused by NewConnectionError(\"HTTPConnection(host='host.docker.internal', port=8000): Failed to establish a new connection: [Errno 101] Network is unreachable\")).","logger":"task.stderr"}
{"timestamp":"2026-07-04T09:01:04.746503Z","level":"error","event":"2026-07-04 09:01:04,742 | WARNING | Retrying scripts.api_client.post in 1 seconds as it raised ConnectionError: HTTPConnectionPool(host='host.docker.internal', port=8000): Max retries exceeded with url: /rc (Caused by NewConnectionError(\"HTTPConnection(host='host.docker.internal', port=8000): Failed to establish a new connection: [Errno 101] Network is unreachable\")).","logger":"task.stderr"}
{"timestamp":"2026-07-04T09:01:04.740264Z","level":"warning","event":"Retrying scripts.api_client.post in 1 seconds as it raised ConnectionError: HTTPConnectionPool(host='host.docker.internal', port=8000): Max retries exceeded with url: /fastag (Caused by NewConnectionError(\"HTTPConnection(host='host.docker.internal', port=8000): Failed to establish a new connection: [Errno 101] Network is unreachable\")).","logger":"scripts.api_client","filename":"before_sleep.py","lineno":64}
{"timestamp":"2026-07-04T09:01:04.746963Z","level":"warning","event":"Retrying scripts.api_client.post in 1 seconds as it raised ConnectionError: HTTPConnectionPool(host='host.docker.internal', port=8000): Max retries exceeded with url: /rc (Caused by NewConnectionError(\"HTTPConnection(host='host.docker.internal', port=8000): Failed to establish a new connection: [Errno 101] Network is unreachable\")).","logger":"scripts.api_client","filename":"before_sleep.py","lineno":64}
{"timestamp":"2026-07-04T09:01:04.748020Z","level":"warning","event":"Retrying scripts.api_client.post in 1 seconds as it raised ConnectionError: HTTPConnectionPool(host='host.docker.internal', port=8000): Max retries exceeded with url: /vrn (Caused by NewConnectionError(\"HTTPConnection(host='host.docker.internal', port=8000): Failed to establish a new connection: [Errno 101] Network is unreachable\")).","logger":"scripts.api_client","filename":"before_sleep.py","lineno":64}
{"timestamp":"2026-07-04T09:01:04.768688Z","level":"error","event":"2026-07-04 09:01:04,746 | WARNING | Retrying scripts.api_client.post in 1 seconds as it raised ConnectionError: HTTPConnectionPool(host='host.docker.internal', port=8000): Max retries exceeded with url: /vrn (Caused by NewConnectionError(\"HTTPConnection(host='host.docker.internal', port=8000): Failed to establish a new connection: [Errno 101] Network is unreachable\")).","logger":"task.stderr"}
{"timestamp":"2026-07-04T09:01:05.710738Z","level":"error","event":"2026-07-04 09:01:05,710 | INFO | Using environment: staging","logger":"task.stderr"}
{"timestamp":"2026-07-04T09:01:05.713034Z","level":"error","event":"2026-07-04 09:01:05,710 | INFO | Calling URL: http://host.docker.internal:8000/valuation","logger":"task.stderr"}
{"timestamp":"2026-07-04T09:01:05.710608Z","level":"info","event":"Using environment: staging","logger":"scripts.api_client","filename":"api_client.py","lineno":19}
{"timestamp":"2026-07-04T09:01:05.710867Z","level":"info","event":"Calling URL: http://host.docker.internal:8000/valuation","logger":"scripts.api_client","filename":"api_client.py","lineno":20}
{"timestamp":"2026-07-04T09:01:05.721094Z","level":"error","event":"2026-07-04 09:01:05,720 | WARNING | Retrying scripts.api_client.post in 2 seconds as it raised ConnectionError: HTTPConnectionPool(host='host.docker.internal', port=8000): Max retries exceeded with url: /valuation (Caused by NewConnectionError(\"HTTPConnection(host='host.docker.internal', port=8000): Failed to establish a new connection: [Errno 101] Network is unreachable\")).","logger":"task.stderr"}
{"timestamp":"2026-07-04T09:01:05.720783Z","level":"warning","event":"Retrying scripts.api_client.post in 2 seconds as it raised ConnectionError: HTTPConnectionPool(host='host.docker.internal', port=8000): Max retries exceeded with url: /valuation (Caused by NewConnectionError(\"HTTPConnection(host='host.docker.internal', port=8000): Failed to establish a new connection: [Errno 101] Network is unreachable\")).","logger":"scripts.api_client","filename":"before_sleep.py","lineno":64}
{"timestamp":"2026-07-04T09:01:05.747464Z","level":"error","event":"2026-07-04 09:01:05,746 | INFO | Using environment: staging","logger":"task.stderr"}
{"timestamp":"2026-07-04T09:01:05.760914Z","level":"error","event":"2026-07-04 09:01:05,748 | INFO | Calling URL: http://host.docker.internal:8000/fastag","logger":"task.stderr"}
{"timestamp":"2026-07-04T09:01:05.747283Z","level":"info","event":"Using environment: staging","logger":"scripts.api_client","filename":"api_client.py","lineno":19}
{"timestamp":"2026-07-04T09:01:05.751712Z","level":"info","event":"Calling URL: http://host.docker.internal:8000/fastag","logger":"scripts.api_client","filename":"api_client.py","lineno":20}
{"timestamp":"2026-07-04T09:01:05.766102Z","level":"info","event":"Using environment: staging","logger":"scripts.api_client","filename":"api_client.py","lineno":19}
{"timestamp":"2026-07-04T09:01:05.766568Z","level":"info","event":"Calling URL: http://host.docker.internal:8000/vrn","logger":"scripts.api_client","filename":"api_client.py","lineno":20}
{"timestamp":"2026-07-04T09:01:05.775114Z","level":"info","event":"Using environment: staging","logger":"scripts.api_client","filename":"api_client.py","lineno":19}
{"timestamp":"2026-07-04T09:01:05.775514Z","level":"info","event":"Calling URL: http://host.docker.internal:8000/rc","logger":"scripts.api_client","filename":"api_client.py","lineno":20}
{"timestamp":"2026-07-04T09:01:05.827148Z","level":"error","event":"2026-07-04 09:01:05,765 | INFO | Using environment: staging","logger":"task.stderr"}
{"timestamp":"2026-07-04T09:01:05.828131Z","level":"error","event":"2026-07-04 09:01:05,766 | INFO | Calling URL: http://host.docker.internal:8000/vrn","logger":"task.stderr"}
{"timestamp":"2026-07-04T09:01:05.839054Z","level":"error","event":"2026-07-04 09:01:05,774 | INFO | Using environment: staging","logger":"task.stderr"}
{"timestamp":"2026-07-04T09:01:05.841274Z","level":"error","event":"2026-07-04 09:01:05,775 | INFO | Calling URL: http://host.docker.internal:8000/rc","logger":"task.stderr"}
{"timestamp":"2026-07-04T09:01:05.843914Z","level":"error","event":"2026-07-04 09:01:05,828 | WARNING | Retrying scripts.api_client.post in 2 seconds as it raised ConnectionError: HTTPConnectionPool(host='host.docker.internal', port=8000): Max retries exceeded with url: /vrn (Caused by NewConnectionError(\"HTTPConnection(host='host.docker.internal', port=8000): Failed to establish a new connection: [Errno 101] Network is unreachable\")).","logger":"task.stderr"}
{"timestamp":"2026-07-04T09:01:05.846700Z","level":"error","event":"2026-07-04 09:01:05,830 | WARNING | Retrying scripts.api_client.post in 2 seconds as it raised ConnectionError: HTTPConnectionPool(host='host.docker.internal', port=8000): Max retries exceeded with url: /rc (Caused by NewConnectionError(\"HTTPConnection(host='host.docker.internal', port=8000): Failed to establish a new connection: [Errno 101] Network is unreachable\")).","logger":"task.stderr"}
{"timestamp":"2026-07-04T09:01:05.829223Z","level":"warning","event":"Retrying scripts.api_client.post in 2 seconds as it raised ConnectionError: HTTPConnectionPool(host='host.docker.internal', port=8000): Max retries exceeded with url: /vrn (Caused by NewConnectionError(\"HTTPConnection(host='host.docker.internal', port=8000): Failed to establish a new connection: [Errno 101] Network is unreachable\")).","logger":"scripts.api_client","filename":"before_sleep.py","lineno":64}
{"timestamp":"2026-07-04T09:01:05.830349Z","level":"warning","event":"Retrying scripts.api_client.post in 2 seconds as it raised ConnectionError: HTTPConnectionPool(host='host.docker.internal', port=8000): Max retries exceeded with url: /rc (Caused by NewConnectionError(\"HTTPConnection(host='host.docker.internal', port=8000): Failed to establish a new connection: [Errno 101] Network is unreachable\")).","logger":"scripts.api_client","filename":"before_sleep.py","lineno":64}
{"timestamp":"2026-07-04T09:01:05.845736Z","level":"warning","event":"Retrying scripts.api_client.post in 2 seconds as it raised ConnectionError: HTTPConnectionPool(host='host.docker.internal', port=8000): Max retries exceeded with url: /fastag (Caused by NewConnectionError(\"HTTPConnection(host='host.docker.internal', port=8000): Failed to establish a new connection: [Errno 101] Network is unreachable\")).","logger":"scripts.api_client","filename":"before_sleep.py","lineno":64}
{"timestamp":"2026-07-04T09:01:05.857812Z","level":"error","event":"2026-07-04 09:01:05,845 | WARNING | Retrying scripts.api_client.post in 2 seconds as it raised ConnectionError: HTTPConnectionPool(host='host.docker.internal', port=8000): Max retries exceeded with url: /fastag (Caused by NewConnectionError(\"HTTPConnection(host='host.docker.internal', port=8000): Failed to establish a new connection: [Errno 101] Network is unreachable\")).","logger":"task.stderr"}
{"timestamp":"2026-07-04T09:01:07.720763Z","level":"error","event":"2026-07-04 09:01:07,720 | INFO | Using environment: staging","logger":"task.stderr"}
{"timestamp":"2026-07-04T09:01:07.721856Z","level":"error","event":"2026-07-04 09:01:07,720 | INFO | Calling URL: http://host.docker.internal:8000/valuation","logger":"task.stderr"}
{"timestamp":"2026-07-04T09:01:07.720707Z","level":"info","event":"Using environment: staging","logger":"scripts.api_client","filename":"api_client.py","lineno":19}
{"timestamp":"2026-07-04T09:01:07.720951Z","level":"info","event":"Calling URL: http://host.docker.internal:8000/valuation","logger":"scripts.api_client","filename":"api_client.py","lineno":20}
{"timestamp":"2026-07-04T09:01:08.198272Z","level":"error","event":"2026-07-04 09:01:08,196 | INFO | Using environment: staging","logger":"task.stderr"}
{"timestamp":"2026-07-04T09:01:08.203955Z","level":"error","event":"2026-07-04 09:01:08,203 | INFO | Using environment: staging","logger":"task.stderr"}
{"timestamp":"2026-07-04T09:01:08.222383Z","level":"error","event":"2026-07-04 09:01:08,203 | INFO | Using environment: staging","logger":"task.stderr"}
{"timestamp":"2026-07-04T09:01:08.223880Z","level":"error","event":"2026-07-04 09:01:08,203 | INFO | Calling URL: http://host.docker.internal:8000/vrn","logger":"task.stderr"}
{"timestamp":"2026-07-04T09:01:08.198127Z","level":"info","event":"Using environment: staging","logger":"scripts.api_client","filename":"api_client.py","lineno":19}
{"timestamp":"2026-07-04T09:01:08.203782Z","level":"info","event":"Calling URL: http://host.docker.internal:8000/vrn","logger":"scripts.api_client","filename":"api_client.py","lineno":20}
{"timestamp":"2026-07-04T09:01:08.234608Z","level":"error","event":"2026-07-04 09:01:08,228 | INFO | Calling URL: http://host.docker.internal:8000/fastag","logger":"task.stderr"}
{"timestamp":"2026-07-04T09:01:08.243821Z","level":"error","event":"2026-07-04 09:01:08,229 | INFO | Calling URL: http://host.docker.internal:8000/rc","logger":"task.stderr"}
{"timestamp":"2026-07-04T09:01:08.227179Z","level":"info","event":"Using environment: staging","logger":"scripts.api_client","filename":"api_client.py","lineno":19}
{"timestamp":"2026-07-04T09:01:08.228383Z","level":"info","event":"Using environment: staging","logger":"scripts.api_client","filename":"api_client.py","lineno":19}
{"timestamp":"2026-07-04T09:01:08.229624Z","level":"info","event":"Calling URL: http://host.docker.internal:8000/rc","logger":"scripts.api_client","filename":"api_client.py","lineno":20}
{"timestamp":"2026-07-04T09:01:08.245753Z","level":"info","event":"Calling URL: http://host.docker.internal:8000/fastag","logger":"scripts.api_client","filename":"api_client.py","lineno":20}
{"timestamp":"2026-07-04T09:01:08.266743Z","level":"error","event":"2026-07-04 09:01:08,265 | ERROR | RC failed for Vehicle V002: HTTPConnectionPool(host='host.docker.internal', port=8000): Max retries exceeded with url: /rc (Caused by NewConnectionError(\"HTTPConnection(host='host.docker.internal', port=8000): Failed to establish a new connection: [Errno 101] Network is unreachable\"))","logger":"task.stderr"}
{"timestamp":"2026-07-04T09:01:08.268319Z","level":"error","event":"2026-07-04 09:01:08,265 | ERROR | FASTag failed for Vehicle V002: HTTPConnectionPool(host='host.docker.internal', port=8000): Max retries exceeded with url: /fastag (Caused by NewConnectionError(\"HTTPConnection(host='host.docker.internal', port=8000): Failed to establish a new connection: [Errno 101] Network is unreachable\"))","logger":"task.stderr"}
{"timestamp":"2026-07-04T09:01:08.268796Z","level":"error","event":"2026-07-04 09:01:08,265 | ERROR | VRN failed for Vehicle V002: HTTPConnectionPool(host='host.docker.internal', port=8000): Max retries exceeded with url: /vrn (Caused by NewConnectionError(\"HTTPConnection(host='host.docker.internal', port=8000): Failed to establish a new connection: [Errno 101] Network is unreachable\"))","logger":"task.stderr"}
{"timestamp":"2026-07-04T09:01:08.269229Z","level":"error","event":"2026-07-04 09:01:08,265 | ERROR | Valuation failed for Vehicle V002: HTTPConnectionPool(host='host.docker.internal', port=8000): Max retries exceeded with url: /valuation (Caused by NewConnectionError(\"HTTPConnection(host='host.docker.internal', port=8000): Failed to establish a new connection: [Errno 101] Network is unreachable\"))","logger":"task.stderr"}
{"timestamp":"2026-07-04T09:01:08.265379Z","level":"error","event":"RC failed for Vehicle V002: HTTPConnectionPool(host='host.docker.internal', port=8000): Max retries exceeded with url: /rc (Caused by NewConnectionError(\"HTTPConnection(host='host.docker.internal', port=8000): Failed to establish a new connection: [Errno 101] Network is unreachable\"))","logger":"utils.error_handler","task_id":"process_batch_task","map_index":0,"ti_id":"019f2c5b-f682-7a32-b2af-581ac80ab379","run_id":"manual__2026-07-04T09:00:51.557785+00:00","dag_id":"vehicle_batch_pipeline","try_number":1,"filename":"error_handler.py","lineno":7}
{"timestamp":"2026-07-04T09:01:08.265635Z","level":"error","event":"FASTag failed for Vehicle V002: HTTPConnectionPool(host='host.docker.internal', port=8000): Max retries exceeded with url: /fastag (Caused by NewConnectionError(\"HTTPConnection(host='host.docker.internal', port=8000): Failed to establish a new connection: [Errno 101] Network is unreachable\"))","logger":"utils.error_handler","task_id":"process_batch_task","map_index":0,"ti_id":"019f2c5b-f682-7a32-b2af-581ac80ab379","run_id":"manual__2026-07-04T09:00:51.557785+00:00","dag_id":"vehicle_batch_pipeline","try_number":1,"filename":"error_handler.py","lineno":7}
{"timestamp":"2026-07-04T09:01:08.265789Z","level":"error","event":"VRN failed for Vehicle V002: HTTPConnectionPool(host='host.docker.internal', port=8000): Max retries exceeded with url: /vrn (Caused by NewConnectionError(\"HTTPConnection(host='host.docker.internal', port=8000): Failed to establish a new connection: [Errno 101] Network is unreachable\"))","logger":"utils.error_handler","task_id":"process_batch_task","map_index":0,"ti_id":"019f2c5b-f682-7a32-b2af-581ac80ab379","run_id":"manual__2026-07-04T09:00:51.557785+00:00","dag_id":"vehicle_batch_pipeline","try_number":1,"filename":"error_handler.py","lineno":7}
{"timestamp":"2026-07-04T09:01:08.265888Z","level":"error","event":"Valuation failed for Vehicle V002: HTTPConnectionPool(host='host.docker.internal', port=8000): Max retries exceeded with url: /valuation (Caused by NewConnectionError(\"HTTPConnection(host='host.docker.internal', port=8000): Failed to establish a new connection: [Errno 101] Network is unreachable\"))","logger":"utils.error_handler","task_id":"process_batch_task","map_index":0,"ti_id":"019f2c5b-f682-7a32-b2af-581ac80ab379","run_id":"manual__2026-07-04T09:00:51.557785+00:00","dag_id":"vehicle_batch_pipeline","try_number":1,"filename":"error_handler.py","lineno":7}
{"timestamp":"2026-07-04T09:01:08.268775Z","level":"info","event":"\n==========================\nBatch Summary\n==========================\nTotal Records : 2\nSuccess : 2\nFailed : 0\nSuccess Rate : 100.0%\n==========================","logger":"scripts.process_batch","task_id":"process_batch_task","map_index":0,"ti_id":"019f2c5b-f682-7a32-b2af-581ac80ab379","run_id":"manual__2026-07-04T09:00:51.557785+00:00","dag_id":"vehicle_batch_pipeline","try_number":1,"filename":"process_batch.py","lineno":42}
{"timestamp":"2026-07-04T09:01:08.274633Z","level":"error","event":"2026-07-04 09:01:08,268 | INFO |","logger":"task.stderr"}
{"timestamp":"2026-07-04T09:01:08.275003Z","level":"error","event":"==========================","logger":"task.stderr"}
{"timestamp":"2026-07-04T09:01:08.275440Z","level":"error","event":"Batch Summary","logger":"task.stderr"}
{"timestamp":"2026-07-04T09:01:08.275843Z","level":"error","event":"==========================","logger":"task.stderr"}
{"timestamp":"2026-07-04T09:01:08.277643Z","level":"error","event":"Total Records : 2","logger":"task.stderr"}
{"timestamp":"2026-07-04T09:01:08.278299Z","level":"error","event":"Success : 2","logger":"task.stderr"}
{"timestamp":"2026-07-04T09:01:08.278863Z","level":"error","event":"Failed : 0","logger":"task.stderr"}
{"timestamp":"2026-07-04T09:01:08.279352Z","level":"error","event":"Success Rate : 100.0%","logger":"task.stderr"}
{"timestamp":"2026-07-04T09:01:08.279959Z","level":"error","event":"==========================","logger":"task.stderr"}
{"timestamp":"2026-07-04T09:01:08.314651Z","level":"info","event":"V002 processed in 4.91 sec","logger":"task.stdout"}
{"timestamp":"2026-07-04T09:01:08.324273Z","level":"info","event":"Done. Returned value was:    year    brand  ...  status                                              error\n0  2022   Toyota  ...  FAILED  HTTPConnectionPool(host='host.docker.internal'...\n1  2021  Hyundai  ...  FAILED  HTTPConnectionPool(host='host.docker.internal'...\n\n[2 rows x 7 columns]","task_id":"process_batch_task","map_index":0,"ti_id":"019f2c5b-f682-7a32-b2af-581ac80ab379","run_id":"manual__2026-07-04T09:00:51.557785+00:00","dag_id":"vehicle_batch_pipeline","try_number":1,"logger":"airflow.task.operators.airflow.providers.standard.decorators.python._PythonDecoratedOperator","filename":"python.py","lineno":233}
{"timestamp":"2026-07-04T09:01:08.324466Z","level":"info","event":"::group::Post Execute","task_id":"process_batch_task","map_index":0,"ti_id":"019f2c5b-f682-7a32-b2af-581ac80ab379","run_id":"manual__2026-07-04T09:00:51.557785+00:00","dag_id":"vehicle_batch_pipeline","try_number":1,"logger":"task","filename":"task_runner.py","lineno":1288}
{"timestamp":"2026-07-04T09:01:08.324694Z","level":"info","event":"Pushing xcom","ti":"RuntimeTaskInstance(id=UUID('019f2c5b-f682-7a32-b2af-581ac80ab379'), task_id='process_batch_task', dag_id='vehicle_batch_pipeline', run_id='manual__2026-07-04T09:00:51.557785+00:00', try_number=1, dag_version_id=UUID('019f2c50-8b66-7475-9dae-822508d85766'), map_index=0, hostname='8e3d505c6688', context_carrier={'traceparent': '00-f3926ef58f5ae986956fb94df93744c2-748f9fa8c8e2ad59-01'}, task=<Task(_PythonDecoratedOperator): process_batch_task>, bundle_instance=LocalDagBundle(name=dags-folder), max_tries=2, start_date=datetime.datetime(2026, 7, 4, 9, 0, 57, 799749, tzinfo=datetime.timezone.utc), end_date=None, state=<TaskInstanceState.RUNNING: 'running'>, is_mapped=True, rendered_map_index=None, sentry_integration='')","task_id":"process_batch_task","map_index":0,"ti_id":"019f2c5b-f682-7a32-b2af-581ac80ab379","run_id":"manual__2026-07-04T09:00:51.557785+00:00","dag_id":"vehicle_batch_pipeline","try_number":1,"logger":"task","filename":"task_runner.py","lineno":1791}
{"timestamp":"2026-07-04T09:01:08.525947Z","level":"info","event":"Task instance in success state","logger":"task.stdout"}
{"timestamp":"2026-07-04T09:01:08.526845Z","level":"info","event":" Previous state of the Task instance: TaskInstanceState.RUNNING","logger":"task.stdout"}
{"timestamp":"2026-07-04T09:01:08.527407Z","level":"info","event":"Task operator:<Task(_PythonDecoratedOperator): process_batch_task>","logger":"task.stdout"}
{"timestamp":"2026-07-04T09:01:08.526351Z","level":"info","event":"::endgroup::","task_id":"process_batch_task","map_index":0,"ti_id":"019f2c5b-f682-7a32-b2af-581ac80ab379","run_id":"manual__2026-07-04T09:00:51.557785+00:00","dag_id":"vehicle_batch_pipeline","try_number":1,"logger":"task","filename":"task_runner.py","lineno":1896}
