{"timestamp":"2026-07-05T08:38:46.074325Z","level":"info","event":"::group::Pre Execute","logger":"task","filename":"task_runner.py","lineno":1926}
{"timestamp":"2026-07-05T08:38:46.458789Z","level":"info","event":"DAG bundles loaded: dags-folder, example_dags","dag_id":"vehicle_batch_pipeline","task_id":"process_batch_task","map_index":0,"run_id":"manual__2026-07-05T08:38:41.160385+00:00","try_number":1,"ti_id":"019f316e-0346-7b40-b9c0-b5c1622208ac","logger":"airflow.dag_processing.bundles.manager.DagBundlesManager","filename":"manager.py","lineno":209}
{"timestamp":"2026-07-05T08:38:46.460679Z","level":"info","event":"Filling up the DagBag from /opt/airflow/dags/vehicle_pipeline.py","dag_id":"vehicle_batch_pipeline","task_id":"process_batch_task","map_index":0,"run_id":"manual__2026-07-05T08:38:41.160385+00:00","try_number":1,"ti_id":"019f316e-0346-7b40-b9c0-b5c1622208ac","logger":"airflow.dag_processing.dagbag.BundleDagBag","filename":"dagbag.py","lineno":469}
{"timestamp":"2026-07-05T08:38:46.600984Z","level":"warning","event":"Using Variable.get from `airflow.models` is deprecated.Please use `get` on Variable from sdk(`airflow.sdk.Variable`) instead","category":"UserWarning","filename":"/home/airflow/.local/lib/python3.13/site-packages/airflow/models/variable.py","lineno":159,"dag_id":"vehicle_batch_pipeline","task_id":"process_batch_task","map_index":0,"run_id":"manual__2026-07-05T08:38:41.160385+00:00","try_number":1,"ti_id":"019f316e-0346-7b40-b9c0-b5c1622208ac","logger":"py.warnings"}
{"timestamp":"2026-07-05T08:38:46.646565Z","level":"info","event":"Task instance is in running state","logger":"task.stdout"}
{"timestamp":"2026-07-05T08:38:46.649088Z","level":"info","event":" Previous state of the Task instance: TaskInstanceState.QUEUED","logger":"task.stdout"}
{"timestamp":"2026-07-05T08:38:46.649704Z","level":"info","event":"Current task name:process_batch_task","logger":"task.stdout"}
{"timestamp":"2026-07-05T08:38:46.650236Z","level":"info","event":"Dag name:vehicle_batch_pipeline","logger":"task.stdout"}
{"timestamp":"2026-07-05T08:38:46.644917Z","level":"info","event":"::endgroup::","dag_id":"vehicle_batch_pipeline","task_id":"process_batch_task","map_index":0,"run_id":"manual__2026-07-05T08:38:41.160385+00:00","try_number":1,"ti_id":"019f316e-0346-7b40-b9c0-b5c1622208ac","logger":"task","filename":"task_runner.py","lineno":1727}
{"timestamp":"2026-07-05T08:38:46.647809Z","level":"info","event":"Processing batch_1.csv","logger":"scripts.process_batch","dag_id":"vehicle_batch_pipeline","task_id":"process_batch_task","map_index":0,"run_id":"manual__2026-07-05T08:38:41.160385+00:00","try_number":1,"ti_id":"019f316e-0346-7b40-b9c0-b5c1622208ac","filename":"process_batch.py","lineno":14}
{"timestamp":"2026-07-05T08:38:46.652021Z","level":"error","event":"2026-07-05 08:38:46,647 | INFO | Processing batch_1.csv","logger":"task.stderr"}
{"timestamp":"2026-07-05T08:38:46.658314Z","level":"error","event":"2026-07-05 08:38:46,658 | INFO | Rows = 2","logger":"task.stderr"}
{"timestamp":"2026-07-05T08:38:46.658235Z","level":"info","event":"Rows = 2","logger":"scripts.process_batch","dag_id":"vehicle_batch_pipeline","task_id":"process_batch_task","map_index":0,"run_id":"manual__2026-07-05T08:38:41.160385+00:00","try_number":1,"ti_id":"019f316e-0346-7b40-b9c0-b5c1622208ac","filename":"process_batch.py","lineno":18}
{"timestamp":"2026-07-05T08:38:46.658645Z","level":"warning","event":"Using Variable.get from `airflow.models` is deprecated.Please use `get` on Variable from sdk(`airflow.sdk.Variable`) instead","category":"DeprecationWarning","filename":"/home/airflow/.local/lib/python3.13/site-packages/airflow/models/variable.py","lineno":159,"dag_id":"vehicle_batch_pipeline","task_id":"process_batch_task","map_index":0,"run_id":"manual__2026-07-05T08:38:41.160385+00:00","try_number":1,"ti_id":"019f316e-0346-7b40-b9c0-b5c1622208ac","logger":"py.warnings"}
{"timestamp":"2026-07-05T08:38:46.668847Z","level":"warning","event":"Skipping masking for a secret as it's too short (<5 chars)","logger":"airflow._shared.secrets_masker.secrets_masker","dag_id":"vehicle_batch_pipeline","task_id":"process_batch_task","map_index":0,"run_id":"manual__2026-07-05T08:38:41.160385+00:00","try_number":1,"ti_id":"019f316e-0346-7b40-b9c0-b5c1622208ac","filename":"secrets_masker.py","lineno":590}
{"timestamp":"2026-07-05T08:38:46.669146Z","level":"info","event":"Valuation Enabled = True","logger":"scripts.process_batch","dag_id":"vehicle_batch_pipeline","task_id":"process_batch_task","map_index":0,"run_id":"manual__2026-07-05T08:38:41.160385+00:00","try_number":1,"ti_id":"019f316e-0346-7b40-b9c0-b5c1622208ac","filename":"process_batch.py","lineno":30}
{"timestamp":"2026-07-05T08:38:46.670813Z","level":"error","event":"2026-07-05 08:38:46,669 | INFO | Valuation Enabled = True","logger":"task.stderr"}
{"timestamp":"2026-07-05T08:38:46.671661Z","level":"error","event":"2026-07-05 08:38:46,670 | INFO | Using environment: staging","logger":"task.stderr"}
{"timestamp":"2026-07-05T08:38:46.670824Z","level":"info","event":"Using environment: staging","logger":"scripts.api_client","filename":"api_client.py","lineno":19}
{"timestamp":"2026-07-05T08:38:46.671031Z","level":"info","event":"Calling URL: http://host.docker.internal:8000/rc","logger":"scripts.api_client","filename":"api_client.py","lineno":20}
{"timestamp":"2026-07-05T08:38:46.674678Z","level":"error","event":"2026-07-05 08:38:46,670 | INFO | Calling URL: http://host.docker.internal:8000/rc","logger":"task.stderr"}
{"timestamp":"2026-07-05T08:38:46.680305Z","level":"error","event":"2026-07-05 08:38:46,680 | INFO | Using environment: staging","logger":"task.stderr"}
{"timestamp":"2026-07-05T08:38:46.681344Z","level":"error","event":"2026-07-05 08:38:46,680 | INFO | Calling URL: http://host.docker.internal:8000/fastag","logger":"task.stderr"}
{"timestamp":"2026-07-05T08:38:46.681979Z","level":"error","event":"2026-07-05 08:38:46,681 | INFO | Using environment: staging","logger":"task.stderr"}
{"timestamp":"2026-07-05T08:38:46.680542Z","level":"info","event":"Using environment: staging","logger":"scripts.api_client","filename":"api_client.py","lineno":19}
{"timestamp":"2026-07-05T08:38:46.680781Z","level":"info","event":"Calling URL: http://host.docker.internal:8000/fastag","logger":"scripts.api_client","filename":"api_client.py","lineno":20}
{"timestamp":"2026-07-05T08:38:46.681899Z","level":"info","event":"Using environment: staging","logger":"scripts.api_client","filename":"api_client.py","lineno":19}
{"timestamp":"2026-07-05T08:38:46.682210Z","level":"info","event":"Using environment: staging","logger":"scripts.api_client","filename":"api_client.py","lineno":19}
{"timestamp":"2026-07-05T08:38:46.685451Z","level":"error","event":"2026-07-05 08:38:46,681 | INFO | Using environment: staging","logger":"task.stderr"}
{"timestamp":"2026-07-05T08:38:46.686179Z","level":"error","event":"2026-07-05 08:38:46,682 | INFO | Calling URL: http://host.docker.internal:8000/vrn","logger":"task.stderr"}
{"timestamp":"2026-07-05T08:38:46.686682Z","level":"error","event":"2026-07-05 08:38:46,682 | INFO | Calling URL: http://host.docker.internal:8000/valuation","logger":"task.stderr"}
{"timestamp":"2026-07-05T08:38:46.682618Z","level":"info","event":"Calling URL: http://host.docker.internal:8000/vrn","logger":"scripts.api_client","filename":"api_client.py","lineno":20}
{"timestamp":"2026-07-05T08:38:46.683048Z","level":"info","event":"Calling URL: http://host.docker.internal:8000/valuation","logger":"scripts.api_client","filename":"api_client.py","lineno":20}
{"timestamp":"2026-07-05T08:38:46.709853Z","level":"error","event":"2026-07-05 08:38:46,709 | WARNING | Retrying scripts.api_client.post in 1 seconds as it raised ConnectionError: HTTPConnectionPool(host='host.docker.internal', port=8000): Max retries exceeded with url: /rc (Caused by NewConnectionError(\"HTTPConnection(host='host.docker.internal', port=8000): Failed to establish a new connection: [Errno 101] Network is unreachable\")).","logger":"task.stderr"}
{"timestamp":"2026-07-05T08:38:46.711139Z","level":"error","event":"2026-07-05 08:38:46,710 | WARNING | Retrying scripts.api_client.post in 1 seconds as it raised ConnectionError: HTTPConnectionPool(host='host.docker.internal', port=8000): Max retries exceeded with url: /valuation (Caused by NewConnectionError(\"HTTPConnection(host='host.docker.internal', port=8000): Failed to establish a new connection: [Errno 101] Network is unreachable\")).","logger":"task.stderr"}
{"timestamp":"2026-07-05T08:38:46.711970Z","level":"error","event":"2026-07-05 08:38:46,710 | WARNING | Retrying scripts.api_client.post in 1 seconds as it raised ConnectionError: HTTPConnectionPool(host='host.docker.internal', port=8000): Max retries exceeded with url: /vrn (Caused by NewConnectionError(\"HTTPConnection(host='host.docker.internal', port=8000): Failed to establish a new connection: [Errno 101] Network is unreachable\")).","logger":"task.stderr"}
{"timestamp":"2026-07-05T08:38:46.712672Z","level":"error","event":"2026-07-05 08:38:46,710 | WARNING | Retrying scripts.api_client.post in 1 seconds as it raised ConnectionError: HTTPConnectionPool(host='host.docker.internal', port=8000): Max retries exceeded with url: /fastag (Caused by NewConnectionError(\"HTTPConnection(host='host.docker.internal', port=8000): Failed to establish a new connection: [Errno 101] Network is unreachable\")).","logger":"task.stderr"}
{"timestamp":"2026-07-05T08:38:46.709666Z","level":"warning","event":"Retrying scripts.api_client.post in 1 seconds as it raised ConnectionError: HTTPConnectionPool(host='host.docker.internal', port=8000): Max retries exceeded with url: /rc (Caused by NewConnectionError(\"HTTPConnection(host='host.docker.internal', port=8000): Failed to establish a new connection: [Errno 101] Network is unreachable\")).","logger":"scripts.api_client","filename":"before_sleep.py","lineno":64}
{"timestamp":"2026-07-05T08:38:46.710606Z","level":"warning","event":"Retrying scripts.api_client.post in 1 seconds as it raised ConnectionError: HTTPConnectionPool(host='host.docker.internal', port=8000): Max retries exceeded with url: /valuation (Caused by NewConnectionError(\"HTTPConnection(host='host.docker.internal', port=8000): Failed to establish a new connection: [Errno 101] Network is unreachable\")).","logger":"scripts.api_client","filename":"before_sleep.py","lineno":64}
{"timestamp":"2026-07-05T08:38:46.710962Z","level":"warning","event":"Retrying scripts.api_client.post in 1 seconds as it raised ConnectionError: HTTPConnectionPool(host='host.docker.internal', port=8000): Max retries exceeded with url: /vrn (Caused by NewConnectionError(\"HTTPConnection(host='host.docker.internal', port=8000): Failed to establish a new connection: [Errno 101] Network is unreachable\")).","logger":"scripts.api_client","filename":"before_sleep.py","lineno":64}
{"timestamp":"2026-07-05T08:38:46.711093Z","level":"warning","event":"Retrying scripts.api_client.post in 1 seconds as it raised ConnectionError: HTTPConnectionPool(host='host.docker.internal', port=8000): Max retries exceeded with url: /fastag (Caused by NewConnectionError(\"HTTPConnection(host='host.docker.internal', port=8000): Failed to establish a new connection: [Errno 101] Network is unreachable\")).","logger":"scripts.api_client","filename":"before_sleep.py","lineno":64}
{"timestamp":"2026-07-05T08:38:47.710979Z","level":"error","event":"2026-07-05 08:38:47,710 | INFO | Using environment: staging","logger":"task.stderr"}
{"timestamp":"2026-07-05T08:38:47.711906Z","level":"error","event":"2026-07-05 08:38:47,710 | INFO | Using environment: staging","logger":"task.stderr"}
{"timestamp":"2026-07-05T08:38:47.712565Z","level":"error","event":"2026-07-05 08:38:47,711 | INFO | Calling URL: http://host.docker.internal:8000/rc","logger":"task.stderr"}
{"timestamp":"2026-07-05T08:38:47.710998Z","level":"info","event":"Using environment: staging","logger":"scripts.api_client","filename":"api_client.py","lineno":19}
{"timestamp":"2026-07-05T08:38:47.711455Z","level":"info","event":"Using environment: staging","logger":"scripts.api_client","filename":"api_client.py","lineno":19}
{"timestamp":"2026-07-05T08:38:47.711633Z","level":"info","event":"Calling URL: http://host.docker.internal:8000/rc","logger":"scripts.api_client","filename":"api_client.py","lineno":20}
{"timestamp":"2026-07-05T08:38:47.712033Z","level":"info","event":"Using environment: staging","logger":"scripts.api_client","filename":"api_client.py","lineno":19}
{"timestamp":"2026-07-05T08:38:47.712252Z","level":"info","event":"Using environment: staging","logger":"scripts.api_client","filename":"api_client.py","lineno":19}
{"timestamp":"2026-07-05T08:38:47.712447Z","level":"info","event":"Calling URL: http://host.docker.internal:8000/valuation","logger":"scripts.api_client","filename":"api_client.py","lineno":20}
{"timestamp":"2026-07-05T08:38:47.712689Z","level":"info","event":"Calling URL: http://host.docker.internal:8000/vrn","logger":"scripts.api_client","filename":"api_client.py","lineno":20}
{"timestamp":"2026-07-05T08:38:47.720490Z","level":"error","event":"2026-07-05 08:38:47,711 | INFO | Using environment: staging","logger":"task.stderr"}
{"timestamp":"2026-07-05T08:38:47.721069Z","level":"error","event":"2026-07-05 08:38:47,711 | INFO | Using environment: staging","logger":"task.stderr"}
{"timestamp":"2026-07-05T08:38:47.721568Z","level":"error","event":"2026-07-05 08:38:47,711 | INFO | Calling URL: http://host.docker.internal:8000/valuation","logger":"task.stderr"}
{"timestamp":"2026-07-05T08:38:47.722310Z","level":"error","event":"2026-07-05 08:38:47,712 | INFO | Calling URL: http://host.docker.internal:8000/vrn","logger":"task.stderr"}
{"timestamp":"2026-07-05T08:38:47.722816Z","level":"error","event":"2026-07-05 08:38:47,712 | INFO | Calling URL: http://host.docker.internal:8000/fastag","logger":"task.stderr"}
{"timestamp":"2026-07-05T08:38:47.723252Z","level":"error","event":"2026-07-05 08:38:47,719 | WARNING | Retrying scripts.api_client.post in 2 seconds as it raised ConnectionError: HTTPConnectionPool(host='host.docker.internal', port=8000): Max retries exceeded with url: /valuation (Caused by NewConnectionError(\"HTTPConnection(host='host.docker.internal', port=8000): Failed to establish a new connection: [Errno 101] Network is unreachable\")).","logger":"task.stderr"}
{"timestamp":"2026-07-05T08:38:47.723673Z","level":"error","event":"2026-07-05 08:38:47,719 | WARNING | Retrying scripts.api_client.post in 2 seconds as it raised ConnectionError: HTTPConnectionPool(host='host.docker.internal', port=8000): Max retries exceeded with url: /rc (Caused by NewConnectionError(\"HTTPConnection(host='host.docker.internal', port=8000): Failed to establish a new connection: [Errno 101] Network is unreachable\")).","logger":"task.stderr"}
{"timestamp":"2026-07-05T08:38:47.714453Z","level":"info","event":"Calling URL: http://host.docker.internal:8000/fastag","logger":"scripts.api_client","filename":"api_client.py","lineno":20}
{"timestamp":"2026-07-05T08:38:47.719835Z","level":"warning","event":"Retrying scripts.api_client.post in 2 seconds as it raised ConnectionError: HTTPConnectionPool(host='host.docker.internal', port=8000): Max retries exceeded with url: /valuation (Caused by NewConnectionError(\"HTTPConnection(host='host.docker.internal', port=8000): Failed to establish a new connection: [Errno 101] Network is unreachable\")).","logger":"scripts.api_client","filename":"before_sleep.py","lineno":64}
{"timestamp":"2026-07-05T08:38:47.720167Z","level":"warning","event":"Retrying scripts.api_client.post in 2 seconds as it raised ConnectionError: HTTPConnectionPool(host='host.docker.internal', port=8000): Max retries exceeded with url: /rc (Caused by NewConnectionError(\"HTTPConnection(host='host.docker.internal', port=8000): Failed to establish a new connection: [Errno 101] Network is unreachable\")).","logger":"scripts.api_client","filename":"before_sleep.py","lineno":64}
{"timestamp":"2026-07-05T08:38:47.720572Z","level":"warning","event":"Retrying scripts.api_client.post in 2 seconds as it raised ConnectionError: HTTPConnectionPool(host='host.docker.internal', port=8000): Max retries exceeded with url: /fastag (Caused by NewConnectionError(\"HTTPConnection(host='host.docker.internal', port=8000): Failed to establish a new connection: [Errno 101] Network is unreachable\")).","logger":"scripts.api_client","filename":"before_sleep.py","lineno":64}
{"timestamp":"2026-07-05T08:38:47.721547Z","level":"warning","event":"Retrying scripts.api_client.post in 2 seconds as it raised ConnectionError: HTTPConnectionPool(host='host.docker.internal', port=8000): Max retries exceeded with url: /vrn (Caused by NewConnectionError(\"HTTPConnection(host='host.docker.internal', port=8000): Failed to establish a new connection: [Errno 101] Network is unreachable\")).","logger":"scripts.api_client","filename":"before_sleep.py","lineno":64}
{"timestamp":"2026-07-05T08:38:47.726604Z","level":"error","event":"2026-07-05 08:38:47,720 | WARNING | Retrying scripts.api_client.post in 2 seconds as it raised ConnectionError: HTTPConnectionPool(host='host.docker.internal', port=8000): Max retries exceeded with url: /fastag (Caused by NewConnectionError(\"HTTPConnection(host='host.docker.internal', port=8000): Failed to establish a new connection: [Errno 101] Network is unreachable\")).","logger":"task.stderr"}
{"timestamp":"2026-07-05T08:38:47.727041Z","level":"error","event":"2026-07-05 08:38:47,721 | WARNING | Retrying scripts.api_client.post in 2 seconds as it raised ConnectionError: HTTPConnectionPool(host='host.docker.internal', port=8000): Max retries exceeded with url: /vrn (Caused by NewConnectionError(\"HTTPConnection(host='host.docker.internal', port=8000): Failed to establish a new connection: [Errno 101] Network is unreachable\")).","logger":"task.stderr"}
{"timestamp":"2026-07-05T08:38:49.721040Z","level":"error","event":"2026-07-05 08:38:49,720 | INFO | Using environment: staging","logger":"task.stderr"}
{"timestamp":"2026-07-05T08:38:49.734073Z","level":"error","event":"2026-07-05 08:38:49,722 | INFO | Calling URL: http://host.docker.internal:8000/valuation","logger":"task.stderr"}
{"timestamp":"2026-07-05T08:38:49.735336Z","level":"error","event":"2026-07-05 08:38:49,722 | INFO | Using environment: staging","logger":"task.stderr"}
{"timestamp":"2026-07-05T08:38:49.735946Z","level":"error","event":"2026-07-05 08:38:49,725 | INFO | Calling URL: http://host.docker.internal:8000/fastag","logger":"task.stderr"}
{"timestamp":"2026-07-05T08:38:49.736463Z","level":"error","event":"2026-07-05 08:38:49,724 | INFO | Using environment: staging","logger":"task.stderr"}
{"timestamp":"2026-07-05T08:38:49.736921Z","level":"error","event":"2026-07-05 08:38:49,729 | INFO | Calling URL: http://host.docker.internal:8000/rc","logger":"task.stderr"}
{"timestamp":"2026-07-05T08:38:49.721883Z","level":"info","event":"Using environment: staging","logger":"scripts.api_client","filename":"api_client.py","lineno":19}
{"timestamp":"2026-07-05T08:38:49.722480Z","level":"info","event":"Calling URL: http://host.docker.internal:8000/valuation","logger":"scripts.api_client","filename":"api_client.py","lineno":20}
{"timestamp":"2026-07-05T08:38:49.725160Z","level":"info","event":"Using environment: staging","logger":"scripts.api_client","filename":"api_client.py","lineno":19}
{"timestamp":"2026-07-05T08:38:49.725436Z","level":"info","event":"Calling URL: http://host.docker.internal:8000/fastag","logger":"scripts.api_client","filename":"api_client.py","lineno":20}
{"timestamp":"2026-07-05T08:38:49.729027Z","level":"info","event":"Using environment: staging","logger":"scripts.api_client","filename":"api_client.py","lineno":19}
{"timestamp":"2026-07-05T08:38:49.729515Z","level":"info","event":"Calling URL: http://host.docker.internal:8000/rc","logger":"scripts.api_client","filename":"api_client.py","lineno":20}
{"timestamp":"2026-07-05T08:38:49.737038Z","level":"info","event":"Using environment: staging","logger":"scripts.api_client","filename":"api_client.py","lineno":19}
{"timestamp":"2026-07-05T08:38:49.744320Z","level":"error","event":"2026-07-05 08:38:49,724 | INFO | Using environment: staging","logger":"task.stderr"}
{"timestamp":"2026-07-05T08:38:49.745467Z","level":"error","event":"2026-07-05 08:38:49,737 | INFO | Calling URL: http://host.docker.internal:8000/vrn","logger":"task.stderr"}
{"timestamp":"2026-07-05T08:38:49.738128Z","level":"info","event":"Calling URL: http://host.docker.internal:8000/vrn","logger":"scripts.api_client","filename":"api_client.py","lineno":20}
{"timestamp":"2026-07-05T08:38:49.768358Z","level":"error","event":"2026-07-05 08:38:49,766 | ERROR | RC failed for Vehicle V001: HTTPConnectionPool(host='host.docker.internal', port=8000): Max retries exceeded with url: /rc (Caused by NewConnectionError(\"HTTPConnection(host='host.docker.internal', port=8000): Failed to establish a new connection: [Errno 101] Network is unreachable\"))","logger":"task.stderr"}
{"timestamp":"2026-07-05T08:38:49.770756Z","level":"error","event":"2026-07-05 08:38:49,766 | ERROR | FASTag failed for Vehicle V001: HTTPConnectionPool(host='host.docker.internal', port=8000): Max retries exceeded with url: /fastag (Caused by NewConnectionError(\"HTTPConnection(host='host.docker.internal', port=8000): Failed to establish a new connection: [Errno 101] Network is unreachable\"))","logger":"task.stderr"}
{"timestamp":"2026-07-05T08:38:49.771971Z","level":"error","event":"2026-07-05 08:38:49,767 | ERROR | VRN failed for Vehicle V001: HTTPConnectionPool(host='host.docker.internal', port=8000): Max retries exceeded with url: /vrn (Caused by NewConnectionError(\"HTTPConnection(host='host.docker.internal', port=8000): Failed to establish a new connection: [Errno 101] Network is unreachable\"))","logger":"task.stderr"}
{"timestamp":"2026-07-05T08:38:49.772921Z","level":"error","event":"2026-07-05 08:38:49,767 | ERROR | Valuation failed for Vehicle V001: HTTPConnectionPool(host='host.docker.internal', port=8000): Max retries exceeded with url: /valuation (Caused by NewConnectionError(\"HTTPConnection(host='host.docker.internal', port=8000): Failed to establish a new connection: [Errno 101] Network is unreachable\"))","logger":"task.stderr"}
{"timestamp":"2026-07-05T08:38:49.766769Z","level":"error","event":"RC failed for Vehicle V001: HTTPConnectionPool(host='host.docker.internal', port=8000): Max retries exceeded with url: /rc (Caused by NewConnectionError(\"HTTPConnection(host='host.docker.internal', port=8000): Failed to establish a new connection: [Errno 101] Network is unreachable\"))","logger":"utils.error_handler","dag_id":"vehicle_batch_pipeline","task_id":"process_batch_task","map_index":0,"run_id":"manual__2026-07-05T08:38:41.160385+00:00","try_number":1,"ti_id":"019f316e-0346-7b40-b9c0-b5c1622208ac","filename":"error_handler.py","lineno":7}
{"timestamp":"2026-07-05T08:38:49.767011Z","level":"error","event":"FASTag failed for Vehicle V001: HTTPConnectionPool(host='host.docker.internal', port=8000): Max retries exceeded with url: /fastag (Caused by NewConnectionError(\"HTTPConnection(host='host.docker.internal', port=8000): Failed to establish a new connection: [Errno 101] Network is unreachable\"))","logger":"utils.error_handler","dag_id":"vehicle_batch_pipeline","task_id":"process_batch_task","map_index":0,"run_id":"manual__2026-07-05T08:38:41.160385+00:00","try_number":1,"ti_id":"019f316e-0346-7b40-b9c0-b5c1622208ac","filename":"error_handler.py","lineno":7}
{"timestamp":"2026-07-05T08:38:49.767114Z","level":"error","event":"VRN failed for Vehicle V001: HTTPConnectionPool(host='host.docker.internal', port=8000): Max retries exceeded with url: /vrn (Caused by NewConnectionError(\"HTTPConnection(host='host.docker.internal', port=8000): Failed to establish a new connection: [Errno 101] Network is unreachable\"))","logger":"utils.error_handler","dag_id":"vehicle_batch_pipeline","task_id":"process_batch_task","map_index":0,"run_id":"manual__2026-07-05T08:38:41.160385+00:00","try_number":1,"ti_id":"019f316e-0346-7b40-b9c0-b5c1622208ac","filename":"error_handler.py","lineno":7}
{"timestamp":"2026-07-05T08:38:49.767223Z","level":"error","event":"Valuation failed for Vehicle V001: HTTPConnectionPool(host='host.docker.internal', port=8000): Max retries exceeded with url: /valuation (Caused by NewConnectionError(\"HTTPConnection(host='host.docker.internal', port=8000): Failed to establish a new connection: [Errno 101] Network is unreachable\"))","logger":"utils.error_handler","dag_id":"vehicle_batch_pipeline","task_id":"process_batch_task","map_index":0,"run_id":"manual__2026-07-05T08:38:41.160385+00:00","try_number":1,"ti_id":"019f316e-0346-7b40-b9c0-b5c1622208ac","filename":"error_handler.py","lineno":7}
{"timestamp":"2026-07-05T08:38:49.772212Z","level":"info","event":"Using environment: staging","logger":"scripts.api_client","filename":"api_client.py","lineno":19}
{"timestamp":"2026-07-05T08:38:49.772476Z","level":"info","event":"Calling URL: http://host.docker.internal:8000/rc","logger":"scripts.api_client","filename":"api_client.py","lineno":20}
{"timestamp":"2026-07-05T08:38:49.782946Z","level":"error","event":"2026-07-05 08:38:49,772 | INFO | Using environment: staging","logger":"task.stderr"}
{"timestamp":"2026-07-05T08:38:49.783434Z","level":"error","event":"2026-07-05 08:38:49,772 | INFO | Calling URL: http://host.docker.internal:8000/rc","logger":"task.stderr"}
{"timestamp":"2026-07-05T08:38:49.783820Z","level":"error","event":"2026-07-05 08:38:49,775 | INFO | Using environment: staging","logger":"task.stderr"}
{"timestamp":"2026-07-05T08:38:49.784282Z","level":"error","event":"2026-07-05 08:38:49,777 | INFO | Calling URL: http://host.docker.internal:8000/fastag","logger":"task.stderr"}
{"timestamp":"2026-07-05T08:38:49.784710Z","level":"error","event":"2026-07-05 08:38:49,782 | INFO | Using environment: staging","logger":"task.stderr"}
{"timestamp":"2026-07-05T08:38:49.777273Z","level":"info","event":"Using environment: staging","logger":"scripts.api_client","filename":"api_client.py","lineno":19}
{"timestamp":"2026-07-05T08:38:49.778452Z","level":"info","event":"Calling URL: http://host.docker.internal:8000/fastag","logger":"scripts.api_client","filename":"api_client.py","lineno":20}
{"timestamp":"2026-07-05T08:38:49.782777Z","level":"info","event":"Using environment: staging","logger":"scripts.api_client","filename":"api_client.py","lineno":19}
{"timestamp":"2026-07-05T08:38:49.782991Z","level":"info","event":"Calling URL: http://host.docker.internal:8000/vrn","logger":"scripts.api_client","filename":"api_client.py","lineno":20}
{"timestamp":"2026-07-05T08:38:49.784637Z","level":"warning","event":"Retrying scripts.api_client.post in 1 seconds as it raised ConnectionError: HTTPConnectionPool(host='host.docker.internal', port=8000): Max retries exceeded with url: /rc (Caused by NewConnectionError(\"HTTPConnection(host='host.docker.internal', port=8000): Failed to establish a new connection: [Errno 101] Network is unreachable\")).","logger":"scripts.api_client","filename":"before_sleep.py","lineno":64}
{"timestamp":"2026-07-05T08:38:49.790092Z","level":"info","event":"V001 processed in 3.10 sec","logger":"task.stdout"}
{"timestamp":"2026-07-05T08:38:49.792518Z","level":"error","event":"2026-07-05 08:38:49,782 | INFO | Calling URL: http://host.docker.internal:8000/vrn","logger":"task.stderr"}
{"timestamp":"2026-07-05T08:38:49.793188Z","level":"error","event":"2026-07-05 08:38:49,784 | WARNING | Retrying scripts.api_client.post in 1 seconds as it raised ConnectionError: HTTPConnectionPool(host='host.docker.internal', port=8000): Max retries exceeded with url: /rc (Caused by NewConnectionError(\"HTTPConnection(host='host.docker.internal', port=8000): Failed to establish a new connection: [Errno 101] Network is unreachable\")).","logger":"task.stderr"}
{"timestamp":"2026-07-05T08:38:49.793790Z","level":"error","event":"2026-07-05 08:38:49,785 | INFO | Using environment: staging","logger":"task.stderr"}
{"timestamp":"2026-07-05T08:38:49.795241Z","level":"error","event":"2026-07-05 08:38:49,786 | INFO | Calling URL: http://host.docker.internal:8000/valuation","logger":"task.stderr"}
{"timestamp":"2026-07-05T08:38:49.786690Z","level":"info","event":"Using environment: staging","logger":"scripts.api_client","filename":"api_client.py","lineno":19}
{"timestamp":"2026-07-05T08:38:49.786969Z","level":"info","event":"Calling URL: http://host.docker.internal:8000/valuation","logger":"scripts.api_client","filename":"api_client.py","lineno":20}
{"timestamp":"2026-07-05T08:38:49.791024Z","level":"warning","event":"Retrying scripts.api_client.post in 1 seconds as it raised ConnectionError: HTTPConnectionPool(host='host.docker.internal', port=8000): Max retries exceeded with url: /fastag (Caused by NewConnectionError(\"HTTPConnection(host='host.docker.internal', port=8000): Failed to establish a new connection: [Errno 101] Network is unreachable\")).","logger":"scripts.api_client","filename":"before_sleep.py","lineno":64}
{"timestamp":"2026-07-05T08:38:49.791415Z","level":"warning","event":"Retrying scripts.api_client.post in 1 seconds as it raised ConnectionError: HTTPConnectionPool(host='host.docker.internal', port=8000): Max retries exceeded with url: /vrn (Caused by NewConnectionError(\"HTTPConnection(host='host.docker.internal', port=8000): Failed to establish a new connection: [Errno 101] Network is unreachable\")).","logger":"scripts.api_client","filename":"before_sleep.py","lineno":64}
{"timestamp":"2026-07-05T08:38:49.798843Z","level":"error","event":"2026-07-05 08:38:49,790 | WARNING | Retrying scripts.api_client.post in 1 seconds as it raised ConnectionError: HTTPConnectionPool(host='host.docker.internal', port=8000): Max retries exceeded with url: /fastag (Caused by NewConnectionError(\"HTTPConnection(host='host.docker.internal', port=8000): Failed to establish a new connection: [Errno 101] Network is unreachable\")).","logger":"task.stderr"}
{"timestamp":"2026-07-05T08:38:49.799245Z","level":"error","event":"2026-07-05 08:38:49,791 | WARNING | Retrying scripts.api_client.post in 1 seconds as it raised ConnectionError: HTTPConnectionPool(host='host.docker.internal', port=8000): Max retries exceeded with url: /vrn (Caused by NewConnectionError(\"HTTPConnection(host='host.docker.internal', port=8000): Failed to establish a new connection: [Errno 101] Network is unreachable\")).","logger":"task.stderr"}
{"timestamp":"2026-07-05T08:38:49.799661Z","level":"error","event":"2026-07-05 08:38:49,798 | WARNING | Retrying scripts.api_client.post in 1 seconds as it raised ConnectionError: HTTPConnectionPool(host='host.docker.internal', port=8000): Max retries exceeded with url: /valuation (Caused by NewConnectionError(\"HTTPConnection(host='host.docker.internal', port=8000): Failed to establish a new connection: [Errno 101] Network is unreachable\")).","logger":"task.stderr"}
{"timestamp":"2026-07-05T08:38:49.798571Z","level":"warning","event":"Retrying scripts.api_client.post in 1 seconds as it raised ConnectionError: HTTPConnectionPool(host='host.docker.internal', port=8000): Max retries exceeded with url: /valuation (Caused by NewConnectionError(\"HTTPConnection(host='host.docker.internal', port=8000): Failed to establish a new connection: [Errno 101] Network is unreachable\")).","logger":"scripts.api_client","filename":"before_sleep.py","lineno":64}
{"timestamp":"2026-07-05T08:38:50.786027Z","level":"error","event":"2026-07-05 08:38:50,785 | INFO | Using environment: staging","logger":"task.stderr"}
{"timestamp":"2026-07-05T08:38:50.792058Z","level":"error","event":"2026-07-05 08:38:50,786 | INFO | Calling URL: http://host.docker.internal:8000/rc","logger":"task.stderr"}
{"timestamp":"2026-07-05T08:38:50.793940Z","level":"error","event":"2026-07-05 08:38:50,791 | INFO | Using environment: staging","logger":"task.stderr"}
{"timestamp":"2026-07-05T08:38:50.785868Z","level":"info","event":"Using environment: staging","logger":"scripts.api_client","filename":"api_client.py","lineno":19}
{"timestamp":"2026-07-05T08:38:50.786311Z","level":"info","event":"Calling URL: http://host.docker.internal:8000/rc","logger":"scripts.api_client","filename":"api_client.py","lineno":20}
{"timestamp":"2026-07-05T08:38:50.791819Z","level":"info","event":"Using environment: staging","logger":"scripts.api_client","filename":"api_client.py","lineno":19}
{"timestamp":"2026-07-05T08:38:50.792158Z","level":"info","event":"Calling URL: http://host.docker.internal:8000/fastag","logger":"scripts.api_client","filename":"api_client.py","lineno":20}
{"timestamp":"2026-07-05T08:38:50.794128Z","level":"info","event":"Using environment: staging","logger":"scripts.api_client","filename":"api_client.py","lineno":19}
{"timestamp":"2026-07-05T08:38:50.794302Z","level":"info","event":"Calling URL: http://host.docker.internal:8000/vrn","logger":"scripts.api_client","filename":"api_client.py","lineno":20}
{"timestamp":"2026-07-05T08:38:50.803450Z","level":"error","event":"2026-07-05 08:38:50,792 | INFO | Calling URL: http://host.docker.internal:8000/fastag","logger":"task.stderr"}
{"timestamp":"2026-07-05T08:38:50.805012Z","level":"error","event":"2026-07-05 08:38:50,793 | INFO | Using environment: staging","logger":"task.stderr"}
{"timestamp":"2026-07-05T08:38:50.806839Z","level":"error","event":"2026-07-05 08:38:50,794 | INFO | Calling URL: http://host.docker.internal:8000/vrn","logger":"task.stderr"}
{"timestamp":"2026-07-05T08:38:50.809084Z","level":"error","event":"2026-07-05 08:38:50,798 | INFO | Using environment: staging","logger":"task.stderr"}
{"timestamp":"2026-07-05T08:38:50.810294Z","level":"error","event":"2026-07-05 08:38:50,799 | INFO | Calling URL: http://host.docker.internal:8000/valuation","logger":"task.stderr"}
{"timestamp":"2026-07-05T08:38:50.799185Z","level":"info","event":"Using environment: staging","logger":"scripts.api_client","filename":"api_client.py","lineno":19}
{"timestamp":"2026-07-05T08:38:50.799523Z","level":"info","event":"Calling URL: http://host.docker.internal:8000/valuation","logger":"scripts.api_client","filename":"api_client.py","lineno":20}
{"timestamp":"2026-07-05T08:38:50.811985Z","level":"warning","event":"Retrying scripts.api_client.post in 2 seconds as it raised ConnectionError: HTTPConnectionPool(host='host.docker.internal', port=8000): Max retries exceeded with url: /fastag (Caused by NewConnectionError(\"HTTPConnection(host='host.docker.internal', port=8000): Failed to establish a new connection: [Errno 101] Network is unreachable\")).","logger":"scripts.api_client","filename":"before_sleep.py","lineno":64}
{"timestamp":"2026-07-05T08:38:50.813444Z","level":"warning","event":"Retrying scripts.api_client.post in 2 seconds as it raised ConnectionError: HTTPConnectionPool(host='host.docker.internal', port=8000): Max retries exceeded with url: /rc (Caused by NewConnectionError(\"HTTPConnection(host='host.docker.internal', port=8000): Failed to establish a new connection: [Errno 101] Network is unreachable\")).","logger":"scripts.api_client","filename":"before_sleep.py","lineno":64}
{"timestamp":"2026-07-05T08:38:50.814021Z","level":"warning","event":"Retrying scripts.api_client.post in 2 seconds as it raised ConnectionError: HTTPConnectionPool(host='host.docker.internal', port=8000): Max retries exceeded with url: /vrn (Caused by NewConnectionError(\"HTTPConnection(host='host.docker.internal', port=8000): Failed to establish a new connection: [Errno 101] Network is unreachable\")).","logger":"scripts.api_client","filename":"before_sleep.py","lineno":64}
{"timestamp":"2026-07-05T08:38:50.818645Z","level":"error","event":"2026-07-05 08:38:50,810 | WARNING | Retrying scripts.api_client.post in 2 seconds as it raised ConnectionError: HTTPConnectionPool(host='host.docker.internal', port=8000): Max retries exceeded with url: /fastag (Caused by NewConnectionError(\"HTTPConnection(host='host.docker.internal', port=8000): Failed to establish a new connection: [Errno 101] Network is unreachable\")).","logger":"task.stderr"}
{"timestamp":"2026-07-05T08:38:50.819171Z","level":"error","event":"2026-07-05 08:38:50,813 | WARNING | Retrying scripts.api_client.post in 2 seconds as it raised ConnectionError: HTTPConnectionPool(host='host.docker.internal', port=8000): Max retries exceeded with url: /rc (Caused by NewConnectionError(\"HTTPConnection(host='host.docker.internal', port=8000): Failed to establish a new connection: [Errno 101] Network is unreachable\")).","logger":"task.stderr"}
{"timestamp":"2026-07-05T08:38:50.819723Z","level":"error","event":"2026-07-05 08:38:50,813 | WARNING | Retrying scripts.api_client.post in 2 seconds as it raised ConnectionError: HTTPConnectionPool(host='host.docker.internal', port=8000): Max retries exceeded with url: /vrn (Caused by NewConnectionError(\"HTTPConnection(host='host.docker.internal', port=8000): Failed to establish a new connection: [Errno 101] Network is unreachable\")).","logger":"task.stderr"}
{"timestamp":"2026-07-05T08:38:50.820250Z","level":"error","event":"2026-07-05 08:38:50,817 | WARNING | Retrying scripts.api_client.post in 2 seconds as it raised ConnectionError: HTTPConnectionPool(host='host.docker.internal', port=8000): Max retries exceeded with url: /valuation (Caused by NewConnectionError(\"HTTPConnection(host='host.docker.internal', port=8000): Failed to establish a new connection: [Errno 101] Network is unreachable\")).","logger":"task.stderr"}
{"timestamp":"2026-07-05T08:38:50.817702Z","level":"warning","event":"Retrying scripts.api_client.post in 2 seconds as it raised ConnectionError: HTTPConnectionPool(host='host.docker.internal', port=8000): Max retries exceeded with url: /valuation (Caused by NewConnectionError(\"HTTPConnection(host='host.docker.internal', port=8000): Failed to establish a new connection: [Errno 101] Network is unreachable\")).","logger":"scripts.api_client","filename":"before_sleep.py","lineno":64}
{"timestamp":"2026-07-05T08:38:52.812656Z","level":"error","event":"2026-07-05 08:38:52,812 | INFO | Using environment: staging","logger":"task.stderr"}
{"timestamp":"2026-07-05T08:38:52.833535Z","level":"error","event":"2026-07-05 08:38:52,812 | INFO | Calling URL: http://host.docker.internal:8000/fastag","logger":"task.stderr"}
{"timestamp":"2026-07-05T08:38:52.834432Z","level":"error","event":"2026-07-05 08:38:52,813 | INFO | Using environment: staging","logger":"task.stderr"}
{"timestamp":"2026-07-05T08:38:52.834962Z","level":"error","event":"2026-07-05 08:38:52,813 | INFO | Calling URL: http://host.docker.internal:8000/rc","logger":"task.stderr"}
{"timestamp":"2026-07-05T08:38:52.835398Z","level":"error","event":"2026-07-05 08:38:52,814 | INFO | Using environment: staging","logger":"task.stderr"}
{"timestamp":"2026-07-05T08:38:52.835794Z","level":"error","event":"2026-07-05 08:38:52,814 | INFO | Calling URL: http://host.docker.internal:8000/vrn","logger":"task.stderr"}
{"timestamp":"2026-07-05T08:38:52.836156Z","level":"error","event":"2026-07-05 08:38:52,817 | INFO | Using environment: staging","logger":"task.stderr"}
{"timestamp":"2026-07-05T08:38:52.836524Z","level":"error","event":"2026-07-05 08:38:52,818 | INFO | Calling URL: http://host.docker.internal:8000/valuation","logger":"task.stderr"}
{"timestamp":"2026-07-05T08:38:52.836877Z","level":"error","event":"2026-07-05 08:38:52,821 | ERROR | RC failed for Vehicle V002: HTTPConnectionPool(host='host.docker.internal', port=8000): Max retries exceeded with url: /rc (Caused by NewConnectionError(\"HTTPConnection(host='host.docker.internal', port=8000): Failed to establish a new connection: [Errno 101] Network is unreachable\"))","logger":"task.stderr"}
{"timestamp":"2026-07-05T08:38:52.837243Z","level":"error","event":"2026-07-05 08:38:52,823 | ERROR | FASTag failed for Vehicle V002: HTTPConnectionPool(host='host.docker.internal', port=8000): Max retries exceeded with url: /fastag (Caused by NewConnectionError(\"HTTPConnection(host='host.docker.internal', port=8000): Failed to establish a new connection: [Errno 101] Network is unreachable\"))","logger":"task.stderr"}
{"timestamp":"2026-07-05T08:38:52.837653Z","level":"error","event":"2026-07-05 08:38:52,823 | ERROR | VRN failed for Vehicle V002: HTTPConnectionPool(host='host.docker.internal', port=8000): Max retries exceeded with url: /vrn (Caused by NewConnectionError(\"HTTPConnection(host='host.docker.internal', port=8000): Failed to establish a new connection: [Errno 101] Network is unreachable\"))","logger":"task.stderr"}
{"timestamp":"2026-07-05T08:38:52.842249Z","level":"error","event":"2026-07-05 08:38:52,829 | ERROR | Valuation failed for Vehicle V002: HTTPConnectionPool(host='host.docker.internal', port=8000): Max retries exceeded with url: /valuation (Caused by NewConnectionError(\"HTTPConnection(host='host.docker.internal', port=8000): Failed to establish a new connection: [Errno 101] Network is unreachable\"))","logger":"task.stderr"}
{"timestamp":"2026-07-05T08:38:52.843000Z","level":"error","event":"2026-07-05 08:38:52,830 | INFO |","logger":"task.stderr"}
{"timestamp":"2026-07-05T08:38:52.843466Z","level":"error","event":"==========================","logger":"task.stderr"}
{"timestamp":"2026-07-05T08:38:52.843932Z","level":"error","event":"Batch Summary","logger":"task.stderr"}
{"timestamp":"2026-07-05T08:38:52.844368Z","level":"error","event":"==========================","logger":"task.stderr"}
{"timestamp":"2026-07-05T08:38:52.844752Z","level":"error","event":"Total Records : 2","logger":"task.stderr"}
{"timestamp":"2026-07-05T08:38:52.845127Z","level":"error","event":"Success : 2","logger":"task.stderr"}
{"timestamp":"2026-07-05T08:38:52.845475Z","level":"error","event":"Failed : 0","logger":"task.stderr"}
{"timestamp":"2026-07-05T08:38:52.845878Z","level":"error","event":"Success Rate : 100.0%","logger":"task.stderr"}
{"timestamp":"2026-07-05T08:38:52.846281Z","level":"error","event":"==========================","logger":"task.stderr"}
{"timestamp":"2026-07-05T08:38:52.812466Z","level":"info","event":"Using environment: staging","logger":"scripts.api_client","filename":"api_client.py","lineno":19}
{"timestamp":"2026-07-05T08:38:52.812664Z","level":"info","event":"Calling URL: http://host.docker.internal:8000/fastag","logger":"scripts.api_client","filename":"api_client.py","lineno":20}
{"timestamp":"2026-07-05T08:38:52.813879Z","level":"info","event":"Using environment: staging","logger":"scripts.api_client","filename":"api_client.py","lineno":19}
{"timestamp":"2026-07-05T08:38:52.813979Z","level":"info","event":"Calling URL: http://host.docker.internal:8000/rc","logger":"scripts.api_client","filename":"api_client.py","lineno":20}
{"timestamp":"2026-07-05T08:38:52.814726Z","level":"info","event":"Using environment: staging","logger":"scripts.api_client","filename":"api_client.py","lineno":19}
{"timestamp":"2026-07-05T08:38:52.814831Z","level":"info","event":"Calling URL: http://host.docker.internal:8000/vrn","logger":"scripts.api_client","filename":"api_client.py","lineno":20}
{"timestamp":"2026-07-05T08:38:52.818155Z","level":"info","event":"Using environment: staging","logger":"scripts.api_client","filename":"api_client.py","lineno":19}
{"timestamp":"2026-07-05T08:38:52.818563Z","level":"info","event":"Calling URL: http://host.docker.internal:8000/valuation","logger":"scripts.api_client","filename":"api_client.py","lineno":20}
{"timestamp":"2026-07-05T08:38:52.821998Z","level":"error","event":"RC failed for Vehicle V002: HTTPConnectionPool(host='host.docker.internal', port=8000): Max retries exceeded with url: /rc (Caused by NewConnectionError(\"HTTPConnection(host='host.docker.internal', port=8000): Failed to establish a new connection: [Errno 101] Network is unreachable\"))","logger":"utils.error_handler","dag_id":"vehicle_batch_pipeline","task_id":"process_batch_task","map_index":0,"run_id":"manual__2026-07-05T08:38:41.160385+00:00","try_number":1,"ti_id":"019f316e-0346-7b40-b9c0-b5c1622208ac","filename":"error_handler.py","lineno":7}
{"timestamp":"2026-07-05T08:38:52.823399Z","level":"error","event":"FASTag failed for Vehicle V002: HTTPConnectionPool(host='host.docker.internal', port=8000): Max retries exceeded with url: /fastag (Caused by NewConnectionError(\"HTTPConnection(host='host.docker.internal', port=8000): Failed to establish a new connection: [Errno 101] Network is unreachable\"))","logger":"utils.error_handler","dag_id":"vehicle_batch_pipeline","task_id":"process_batch_task","map_index":0,"run_id":"manual__2026-07-05T08:38:41.160385+00:00","try_number":1,"ti_id":"019f316e-0346-7b40-b9c0-b5c1622208ac","filename":"error_handler.py","lineno":7}
{"timestamp":"2026-07-05T08:38:52.823596Z","level":"error","event":"VRN failed for Vehicle V002: HTTPConnectionPool(host='host.docker.internal', port=8000): Max retries exceeded with url: /vrn (Caused by NewConnectionError(\"HTTPConnection(host='host.docker.internal', port=8000): Failed to establish a new connection: [Errno 101] Network is unreachable\"))","logger":"utils.error_handler","dag_id":"vehicle_batch_pipeline","task_id":"process_batch_task","map_index":0,"run_id":"manual__2026-07-05T08:38:41.160385+00:00","try_number":1,"ti_id":"019f316e-0346-7b40-b9c0-b5c1622208ac","filename":"error_handler.py","lineno":7}
{"timestamp":"2026-07-05T08:38:52.829544Z","level":"error","event":"Valuation failed for Vehicle V002: HTTPConnectionPool(host='host.docker.internal', port=8000): Max retries exceeded with url: /valuation (Caused by NewConnectionError(\"HTTPConnection(host='host.docker.internal', port=8000): Failed to establish a new connection: [Errno 101] Network is unreachable\"))","logger":"utils.error_handler","dag_id":"vehicle_batch_pipeline","task_id":"process_batch_task","map_index":0,"run_id":"manual__2026-07-05T08:38:41.160385+00:00","try_number":1,"ti_id":"019f316e-0346-7b40-b9c0-b5c1622208ac","filename":"error_handler.py","lineno":7}
{"timestamp":"2026-07-05T08:38:52.856807Z","level":"info","event":"V002 processed in 3.06 sec","logger":"task.stdout"}
{"timestamp":"2026-07-05T08:38:52.830341Z","level":"info","event":"\n==========================\nBatch Summary\n==========================\nTotal Records : 2\nSuccess : 2\nFailed : 0\nSuccess Rate : 100.0%\n==========================","logger":"scripts.process_batch","dag_id":"vehicle_batch_pipeline","task_id":"process_batch_task","map_index":0,"run_id":"manual__2026-07-05T08:38:41.160385+00:00","try_number":1,"ti_id":"019f316e-0346-7b40-b9c0-b5c1622208ac","filename":"process_batch.py","lineno":52}
{"timestamp":"2026-07-05T08:38:52.849218Z","level":"info","event":"Done. Returned value was:    year    brand  ...  status                                              error\n0  2022   Toyota  ...  FAILED  HTTPConnectionPool(host='host.docker.internal'...\n1  2021  Hyundai  ...  FAILED  HTTPConnectionPool(host='host.docker.internal'...\n\n[2 rows x 7 columns]","dag_id":"vehicle_batch_pipeline","task_id":"process_batch_task","map_index":0,"run_id":"manual__2026-07-05T08:38:41.160385+00:00","try_number":1,"ti_id":"019f316e-0346-7b40-b9c0-b5c1622208ac","logger":"airflow.task.operators.airflow.providers.standard.decorators.python._PythonDecoratedOperator","filename":"python.py","lineno":233}
{"timestamp":"2026-07-05T08:38:52.849434Z","level":"info","event":"::group::Post Execute","dag_id":"vehicle_batch_pipeline","task_id":"process_batch_task","map_index":0,"run_id":"manual__2026-07-05T08:38:41.160385+00:00","try_number":1,"ti_id":"019f316e-0346-7b40-b9c0-b5c1622208ac","logger":"task","filename":"task_runner.py","lineno":1288}
{"timestamp":"2026-07-05T08:38:52.849661Z","level":"info","event":"Pushing xcom","ti":"RuntimeTaskInstance(id=UUID('019f316e-0346-7b40-b9c0-b5c1622208ac'), task_id='process_batch_task', dag_id='vehicle_batch_pipeline', run_id='manual__2026-07-05T08:38:41.160385+00:00', try_number=1, dag_version_id=UUID('019f2c50-8b66-7475-9dae-822508d85766'), map_index=0, hostname='8e3d505c6688', context_carrier={'traceparent': '00-f9175081f92388b05a0512d887344f28-8819783102a3a331-01'}, task=<Task(_PythonDecoratedOperator): process_batch_task>, bundle_instance=LocalDagBundle(name=dags-folder), max_tries=2, start_date=datetime.datetime(2026, 7, 5, 8, 38, 46, 87107, tzinfo=datetime.timezone.utc), end_date=None, state=<TaskInstanceState.RUNNING: 'running'>, is_mapped=True, rendered_map_index=None, sentry_integration='')","dag_id":"vehicle_batch_pipeline","task_id":"process_batch_task","map_index":0,"run_id":"manual__2026-07-05T08:38:41.160385+00:00","try_number":1,"ti_id":"019f316e-0346-7b40-b9c0-b5c1622208ac","logger":"task","filename":"task_runner.py","lineno":1791}
{"timestamp":"2026-07-05T08:38:52.935511Z","level":"info","event":"Task instance in success state","logger":"task.stdout"}
{"timestamp":"2026-07-05T08:38:52.936328Z","level":"info","event":" Previous state of the Task instance: TaskInstanceState.RUNNING","logger":"task.stdout"}
{"timestamp":"2026-07-05T08:38:52.936918Z","level":"info","event":"Task operator:<Task(_PythonDecoratedOperator): process_batch_task>","logger":"task.stdout"}
{"timestamp":"2026-07-05T08:38:52.936019Z","level":"info","event":"::endgroup::","dag_id":"vehicle_batch_pipeline","task_id":"process_batch_task","map_index":0,"run_id":"manual__2026-07-05T08:38:41.160385+00:00","try_number":1,"ti_id":"019f316e-0346-7b40-b9c0-b5c1622208ac","logger":"task","filename":"task_runner.py","lineno":1896}
