{"timestamp":"2026-06-27T19:53:32.061025Z","level":"info","event":"::group::Pre Execute","logger":"task","filename":"task_runner.py","lineno":1926}
{"timestamp":"2026-06-27T19:53:32.382861Z","level":"info","event":"DAG bundles loaded: dags-folder, example_dags","map_index":-1,"ti_id":"019f0aa4-f92e-719a-ab2d-2956e0050907","try_number":1,"dag_id":"vehicle_batch_pipeline","task_id":"load_vehicle_data","run_id":"manual__2026-06-27T19:53:31.666668+00:00","logger":"airflow.dag_processing.bundles.manager.DagBundlesManager","filename":"manager.py","lineno":209}
{"timestamp":"2026-06-27T19:53:32.384616Z","level":"info","event":"Filling up the DagBag from /opt/airflow/dags/vehicle_pipeline.py","map_index":-1,"ti_id":"019f0aa4-f92e-719a-ab2d-2956e0050907","try_number":1,"dag_id":"vehicle_batch_pipeline","task_id":"load_vehicle_data","run_id":"manual__2026-06-27T19:53:31.666668+00:00","logger":"airflow.dag_processing.dagbag.BundleDagBag","filename":"dagbag.py","lineno":469}
{"timestamp":"2026-06-27T19:53:32.469513Z","level":"info","event":"Task instance is in running state","logger":"task.stdout"}
{"timestamp":"2026-06-27T19:53:32.470175Z","level":"info","event":" Previous state of the Task instance: TaskInstanceState.QUEUED","logger":"task.stdout"}
{"timestamp":"2026-06-27T19:53:32.470696Z","level":"info","event":"Current task name:load_vehicle_data","logger":"task.stdout"}
{"timestamp":"2026-06-27T19:53:32.471152Z","level":"info","event":"Dag name:vehicle_batch_pipeline","logger":"task.stdout"}
{"timestamp":"2026-06-27T19:53:32.469915Z","level":"info","event":"::endgroup::","map_index":-1,"ti_id":"019f0aa4-f92e-719a-ab2d-2956e0050907","try_number":1,"dag_id":"vehicle_batch_pipeline","task_id":"load_vehicle_data","run_id":"manual__2026-06-27T19:53:31.666668+00:00","logger":"task","filename":"task_runner.py","lineno":1727}
{"timestamp":"2026-06-27T19:53:32.471632Z","level":"info","event":"Reading file: /opt/airflow/data/input/vehicle_data.csv","logger":"scripts.csv_reader","map_index":-1,"ti_id":"019f0aa4-f92e-719a-ab2d-2956e0050907","try_number":1,"dag_id":"vehicle_batch_pipeline","task_id":"load_vehicle_data","run_id":"manual__2026-06-27T19:53:31.666668+00:00","filename":"csv_reader.py","lineno":13}
{"timestamp":"2026-06-27T19:53:32.472560Z","level":"error","event":"2026-06-27 19:53:32,471 | INFO | Reading file: /opt/airflow/data/input/vehicle_data.csv","logger":"task.stderr"}
{"timestamp":"2026-06-27T19:53:32.479831Z","level":"error","event":"2026-06-27 19:53:32,479 | INFO | Rows Loaded: 5","logger":"task.stderr"}
{"timestamp":"2026-06-27T19:53:32.480441Z","level":"error","event":"2026-06-27 19:53:32,480 | INFO | CSV Validation Passed","logger":"task.stderr"}
{"timestamp":"2026-06-27T19:53:32.479806Z","level":"info","event":"Rows Loaded: 5","logger":"scripts.csv_reader","map_index":-1,"ti_id":"019f0aa4-f92e-719a-ab2d-2956e0050907","try_number":1,"dag_id":"vehicle_batch_pipeline","task_id":"load_vehicle_data","run_id":"manual__2026-06-27T19:53:31.666668+00:00","filename":"csv_reader.py","lineno":17}
{"timestamp":"2026-06-27T19:53:32.480127Z","level":"info","event":"CSV Validation Passed","logger":"unusual_prefix_0c07c951a0536f1f9ade82c88099125392a8ad1a_vehicle_pipeline","map_index":-1,"ti_id":"019f0aa4-f92e-719a-ab2d-2956e0050907","try_number":1,"dag_id":"vehicle_batch_pipeline","task_id":"load_vehicle_data","run_id":"manual__2026-06-27T19:53:31.666668+00:00","filename":"vehicle_pipeline.py","lineno":39}
{"timestamp":"2026-06-27T19:53:32.482043Z","level":"error","event":"2026-06-27 19:53:32,481 | INFO | Rows after cleaning: 5","logger":"task.stderr"}
{"timestamp":"2026-06-27T19:53:32.482487Z","level":"error","event":"2026-06-27 19:53:32,481 | INFO | ==================================================","logger":"task.stderr"}
{"timestamp":"2026-06-27T19:53:32.482930Z","level":"error","event":"2026-06-27 19:53:32,481 | INFO | Vehicle Data Preview","logger":"task.stderr"}
{"timestamp":"2026-06-27T19:53:32.483340Z","level":"error","event":"2026-06-27 19:53:32,481 | INFO | ==================================================","logger":"task.stderr"}
{"timestamp":"2026-06-27T19:53:32.483849Z","level":"error","event":"2026-06-27 19:53:32,481 | INFO | Rows : 5","logger":"task.stderr"}
{"timestamp":"2026-06-27T19:53:32.481668Z","level":"info","event":"Rows after cleaning: 5","logger":"unusual_prefix_0c07c951a0536f1f9ade82c88099125392a8ad1a_vehicle_pipeline","map_index":-1,"ti_id":"019f0aa4-f92e-719a-ab2d-2956e0050907","try_number":1,"dag_id":"vehicle_batch_pipeline","task_id":"load_vehicle_data","run_id":"manual__2026-06-27T19:53:31.666668+00:00","filename":"vehicle_pipeline.py","lineno":42}
{"timestamp":"2026-06-27T19:53:32.481782Z","level":"info","event":"==================================================","logger":"unusual_prefix_0c07c951a0536f1f9ade82c88099125392a8ad1a_vehicle_pipeline","map_index":-1,"ti_id":"019f0aa4-f92e-719a-ab2d-2956e0050907","try_number":1,"dag_id":"vehicle_batch_pipeline","task_id":"load_vehicle_data","run_id":"manual__2026-06-27T19:53:31.666668+00:00","filename":"vehicle_pipeline.py","lineno":44}
{"timestamp":"2026-06-27T19:53:32.481870Z","level":"info","event":"Vehicle Data Preview","logger":"unusual_prefix_0c07c951a0536f1f9ade82c88099125392a8ad1a_vehicle_pipeline","map_index":-1,"ti_id":"019f0aa4-f92e-719a-ab2d-2956e0050907","try_number":1,"dag_id":"vehicle_batch_pipeline","task_id":"load_vehicle_data","run_id":"manual__2026-06-27T19:53:31.666668+00:00","filename":"vehicle_pipeline.py","lineno":45}
{"timestamp":"2026-06-27T19:53:32.481951Z","level":"info","event":"==================================================","logger":"unusual_prefix_0c07c951a0536f1f9ade82c88099125392a8ad1a_vehicle_pipeline","map_index":-1,"ti_id":"019f0aa4-f92e-719a-ab2d-2956e0050907","try_number":1,"dag_id":"vehicle_batch_pipeline","task_id":"load_vehicle_data","run_id":"manual__2026-06-27T19:53:31.666668+00:00","filename":"vehicle_pipeline.py","lineno":46}
{"timestamp":"2026-06-27T19:53:32.482032Z","level":"info","event":"Rows : 5","logger":"unusual_prefix_0c07c951a0536f1f9ade82c88099125392a8ad1a_vehicle_pipeline","map_index":-1,"ti_id":"019f0aa4-f92e-719a-ab2d-2956e0050907","try_number":1,"dag_id":"vehicle_batch_pipeline","task_id":"load_vehicle_data","run_id":"manual__2026-06-27T19:53:31.666668+00:00","filename":"vehicle_pipeline.py","lineno":48}
{"timestamp":"2026-06-27T19:53:32.482120Z","level":"info","event":"Columns : ['vehicle_id', 'brand', 'model', 'year', 'fuel_type']","logger":"unusual_prefix_0c07c951a0536f1f9ade82c88099125392a8ad1a_vehicle_pipeline","map_index":-1,"ti_id":"019f0aa4-f92e-719a-ab2d-2956e0050907","try_number":1,"dag_id":"vehicle_batch_pipeline","task_id":"load_vehicle_data","run_id":"manual__2026-06-27T19:53:31.666668+00:00","filename":"vehicle_pipeline.py","lineno":49}
{"timestamp":"2026-06-27T19:53:32.487119Z","level":"error","event":"2026-06-27 19:53:32,482 | INFO | Columns : ['vehicle_id', 'brand', 'model', 'year', 'fuel_type']","logger":"task.stderr"}
{"timestamp":"2026-06-27T19:53:32.487531Z","level":"error","event":"2026-06-27 19:53:32,482 | INFO |   vehicle_id     brand     model  year fuel_type","logger":"task.stderr"}
{"timestamp":"2026-06-27T19:53:32.487917Z","level":"error","event":"0       V001    Toyota  Fortuner  2022    Diesel","logger":"task.stderr"}
{"timestamp":"2026-06-27T19:53:32.488327Z","level":"error","event":"1       V002   Hyundai     Creta  2021    Petrol","logger":"task.stderr"}
{"timestamp":"2026-06-27T19:53:32.488745Z","level":"error","event":"2       V003      Tata     Nexon  2023  Electric","logger":"task.stderr"}
{"timestamp":"2026-06-27T19:53:32.489159Z","level":"error","event":"3       V004  Mahindra    XUV700  2022    Diesel","logger":"task.stderr"}
{"timestamp":"2026-06-27T19:53:32.489610Z","level":"error","event":"4       V005     Honda      City  2020    Petrol","logger":"task.stderr"}
{"timestamp":"2026-06-27T19:53:32.490095Z","level":"error","event":"2026-06-27 19:53:32,489 | INFO | Created 3 batches.","logger":"task.stderr"}
{"timestamp":"2026-06-27T19:53:32.489692Z","level":"info","event":"  vehicle_id     brand     model  year fuel_type\n0       V001    Toyota  Fortuner  2022    Diesel\n1       V002   Hyundai     Creta  2021    Petrol\n2       V003      Tata     Nexon  2023  Electric\n3       V004  Mahindra    XUV700  2022    Diesel\n4       V005     Honda      City  2020    Petrol","logger":"unusual_prefix_0c07c951a0536f1f9ade82c88099125392a8ad1a_vehicle_pipeline","map_index":-1,"ti_id":"019f0aa4-f92e-719a-ab2d-2956e0050907","try_number":1,"dag_id":"vehicle_batch_pipeline","task_id":"load_vehicle_data","run_id":"manual__2026-06-27T19:53:31.666668+00:00","filename":"vehicle_pipeline.py","lineno":51}
{"timestamp":"2026-06-27T19:53:32.489912Z","level":"info","event":"Created 3 batches.","logger":"unusual_prefix_0c07c951a0536f1f9ade82c88099125392a8ad1a_vehicle_pipeline","map_index":-1,"ti_id":"019f0aa4-f92e-719a-ab2d-2956e0050907","try_number":1,"dag_id":"vehicle_batch_pipeline","task_id":"load_vehicle_data","run_id":"manual__2026-06-27T19:53:31.666668+00:00","filename":"vehicle_pipeline.py","lineno":58}
{"timestamp":"2026-06-27T19:53:32.502796Z","level":"info","event":"Done. Returned value was: 5","map_index":-1,"ti_id":"019f0aa4-f92e-719a-ab2d-2956e0050907","try_number":1,"dag_id":"vehicle_batch_pipeline","task_id":"load_vehicle_data","run_id":"manual__2026-06-27T19:53:31.666668+00:00","logger":"airflow.task.operators.airflow.providers.standard.decorators.python._PythonDecoratedOperator","filename":"python.py","lineno":233}
{"timestamp":"2026-06-27T19:53:32.502992Z","level":"info","event":"::group::Post Execute","map_index":-1,"ti_id":"019f0aa4-f92e-719a-ab2d-2956e0050907","try_number":1,"dag_id":"vehicle_batch_pipeline","task_id":"load_vehicle_data","run_id":"manual__2026-06-27T19:53:31.666668+00:00","logger":"task","filename":"task_runner.py","lineno":1288}
{"timestamp":"2026-06-27T19:53:32.503166Z","level":"info","event":"Pushing xcom","ti":"RuntimeTaskInstance(id=UUID('019f0aa4-f92e-719a-ab2d-2956e0050907'), task_id='load_vehicle_data', dag_id='vehicle_batch_pipeline', run_id='manual__2026-06-27T19:53:31.666668+00:00', try_number=1, dag_version_id=UUID('019f0a84-eb2e-78fc-82c7-f3d949d98c81'), map_index=-1, hostname='8e3d505c6688', context_carrier={'traceparent': '00-4d2caccd155057b5af98d9ed183c6e67-c5e8e129db47206a-01'}, task=<Task(_PythonDecoratedOperator): load_vehicle_data>, bundle_instance=LocalDagBundle(name=dags-folder), max_tries=0, start_date=datetime.datetime(2026, 6, 27, 19, 53, 32, 67612, tzinfo=datetime.timezone.utc), end_date=None, state=<TaskInstanceState.RUNNING: 'running'>, is_mapped=False, rendered_map_index=None, sentry_integration='')","map_index":-1,"ti_id":"019f0aa4-f92e-719a-ab2d-2956e0050907","try_number":1,"dag_id":"vehicle_batch_pipeline","task_id":"load_vehicle_data","run_id":"manual__2026-06-27T19:53:31.666668+00:00","logger":"task","filename":"task_runner.py","lineno":1791}
{"timestamp":"2026-06-27T19:53:32.542424Z","level":"info","event":"Task instance in success state","logger":"task.stdout"}
{"timestamp":"2026-06-27T19:53:32.543466Z","level":"info","event":" Previous state of the Task instance: TaskInstanceState.RUNNING","logger":"task.stdout"}
{"timestamp":"2026-06-27T19:53:32.544158Z","level":"info","event":"Task operator:<Task(_PythonDecoratedOperator): load_vehicle_data>","logger":"task.stdout"}
{"timestamp":"2026-06-27T19:53:32.542813Z","level":"info","event":"::endgroup::","map_index":-1,"ti_id":"019f0aa4-f92e-719a-ab2d-2956e0050907","try_number":1,"dag_id":"vehicle_batch_pipeline","task_id":"load_vehicle_data","run_id":"manual__2026-06-27T19:53:31.666668+00:00","logger":"task","filename":"task_runner.py","lineno":1896}
