{"timestamp":"2026-07-03T14:54:25.569782Z","level":"info","event":"::group::Pre Execute","logger":"task","filename":"task_runner.py","lineno":1926}
{"timestamp":"2026-07-03T14:54:25.973775Z","level":"info","event":"DAG bundles loaded: dags-folder, example_dags","task_id":"process_batch_task","map_index":1,"try_number":1,"run_id":"manual__2026-07-03T14:54:22.374779+00:00","ti_id":"019f2879-49d2-7467-a337-491fd31c1755","dag_id":"vehicle_batch_pipeline","logger":"airflow.dag_processing.bundles.manager.DagBundlesManager","filename":"manager.py","lineno":209}
{"timestamp":"2026-07-03T14:54:25.975624Z","level":"info","event":"Filling up the DagBag from /opt/airflow/dags/vehicle_pipeline.py","task_id":"process_batch_task","map_index":1,"try_number":1,"run_id":"manual__2026-07-03T14:54:22.374779+00:00","ti_id":"019f2879-49d2-7467-a337-491fd31c1755","dag_id":"vehicle_batch_pipeline","logger":"airflow.dag_processing.dagbag.BundleDagBag","filename":"dagbag.py","lineno":469}
{"timestamp":"2026-07-03T14:54:26.123997Z","level":"info","event":"Task instance is in running state","logger":"task.stdout"}
{"timestamp":"2026-07-03T14:54:26.126915Z","level":"info","event":" Previous state of the Task instance: TaskInstanceState.QUEUED","logger":"task.stdout"}
{"timestamp":"2026-07-03T14:54:26.127462Z","level":"info","event":"Current task name:process_batch_task","logger":"task.stdout"}
{"timestamp":"2026-07-03T14:54:26.127959Z","level":"info","event":"Dag name:vehicle_batch_pipeline","logger":"task.stdout"}
{"timestamp":"2026-07-03T14:54:26.124410Z","level":"info","event":"::endgroup::","task_id":"process_batch_task","map_index":1,"try_number":1,"run_id":"manual__2026-07-03T14:54:22.374779+00:00","ti_id":"019f2879-49d2-7467-a337-491fd31c1755","dag_id":"vehicle_batch_pipeline","logger":"task","filename":"task_runner.py","lineno":1727}
{"timestamp":"2026-07-03T14:54:26.126158Z","level":"info","event":"Processing batch_2.csv","logger":"scripts.process_batch","task_id":"process_batch_task","map_index":1,"try_number":1,"run_id":"manual__2026-07-03T14:54:22.374779+00:00","ti_id":"019f2879-49d2-7467-a337-491fd31c1755","dag_id":"vehicle_batch_pipeline","filename":"process_batch.py","lineno":13}
{"timestamp":"2026-07-03T14:54:26.129726Z","level":"error","event":"2026-07-03 14:54:26,125 | INFO | Processing batch_2.csv","logger":"task.stderr"}
{"timestamp":"2026-07-03T14:54:26.135427Z","level":"error","event":"2026-07-03 14:54:26,135 | INFO | Rows = 2","logger":"task.stderr"}
{"timestamp":"2026-07-03T14:54:26.135400Z","level":"info","event":"Rows = 2","logger":"scripts.process_batch","task_id":"process_batch_task","map_index":1,"try_number":1,"run_id":"manual__2026-07-03T14:54:22.374779+00:00","ti_id":"019f2879-49d2-7467-a337-491fd31c1755","dag_id":"vehicle_batch_pipeline","filename":"process_batch.py","lineno":17}
{"timestamp":"2026-07-03T14:54:26.137016Z","level":"error","event":"2026-07-03 14:54:26,136 | INFO | Using environment: production","logger":"task.stderr"}
{"timestamp":"2026-07-03T14:54:26.137590Z","level":"error","event":"2026-07-03 14:54:26,137 | INFO | Using environment: production","logger":"task.stderr"}
{"timestamp":"2026-07-03T14:54:26.137166Z","level":"info","event":"Using environment: production","logger":"scripts.api_client","filename":"api_client.py","lineno":19}
{"timestamp":"2026-07-03T14:54:26.137740Z","level":"info","event":"Using environment: production","logger":"scripts.api_client","filename":"api_client.py","lineno":19}
{"timestamp":"2026-07-03T14:54:26.137964Z","level":"info","event":"Calling URL: http://host.docker.internal:8000/rc","logger":"scripts.api_client","filename":"api_client.py","lineno":20}
{"timestamp":"2026-07-03T14:54:26.139616Z","level":"error","event":"2026-07-03 14:54:26,137 | INFO | Calling URL: http://host.docker.internal:8000/rc","logger":"task.stderr"}
{"timestamp":"2026-07-03T14:54:26.140237Z","level":"error","event":"2026-07-03 14:54:26,137 | INFO | Calling URL: http://host.docker.internal:8000/fastag","logger":"task.stderr"}
{"timestamp":"2026-07-03T14:54:26.139836Z","level":"info","event":"Calling URL: http://host.docker.internal:8000/fastag","logger":"scripts.api_client","filename":"api_client.py","lineno":20}
{"timestamp":"2026-07-03T14:54:26.140710Z","level":"info","event":"Using environment: production","logger":"scripts.api_client","filename":"api_client.py","lineno":19}
{"timestamp":"2026-07-03T14:54:26.142171Z","level":"error","event":"2026-07-03 14:54:26,139 | INFO | Using environment: production","logger":"task.stderr"}
{"timestamp":"2026-07-03T14:54:26.142707Z","level":"error","event":"2026-07-03 14:54:26,140 | INFO | Using environment: production","logger":"task.stderr"}
{"timestamp":"2026-07-03T14:54:26.143246Z","level":"error","event":"2026-07-03 14:54:26,140 | INFO | Calling URL: http://host.docker.internal:8000/vrn","logger":"task.stderr"}
{"timestamp":"2026-07-03T14:54:26.141086Z","level":"info","event":"Using environment: production","logger":"scripts.api_client","filename":"api_client.py","lineno":19}
{"timestamp":"2026-07-03T14:54:26.141669Z","level":"info","event":"Calling URL: http://host.docker.internal:8000/vrn","logger":"scripts.api_client","filename":"api_client.py","lineno":20}
{"timestamp":"2026-07-03T14:54:26.149940Z","level":"error","event":"2026-07-03 14:54:26,141 | INFO | Calling URL: http://host.docker.internal:8000/valuation","logger":"task.stderr"}
{"timestamp":"2026-07-03T14:54:26.150300Z","level":"info","event":"Calling URL: http://host.docker.internal:8000/valuation","logger":"scripts.api_client","filename":"api_client.py","lineno":20}
{"timestamp":"2026-07-03T14:54:26.156959Z","level":"error","event":"2026-07-03 14:54:26,156 | WARNING | Retrying scripts.api_client.post in 1 seconds as it raised ConnectionError: HTTPConnectionPool(host='host.docker.internal', port=8000): Max retries exceeded with url: /rc (Caused by NewConnectionError(\"HTTPConnection(host='host.docker.internal', port=8000): Failed to establish a new connection: [Errno 101] Network is unreachable\")).","logger":"task.stderr"}
{"timestamp":"2026-07-03T14:54:26.156712Z","level":"warning","event":"Retrying scripts.api_client.post in 1 seconds as it raised ConnectionError: HTTPConnectionPool(host='host.docker.internal', port=8000): Max retries exceeded with url: /rc (Caused by NewConnectionError(\"HTTPConnection(host='host.docker.internal', port=8000): Failed to establish a new connection: [Errno 101] Network is unreachable\")).","logger":"scripts.api_client","filename":"before_sleep.py","lineno":64}
{"timestamp":"2026-07-03T14:54:26.158511Z","level":"error","event":"2026-07-03 14:54:26,157 | WARNING | Retrying scripts.api_client.post in 1 seconds as it raised ConnectionError: HTTPConnectionPool(host='host.docker.internal', port=8000): Max retries exceeded with url: /fastag (Caused by NewConnectionError(\"HTTPConnection(host='host.docker.internal', port=8000): Failed to establish a new connection: [Errno 101] Network is unreachable\")).","logger":"task.stderr"}
{"timestamp":"2026-07-03T14:54:26.159722Z","level":"error","event":"2026-07-03 14:54:26,159 | WARNING | Retrying scripts.api_client.post in 1 seconds as it raised ConnectionError: HTTPConnectionPool(host='host.docker.internal', port=8000): Max retries exceeded with url: /valuation (Caused by NewConnectionError(\"HTTPConnection(host='host.docker.internal', port=8000): Failed to establish a new connection: [Errno 101] Network is unreachable\")).","logger":"task.stderr"}
{"timestamp":"2026-07-03T14:54:26.158544Z","level":"warning","event":"Retrying scripts.api_client.post in 1 seconds as it raised ConnectionError: HTTPConnectionPool(host='host.docker.internal', port=8000): Max retries exceeded with url: /fastag (Caused by NewConnectionError(\"HTTPConnection(host='host.docker.internal', port=8000): Failed to establish a new connection: [Errno 101] Network is unreachable\")).","logger":"scripts.api_client","filename":"before_sleep.py","lineno":64}
{"timestamp":"2026-07-03T14:54:26.159230Z","level":"warning","event":"Retrying scripts.api_client.post in 1 seconds as it raised ConnectionError: HTTPConnectionPool(host='host.docker.internal', port=8000): Max retries exceeded with url: /valuation (Caused by NewConnectionError(\"HTTPConnection(host='host.docker.internal', port=8000): Failed to establish a new connection: [Errno 101] Network is unreachable\")).","logger":"scripts.api_client","filename":"before_sleep.py","lineno":64}
{"timestamp":"2026-07-03T14:54:26.161658Z","level":"error","event":"2026-07-03 14:54:26,159 | WARNING | Retrying scripts.api_client.post in 1 seconds as it raised ConnectionError: HTTPConnectionPool(host='host.docker.internal', port=8000): Max retries exceeded with url: /vrn (Caused by NewConnectionError(\"HTTPConnection(host='host.docker.internal', port=8000): Failed to establish a new connection: [Errno 101] Network is unreachable\")).","logger":"task.stderr"}
{"timestamp":"2026-07-03T14:54:26.160160Z","level":"warning","event":"Retrying scripts.api_client.post in 1 seconds as it raised ConnectionError: HTTPConnectionPool(host='host.docker.internal', port=8000): Max retries exceeded with url: /vrn (Caused by NewConnectionError(\"HTTPConnection(host='host.docker.internal', port=8000): Failed to establish a new connection: [Errno 101] Network is unreachable\")).","logger":"scripts.api_client","filename":"before_sleep.py","lineno":64}
{"timestamp":"2026-07-03T14:54:27.157506Z","level":"error","event":"2026-07-03 14:54:27,157 | INFO | Using environment: production","logger":"task.stderr"}
{"timestamp":"2026-07-03T14:54:27.159117Z","level":"error","event":"2026-07-03 14:54:27,157 | INFO | Calling URL: http://host.docker.internal:8000/rc","logger":"task.stderr"}
{"timestamp":"2026-07-03T14:54:27.159696Z","level":"error","event":"2026-07-03 14:54:27,158 | INFO | Using environment: production","logger":"task.stderr"}
{"timestamp":"2026-07-03T14:54:27.157419Z","level":"info","event":"Using environment: production","logger":"scripts.api_client","filename":"api_client.py","lineno":19}
{"timestamp":"2026-07-03T14:54:27.157640Z","level":"info","event":"Calling URL: http://host.docker.internal:8000/rc","logger":"scripts.api_client","filename":"api_client.py","lineno":20}
{"timestamp":"2026-07-03T14:54:27.159017Z","level":"info","event":"Using environment: production","logger":"scripts.api_client","filename":"api_client.py","lineno":19}
{"timestamp":"2026-07-03T14:54:27.159152Z","level":"info","event":"Calling URL: http://host.docker.internal:8000/fastag","logger":"scripts.api_client","filename":"api_client.py","lineno":20}
{"timestamp":"2026-07-03T14:54:27.159948Z","level":"info","event":"Using environment: production","logger":"scripts.api_client","filename":"api_client.py","lineno":19}
{"timestamp":"2026-07-03T14:54:27.160092Z","level":"info","event":"Calling URL: http://host.docker.internal:8000/valuation","logger":"scripts.api_client","filename":"api_client.py","lineno":20}
{"timestamp":"2026-07-03T14:54:27.160830Z","level":"info","event":"Using environment: production","logger":"scripts.api_client","filename":"api_client.py","lineno":19}
{"timestamp":"2026-07-03T14:54:27.166515Z","level":"error","event":"2026-07-03 14:54:27,159 | INFO | Calling URL: http://host.docker.internal:8000/fastag","logger":"task.stderr"}
{"timestamp":"2026-07-03T14:54:27.167079Z","level":"error","event":"2026-07-03 14:54:27,159 | INFO | Using environment: production","logger":"task.stderr"}
{"timestamp":"2026-07-03T14:54:27.167593Z","level":"error","event":"2026-07-03 14:54:27,160 | INFO | Calling URL: http://host.docker.internal:8000/valuation","logger":"task.stderr"}
{"timestamp":"2026-07-03T14:54:27.168051Z","level":"error","event":"2026-07-03 14:54:27,160 | INFO | Using environment: production","logger":"task.stderr"}
{"timestamp":"2026-07-03T14:54:27.168506Z","level":"error","event":"2026-07-03 14:54:27,161 | INFO | Calling URL: http://host.docker.internal:8000/vrn","logger":"task.stderr"}
{"timestamp":"2026-07-03T14:54:27.168963Z","level":"error","event":"2026-07-03 14:54:27,165 | WARNING | Retrying scripts.api_client.post in 2 seconds as it raised ConnectionError: HTTPConnectionPool(host='host.docker.internal', port=8000): Max retries exceeded with url: /valuation (Caused by NewConnectionError(\"HTTPConnection(host='host.docker.internal', port=8000): Failed to establish a new connection: [Errno 101] Network is unreachable\")).","logger":"task.stderr"}
{"timestamp":"2026-07-03T14:54:27.161133Z","level":"info","event":"Calling URL: http://host.docker.internal:8000/vrn","logger":"scripts.api_client","filename":"api_client.py","lineno":20}
{"timestamp":"2026-07-03T14:54:27.166429Z","level":"warning","event":"Retrying scripts.api_client.post in 2 seconds as it raised ConnectionError: HTTPConnectionPool(host='host.docker.internal', port=8000): Max retries exceeded with url: /valuation (Caused by NewConnectionError(\"HTTPConnection(host='host.docker.internal', port=8000): Failed to establish a new connection: [Errno 101] Network is unreachable\")).","logger":"scripts.api_client","filename":"before_sleep.py","lineno":64}
{"timestamp":"2026-07-03T14:54:27.167040Z","level":"warning","event":"Retrying scripts.api_client.post in 2 seconds as it raised ConnectionError: HTTPConnectionPool(host='host.docker.internal', port=8000): Max retries exceeded with url: /fastag (Caused by NewConnectionError(\"HTTPConnection(host='host.docker.internal', port=8000): Failed to establish a new connection: [Errno 101] Network is unreachable\")).","logger":"scripts.api_client","filename":"before_sleep.py","lineno":64}
{"timestamp":"2026-07-03T14:54:27.167176Z","level":"warning","event":"Retrying scripts.api_client.post in 2 seconds as it raised ConnectionError: HTTPConnectionPool(host='host.docker.internal', port=8000): Max retries exceeded with url: /rc (Caused by NewConnectionError(\"HTTPConnection(host='host.docker.internal', port=8000): Failed to establish a new connection: [Errno 101] Network is unreachable\")).","logger":"scripts.api_client","filename":"before_sleep.py","lineno":64}
{"timestamp":"2026-07-03T14:54:27.167477Z","level":"warning","event":"Retrying scripts.api_client.post in 2 seconds as it raised ConnectionError: HTTPConnectionPool(host='host.docker.internal', port=8000): Max retries exceeded with url: /vrn (Caused by NewConnectionError(\"HTTPConnection(host='host.docker.internal', port=8000): Failed to establish a new connection: [Errno 101] Network is unreachable\")).","logger":"scripts.api_client","filename":"before_sleep.py","lineno":64}
{"timestamp":"2026-07-03T14:54:27.173569Z","level":"error","event":"2026-07-03 14:54:27,165 | WARNING | Retrying scripts.api_client.post in 2 seconds as it raised ConnectionError: HTTPConnectionPool(host='host.docker.internal', port=8000): Max retries exceeded with url: /fastag (Caused by NewConnectionError(\"HTTPConnection(host='host.docker.internal', port=8000): Failed to establish a new connection: [Errno 101] Network is unreachable\")).","logger":"task.stderr"}
{"timestamp":"2026-07-03T14:54:27.174182Z","level":"error","event":"2026-07-03 14:54:27,166 | WARNING | Retrying scripts.api_client.post in 2 seconds as it raised ConnectionError: HTTPConnectionPool(host='host.docker.internal', port=8000): Max retries exceeded with url: /rc (Caused by NewConnectionError(\"HTTPConnection(host='host.docker.internal', port=8000): Failed to establish a new connection: [Errno 101] Network is unreachable\")).","logger":"task.stderr"}
{"timestamp":"2026-07-03T14:54:27.175098Z","level":"error","event":"2026-07-03 14:54:27,167 | WARNING | Retrying scripts.api_client.post in 2 seconds as it raised ConnectionError: HTTPConnectionPool(host='host.docker.internal', port=8000): Max retries exceeded with url: /vrn (Caused by NewConnectionError(\"HTTPConnection(host='host.docker.internal', port=8000): Failed to establish a new connection: [Errno 101] Network is unreachable\")).","logger":"task.stderr"}
{"timestamp":"2026-07-03T14:54:29.167257Z","level":"error","event":"2026-07-03 14:54:29,167 | INFO | Using environment: production","logger":"task.stderr"}
{"timestamp":"2026-07-03T14:54:29.168000Z","level":"error","event":"2026-07-03 14:54:29,167 | INFO | Calling URL: http://host.docker.internal:8000/valuation","logger":"task.stderr"}
{"timestamp":"2026-07-03T14:54:29.169933Z","level":"error","event":"2026-07-03 14:54:29,167 | INFO | Using environment: production","logger":"task.stderr"}
{"timestamp":"2026-07-03T14:54:29.167223Z","level":"info","event":"Using environment: production","logger":"scripts.api_client","filename":"api_client.py","lineno":19}
{"timestamp":"2026-07-03T14:54:29.167438Z","level":"info","event":"Calling URL: http://host.docker.internal:8000/valuation","logger":"scripts.api_client","filename":"api_client.py","lineno":20}
{"timestamp":"2026-07-03T14:54:29.167884Z","level":"info","event":"Using environment: production","logger":"scripts.api_client","filename":"api_client.py","lineno":19}
{"timestamp":"2026-07-03T14:54:29.168022Z","level":"info","event":"Calling URL: http://host.docker.internal:8000/fastag","logger":"scripts.api_client","filename":"api_client.py","lineno":20}
{"timestamp":"2026-07-03T14:54:29.168867Z","level":"info","event":"Using environment: production","logger":"scripts.api_client","filename":"api_client.py","lineno":19}
{"timestamp":"2026-07-03T14:54:29.169013Z","level":"info","event":"Calling URL: http://host.docker.internal:8000/vrn","logger":"scripts.api_client","filename":"api_client.py","lineno":20}
{"timestamp":"2026-07-03T14:54:29.175036Z","level":"error","event":"2026-07-03 14:54:29,167 | INFO | Calling URL: http://host.docker.internal:8000/fastag","logger":"task.stderr"}
{"timestamp":"2026-07-03T14:54:29.175484Z","level":"error","event":"2026-07-03 14:54:29,168 | INFO | Using environment: production","logger":"task.stderr"}
{"timestamp":"2026-07-03T14:54:29.175962Z","level":"error","event":"2026-07-03 14:54:29,168 | INFO | Calling URL: http://host.docker.internal:8000/vrn","logger":"task.stderr"}
{"timestamp":"2026-07-03T14:54:29.176498Z","level":"error","event":"2026-07-03 14:54:29,169 | INFO | Using environment: production","logger":"task.stderr"}
{"timestamp":"2026-07-03T14:54:29.179011Z","level":"error","event":"2026-07-03 14:54:29,171 | INFO | Calling URL: http://host.docker.internal:8000/rc","logger":"task.stderr"}
{"timestamp":"2026-07-03T14:54:29.171201Z","level":"info","event":"Using environment: production","logger":"scripts.api_client","filename":"api_client.py","lineno":19}
{"timestamp":"2026-07-03T14:54:29.171556Z","level":"info","event":"Calling URL: http://host.docker.internal:8000/rc","logger":"scripts.api_client","filename":"api_client.py","lineno":20}
{"timestamp":"2026-07-03T14:54:29.188463Z","level":"error","event":"2026-07-03 14:54:29,188 | ERROR | RC failed for Vehicle V003: HTTPConnectionPool(host='host.docker.internal', port=8000): Max retries exceeded with url: /rc (Caused by NewConnectionError(\"HTTPConnection(host='host.docker.internal', port=8000): Failed to establish a new connection: [Errno 101] Network is unreachable\"))","logger":"task.stderr"}
{"timestamp":"2026-07-03T14:54:29.189083Z","level":"error","event":"2026-07-03 14:54:29,188 | ERROR | FASTag failed for Vehicle V003: HTTPConnectionPool(host='host.docker.internal', port=8000): Max retries exceeded with url: /fastag (Caused by NewConnectionError(\"HTTPConnection(host='host.docker.internal', port=8000): Failed to establish a new connection: [Errno 101] Network is unreachable\"))","logger":"task.stderr"}
{"timestamp":"2026-07-03T14:54:29.189576Z","level":"error","event":"2026-07-03 14:54:29,188 | ERROR | VRN failed for Vehicle V003: HTTPConnectionPool(host='host.docker.internal', port=8000): Max retries exceeded with url: /vrn (Caused by NewConnectionError(\"HTTPConnection(host='host.docker.internal', port=8000): Failed to establish a new connection: [Errno 101] Network is unreachable\"))","logger":"task.stderr"}
{"timestamp":"2026-07-03T14:54:29.190052Z","level":"error","event":"2026-07-03 14:54:29,188 | ERROR | Valuation failed for Vehicle V003: HTTPConnectionPool(host='host.docker.internal', port=8000): Max retries exceeded with url: /valuation (Caused by NewConnectionError(\"HTTPConnection(host='host.docker.internal', port=8000): Failed to establish a new connection: [Errno 101] Network is unreachable\"))","logger":"task.stderr"}
{"timestamp":"2026-07-03T14:54:29.188365Z","level":"error","event":"RC failed for Vehicle V003: HTTPConnectionPool(host='host.docker.internal', port=8000): Max retries exceeded with url: /rc (Caused by NewConnectionError(\"HTTPConnection(host='host.docker.internal', port=8000): Failed to establish a new connection: [Errno 101] Network is unreachable\"))","logger":"utils.error_handler","task_id":"process_batch_task","map_index":1,"try_number":1,"run_id":"manual__2026-07-03T14:54:22.374779+00:00","ti_id":"019f2879-49d2-7467-a337-491fd31c1755","dag_id":"vehicle_batch_pipeline","filename":"error_handler.py","lineno":7}
{"timestamp":"2026-07-03T14:54:29.188568Z","level":"error","event":"FASTag failed for Vehicle V003: HTTPConnectionPool(host='host.docker.internal', port=8000): Max retries exceeded with url: /fastag (Caused by NewConnectionError(\"HTTPConnection(host='host.docker.internal', port=8000): Failed to establish a new connection: [Errno 101] Network is unreachable\"))","logger":"utils.error_handler","task_id":"process_batch_task","map_index":1,"try_number":1,"run_id":"manual__2026-07-03T14:54:22.374779+00:00","ti_id":"019f2879-49d2-7467-a337-491fd31c1755","dag_id":"vehicle_batch_pipeline","filename":"error_handler.py","lineno":7}
{"timestamp":"2026-07-03T14:54:29.188706Z","level":"error","event":"VRN failed for Vehicle V003: HTTPConnectionPool(host='host.docker.internal', port=8000): Max retries exceeded with url: /vrn (Caused by NewConnectionError(\"HTTPConnection(host='host.docker.internal', port=8000): Failed to establish a new connection: [Errno 101] Network is unreachable\"))","logger":"utils.error_handler","task_id":"process_batch_task","map_index":1,"try_number":1,"run_id":"manual__2026-07-03T14:54:22.374779+00:00","ti_id":"019f2879-49d2-7467-a337-491fd31c1755","dag_id":"vehicle_batch_pipeline","filename":"error_handler.py","lineno":7}
{"timestamp":"2026-07-03T14:54:29.188850Z","level":"error","event":"Valuation failed for Vehicle V003: HTTPConnectionPool(host='host.docker.internal', port=8000): Max retries exceeded with url: /valuation (Caused by NewConnectionError(\"HTTPConnection(host='host.docker.internal', port=8000): Failed to establish a new connection: [Errno 101] Network is unreachable\"))","logger":"utils.error_handler","task_id":"process_batch_task","map_index":1,"try_number":1,"run_id":"manual__2026-07-03T14:54:22.374779+00:00","ti_id":"019f2879-49d2-7467-a337-491fd31c1755","dag_id":"vehicle_batch_pipeline","filename":"error_handler.py","lineno":7}
{"timestamp":"2026-07-03T14:54:29.190192Z","level":"info","event":"Using environment: production","logger":"scripts.api_client","filename":"api_client.py","lineno":19}
{"timestamp":"2026-07-03T14:54:29.190324Z","level":"info","event":"Calling URL: http://host.docker.internal:8000/rc","logger":"scripts.api_client","filename":"api_client.py","lineno":20}
{"timestamp":"2026-07-03T14:54:29.196555Z","level":"error","event":"2026-07-03 14:54:29,190 | INFO | Using environment: production","logger":"task.stderr"}
{"timestamp":"2026-07-03T14:54:29.197209Z","level":"error","event":"2026-07-03 14:54:29,190 | INFO | Calling URL: http://host.docker.internal:8000/rc","logger":"task.stderr"}
{"timestamp":"2026-07-03T14:54:29.198116Z","level":"error","event":"2026-07-03 14:54:29,191 | INFO | Using environment: production","logger":"task.stderr"}
{"timestamp":"2026-07-03T14:54:29.198967Z","level":"error","event":"2026-07-03 14:54:29,191 | INFO | Calling URL: http://host.docker.internal:8000/fastag","logger":"task.stderr"}
{"timestamp":"2026-07-03T14:54:29.199434Z","level":"error","event":"2026-07-03 14:54:29,192 | INFO | Using environment: production","logger":"task.stderr"}
{"timestamp":"2026-07-03T14:54:29.200288Z","level":"error","event":"2026-07-03 14:54:29,192 | INFO | Calling URL: http://host.docker.internal:8000/vrn","logger":"task.stderr"}
{"timestamp":"2026-07-03T14:54:29.201108Z","level":"error","event":"2026-07-03 14:54:29,193 | INFO | Using environment: production","logger":"task.stderr"}
{"timestamp":"2026-07-03T14:54:29.201641Z","level":"error","event":"2026-07-03 14:54:29,193 | INFO | Calling URL: http://host.docker.internal:8000/valuation","logger":"task.stderr"}
{"timestamp":"2026-07-03T14:54:29.191577Z","level":"info","event":"Using environment: production","logger":"scripts.api_client","filename":"api_client.py","lineno":19}
{"timestamp":"2026-07-03T14:54:29.191732Z","level":"info","event":"Calling URL: http://host.docker.internal:8000/fastag","logger":"scripts.api_client","filename":"api_client.py","lineno":20}
{"timestamp":"2026-07-03T14:54:29.192269Z","level":"info","event":"Using environment: production","logger":"scripts.api_client","filename":"api_client.py","lineno":19}
{"timestamp":"2026-07-03T14:54:29.192409Z","level":"info","event":"Calling URL: http://host.docker.internal:8000/vrn","logger":"scripts.api_client","filename":"api_client.py","lineno":20}
{"timestamp":"2026-07-03T14:54:29.193632Z","level":"info","event":"Using environment: production","logger":"scripts.api_client","filename":"api_client.py","lineno":19}
{"timestamp":"2026-07-03T14:54:29.194844Z","level":"info","event":"Calling URL: http://host.docker.internal:8000/valuation","logger":"scripts.api_client","filename":"api_client.py","lineno":20}
{"timestamp":"2026-07-03T14:54:29.198476Z","level":"warning","event":"Retrying scripts.api_client.post in 1 seconds as it raised ConnectionError: HTTPConnectionPool(host='host.docker.internal', port=8000): Max retries exceeded with url: /rc (Caused by NewConnectionError(\"HTTPConnection(host='host.docker.internal', port=8000): Failed to establish a new connection: [Errno 101] Network is unreachable\")).","logger":"scripts.api_client","filename":"before_sleep.py","lineno":64}
{"timestamp":"2026-07-03T14:54:29.199154Z","level":"warning","event":"Retrying scripts.api_client.post in 1 seconds as it raised ConnectionError: HTTPConnectionPool(host='host.docker.internal', port=8000): Max retries exceeded with url: /vrn (Caused by NewConnectionError(\"HTTPConnection(host='host.docker.internal', port=8000): Failed to establish a new connection: [Errno 101] Network is unreachable\")).","logger":"scripts.api_client","filename":"before_sleep.py","lineno":64}
{"timestamp":"2026-07-03T14:54:29.200412Z","level":"warning","event":"Retrying scripts.api_client.post in 1 seconds as it raised ConnectionError: HTTPConnectionPool(host='host.docker.internal', port=8000): Max retries exceeded with url: /fastag (Caused by NewConnectionError(\"HTTPConnection(host='host.docker.internal', port=8000): Failed to establish a new connection: [Errno 101] Network is unreachable\")).","logger":"scripts.api_client","filename":"before_sleep.py","lineno":64}
{"timestamp":"2026-07-03T14:54:29.200910Z","level":"warning","event":"Retrying scripts.api_client.post in 1 seconds as it raised ConnectionError: HTTPConnectionPool(host='host.docker.internal', port=8000): Max retries exceeded with url: /valuation (Caused by NewConnectionError(\"HTTPConnection(host='host.docker.internal', port=8000): Failed to establish a new connection: [Errno 101] Network is unreachable\")).","logger":"scripts.api_client","filename":"before_sleep.py","lineno":64}
{"timestamp":"2026-07-03T14:54:29.208956Z","level":"info","event":"V003 processed in 3.05 sec","logger":"task.stdout"}
{"timestamp":"2026-07-03T14:54:29.209546Z","level":"error","event":"2026-07-03 14:54:29,198 | WARNING | Retrying scripts.api_client.post in 1 seconds as it raised ConnectionError: HTTPConnectionPool(host='host.docker.internal', port=8000): Max retries exceeded with url: /rc (Caused by NewConnectionError(\"HTTPConnection(host='host.docker.internal', port=8000): Failed to establish a new connection: [Errno 101] Network is unreachable\")).","logger":"task.stderr"}
{"timestamp":"2026-07-03T14:54:29.209993Z","level":"error","event":"2026-07-03 14:54:29,199 | WARNING | Retrying scripts.api_client.post in 1 seconds as it raised ConnectionError: HTTPConnectionPool(host='host.docker.internal', port=8000): Max retries exceeded with url: /vrn (Caused by NewConnectionError(\"HTTPConnection(host='host.docker.internal', port=8000): Failed to establish a new connection: [Errno 101] Network is unreachable\")).","logger":"task.stderr"}
{"timestamp":"2026-07-03T14:54:29.210450Z","level":"error","event":"2026-07-03 14:54:29,200 | WARNING | Retrying scripts.api_client.post in 1 seconds as it raised ConnectionError: HTTPConnectionPool(host='host.docker.internal', port=8000): Max retries exceeded with url: /fastag (Caused by NewConnectionError(\"HTTPConnection(host='host.docker.internal', port=8000): Failed to establish a new connection: [Errno 101] Network is unreachable\")).","logger":"task.stderr"}
{"timestamp":"2026-07-03T14:54:29.210910Z","level":"error","event":"2026-07-03 14:54:29,200 | WARNING | Retrying scripts.api_client.post in 1 seconds as it raised ConnectionError: HTTPConnectionPool(host='host.docker.internal', port=8000): Max retries exceeded with url: /valuation (Caused by NewConnectionError(\"HTTPConnection(host='host.docker.internal', port=8000): Failed to establish a new connection: [Errno 101] Network is unreachable\")).","logger":"task.stderr"}
{"timestamp":"2026-07-03T14:54:30.199110Z","level":"error","event":"2026-07-03 14:54:30,198 | INFO | Using environment: production","logger":"task.stderr"}
{"timestamp":"2026-07-03T14:54:30.201377Z","level":"error","event":"2026-07-03 14:54:30,199 | INFO | Calling URL: http://host.docker.internal:8000/rc","logger":"task.stderr"}
{"timestamp":"2026-07-03T14:54:30.202116Z","level":"error","event":"2026-07-03 14:54:30,199 | INFO | Using environment: production","logger":"task.stderr"}
{"timestamp":"2026-07-03T14:54:30.203462Z","level":"error","event":"2026-07-03 14:54:30,199 | INFO | Calling URL: http://host.docker.internal:8000/vrn","logger":"task.stderr"}
{"timestamp":"2026-07-03T14:54:30.199033Z","level":"info","event":"Using environment: production","logger":"scripts.api_client","filename":"api_client.py","lineno":19}
{"timestamp":"2026-07-03T14:54:30.199269Z","level":"info","event":"Calling URL: http://host.docker.internal:8000/rc","logger":"scripts.api_client","filename":"api_client.py","lineno":20}
{"timestamp":"2026-07-03T14:54:30.199699Z","level":"info","event":"Using environment: production","logger":"scripts.api_client","filename":"api_client.py","lineno":19}
{"timestamp":"2026-07-03T14:54:30.199855Z","level":"info","event":"Calling URL: http://host.docker.internal:8000/vrn","logger":"scripts.api_client","filename":"api_client.py","lineno":20}
{"timestamp":"2026-07-03T14:54:30.201510Z","level":"info","event":"Using environment: production","logger":"scripts.api_client","filename":"api_client.py","lineno":19}
{"timestamp":"2026-07-03T14:54:30.201638Z","level":"info","event":"Calling URL: http://host.docker.internal:8000/fastag","logger":"scripts.api_client","filename":"api_client.py","lineno":20}
{"timestamp":"2026-07-03T14:54:30.202037Z","level":"info","event":"Using environment: production","logger":"scripts.api_client","filename":"api_client.py","lineno":19}
{"timestamp":"2026-07-03T14:54:30.203195Z","level":"info","event":"Calling URL: http://host.docker.internal:8000/valuation","logger":"scripts.api_client","filename":"api_client.py","lineno":20}
{"timestamp":"2026-07-03T14:54:30.211742Z","level":"error","event":"2026-07-03 14:54:30,201 | INFO | Using environment: production","logger":"task.stderr"}
{"timestamp":"2026-07-03T14:54:30.212691Z","level":"error","event":"2026-07-03 14:54:30,201 | INFO | Calling URL: http://host.docker.internal:8000/fastag","logger":"task.stderr"}
{"timestamp":"2026-07-03T14:54:30.213288Z","level":"error","event":"2026-07-03 14:54:30,201 | INFO | Using environment: production","logger":"task.stderr"}
{"timestamp":"2026-07-03T14:54:30.213952Z","level":"error","event":"2026-07-03 14:54:30,203 | INFO | Calling URL: http://host.docker.internal:8000/valuation","logger":"task.stderr"}
{"timestamp":"2026-07-03T14:54:30.214638Z","level":"error","event":"2026-07-03 14:54:30,207 | WARNING | Retrying scripts.api_client.post in 2 seconds as it raised ConnectionError: HTTPConnectionPool(host='host.docker.internal', port=8000): Max retries exceeded with url: /vrn (Caused by NewConnectionError(\"HTTPConnection(host='host.docker.internal', port=8000): Failed to establish a new connection: [Errno 101] Network is unreachable\")).","logger":"task.stderr"}
{"timestamp":"2026-07-03T14:54:30.215320Z","level":"error","event":"2026-07-03 14:54:30,207 | WARNING | Retrying scripts.api_client.post in 2 seconds as it raised ConnectionError: HTTPConnectionPool(host='host.docker.internal', port=8000): Max retries exceeded with url: /rc (Caused by NewConnectionError(\"HTTPConnection(host='host.docker.internal', port=8000): Failed to establish a new connection: [Errno 101] Network is unreachable\")).","logger":"task.stderr"}
{"timestamp":"2026-07-03T14:54:30.215805Z","level":"error","event":"2026-07-03 14:54:30,208 | WARNING | Retrying scripts.api_client.post in 2 seconds as it raised ConnectionError: HTTPConnectionPool(host='host.docker.internal', port=8000): Max retries exceeded with url: /fastag (Caused by NewConnectionError(\"HTTPConnection(host='host.docker.internal', port=8000): Failed to establish a new connection: [Errno 101] Network is unreachable\")).","logger":"task.stderr"}
{"timestamp":"2026-07-03T14:54:30.216525Z","level":"error","event":"2026-07-03 14:54:30,208 | WARNING | Retrying scripts.api_client.post in 2 seconds as it raised ConnectionError: HTTPConnectionPool(host='host.docker.internal', port=8000): Max retries exceeded with url: /valuation (Caused by NewConnectionError(\"HTTPConnection(host='host.docker.internal', port=8000): Failed to establish a new connection: [Errno 101] Network is unreachable\")).","logger":"task.stderr"}
{"timestamp":"2026-07-03T14:54:30.207401Z","level":"warning","event":"Retrying scripts.api_client.post in 2 seconds as it raised ConnectionError: HTTPConnectionPool(host='host.docker.internal', port=8000): Max retries exceeded with url: /vrn (Caused by NewConnectionError(\"HTTPConnection(host='host.docker.internal', port=8000): Failed to establish a new connection: [Errno 101] Network is unreachable\")).","logger":"scripts.api_client","filename":"before_sleep.py","lineno":64}
{"timestamp":"2026-07-03T14:54:30.207811Z","level":"warning","event":"Retrying scripts.api_client.post in 2 seconds as it raised ConnectionError: HTTPConnectionPool(host='host.docker.internal', port=8000): Max retries exceeded with url: /rc (Caused by NewConnectionError(\"HTTPConnection(host='host.docker.internal', port=8000): Failed to establish a new connection: [Errno 101] Network is unreachable\")).","logger":"scripts.api_client","filename":"before_sleep.py","lineno":64}
{"timestamp":"2026-07-03T14:54:30.208257Z","level":"warning","event":"Retrying scripts.api_client.post in 2 seconds as it raised ConnectionError: HTTPConnectionPool(host='host.docker.internal', port=8000): Max retries exceeded with url: /fastag (Caused by NewConnectionError(\"HTTPConnection(host='host.docker.internal', port=8000): Failed to establish a new connection: [Errno 101] Network is unreachable\")).","logger":"scripts.api_client","filename":"before_sleep.py","lineno":64}
{"timestamp":"2026-07-03T14:54:30.208597Z","level":"warning","event":"Retrying scripts.api_client.post in 2 seconds as it raised ConnectionError: HTTPConnectionPool(host='host.docker.internal', port=8000): Max retries exceeded with url: /valuation (Caused by NewConnectionError(\"HTTPConnection(host='host.docker.internal', port=8000): Failed to establish a new connection: [Errno 101] Network is unreachable\")).","logger":"scripts.api_client","filename":"before_sleep.py","lineno":64}
{"timestamp":"2026-07-03T14:54:32.208429Z","level":"error","event":"2026-07-03 14:54:32,207 | INFO | Using environment: production","logger":"task.stderr"}
{"timestamp":"2026-07-03T14:54:32.208037Z","level":"info","event":"Using environment: production","logger":"scripts.api_client","filename":"api_client.py","lineno":19}
{"timestamp":"2026-07-03T14:54:32.208822Z","level":"info","event":"Using environment: production","logger":"scripts.api_client","filename":"api_client.py","lineno":19}
{"timestamp":"2026-07-03T14:54:32.254463Z","level":"error","event":"2026-07-03 14:54:32,208 | INFO | Using environment: production","logger":"task.stderr"}
{"timestamp":"2026-07-03T14:54:32.255874Z","level":"error","event":"2026-07-03 14:54:32,208 | INFO | Using environment: production","logger":"task.stderr"}
{"timestamp":"2026-07-03T14:54:32.256608Z","level":"error","event":"2026-07-03 14:54:32,208 | INFO | Calling URL: http://host.docker.internal:8000/vrn","logger":"task.stderr"}
{"timestamp":"2026-07-03T14:54:32.257586Z","level":"error","event":"2026-07-03 14:54:32,211 | INFO | Calling URL: http://host.docker.internal:8000/rc","logger":"task.stderr"}
{"timestamp":"2026-07-03T14:54:32.258062Z","level":"error","event":"2026-07-03 14:54:32,208 | INFO | Using environment: production","logger":"task.stderr"}
{"timestamp":"2026-07-03T14:54:32.260715Z","level":"error","event":"2026-07-03 14:54:32,215 | INFO | Calling URL: http://host.docker.internal:8000/fastag","logger":"task.stderr"}
{"timestamp":"2026-07-03T14:54:32.261260Z","level":"error","event":"2026-07-03 14:54:32,215 | INFO | Calling URL: http://host.docker.internal:8000/valuation","logger":"task.stderr"}
{"timestamp":"2026-07-03T14:54:32.261862Z","level":"error","event":"2026-07-03 14:54:32,233 | ERROR | RC failed for Vehicle V004: HTTPConnectionPool(host='host.docker.internal', port=8000): Max retries exceeded with url: /rc (Caused by NewConnectionError(\"HTTPConnection(host='host.docker.internal', port=8000): Failed to establish a new connection: [Errno 101] Network is unreachable\"))","logger":"task.stderr"}
{"timestamp":"2026-07-03T14:54:32.262798Z","level":"error","event":"2026-07-03 14:54:32,239 | ERROR | FASTag failed for Vehicle V004: HTTPConnectionPool(host='host.docker.internal', port=8000): Max retries exceeded with url: /fastag (Caused by NewConnectionError(\"HTTPConnection(host='host.docker.internal', port=8000): Failed to establish a new connection: [Errno 101] Network is unreachable\"))","logger":"task.stderr"}
{"timestamp":"2026-07-03T14:54:32.263408Z","level":"error","event":"2026-07-03 14:54:32,239 | ERROR | VRN failed for Vehicle V004: HTTPConnectionPool(host='host.docker.internal', port=8000): Max retries exceeded with url: /vrn (Caused by NewConnectionError(\"HTTPConnection(host='host.docker.internal', port=8000): Failed to establish a new connection: [Errno 101] Network is unreachable\"))","logger":"task.stderr"}
{"timestamp":"2026-07-03T14:54:32.264211Z","level":"error","event":"2026-07-03 14:54:32,241 | ERROR | Valuation failed for Vehicle V004: HTTPConnectionPool(host='host.docker.internal', port=8000): Max retries exceeded with url: /valuation (Caused by NewConnectionError(\"HTTPConnection(host='host.docker.internal', port=8000): Failed to establish a new connection: [Errno 101] Network is unreachable\"))","logger":"task.stderr"}
{"timestamp":"2026-07-03T14:54:32.264766Z","level":"error","event":"2026-07-03 14:54:32,243 | INFO |","logger":"task.stderr"}
{"timestamp":"2026-07-03T14:54:32.265402Z","level":"error","event":"==========================","logger":"task.stderr"}
{"timestamp":"2026-07-03T14:54:32.265961Z","level":"error","event":"Batch Summary","logger":"task.stderr"}
{"timestamp":"2026-07-03T14:54:32.266594Z","level":"error","event":"==========================","logger":"task.stderr"}
{"timestamp":"2026-07-03T14:54:32.270757Z","level":"error","event":"Total Records : 2","logger":"task.stderr"}
{"timestamp":"2026-07-03T14:54:32.271811Z","level":"error","event":"Success : 2","logger":"task.stderr"}
{"timestamp":"2026-07-03T14:54:32.272777Z","level":"error","event":"Failed : 0","logger":"task.stderr"}
{"timestamp":"2026-07-03T14:54:32.273675Z","level":"error","event":"Success Rate : 100.0%","logger":"task.stderr"}
{"timestamp":"2026-07-03T14:54:32.274566Z","level":"error","event":"==========================","logger":"task.stderr"}
{"timestamp":"2026-07-03T14:54:32.212120Z","level":"info","event":"Calling URL: http://host.docker.internal:8000/vrn","logger":"scripts.api_client","filename":"api_client.py","lineno":20}
{"timestamp":"2026-07-03T14:54:32.214643Z","level":"info","event":"Using environment: production","logger":"scripts.api_client","filename":"api_client.py","lineno":19}
{"timestamp":"2026-07-03T14:54:32.215226Z","level":"info","event":"Calling URL: http://host.docker.internal:8000/rc","logger":"scripts.api_client","filename":"api_client.py","lineno":20}
{"timestamp":"2026-07-03T14:54:32.215685Z","level":"info","event":"Using environment: production","logger":"scripts.api_client","filename":"api_client.py","lineno":19}
{"timestamp":"2026-07-03T14:54:32.218239Z","level":"info","event":"Calling URL: http://host.docker.internal:8000/fastag","logger":"scripts.api_client","filename":"api_client.py","lineno":20}
{"timestamp":"2026-07-03T14:54:32.223613Z","level":"info","event":"Calling URL: http://host.docker.internal:8000/valuation","logger":"scripts.api_client","filename":"api_client.py","lineno":20}
{"timestamp":"2026-07-03T14:54:32.233312Z","level":"error","event":"RC failed for Vehicle V004: HTTPConnectionPool(host='host.docker.internal', port=8000): Max retries exceeded with url: /rc (Caused by NewConnectionError(\"HTTPConnection(host='host.docker.internal', port=8000): Failed to establish a new connection: [Errno 101] Network is unreachable\"))","logger":"utils.error_handler","task_id":"process_batch_task","map_index":1,"try_number":1,"run_id":"manual__2026-07-03T14:54:22.374779+00:00","ti_id":"019f2879-49d2-7467-a337-491fd31c1755","dag_id":"vehicle_batch_pipeline","filename":"error_handler.py","lineno":7}
{"timestamp":"2026-07-03T14:54:32.239660Z","level":"error","event":"FASTag failed for Vehicle V004: HTTPConnectionPool(host='host.docker.internal', port=8000): Max retries exceeded with url: /fastag (Caused by NewConnectionError(\"HTTPConnection(host='host.docker.internal', port=8000): Failed to establish a new connection: [Errno 101] Network is unreachable\"))","logger":"utils.error_handler","task_id":"process_batch_task","map_index":1,"try_number":1,"run_id":"manual__2026-07-03T14:54:22.374779+00:00","ti_id":"019f2879-49d2-7467-a337-491fd31c1755","dag_id":"vehicle_batch_pipeline","filename":"error_handler.py","lineno":7}
{"timestamp":"2026-07-03T14:54:32.239947Z","level":"error","event":"VRN failed for Vehicle V004: HTTPConnectionPool(host='host.docker.internal', port=8000): Max retries exceeded with url: /vrn (Caused by NewConnectionError(\"HTTPConnection(host='host.docker.internal', port=8000): Failed to establish a new connection: [Errno 101] Network is unreachable\"))","logger":"utils.error_handler","task_id":"process_batch_task","map_index":1,"try_number":1,"run_id":"manual__2026-07-03T14:54:22.374779+00:00","ti_id":"019f2879-49d2-7467-a337-491fd31c1755","dag_id":"vehicle_batch_pipeline","filename":"error_handler.py","lineno":7}
{"timestamp":"2026-07-03T14:54:32.242130Z","level":"error","event":"Valuation failed for Vehicle V004: HTTPConnectionPool(host='host.docker.internal', port=8000): Max retries exceeded with url: /valuation (Caused by NewConnectionError(\"HTTPConnection(host='host.docker.internal', port=8000): Failed to establish a new connection: [Errno 101] Network is unreachable\"))","logger":"utils.error_handler","task_id":"process_batch_task","map_index":1,"try_number":1,"run_id":"manual__2026-07-03T14:54:22.374779+00:00","ti_id":"019f2879-49d2-7467-a337-491fd31c1755","dag_id":"vehicle_batch_pipeline","filename":"error_handler.py","lineno":7}
{"timestamp":"2026-07-03T14:54:32.282550Z","level":"info","event":"V004 processed in 3.05 sec","logger":"task.stdout"}
{"timestamp":"2026-07-03T14:54:32.243259Z","level":"info","event":"\n==========================\nBatch Summary\n==========================\nTotal Records : 2\nSuccess : 2\nFailed : 0\nSuccess Rate : 100.0%\n==========================","logger":"scripts.process_batch","task_id":"process_batch_task","map_index":1,"try_number":1,"run_id":"manual__2026-07-03T14:54:22.374779+00:00","ti_id":"019f2879-49d2-7467-a337-491fd31c1755","dag_id":"vehicle_batch_pipeline","filename":"process_batch.py","lineno":42}
{"timestamp":"2026-07-03T14:54:32.254285Z","level":"info","event":"Done. Returned value was:    year     brand  ...  status                                              error\n0  2023      Tata  ...  FAILED  HTTPConnectionPool(host='host.docker.internal'...\n1  2022  Mahindra  ...  FAILED  HTTPConnectionPool(host='host.docker.internal'...\n\n[2 rows x 7 columns]","task_id":"process_batch_task","map_index":1,"try_number":1,"run_id":"manual__2026-07-03T14:54:22.374779+00:00","ti_id":"019f2879-49d2-7467-a337-491fd31c1755","dag_id":"vehicle_batch_pipeline","logger":"airflow.task.operators.airflow.providers.standard.decorators.python._PythonDecoratedOperator","filename":"python.py","lineno":233}
{"timestamp":"2026-07-03T14:54:32.254501Z","level":"info","event":"::group::Post Execute","task_id":"process_batch_task","map_index":1,"try_number":1,"run_id":"manual__2026-07-03T14:54:22.374779+00:00","ti_id":"019f2879-49d2-7467-a337-491fd31c1755","dag_id":"vehicle_batch_pipeline","logger":"task","filename":"task_runner.py","lineno":1288}
{"timestamp":"2026-07-03T14:54:32.254897Z","level":"info","event":"Pushing xcom","ti":"RuntimeTaskInstance(id=UUID('019f2879-49d2-7467-a337-491fd31c1755'), task_id='process_batch_task', dag_id='vehicle_batch_pipeline', run_id='manual__2026-07-03T14:54:22.374779+00:00', try_number=1, dag_version_id=UUID('019f2816-76da-7e39-88fb-09ffc304bea2'), map_index=1, hostname='8e3d505c6688', context_carrier={'traceparent': '00-fc92650cfe7ebd2d6db0040ca512b4aa-52a3db5d64e54956-01'}, task=<Task(_PythonDecoratedOperator): process_batch_task>, bundle_instance=LocalDagBundle(name=dags-folder), max_tries=2, start_date=datetime.datetime(2026, 7, 3, 14, 54, 25, 541991, tzinfo=datetime.timezone.utc), end_date=None, state=<TaskInstanceState.RUNNING: 'running'>, is_mapped=True, rendered_map_index=None, sentry_integration='')","task_id":"process_batch_task","map_index":1,"try_number":1,"run_id":"manual__2026-07-03T14:54:22.374779+00:00","ti_id":"019f2879-49d2-7467-a337-491fd31c1755","dag_id":"vehicle_batch_pipeline","logger":"task","filename":"task_runner.py","lineno":1791}
{"timestamp":"2026-07-03T14:54:32.366095Z","level":"info","event":"Task instance in success state","logger":"task.stdout"}
{"timestamp":"2026-07-03T14:54:32.369921Z","level":"info","event":" Previous state of the Task instance: TaskInstanceState.RUNNING","logger":"task.stdout"}
{"timestamp":"2026-07-03T14:54:32.378073Z","level":"info","event":"Task operator:<Task(_PythonDecoratedOperator): process_batch_task>","logger":"task.stdout"}
{"timestamp":"2026-07-03T14:54:32.370188Z","level":"info","event":"::endgroup::","task_id":"process_batch_task","map_index":1,"try_number":1,"run_id":"manual__2026-07-03T14:54:22.374779+00:00","ti_id":"019f2879-49d2-7467-a337-491fd31c1755","dag_id":"vehicle_batch_pipeline","logger":"task","filename":"task_runner.py","lineno":1896}
