{"timestamp":"2026-07-04T09:31:31.313708Z","level":"info","event":"::group::Pre Execute","logger":"task","filename":"task_runner.py","lineno":1926}
{"timestamp":"2026-07-04T09:31:32.391523Z","level":"info","event":"DAG bundles loaded: dags-folder, example_dags","task_id":"process_batch_task","run_id":"manual__2026-07-04T09:31:09.369543+00:00","dag_id":"vehicle_batch_pipeline","map_index":0,"ti_id":"019f2c77-b0ea-767a-bb33-a6ad92fd2600","try_number":1,"logger":"airflow.dag_processing.bundles.manager.DagBundlesManager","filename":"manager.py","lineno":209}
{"timestamp":"2026-07-04T09:31:32.393758Z","level":"info","event":"Filling up the DagBag from /opt/airflow/dags/vehicle_pipeline.py","task_id":"process_batch_task","run_id":"manual__2026-07-04T09:31:09.369543+00:00","dag_id":"vehicle_batch_pipeline","map_index":0,"ti_id":"019f2c77-b0ea-767a-bb33-a6ad92fd2600","try_number":1,"logger":"airflow.dag_processing.dagbag.BundleDagBag","filename":"dagbag.py","lineno":469}
{"timestamp":"2026-07-04T09:31:32.595173Z","level":"info","event":"Task instance is in running state","logger":"task.stdout"}
{"timestamp":"2026-07-04T09:31:32.595998Z","level":"info","event":" Previous state of the Task instance: TaskInstanceState.QUEUED","logger":"task.stdout"}
{"timestamp":"2026-07-04T09:31:32.596427Z","level":"info","event":"Current task name:process_batch_task","logger":"task.stdout"}
{"timestamp":"2026-07-04T09:31:32.596853Z","level":"info","event":"Dag name:vehicle_batch_pipeline","logger":"task.stdout"}
{"timestamp":"2026-07-04T09:31:32.593111Z","level":"info","event":"::endgroup::","task_id":"process_batch_task","run_id":"manual__2026-07-04T09:31:09.369543+00:00","dag_id":"vehicle_batch_pipeline","map_index":0,"ti_id":"019f2c77-b0ea-767a-bb33-a6ad92fd2600","try_number":1,"logger":"task","filename":"task_runner.py","lineno":1727}
{"timestamp":"2026-07-04T09:31:32.606383Z","level":"error","event":"2026-07-04 09:31:32,605 | INFO | Processing batch_1.csv","logger":"task.stderr"}
{"timestamp":"2026-07-04T09:31:32.606407Z","level":"info","event":"Processing batch_1.csv","logger":"scripts.process_batch","task_id":"process_batch_task","run_id":"manual__2026-07-04T09:31:09.369543+00:00","dag_id":"vehicle_batch_pipeline","map_index":0,"ti_id":"019f2c77-b0ea-767a-bb33-a6ad92fd2600","try_number":1,"filename":"process_batch.py","lineno":14}
{"timestamp":"2026-07-04T09:31:32.627728Z","level":"error","event":"2026-07-04 09:31:32,627 | INFO | Rows = 2","logger":"task.stderr"}
{"timestamp":"2026-07-04T09:31:32.627719Z","level":"info","event":"Rows = 2","logger":"scripts.process_batch","task_id":"process_batch_task","run_id":"manual__2026-07-04T09:31:09.369543+00:00","dag_id":"vehicle_batch_pipeline","map_index":0,"ti_id":"019f2c77-b0ea-767a-bb33-a6ad92fd2600","try_number":1,"filename":"process_batch.py","lineno":18}
{"timestamp":"2026-07-04T09:31:32.628164Z","level":"warning","event":"Using Variable.get from `airflow.models` is deprecated.Please use `get` on Variable from sdk(`airflow.sdk.Variable`) instead","category":"DeprecationWarning","filename":"/home/airflow/.local/lib/python3.13/site-packages/airflow/models/variable.py","lineno":159,"task_id":"process_batch_task","run_id":"manual__2026-07-04T09:31:09.369543+00:00","dag_id":"vehicle_batch_pipeline","map_index":0,"ti_id":"019f2c77-b0ea-767a-bb33-a6ad92fd2600","try_number":1,"logger":"py.warnings"}
{"timestamp":"2026-07-04T09:31:32.667834Z","level":"warning","event":"Skipping masking for a secret as it's too short (<5 chars)","logger":"airflow._shared.secrets_masker.secrets_masker","task_id":"process_batch_task","run_id":"manual__2026-07-04T09:31:09.369543+00:00","dag_id":"vehicle_batch_pipeline","map_index":0,"ti_id":"019f2c77-b0ea-767a-bb33-a6ad92fd2600","try_number":1,"filename":"secrets_masker.py","lineno":590}
{"timestamp":"2026-07-04T09:31:32.668086Z","level":"info","event":"Valuation Enabled = True","logger":"scripts.process_batch","task_id":"process_batch_task","run_id":"manual__2026-07-04T09:31:09.369543+00:00","dag_id":"vehicle_batch_pipeline","map_index":0,"ti_id":"019f2c77-b0ea-767a-bb33-a6ad92fd2600","try_number":1,"filename":"process_batch.py","lineno":30}
{"timestamp":"2026-07-04T09:31:32.670749Z","level":"error","event":"2026-07-04 09:31:32,668 | INFO | Valuation Enabled = True","logger":"task.stderr"}
{"timestamp":"2026-07-04T09:31:32.676988Z","level":"error","event":"2026-07-04 09:31:32,676 | INFO | Using environment: staging","logger":"task.stderr"}
{"timestamp":"2026-07-04T09:31:32.678715Z","level":"error","event":"2026-07-04 09:31:32,677 | INFO | Calling URL: http://host.docker.internal:8000/rc","logger":"task.stderr"}
{"timestamp":"2026-07-04T09:31:32.676932Z","level":"info","event":"Using environment: staging","logger":"scripts.api_client","filename":"api_client.py","lineno":19}
{"timestamp":"2026-07-04T09:31:32.677129Z","level":"info","event":"Calling URL: http://host.docker.internal:8000/rc","logger":"scripts.api_client","filename":"api_client.py","lineno":20}
{"timestamp":"2026-07-04T09:31:32.694464Z","level":"error","event":"2026-07-04 09:31:32,694 | INFO | Using environment: staging","logger":"task.stderr"}
{"timestamp":"2026-07-04T09:31:32.699223Z","level":"info","event":"Using environment: staging","logger":"scripts.api_client","filename":"api_client.py","lineno":19}
{"timestamp":"2026-07-04T09:31:32.699890Z","level":"info","event":"Calling URL: http://host.docker.internal:8000/fastag","logger":"scripts.api_client","filename":"api_client.py","lineno":20}
{"timestamp":"2026-07-04T09:31:32.704519Z","level":"info","event":"Using environment: staging","logger":"scripts.api_client","filename":"api_client.py","lineno":19}
{"timestamp":"2026-07-04T09:31:32.704688Z","level":"info","event":"Calling URL: http://host.docker.internal:8000/vrn","logger":"scripts.api_client","filename":"api_client.py","lineno":20}
{"timestamp":"2026-07-04T09:31:32.716609Z","level":"error","event":"2026-07-04 09:31:32,699 | INFO | Calling URL: http://host.docker.internal:8000/fastag","logger":"task.stderr"}
{"timestamp":"2026-07-04T09:31:32.717069Z","level":"error","event":"2026-07-04 09:31:32,704 | INFO | Using environment: staging","logger":"task.stderr"}
{"timestamp":"2026-07-04T09:31:32.718000Z","level":"error","event":"2026-07-04 09:31:32,704 | INFO | Calling URL: http://host.docker.internal:8000/vrn","logger":"task.stderr"}
{"timestamp":"2026-07-04T09:31:32.718518Z","level":"error","event":"2026-07-04 09:31:32,711 | INFO | Using environment: staging","logger":"task.stderr"}
{"timestamp":"2026-07-04T09:31:32.719235Z","level":"error","event":"2026-07-04 09:31:32,711 | INFO | Calling URL: http://host.docker.internal:8000/valuation","logger":"task.stderr"}
{"timestamp":"2026-07-04T09:31:32.711805Z","level":"info","event":"Using environment: staging","logger":"scripts.api_client","filename":"api_client.py","lineno":19}
{"timestamp":"2026-07-04T09:31:32.711998Z","level":"info","event":"Calling URL: http://host.docker.internal:8000/valuation","logger":"scripts.api_client","filename":"api_client.py","lineno":20}
{"timestamp":"2026-07-04T09:31:32.773969Z","level":"error","event":"2026-07-04 09:31:32,772 | WARNING | Retrying scripts.api_client.post in 1 seconds as it raised ConnectionError: HTTPConnectionPool(host='host.docker.internal', port=8000): Max retries exceeded with url: /valuation (Caused by NewConnectionError(\"HTTPConnection(host='host.docker.internal', port=8000): Failed to establish a new connection: [Errno 101] Network is unreachable\")).","logger":"task.stderr"}
{"timestamp":"2026-07-04T09:31:32.772397Z","level":"warning","event":"Retrying scripts.api_client.post in 1 seconds as it raised ConnectionError: HTTPConnectionPool(host='host.docker.internal', port=8000): Max retries exceeded with url: /valuation (Caused by NewConnectionError(\"HTTPConnection(host='host.docker.internal', port=8000): Failed to establish a new connection: [Errno 101] Network is unreachable\")).","logger":"scripts.api_client","filename":"before_sleep.py","lineno":64}
{"timestamp":"2026-07-04T09:31:32.780621Z","level":"error","event":"2026-07-04 09:31:32,773 | WARNING | Retrying scripts.api_client.post in 1 seconds as it raised ConnectionError: HTTPConnectionPool(host='host.docker.internal', port=8000): Max retries exceeded with url: /rc (Caused by NewConnectionError(\"HTTPConnection(host='host.docker.internal', port=8000): Failed to establish a new connection: [Errno 101] Network is unreachable\")).","logger":"task.stderr"}
{"timestamp":"2026-07-04T09:31:32.774440Z","level":"warning","event":"Retrying scripts.api_client.post in 1 seconds as it raised ConnectionError: HTTPConnectionPool(host='host.docker.internal', port=8000): Max retries exceeded with url: /rc (Caused by NewConnectionError(\"HTTPConnection(host='host.docker.internal', port=8000): Failed to establish a new connection: [Errno 101] Network is unreachable\")).","logger":"scripts.api_client","filename":"before_sleep.py","lineno":64}
{"timestamp":"2026-07-04T09:31:32.782514Z","level":"error","event":"2026-07-04 09:31:32,780 | WARNING | Retrying scripts.api_client.post in 1 seconds as it raised ConnectionError: HTTPConnectionPool(host='host.docker.internal', port=8000): Max retries exceeded with url: /fastag (Caused by NewConnectionError(\"HTTPConnection(host='host.docker.internal', port=8000): Failed to establish a new connection: [Errno 101] Network is unreachable\")).","logger":"task.stderr"}
{"timestamp":"2026-07-04T09:31:32.783007Z","level":"error","event":"2026-07-04 09:31:32,781 | WARNING | Retrying scripts.api_client.post in 1 seconds as it raised ConnectionError: HTTPConnectionPool(host='host.docker.internal', port=8000): Max retries exceeded with url: /vrn (Caused by NewConnectionError(\"HTTPConnection(host='host.docker.internal', port=8000): Failed to establish a new connection: [Errno 101] Network is unreachable\")).","logger":"task.stderr"}
{"timestamp":"2026-07-04T09:31:32.781948Z","level":"warning","event":"Retrying scripts.api_client.post in 1 seconds as it raised ConnectionError: HTTPConnectionPool(host='host.docker.internal', port=8000): Max retries exceeded with url: /fastag (Caused by NewConnectionError(\"HTTPConnection(host='host.docker.internal', port=8000): Failed to establish a new connection: [Errno 101] Network is unreachable\")).","logger":"scripts.api_client","filename":"before_sleep.py","lineno":64}
{"timestamp":"2026-07-04T09:31:32.782237Z","level":"warning","event":"Retrying scripts.api_client.post in 1 seconds as it raised ConnectionError: HTTPConnectionPool(host='host.docker.internal', port=8000): Max retries exceeded with url: /vrn (Caused by NewConnectionError(\"HTTPConnection(host='host.docker.internal', port=8000): Failed to establish a new connection: [Errno 101] Network is unreachable\")).","logger":"scripts.api_client","filename":"before_sleep.py","lineno":64}
{"timestamp":"2026-07-04T09:31:33.773730Z","level":"error","event":"2026-07-04 09:31:33,773 | INFO | Using environment: staging","logger":"task.stderr"}
{"timestamp":"2026-07-04T09:31:33.776762Z","level":"error","event":"2026-07-04 09:31:33,773 | INFO | Calling URL: http://host.docker.internal:8000/valuation","logger":"task.stderr"}
{"timestamp":"2026-07-04T09:31:33.773671Z","level":"info","event":"Using environment: staging","logger":"scripts.api_client","filename":"api_client.py","lineno":19}
{"timestamp":"2026-07-04T09:31:33.773854Z","level":"info","event":"Calling URL: http://host.docker.internal:8000/valuation","logger":"scripts.api_client","filename":"api_client.py","lineno":20}
{"timestamp":"2026-07-04T09:31:33.782372Z","level":"error","event":"2026-07-04 09:31:33,782 | WARNING | Retrying scripts.api_client.post in 2 seconds as it raised ConnectionError: HTTPConnectionPool(host='host.docker.internal', port=8000): Max retries exceeded with url: /valuation (Caused by NewConnectionError(\"HTTPConnection(host='host.docker.internal', port=8000): Failed to establish a new connection: [Errno 101] Network is unreachable\")).","logger":"task.stderr"}
{"timestamp":"2026-07-04T09:31:33.783438Z","level":"error","event":"2026-07-04 09:31:33,782 | INFO | Using environment: staging","logger":"task.stderr"}
{"timestamp":"2026-07-04T09:31:33.784182Z","level":"error","event":"2026-07-04 09:31:33,782 | INFO | Using environment: staging","logger":"task.stderr"}
{"timestamp":"2026-07-04T09:31:33.782743Z","level":"warning","event":"Retrying scripts.api_client.post in 2 seconds as it raised ConnectionError: HTTPConnectionPool(host='host.docker.internal', port=8000): Max retries exceeded with url: /valuation (Caused by NewConnectionError(\"HTTPConnection(host='host.docker.internal', port=8000): Failed to establish a new connection: [Errno 101] Network is unreachable\")).","logger":"scripts.api_client","filename":"before_sleep.py","lineno":64}
{"timestamp":"2026-07-04T09:31:33.783323Z","level":"info","event":"Using environment: staging","logger":"scripts.api_client","filename":"api_client.py","lineno":19}
{"timestamp":"2026-07-04T09:31:33.783420Z","level":"info","event":"Using environment: staging","logger":"scripts.api_client","filename":"api_client.py","lineno":19}
{"timestamp":"2026-07-04T09:31:33.783523Z","level":"info","event":"Using environment: staging","logger":"scripts.api_client","filename":"api_client.py","lineno":19}
{"timestamp":"2026-07-04T09:31:33.783605Z","level":"info","event":"Calling URL: http://host.docker.internal:8000/vrn","logger":"scripts.api_client","filename":"api_client.py","lineno":20}
{"timestamp":"2026-07-04T09:31:33.784532Z","level":"info","event":"Calling URL: http://host.docker.internal:8000/rc","logger":"scripts.api_client","filename":"api_client.py","lineno":20}
{"timestamp":"2026-07-04T09:31:33.784774Z","level":"info","event":"Calling URL: http://host.docker.internal:8000/fastag","logger":"scripts.api_client","filename":"api_client.py","lineno":20}
{"timestamp":"2026-07-04T09:31:33.794076Z","level":"error","event":"2026-07-04 09:31:33,782 | INFO | Using environment: staging","logger":"task.stderr"}
{"timestamp":"2026-07-04T09:31:33.795083Z","level":"error","event":"2026-07-04 09:31:33,783 | INFO | Calling URL: http://host.docker.internal:8000/vrn","logger":"task.stderr"}
{"timestamp":"2026-07-04T09:31:33.795507Z","level":"error","event":"2026-07-04 09:31:33,783 | INFO | Calling URL: http://host.docker.internal:8000/rc","logger":"task.stderr"}
{"timestamp":"2026-07-04T09:31:33.796076Z","level":"error","event":"2026-07-04 09:31:33,783 | INFO | Calling URL: http://host.docker.internal:8000/fastag","logger":"task.stderr"}
{"timestamp":"2026-07-04T09:31:33.796482Z","level":"error","event":"2026-07-04 09:31:33,791 | WARNING | Retrying scripts.api_client.post in 2 seconds as it raised ConnectionError: HTTPConnectionPool(host='host.docker.internal', port=8000): Max retries exceeded with url: /fastag (Caused by NewConnectionError(\"HTTPConnection(host='host.docker.internal', port=8000): Failed to establish a new connection: [Errno 101] Network is unreachable\")).","logger":"task.stderr"}
{"timestamp":"2026-07-04T09:31:33.796922Z","level":"error","event":"2026-07-04 09:31:33,792 | WARNING | Retrying scripts.api_client.post in 2 seconds as it raised ConnectionError: HTTPConnectionPool(host='host.docker.internal', port=8000): Max retries exceeded with url: /rc (Caused by NewConnectionError(\"HTTPConnection(host='host.docker.internal', port=8000): Failed to establish a new connection: [Errno 101] Network is unreachable\")).","logger":"task.stderr"}
{"timestamp":"2026-07-04T09:31:33.797333Z","level":"error","event":"2026-07-04 09:31:33,792 | WARNING | Retrying scripts.api_client.post in 2 seconds as it raised ConnectionError: HTTPConnectionPool(host='host.docker.internal', port=8000): Max retries exceeded with url: /vrn (Caused by NewConnectionError(\"HTTPConnection(host='host.docker.internal', port=8000): Failed to establish a new connection: [Errno 101] Network is unreachable\")).","logger":"task.stderr"}
{"timestamp":"2026-07-04T09:31:33.791691Z","level":"warning","event":"Retrying scripts.api_client.post in 2 seconds as it raised ConnectionError: HTTPConnectionPool(host='host.docker.internal', port=8000): Max retries exceeded with url: /fastag (Caused by NewConnectionError(\"HTTPConnection(host='host.docker.internal', port=8000): Failed to establish a new connection: [Errno 101] Network is unreachable\")).","logger":"scripts.api_client","filename":"before_sleep.py","lineno":64}
{"timestamp":"2026-07-04T09:31:33.792309Z","level":"warning","event":"Retrying scripts.api_client.post in 2 seconds as it raised ConnectionError: HTTPConnectionPool(host='host.docker.internal', port=8000): Max retries exceeded with url: /rc (Caused by NewConnectionError(\"HTTPConnection(host='host.docker.internal', port=8000): Failed to establish a new connection: [Errno 101] Network is unreachable\")).","logger":"scripts.api_client","filename":"before_sleep.py","lineno":64}
{"timestamp":"2026-07-04T09:31:33.792691Z","level":"warning","event":"Retrying scripts.api_client.post in 2 seconds as it raised ConnectionError: HTTPConnectionPool(host='host.docker.internal', port=8000): Max retries exceeded with url: /vrn (Caused by NewConnectionError(\"HTTPConnection(host='host.docker.internal', port=8000): Failed to establish a new connection: [Errno 101] Network is unreachable\")).","logger":"scripts.api_client","filename":"before_sleep.py","lineno":64}
{"timestamp":"2026-07-04T09:31:35.785343Z","level":"error","event":"2026-07-04 09:31:35,783 | INFO | Using environment: staging","logger":"task.stderr"}
{"timestamp":"2026-07-04T09:31:37.421186Z","level":"error","event":"2026-07-04 09:31:35,783 | INFO | Calling URL: http://host.docker.internal:8000/valuation","logger":"task.stderr"}
{"timestamp":"2026-07-04T09:31:35.783615Z","level":"info","event":"Using environment: staging","logger":"scripts.api_client","filename":"api_client.py","lineno":19}
{"timestamp":"2026-07-04T09:31:35.783801Z","level":"info","event":"Calling URL: http://host.docker.internal:8000/valuation","logger":"scripts.api_client","filename":"api_client.py","lineno":20}
{"timestamp":"2026-07-04T09:31:35.824643Z","level":"info","event":"Using environment: staging","logger":"scripts.api_client","filename":"api_client.py","lineno":19}
{"timestamp":"2026-07-04T09:31:35.824824Z","level":"info","event":"Calling URL: http://host.docker.internal:8000/rc","logger":"scripts.api_client","filename":"api_client.py","lineno":20}
{"timestamp":"2026-07-04T09:31:35.826211Z","level":"info","event":"Using environment: staging","logger":"scripts.api_client","filename":"api_client.py","lineno":19}
{"timestamp":"2026-07-04T09:31:35.826458Z","level":"info","event":"Calling URL: http://host.docker.internal:8000/vrn","logger":"scripts.api_client","filename":"api_client.py","lineno":20}
{"timestamp":"2026-07-04T09:31:35.843295Z","level":"info","event":"Using environment: staging","logger":"scripts.api_client","filename":"api_client.py","lineno":19}
{"timestamp":"2026-07-04T09:31:35.843524Z","level":"info","event":"Calling URL: http://host.docker.internal:8000/fastag","logger":"scripts.api_client","filename":"api_client.py","lineno":20}
{"timestamp":"2026-07-04T09:31:38.299921Z","level":"error","event":"2026-07-04 09:31:35,824 | INFO | Using environment: staging","logger":"task.stderr"}
{"timestamp":"2026-07-04T09:31:38.327594Z","level":"error","event":"2026-07-04 09:31:35,824 | INFO | Calling URL: http://host.docker.internal:8000/rc","logger":"task.stderr"}
{"timestamp":"2026-07-04T09:31:38.329477Z","level":"error","event":"2026-07-04 09:31:35,826 | INFO | Using environment: staging","logger":"task.stderr"}
{"timestamp":"2026-07-04T09:31:38.330493Z","level":"error","event":"2026-07-04 09:31:35,826 | INFO | Calling URL: http://host.docker.internal:8000/vrn","logger":"task.stderr"}
{"timestamp":"2026-07-04T09:31:38.331118Z","level":"error","event":"2026-07-04 09:31:35,843 | INFO | Using environment: staging","logger":"task.stderr"}
{"timestamp":"2026-07-04T09:31:38.331661Z","level":"error","event":"2026-07-04 09:31:35,843 | INFO | Calling URL: http://host.docker.internal:8000/fastag","logger":"task.stderr"}
{"timestamp":"2026-07-04T09:31:38.332149Z","level":"error","event":"2026-07-04 09:31:38,269 | ERROR | RC failed for Vehicle V001: HTTPConnectionPool(host='host.docker.internal', port=8000): Max retries exceeded with url: /rc (Caused by NewConnectionError(\"HTTPConnection(host='host.docker.internal', port=8000): Failed to establish a new connection: [Errno 101] Network is unreachable\"))","logger":"task.stderr"}
{"timestamp":"2026-07-04T09:31:38.332875Z","level":"error","event":"2026-07-04 09:31:38,270 | ERROR | FASTag failed for Vehicle V001: HTTPConnectionPool(host='host.docker.internal', port=8000): Max retries exceeded with url: /fastag (Caused by NewConnectionError(\"HTTPConnection(host='host.docker.internal', port=8000): Failed to establish a new connection: [Errno 101] Network is unreachable\"))","logger":"task.stderr"}
{"timestamp":"2026-07-04T09:31:38.340131Z","level":"error","event":"2026-07-04 09:31:38,270 | ERROR | VRN failed for Vehicle V001: HTTPConnectionPool(host='host.docker.internal', port=8000): Max retries exceeded with url: /vrn (Caused by NewConnectionError(\"HTTPConnection(host='host.docker.internal', port=8000): Failed to establish a new connection: [Errno 101] Network is unreachable\"))","logger":"task.stderr"}
{"timestamp":"2026-07-04T09:31:38.356501Z","level":"error","event":"2026-07-04 09:31:38,270 | ERROR | Valuation failed for Vehicle V001: HTTPConnectionPool(host='host.docker.internal', port=8000): Max retries exceeded with url: /valuation (Caused by NewConnectionError(\"HTTPConnection(host='host.docker.internal', port=8000): Failed to establish a new connection: [Errno 101] Network is unreachable\"))","logger":"task.stderr"}
{"timestamp":"2026-07-04T09:31:38.270132Z","level":"error","event":"RC failed for Vehicle V001: HTTPConnectionPool(host='host.docker.internal', port=8000): Max retries exceeded with url: /rc (Caused by NewConnectionError(\"HTTPConnection(host='host.docker.internal', port=8000): Failed to establish a new connection: [Errno 101] Network is unreachable\"))","logger":"utils.error_handler","task_id":"process_batch_task","run_id":"manual__2026-07-04T09:31:09.369543+00:00","dag_id":"vehicle_batch_pipeline","map_index":0,"ti_id":"019f2c77-b0ea-767a-bb33-a6ad92fd2600","try_number":1,"filename":"error_handler.py","lineno":7}
{"timestamp":"2026-07-04T09:31:38.270472Z","level":"error","event":"FASTag failed for Vehicle V001: HTTPConnectionPool(host='host.docker.internal', port=8000): Max retries exceeded with url: /fastag (Caused by NewConnectionError(\"HTTPConnection(host='host.docker.internal', port=8000): Failed to establish a new connection: [Errno 101] Network is unreachable\"))","logger":"utils.error_handler","task_id":"process_batch_task","run_id":"manual__2026-07-04T09:31:09.369543+00:00","dag_id":"vehicle_batch_pipeline","map_index":0,"ti_id":"019f2c77-b0ea-767a-bb33-a6ad92fd2600","try_number":1,"filename":"error_handler.py","lineno":7}
{"timestamp":"2026-07-04T09:31:38.270627Z","level":"error","event":"VRN failed for Vehicle V001: HTTPConnectionPool(host='host.docker.internal', port=8000): Max retries exceeded with url: /vrn (Caused by NewConnectionError(\"HTTPConnection(host='host.docker.internal', port=8000): Failed to establish a new connection: [Errno 101] Network is unreachable\"))","logger":"utils.error_handler","task_id":"process_batch_task","run_id":"manual__2026-07-04T09:31:09.369543+00:00","dag_id":"vehicle_batch_pipeline","map_index":0,"ti_id":"019f2c77-b0ea-767a-bb33-a6ad92fd2600","try_number":1,"filename":"error_handler.py","lineno":7}
{"timestamp":"2026-07-04T09:31:38.276331Z","level":"error","event":"Valuation failed for Vehicle V001: HTTPConnectionPool(host='host.docker.internal', port=8000): Max retries exceeded with url: /valuation (Caused by NewConnectionError(\"HTTPConnection(host='host.docker.internal', port=8000): Failed to establish a new connection: [Errno 101] Network is unreachable\"))","logger":"utils.error_handler","task_id":"process_batch_task","run_id":"manual__2026-07-04T09:31:09.369543+00:00","dag_id":"vehicle_batch_pipeline","map_index":0,"ti_id":"019f2c77-b0ea-767a-bb33-a6ad92fd2600","try_number":1,"filename":"error_handler.py","lineno":7}
{"timestamp":"2026-07-04T09:31:38.303435Z","level":"info","event":"Using environment: staging","logger":"scripts.api_client","filename":"api_client.py","lineno":19}
{"timestamp":"2026-07-04T09:31:38.304404Z","level":"info","event":"Calling URL: http://host.docker.internal:8000/rc","logger":"scripts.api_client","filename":"api_client.py","lineno":20}
{"timestamp":"2026-07-04T09:31:38.308745Z","level":"info","event":"Using environment: staging","logger":"scripts.api_client","filename":"api_client.py","lineno":19}
{"timestamp":"2026-07-04T09:31:38.309030Z","level":"info","event":"Calling URL: http://host.docker.internal:8000/fastag","logger":"scripts.api_client","filename":"api_client.py","lineno":20}
{"timestamp":"2026-07-04T09:31:38.314402Z","level":"info","event":"Using environment: staging","logger":"scripts.api_client","filename":"api_client.py","lineno":19}
{"timestamp":"2026-07-04T09:31:38.314653Z","level":"info","event":"Calling URL: http://host.docker.internal:8000/vrn","logger":"scripts.api_client","filename":"api_client.py","lineno":20}
{"timestamp":"2026-07-04T09:31:38.337959Z","level":"info","event":"Using environment: staging","logger":"scripts.api_client","filename":"api_client.py","lineno":19}
{"timestamp":"2026-07-04T09:31:38.339589Z","level":"info","event":"Calling URL: http://host.docker.internal:8000/valuation","logger":"scripts.api_client","filename":"api_client.py","lineno":20}
{"timestamp":"2026-07-04T09:31:38.368128Z","level":"info","event":"V001 processed in 5.63 sec","logger":"task.stdout"}
{"timestamp":"2026-07-04T09:31:38.368842Z","level":"error","event":"2026-07-04 09:31:38,301 | INFO | Using environment: staging","logger":"task.stderr"}
{"timestamp":"2026-07-04T09:31:38.370033Z","level":"error","event":"2026-07-04 09:31:38,304 | INFO | Calling URL: http://host.docker.internal:8000/rc","logger":"task.stderr"}
{"timestamp":"2026-07-04T09:31:38.370426Z","level":"error","event":"2026-07-04 09:31:38,308 | INFO | Using environment: staging","logger":"task.stderr"}
{"timestamp":"2026-07-04T09:31:38.371411Z","level":"error","event":"2026-07-04 09:31:38,308 | INFO | Calling URL: http://host.docker.internal:8000/fastag","logger":"task.stderr"}
{"timestamp":"2026-07-04T09:31:38.375611Z","level":"error","event":"2026-07-04 09:31:38,314 | INFO | Using environment: staging","logger":"task.stderr"}
{"timestamp":"2026-07-04T09:31:38.376354Z","level":"error","event":"2026-07-04 09:31:38,314 | INFO | Calling URL: http://host.docker.internal:8000/vrn","logger":"task.stderr"}
{"timestamp":"2026-07-04T09:31:38.377296Z","level":"error","event":"2026-07-04 09:31:38,320 | INFO | Using environment: staging","logger":"task.stderr"}
{"timestamp":"2026-07-04T09:31:38.380978Z","level":"error","event":"2026-07-04 09:31:38,339 | INFO | Calling URL: http://host.docker.internal:8000/valuation","logger":"task.stderr"}
{"timestamp":"2026-07-04T09:31:38.381570Z","level":"error","event":"2026-07-04 09:31:38,345 | WARNING | Retrying scripts.api_client.post in 1 seconds as it raised ConnectionError: HTTPConnectionPool(host='host.docker.internal', port=8000): Max retries exceeded with url: /fastag (Caused by NewConnectionError(\"HTTPConnection(host='host.docker.internal', port=8000): Failed to establish a new connection: [Errno 101] Network is unreachable\")).","logger":"task.stderr"}
{"timestamp":"2026-07-04T09:31:38.381998Z","level":"error","event":"2026-07-04 09:31:38,354 | WARNING | Retrying scripts.api_client.post in 1 seconds as it raised ConnectionError: HTTPConnectionPool(host='host.docker.internal', port=8000): Max retries exceeded with url: /rc (Caused by NewConnectionError(\"HTTPConnection(host='host.docker.internal', port=8000): Failed to establish a new connection: [Errno 101] Network is unreachable\")).","logger":"task.stderr"}
{"timestamp":"2026-07-04T09:31:38.382520Z","level":"error","event":"2026-07-04 09:31:38,356 | WARNING | Retrying scripts.api_client.post in 1 seconds as it raised ConnectionError: HTTPConnectionPool(host='host.docker.internal', port=8000): Max retries exceeded with url: /vrn (Caused by NewConnectionError(\"HTTPConnection(host='host.docker.internal', port=8000): Failed to establish a new connection: [Errno 101] Network is unreachable\")).","logger":"task.stderr"}
{"timestamp":"2026-07-04T09:31:38.383218Z","level":"error","event":"2026-07-04 09:31:38,362 | WARNING | Retrying scripts.api_client.post in 1 seconds as it raised ConnectionError: HTTPConnectionPool(host='host.docker.internal', port=8000): Max retries exceeded with url: /valuation (Caused by NewConnectionError(\"HTTPConnection(host='host.docker.internal', port=8000): Failed to establish a new connection: [Errno 101] Network is unreachable\")).","logger":"task.stderr"}
{"timestamp":"2026-07-04T09:31:38.351484Z","level":"warning","event":"Retrying scripts.api_client.post in 1 seconds as it raised ConnectionError: HTTPConnectionPool(host='host.docker.internal', port=8000): Max retries exceeded with url: /fastag (Caused by NewConnectionError(\"HTTPConnection(host='host.docker.internal', port=8000): Failed to establish a new connection: [Errno 101] Network is unreachable\")).","logger":"scripts.api_client","filename":"before_sleep.py","lineno":64}
{"timestamp":"2026-07-04T09:31:38.354484Z","level":"warning","event":"Retrying scripts.api_client.post in 1 seconds as it raised ConnectionError: HTTPConnectionPool(host='host.docker.internal', port=8000): Max retries exceeded with url: /rc (Caused by NewConnectionError(\"HTTPConnection(host='host.docker.internal', port=8000): Failed to establish a new connection: [Errno 101] Network is unreachable\")).","logger":"scripts.api_client","filename":"before_sleep.py","lineno":64}
{"timestamp":"2026-07-04T09:31:38.356438Z","level":"warning","event":"Retrying scripts.api_client.post in 1 seconds as it raised ConnectionError: HTTPConnectionPool(host='host.docker.internal', port=8000): Max retries exceeded with url: /vrn (Caused by NewConnectionError(\"HTTPConnection(host='host.docker.internal', port=8000): Failed to establish a new connection: [Errno 101] Network is unreachable\")).","logger":"scripts.api_client","filename":"before_sleep.py","lineno":64}
{"timestamp":"2026-07-04T09:31:38.364574Z","level":"warning","event":"Retrying scripts.api_client.post in 1 seconds as it raised ConnectionError: HTTPConnectionPool(host='host.docker.internal', port=8000): Max retries exceeded with url: /valuation (Caused by NewConnectionError(\"HTTPConnection(host='host.docker.internal', port=8000): Failed to establish a new connection: [Errno 101] Network is unreachable\")).","logger":"scripts.api_client","filename":"before_sleep.py","lineno":64}
{"timestamp":"2026-07-04T09:31:39.342217Z","level":"error","event":"2026-07-04 09:31:39,338 | INFO | Using environment: staging","logger":"task.stderr"}
{"timestamp":"2026-07-04T09:31:39.346628Z","level":"error","event":"2026-07-04 09:31:39,340 | INFO | Calling URL: http://host.docker.internal:8000/fastag","logger":"task.stderr"}
{"timestamp":"2026-07-04T09:31:39.340209Z","level":"info","event":"Using environment: staging","logger":"scripts.api_client","filename":"api_client.py","lineno":19}
{"timestamp":"2026-07-04T09:31:39.340595Z","level":"info","event":"Calling URL: http://host.docker.internal:8000/fastag","logger":"scripts.api_client","filename":"api_client.py","lineno":20}
{"timestamp":"2026-07-04T09:31:39.346890Z","level":"info","event":"Using environment: staging","logger":"scripts.api_client","filename":"api_client.py","lineno":19}
{"timestamp":"2026-07-04T09:31:39.347552Z","level":"info","event":"Using environment: staging","logger":"scripts.api_client","filename":"api_client.py","lineno":19}
{"timestamp":"2026-07-04T09:31:39.347757Z","level":"info","event":"Calling URL: http://host.docker.internal:8000/vrn","logger":"scripts.api_client","filename":"api_client.py","lineno":20}
{"timestamp":"2026-07-04T09:31:39.396282Z","level":"error","event":"2026-07-04 09:31:39,345 | INFO | Using environment: staging","logger":"task.stderr"}
{"timestamp":"2026-07-04T09:31:39.397226Z","level":"error","event":"2026-07-04 09:31:39,347 | INFO | Using environment: staging","logger":"task.stderr"}
{"timestamp":"2026-07-04T09:31:39.397947Z","level":"error","event":"2026-07-04 09:31:39,347 | INFO | Calling URL: http://host.docker.internal:8000/vrn","logger":"task.stderr"}
{"timestamp":"2026-07-04T09:31:39.399122Z","level":"error","event":"2026-07-04 09:31:39,347 | INFO | Calling URL: http://host.docker.internal:8000/rc","logger":"task.stderr"}
{"timestamp":"2026-07-04T09:31:39.399803Z","level":"error","event":"2026-07-04 09:31:39,355 | INFO | Using environment: staging","logger":"task.stderr"}
{"timestamp":"2026-07-04T09:31:39.400621Z","level":"error","event":"2026-07-04 09:31:39,366 | INFO | Calling URL: http://host.docker.internal:8000/valuation","logger":"task.stderr"}
{"timestamp":"2026-07-04T09:31:39.401206Z","level":"error","event":"2026-07-04 09:31:39,382 | WARNING | Retrying scripts.api_client.post in 2 seconds as it raised ConnectionError: HTTPConnectionPool(host='host.docker.internal', port=8000): Max retries exceeded with url: /fastag (Caused by NewConnectionError(\"HTTPConnection(host='host.docker.internal', port=8000): Failed to establish a new connection: [Errno 101] Network is unreachable\")).","logger":"task.stderr"}
{"timestamp":"2026-07-04T09:31:39.401946Z","level":"error","event":"2026-07-04 09:31:39,391 | WARNING | Retrying scripts.api_client.post in 2 seconds as it raised ConnectionError: HTTPConnectionPool(host='host.docker.internal', port=8000): Max retries exceeded with url: /rc (Caused by NewConnectionError(\"HTTPConnection(host='host.docker.internal', port=8000): Failed to establish a new connection: [Errno 101] Network is unreachable\")).","logger":"task.stderr"}
{"timestamp":"2026-07-04T09:31:39.403872Z","level":"error","event":"2026-07-04 09:31:39,396 | WARNING | Retrying scripts.api_client.post in 2 seconds as it raised ConnectionError: HTTPConnectionPool(host='host.docker.internal', port=8000): Max retries exceeded with url: /vrn (Caused by NewConnectionError(\"HTTPConnection(host='host.docker.internal', port=8000): Failed to establish a new connection: [Errno 101] Network is unreachable\")).","logger":"task.stderr"}
{"timestamp":"2026-07-04T09:31:39.351660Z","level":"info","event":"Calling URL: http://host.docker.internal:8000/rc","logger":"scripts.api_client","filename":"api_client.py","lineno":20}
{"timestamp":"2026-07-04T09:31:39.366428Z","level":"info","event":"Using environment: staging","logger":"scripts.api_client","filename":"api_client.py","lineno":19}
{"timestamp":"2026-07-04T09:31:39.366909Z","level":"info","event":"Calling URL: http://host.docker.internal:8000/valuation","logger":"scripts.api_client","filename":"api_client.py","lineno":20}
{"timestamp":"2026-07-04T09:31:39.383142Z","level":"warning","event":"Retrying scripts.api_client.post in 2 seconds as it raised ConnectionError: HTTPConnectionPool(host='host.docker.internal', port=8000): Max retries exceeded with url: /fastag (Caused by NewConnectionError(\"HTTPConnection(host='host.docker.internal', port=8000): Failed to establish a new connection: [Errno 101] Network is unreachable\")).","logger":"scripts.api_client","filename":"before_sleep.py","lineno":64}
{"timestamp":"2026-07-04T09:31:39.392189Z","level":"warning","event":"Retrying scripts.api_client.post in 2 seconds as it raised ConnectionError: HTTPConnectionPool(host='host.docker.internal', port=8000): Max retries exceeded with url: /rc (Caused by NewConnectionError(\"HTTPConnection(host='host.docker.internal', port=8000): Failed to establish a new connection: [Errno 101] Network is unreachable\")).","logger":"scripts.api_client","filename":"before_sleep.py","lineno":64}
{"timestamp":"2026-07-04T09:31:39.396201Z","level":"warning","event":"Retrying scripts.api_client.post in 2 seconds as it raised ConnectionError: HTTPConnectionPool(host='host.docker.internal', port=8000): Max retries exceeded with url: /vrn (Caused by NewConnectionError(\"HTTPConnection(host='host.docker.internal', port=8000): Failed to establish a new connection: [Errno 101] Network is unreachable\")).","logger":"scripts.api_client","filename":"before_sleep.py","lineno":64}
{"timestamp":"2026-07-04T09:31:39.398452Z","level":"warning","event":"Retrying scripts.api_client.post in 2 seconds as it raised ConnectionError: HTTPConnectionPool(host='host.docker.internal', port=8000): Max retries exceeded with url: /valuation (Caused by NewConnectionError(\"HTTPConnection(host='host.docker.internal', port=8000): Failed to establish a new connection: [Errno 101] Network is unreachable\")).","logger":"scripts.api_client","filename":"before_sleep.py","lineno":64}
{"timestamp":"2026-07-04T09:31:39.409649Z","level":"error","event":"2026-07-04 09:31:39,396 | WARNING | Retrying scripts.api_client.post in 2 seconds as it raised ConnectionError: HTTPConnectionPool(host='host.docker.internal', port=8000): Max retries exceeded with url: /valuation (Caused by NewConnectionError(\"HTTPConnection(host='host.docker.internal', port=8000): Failed to establish a new connection: [Errno 101] Network is unreachable\")).","logger":"task.stderr"}
{"timestamp":"2026-07-04T09:31:41.384436Z","level":"error","event":"2026-07-04 09:31:41,383 | INFO | Using environment: staging","logger":"task.stderr"}
{"timestamp":"2026-07-04T09:31:41.384914Z","level":"error","event":"2026-07-04 09:31:41,383 | INFO | Calling URL: http://host.docker.internal:8000/fastag","logger":"task.stderr"}
{"timestamp":"2026-07-04T09:31:41.383777Z","level":"info","event":"Using environment: staging","logger":"scripts.api_client","filename":"api_client.py","lineno":19}
{"timestamp":"2026-07-04T09:31:41.383930Z","level":"info","event":"Calling URL: http://host.docker.internal:8000/fastag","logger":"scripts.api_client","filename":"api_client.py","lineno":20}
{"timestamp":"2026-07-04T09:31:41.396636Z","level":"error","event":"2026-07-04 09:31:41,396 | INFO | Using environment: staging","logger":"task.stderr"}
{"timestamp":"2026-07-04T09:31:41.401997Z","level":"error","event":"2026-07-04 09:31:41,396 | INFO | Calling URL: http://host.docker.internal:8000/rc","logger":"task.stderr"}
{"timestamp":"2026-07-04T09:31:41.402832Z","level":"error","event":"2026-07-04 09:31:41,398 | INFO | Using environment: staging","logger":"task.stderr"}
{"timestamp":"2026-07-04T09:31:41.403971Z","level":"error","event":"2026-07-04 09:31:41,398 | INFO | Calling URL: http://host.docker.internal:8000/valuation","logger":"task.stderr"}
{"timestamp":"2026-07-04T09:31:41.404638Z","level":"error","event":"2026-07-04 09:31:41,400 | INFO | Using environment: staging","logger":"task.stderr"}
{"timestamp":"2026-07-04T09:31:41.405181Z","level":"error","event":"2026-07-04 09:31:41,400 | INFO | Calling URL: http://host.docker.internal:8000/vrn","logger":"task.stderr"}
{"timestamp":"2026-07-04T09:31:41.396604Z","level":"info","event":"Using environment: staging","logger":"scripts.api_client","filename":"api_client.py","lineno":19}
{"timestamp":"2026-07-04T09:31:41.396815Z","level":"info","event":"Calling URL: http://host.docker.internal:8000/rc","logger":"scripts.api_client","filename":"api_client.py","lineno":20}
{"timestamp":"2026-07-04T09:31:41.398858Z","level":"info","event":"Using environment: staging","logger":"scripts.api_client","filename":"api_client.py","lineno":19}
{"timestamp":"2026-07-04T09:31:41.398984Z","level":"info","event":"Calling URL: http://host.docker.internal:8000/valuation","logger":"scripts.api_client","filename":"api_client.py","lineno":20}
{"timestamp":"2026-07-04T09:31:41.400731Z","level":"info","event":"Using environment: staging","logger":"scripts.api_client","filename":"api_client.py","lineno":19}
{"timestamp":"2026-07-04T09:31:41.400851Z","level":"info","event":"Calling URL: http://host.docker.internal:8000/vrn","logger":"scripts.api_client","filename":"api_client.py","lineno":20}
{"timestamp":"2026-07-04T09:31:41.408274Z","level":"error","event":"2026-07-04 09:31:41,405 | ERROR | RC failed for Vehicle V002: HTTPConnectionPool(host='host.docker.internal', port=8000): Max retries exceeded with url: /rc (Caused by NewConnectionError(\"HTTPConnection(host='host.docker.internal', port=8000): Failed to establish a new connection: [Errno 101] Network is unreachable\"))","logger":"task.stderr"}
{"timestamp":"2026-07-04T09:31:41.408667Z","level":"error","event":"2026-07-04 09:31:41,405 | ERROR | FASTag failed for Vehicle V002: HTTPConnectionPool(host='host.docker.internal', port=8000): Max retries exceeded with url: /fastag (Caused by NewConnectionError(\"HTTPConnection(host='host.docker.internal', port=8000): Failed to establish a new connection: [Errno 101] Network is unreachable\"))","logger":"task.stderr"}
{"timestamp":"2026-07-04T09:31:41.405719Z","level":"error","event":"RC failed for Vehicle V002: HTTPConnectionPool(host='host.docker.internal', port=8000): Max retries exceeded with url: /rc (Caused by NewConnectionError(\"HTTPConnection(host='host.docker.internal', port=8000): Failed to establish a new connection: [Errno 101] Network is unreachable\"))","logger":"utils.error_handler","task_id":"process_batch_task","run_id":"manual__2026-07-04T09:31:09.369543+00:00","dag_id":"vehicle_batch_pipeline","map_index":0,"ti_id":"019f2c77-b0ea-767a-bb33-a6ad92fd2600","try_number":1,"filename":"error_handler.py","lineno":7}
{"timestamp":"2026-07-04T09:31:41.405935Z","level":"error","event":"FASTag failed for Vehicle V002: HTTPConnectionPool(host='host.docker.internal', port=8000): Max retries exceeded with url: /fastag (Caused by NewConnectionError(\"HTTPConnection(host='host.docker.internal', port=8000): Failed to establish a new connection: [Errno 101] Network is unreachable\"))","logger":"utils.error_handler","task_id":"process_batch_task","run_id":"manual__2026-07-04T09:31:09.369543+00:00","dag_id":"vehicle_batch_pipeline","map_index":0,"ti_id":"019f2c77-b0ea-767a-bb33-a6ad92fd2600","try_number":1,"filename":"error_handler.py","lineno":7}
{"timestamp":"2026-07-04T09:31:41.408681Z","level":"error","event":"VRN failed for Vehicle V002: HTTPConnectionPool(host='host.docker.internal', port=8000): Max retries exceeded with url: /vrn (Caused by NewConnectionError(\"HTTPConnection(host='host.docker.internal', port=8000): Failed to establish a new connection: [Errno 101] Network is unreachable\"))","logger":"utils.error_handler","task_id":"process_batch_task","run_id":"manual__2026-07-04T09:31:09.369543+00:00","dag_id":"vehicle_batch_pipeline","map_index":0,"ti_id":"019f2c77-b0ea-767a-bb33-a6ad92fd2600","try_number":1,"filename":"error_handler.py","lineno":7}
{"timestamp":"2026-07-04T09:31:41.410300Z","level":"error","event":"2026-07-04 09:31:41,408 | ERROR | VRN failed for Vehicle V002: HTTPConnectionPool(host='host.docker.internal', port=8000): Max retries exceeded with url: /vrn (Caused by NewConnectionError(\"HTTPConnection(host='host.docker.internal', port=8000): Failed to establish a new connection: [Errno 101] Network is unreachable\"))","logger":"task.stderr"}
{"timestamp":"2026-07-04T09:31:41.410632Z","level":"error","event":"2026-07-04 09:31:41,408 | ERROR | Valuation failed for Vehicle V002: HTTPConnectionPool(host='host.docker.internal', port=8000): Max retries exceeded with url: /valuation (Caused by NewConnectionError(\"HTTPConnection(host='host.docker.internal', port=8000): Failed to establish a new connection: [Errno 101] Network is unreachable\"))","logger":"task.stderr"}
{"timestamp":"2026-07-04T09:31:41.408921Z","level":"error","event":"Valuation failed for Vehicle V002: HTTPConnectionPool(host='host.docker.internal', port=8000): Max retries exceeded with url: /valuation (Caused by NewConnectionError(\"HTTPConnection(host='host.docker.internal', port=8000): Failed to establish a new connection: [Errno 101] Network is unreachable\"))","logger":"utils.error_handler","task_id":"process_batch_task","run_id":"manual__2026-07-04T09:31:09.369543+00:00","dag_id":"vehicle_batch_pipeline","map_index":0,"ti_id":"019f2c77-b0ea-767a-bb33-a6ad92fd2600","try_number":1,"filename":"error_handler.py","lineno":7}
{"timestamp":"2026-07-04T09:31:41.410641Z","level":"info","event":"\n==========================\nBatch Summary\n==========================\nTotal Records : 2\nSuccess : 2\nFailed : 0\nSuccess Rate : 100.0%\n==========================","logger":"scripts.process_batch","task_id":"process_batch_task","run_id":"manual__2026-07-04T09:31:09.369543+00:00","dag_id":"vehicle_batch_pipeline","map_index":0,"ti_id":"019f2c77-b0ea-767a-bb33-a6ad92fd2600","try_number":1,"filename":"process_batch.py","lineno":52}
{"timestamp":"2026-07-04T09:31:41.411833Z","level":"info","event":"V002 processed in 3.13 sec","logger":"task.stdout"}
{"timestamp":"2026-07-04T09:31:41.412371Z","level":"error","event":"2026-07-04 09:31:41,410 | INFO |","logger":"task.stderr"}
{"timestamp":"2026-07-04T09:31:41.412762Z","level":"error","event":"==========================","logger":"task.stderr"}
{"timestamp":"2026-07-04T09:31:41.413143Z","level":"error","event":"Batch Summary","logger":"task.stderr"}
{"timestamp":"2026-07-04T09:31:41.413552Z","level":"error","event":"==========================","logger":"task.stderr"}
{"timestamp":"2026-07-04T09:31:41.414263Z","level":"error","event":"Total Records : 2","logger":"task.stderr"}
{"timestamp":"2026-07-04T09:31:41.415062Z","level":"error","event":"Success : 2","logger":"task.stderr"}
{"timestamp":"2026-07-04T09:31:41.415764Z","level":"error","event":"Failed : 0","logger":"task.stderr"}
{"timestamp":"2026-07-04T09:31:41.416241Z","level":"error","event":"Success Rate : 100.0%","logger":"task.stderr"}
{"timestamp":"2026-07-04T09:31:41.416712Z","level":"error","event":"==========================","logger":"task.stderr"}
{"timestamp":"2026-07-04T09:31:41.428911Z","level":"info","event":"Done. Returned value was:    year    brand  ...  status                                              error\n0  2022   Toyota  ...  FAILED  HTTPConnectionPool(host='host.docker.internal'...\n1  2021  Hyundai  ...  FAILED  HTTPConnectionPool(host='host.docker.internal'...\n\n[2 rows x 7 columns]","task_id":"process_batch_task","run_id":"manual__2026-07-04T09:31:09.369543+00:00","dag_id":"vehicle_batch_pipeline","map_index":0,"ti_id":"019f2c77-b0ea-767a-bb33-a6ad92fd2600","try_number":1,"logger":"airflow.task.operators.airflow.providers.standard.decorators.python._PythonDecoratedOperator","filename":"python.py","lineno":233}
{"timestamp":"2026-07-04T09:31:41.429375Z","level":"info","event":"::group::Post Execute","task_id":"process_batch_task","run_id":"manual__2026-07-04T09:31:09.369543+00:00","dag_id":"vehicle_batch_pipeline","map_index":0,"ti_id":"019f2c77-b0ea-767a-bb33-a6ad92fd2600","try_number":1,"logger":"task","filename":"task_runner.py","lineno":1288}
{"timestamp":"2026-07-04T09:31:41.429626Z","level":"info","event":"Pushing xcom","ti":"RuntimeTaskInstance(id=UUID('019f2c77-b0ea-767a-bb33-a6ad92fd2600'), task_id='process_batch_task', dag_id='vehicle_batch_pipeline', run_id='manual__2026-07-04T09:31:09.369543+00:00', try_number=1, dag_version_id=UUID('019f2c50-8b66-7475-9dae-822508d85766'), map_index=0, hostname='8e3d505c6688', context_carrier={'traceparent': '00-b3024bdf642cc8ace36054c31d783d42-c938b64527bae9f7-01'}, task=<Task(_PythonDecoratedOperator): process_batch_task>, bundle_instance=LocalDagBundle(name=dags-folder), max_tries=2, start_date=datetime.datetime(2026, 7, 4, 9, 31, 31, 204680, tzinfo=datetime.timezone.utc), end_date=None, state=<TaskInstanceState.RUNNING: 'running'>, is_mapped=True, rendered_map_index=None, sentry_integration='')","task_id":"process_batch_task","run_id":"manual__2026-07-04T09:31:09.369543+00:00","dag_id":"vehicle_batch_pipeline","map_index":0,"ti_id":"019f2c77-b0ea-767a-bb33-a6ad92fd2600","try_number":1,"logger":"task","filename":"task_runner.py","lineno":1791}
{"timestamp":"2026-07-04T09:31:41.665189Z","level":"info","event":"Task instance in success state","logger":"task.stdout"}
{"timestamp":"2026-07-04T09:31:41.668053Z","level":"info","event":" Previous state of the Task instance: TaskInstanceState.RUNNING","logger":"task.stdout"}
{"timestamp":"2026-07-04T09:31:41.668670Z","level":"info","event":"Task operator:<Task(_PythonDecoratedOperator): process_batch_task>","logger":"task.stdout"}
{"timestamp":"2026-07-04T09:31:41.661714Z","level":"info","event":"::endgroup::","task_id":"process_batch_task","run_id":"manual__2026-07-04T09:31:09.369543+00:00","dag_id":"vehicle_batch_pipeline","map_index":0,"ti_id":"019f2c77-b0ea-767a-bb33-a6ad92fd2600","try_number":1,"logger":"task","filename":"task_runner.py","lineno":1896}
