{"timestamp":"2026-07-02T10:29:45.031927Z","level":"info","event":"::group::Pre Execute","logger":"task","filename":"task_runner.py","lineno":1926}
{"timestamp":"2026-07-02T10:29:45.325011Z","level":"info","event":"DAG bundles loaded: dags-folder, example_dags","map_index":-1,"ti_id":"019f2260-7a36-73e5-9f06-9c9da9a93313","try_number":1,"run_id":"manual__2026-07-02T10:29:35.852051+00:00","task_id":"process_batch_task","dag_id":"vehicle_batch_pipeline","logger":"airflow.dag_processing.bundles.manager.DagBundlesManager","filename":"manager.py","lineno":209}
{"timestamp":"2026-07-02T10:29:45.326851Z","level":"info","event":"Filling up the DagBag from /opt/airflow/dags/vehicle_pipeline.py","map_index":-1,"ti_id":"019f2260-7a36-73e5-9f06-9c9da9a93313","try_number":1,"run_id":"manual__2026-07-02T10:29:35.852051+00:00","task_id":"process_batch_task","dag_id":"vehicle_batch_pipeline","logger":"airflow.dag_processing.dagbag.BundleDagBag","filename":"dagbag.py","lineno":469}
{"timestamp":"2026-07-02T10:29:45.430811Z","level":"info","event":"Task instance is in running state","logger":"task.stdout"}
{"timestamp":"2026-07-02T10:29:45.431485Z","level":"info","event":" Previous state of the Task instance: TaskInstanceState.QUEUED","logger":"task.stdout"}
{"timestamp":"2026-07-02T10:29:45.432010Z","level":"info","event":"Current task name:process_batch_task","logger":"task.stdout"}
{"timestamp":"2026-07-02T10:29:45.432443Z","level":"info","event":"Dag name:vehicle_batch_pipeline","logger":"task.stdout"}
{"timestamp":"2026-07-02T10:29:45.431184Z","level":"info","event":"::endgroup::","map_index":-1,"ti_id":"019f2260-7a36-73e5-9f06-9c9da9a93313","try_number":1,"run_id":"manual__2026-07-02T10:29:35.852051+00:00","task_id":"process_batch_task","dag_id":"vehicle_batch_pipeline","logger":"task","filename":"task_runner.py","lineno":1727}
{"timestamp":"2026-07-02T10:29:45.433123Z","level":"info","event":"Processing batch_1.csv","logger":"scripts.process_batch","map_index":-1,"ti_id":"019f2260-7a36-73e5-9f06-9c9da9a93313","try_number":1,"run_id":"manual__2026-07-02T10:29:35.852051+00:00","task_id":"process_batch_task","dag_id":"vehicle_batch_pipeline","filename":"process_batch.py","lineno":17}
{"timestamp":"2026-07-02T10:29:45.433897Z","level":"error","event":"2026-07-02 10:29:45,432 | INFO | Processing batch_1.csv","logger":"task.stderr"}
{"timestamp":"2026-07-02T10:29:45.441280Z","level":"error","event":"2026-07-02 10:29:45,441 | INFO | Rows = 2","logger":"task.stderr"}
{"timestamp":"2026-07-02T10:29:45.441244Z","level":"info","event":"Rows = 2","logger":"scripts.process_batch","map_index":-1,"ti_id":"019f2260-7a36-73e5-9f06-9c9da9a93313","try_number":1,"run_id":"manual__2026-07-02T10:29:35.852051+00:00","task_id":"process_batch_task","dag_id":"vehicle_batch_pipeline","filename":"process_batch.py","lineno":21}
{"timestamp":"2026-07-02T10:29:45.712032Z","level":"error","event":"2026-07-02 10:29:45,711 | INFO | Processing batch_2.csv","logger":"task.stderr"}
{"timestamp":"2026-07-02T10:29:45.711992Z","level":"info","event":"Processing batch_2.csv","logger":"scripts.process_batch","map_index":-1,"ti_id":"019f2260-7a36-73e5-9f06-9c9da9a93313","try_number":1,"run_id":"manual__2026-07-02T10:29:35.852051+00:00","task_id":"process_batch_task","dag_id":"vehicle_batch_pipeline","filename":"process_batch.py","lineno":17}
{"timestamp":"2026-07-02T10:29:45.716835Z","level":"error","event":"2026-07-02 10:29:45,716 | INFO | Rows = 2","logger":"task.stderr"}
{"timestamp":"2026-07-02T10:29:45.716812Z","level":"info","event":"Rows = 2","logger":"scripts.process_batch","map_index":-1,"ti_id":"019f2260-7a36-73e5-9f06-9c9da9a93313","try_number":1,"run_id":"manual__2026-07-02T10:29:35.852051+00:00","task_id":"process_batch_task","dag_id":"vehicle_batch_pipeline","filename":"process_batch.py","lineno":21}
{"timestamp":"2026-07-02T10:29:45.781816Z","level":"error","event":"2026-07-02 10:29:45,781 | INFO | Processing batch_3.csv","logger":"task.stderr"}
{"timestamp":"2026-07-02T10:29:45.781756Z","level":"info","event":"Processing batch_3.csv","logger":"scripts.process_batch","map_index":-1,"ti_id":"019f2260-7a36-73e5-9f06-9c9da9a93313","try_number":1,"run_id":"manual__2026-07-02T10:29:35.852051+00:00","task_id":"process_batch_task","dag_id":"vehicle_batch_pipeline","filename":"process_batch.py","lineno":17}
{"timestamp":"2026-07-02T10:29:45.785913Z","level":"error","event":"2026-07-02 10:29:45,785 | INFO | Rows = 1","logger":"task.stderr"}
{"timestamp":"2026-07-02T10:29:45.785892Z","level":"info","event":"Rows = 1","logger":"scripts.process_batch","map_index":-1,"ti_id":"019f2260-7a36-73e5-9f06-9c9da9a93313","try_number":1,"run_id":"manual__2026-07-02T10:29:35.852051+00:00","task_id":"process_batch_task","dag_id":"vehicle_batch_pipeline","filename":"process_batch.py","lineno":21}
{"timestamp":"2026-07-02T10:29:45.834744Z","level":"error","event":"2026-07-02 10:29:45,834 | INFO | Final report generated.","logger":"task.stderr"}
{"timestamp":"2026-07-02T10:29:45.834697Z","level":"info","event":"Final report generated.","logger":"unusual_prefix_0c07c951a0536f1f9ade82c88099125392a8ad1a_vehicle_pipeline","map_index":-1,"ti_id":"019f2260-7a36-73e5-9f06-9c9da9a93313","try_number":1,"run_id":"manual__2026-07-02T10:29:35.852051+00:00","task_id":"process_batch_task","dag_id":"vehicle_batch_pipeline","filename":"vehicle_pipeline.py","lineno":80}
{"timestamp":"2026-07-02T10:29:45.835019Z","level":"info","event":"Done. Returned value was: /opt/airflow/data/output/final_vehicle_report.csv","map_index":-1,"ti_id":"019f2260-7a36-73e5-9f06-9c9da9a93313","try_number":1,"run_id":"manual__2026-07-02T10:29:35.852051+00:00","task_id":"process_batch_task","dag_id":"vehicle_batch_pipeline","logger":"airflow.task.operators.airflow.providers.standard.decorators.python._PythonDecoratedOperator","filename":"python.py","lineno":233}
{"timestamp":"2026-07-02T10:29:45.835128Z","level":"info","event":"::group::Post Execute","map_index":-1,"ti_id":"019f2260-7a36-73e5-9f06-9c9da9a93313","try_number":1,"run_id":"manual__2026-07-02T10:29:35.852051+00:00","task_id":"process_batch_task","dag_id":"vehicle_batch_pipeline","logger":"task","filename":"task_runner.py","lineno":1288}
{"timestamp":"2026-07-02T10:29:45.835332Z","level":"info","event":"Pushing xcom","ti":"RuntimeTaskInstance(id=UUID('019f2260-7a36-73e5-9f06-9c9da9a93313'), task_id='process_batch_task', dag_id='vehicle_batch_pipeline', run_id='manual__2026-07-02T10:29:35.852051+00:00', try_number=1, dag_version_id=UUID('019f222e-6949-7013-adc3-a38d3a0a290d'), map_index=-1, hostname='8e3d505c6688', context_carrier={'traceparent': '00-dbfd86808626888d4b1b8a7887113532-a86a5e82e99a2457-01'}, task=<Task(_PythonDecoratedOperator): process_batch_task>, bundle_instance=LocalDagBundle(name=dags-folder), max_tries=0, start_date=datetime.datetime(2026, 7, 2, 10, 29, 45, 40376, tzinfo=datetime.timezone.utc), end_date=None, state=<TaskInstanceState.RUNNING: 'running'>, is_mapped=False, rendered_map_index=None, sentry_integration='')","map_index":-1,"ti_id":"019f2260-7a36-73e5-9f06-9c9da9a93313","try_number":1,"run_id":"manual__2026-07-02T10:29:35.852051+00:00","task_id":"process_batch_task","dag_id":"vehicle_batch_pipeline","logger":"task","filename":"task_runner.py","lineno":1791}
{"timestamp":"2026-07-02T10:29:45.869460Z","level":"info","event":"Task instance in success state","logger":"task.stdout"}
{"timestamp":"2026-07-02T10:29:45.870625Z","level":"info","event":" Previous state of the Task instance: TaskInstanceState.RUNNING","logger":"task.stdout"}
{"timestamp":"2026-07-02T10:29:45.876199Z","level":"info","event":"Task operator:<Task(_PythonDecoratedOperator): process_batch_task>","logger":"task.stdout"}
{"timestamp":"2026-07-02T10:29:45.870168Z","level":"info","event":"::endgroup::","map_index":-1,"ti_id":"019f2260-7a36-73e5-9f06-9c9da9a93313","try_number":1,"run_id":"manual__2026-07-02T10:29:35.852051+00:00","task_id":"process_batch_task","dag_id":"vehicle_batch_pipeline","logger":"task","filename":"task_runner.py","lineno":1896}
