{"timestamp":"2026-07-03T14:58:52.630665Z","level":"info","event":"::group::Pre Execute","logger":"task","filename":"task_runner.py","lineno":1926}
{"timestamp":"2026-07-03T14:58:53.027071Z","level":"info","event":"DAG bundles loaded: dags-folder, example_dags","try_number":1,"dag_id":"vehicle_batch_pipeline","map_index":1,"run_id":"manual__2026-07-03T14:58:48.909969+00:00","task_id":"process_batch_task","ti_id":"019f287d-5d55-7eac-879c-cbd87fe5daac","logger":"airflow.dag_processing.bundles.manager.DagBundlesManager","filename":"manager.py","lineno":209}
{"timestamp":"2026-07-03T14:58:53.029680Z","level":"info","event":"Filling up the DagBag from /opt/airflow/dags/vehicle_pipeline.py","try_number":1,"dag_id":"vehicle_batch_pipeline","map_index":1,"run_id":"manual__2026-07-03T14:58:48.909969+00:00","task_id":"process_batch_task","ti_id":"019f287d-5d55-7eac-879c-cbd87fe5daac","logger":"airflow.dag_processing.dagbag.BundleDagBag","filename":"dagbag.py","lineno":469}
{"timestamp":"2026-07-03T14:58:53.179454Z","level":"info","event":"Task instance is in running state","logger":"task.stdout"}
{"timestamp":"2026-07-03T14:58:53.180318Z","level":"info","event":" Previous state of the Task instance: TaskInstanceState.QUEUED","logger":"task.stdout"}
{"timestamp":"2026-07-03T14:58:53.180937Z","level":"info","event":"Current task name:process_batch_task","logger":"task.stdout"}
{"timestamp":"2026-07-03T14:58:53.181392Z","level":"info","event":"Dag name:vehicle_batch_pipeline","logger":"task.stdout"}
{"timestamp":"2026-07-03T14:58:53.178204Z","level":"info","event":"::endgroup::","try_number":1,"dag_id":"vehicle_batch_pipeline","map_index":1,"run_id":"manual__2026-07-03T14:58:48.909969+00:00","task_id":"process_batch_task","ti_id":"019f287d-5d55-7eac-879c-cbd87fe5daac","logger":"task","filename":"task_runner.py","lineno":1727}
{"timestamp":"2026-07-03T14:58:53.180210Z","level":"info","event":"Processing batch_2.csv","logger":"scripts.process_batch","try_number":1,"dag_id":"vehicle_batch_pipeline","map_index":1,"run_id":"manual__2026-07-03T14:58:48.909969+00:00","task_id":"process_batch_task","ti_id":"019f287d-5d55-7eac-879c-cbd87fe5daac","filename":"process_batch.py","lineno":13}
{"timestamp":"2026-07-03T14:58:53.183564Z","level":"error","event":"2026-07-03 14:58:53,179 | INFO | Processing batch_2.csv","logger":"task.stderr"}
{"timestamp":"2026-07-03T14:58:53.189503Z","level":"error","event":"2026-07-03 14:58:53,189 | INFO | Rows = 2","logger":"task.stderr"}
{"timestamp":"2026-07-03T14:58:53.189437Z","level":"info","event":"Rows = 2","logger":"scripts.process_batch","try_number":1,"dag_id":"vehicle_batch_pipeline","map_index":1,"run_id":"manual__2026-07-03T14:58:48.909969+00:00","task_id":"process_batch_task","ti_id":"019f287d-5d55-7eac-879c-cbd87fe5daac","filename":"process_batch.py","lineno":17}
{"timestamp":"2026-07-03T14:58:53.191782Z","level":"error","event":"2026-07-03 14:58:53,191 | INFO | Using environment: production","logger":"task.stderr"}
{"timestamp":"2026-07-03T14:58:53.192309Z","level":"error","event":"2026-07-03 14:58:53,192 | INFO | Calling URL: http://host.docker.internal:8000/rc","logger":"task.stderr"}
{"timestamp":"2026-07-03T14:58:53.191961Z","level":"info","event":"Using environment: production","logger":"scripts.api_client","filename":"api_client.py","lineno":19}
{"timestamp":"2026-07-03T14:58:53.192131Z","level":"info","event":"Calling URL: http://host.docker.internal:8000/rc","logger":"scripts.api_client","filename":"api_client.py","lineno":20}
{"timestamp":"2026-07-03T14:58:53.200558Z","level":"error","event":"2026-07-03 14:58:53,200 | INFO | Using environment: production","logger":"task.stderr"}
{"timestamp":"2026-07-03T14:58:53.203925Z","level":"info","event":"Using environment: production","logger":"scripts.api_client","filename":"api_client.py","lineno":19}
{"timestamp":"2026-07-03T14:58:53.204751Z","level":"info","event":"Using environment: production","logger":"scripts.api_client","filename":"api_client.py","lineno":19}
{"timestamp":"2026-07-03T14:58:53.205517Z","level":"error","event":"2026-07-03 14:58:53,204 | INFO | Using environment: production","logger":"task.stderr"}
{"timestamp":"2026-07-03T14:58:53.206079Z","level":"error","event":"2026-07-03 14:58:53,204 | INFO | Calling URL: http://host.docker.internal:8000/fastag","logger":"task.stderr"}
{"timestamp":"2026-07-03T14:58:53.206561Z","level":"error","event":"2026-07-03 14:58:53,204 | INFO | Calling URL: http://host.docker.internal:8000/vrn","logger":"task.stderr"}
{"timestamp":"2026-07-03T14:58:53.204985Z","level":"info","event":"Calling URL: http://host.docker.internal:8000/vrn","logger":"scripts.api_client","filename":"api_client.py","lineno":20}
{"timestamp":"2026-07-03T14:58:53.207543Z","level":"info","event":"Calling URL: http://host.docker.internal:8000/fastag","logger":"scripts.api_client","filename":"api_client.py","lineno":20}
{"timestamp":"2026-07-03T14:58:53.209794Z","level":"error","event":"2026-07-03 14:58:53,207 | INFO | Using environment: production","logger":"task.stderr"}
{"timestamp":"2026-07-03T14:58:53.210329Z","level":"error","event":"2026-07-03 14:58:53,209 | INFO | Calling URL: http://host.docker.internal:8000/valuation","logger":"task.stderr"}
{"timestamp":"2026-07-03T14:58:53.208956Z","level":"info","event":"Using environment: production","logger":"scripts.api_client","filename":"api_client.py","lineno":19}
{"timestamp":"2026-07-03T14:58:53.209172Z","level":"info","event":"Calling URL: http://host.docker.internal:8000/valuation","logger":"scripts.api_client","filename":"api_client.py","lineno":20}
{"timestamp":"2026-07-03T14:58:53.214017Z","level":"error","event":"2026-07-03 14:58:53,213 | WARNING | Retrying scripts.api_client.post in 1 seconds as it raised ConnectionError: HTTPConnectionPool(host='host.docker.internal', port=8000): Max retries exceeded with url: /rc (Caused by NewConnectionError(\"HTTPConnection(host='host.docker.internal', port=8000): Failed to establish a new connection: [Errno 101] Network is unreachable\")).","logger":"task.stderr"}
{"timestamp":"2026-07-03T14:58:53.214857Z","level":"error","event":"2026-07-03 14:58:53,214 | WARNING | Retrying scripts.api_client.post in 1 seconds as it raised ConnectionError: HTTPConnectionPool(host='host.docker.internal', port=8000): Max retries exceeded with url: /vrn (Caused by NewConnectionError(\"HTTPConnection(host='host.docker.internal', port=8000): Failed to establish a new connection: [Errno 101] Network is unreachable\")).","logger":"task.stderr"}
{"timestamp":"2026-07-03T14:58:53.214058Z","level":"warning","event":"Retrying scripts.api_client.post in 1 seconds as it raised ConnectionError: HTTPConnectionPool(host='host.docker.internal', port=8000): Max retries exceeded with url: /rc (Caused by NewConnectionError(\"HTTPConnection(host='host.docker.internal', port=8000): Failed to establish a new connection: [Errno 101] Network is unreachable\")).","logger":"scripts.api_client","filename":"before_sleep.py","lineno":64}
{"timestamp":"2026-07-03T14:58:53.214807Z","level":"warning","event":"Retrying scripts.api_client.post in 1 seconds as it raised ConnectionError: HTTPConnectionPool(host='host.docker.internal', port=8000): Max retries exceeded with url: /vrn (Caused by NewConnectionError(\"HTTPConnection(host='host.docker.internal', port=8000): Failed to establish a new connection: [Errno 101] Network is unreachable\")).","logger":"scripts.api_client","filename":"before_sleep.py","lineno":64}
{"timestamp":"2026-07-03T14:58:53.215084Z","level":"warning","event":"Retrying scripts.api_client.post in 1 seconds as it raised ConnectionError: HTTPConnectionPool(host='host.docker.internal', port=8000): Max retries exceeded with url: /fastag (Caused by NewConnectionError(\"HTTPConnection(host='host.docker.internal', port=8000): Failed to establish a new connection: [Errno 101] Network is unreachable\")).","logger":"scripts.api_client","filename":"before_sleep.py","lineno":64}
{"timestamp":"2026-07-03T14:58:53.216926Z","level":"error","event":"2026-07-03 14:58:53,214 | WARNING | Retrying scripts.api_client.post in 1 seconds as it raised ConnectionError: HTTPConnectionPool(host='host.docker.internal', port=8000): Max retries exceeded with url: /fastag (Caused by NewConnectionError(\"HTTPConnection(host='host.docker.internal', port=8000): Failed to establish a new connection: [Errno 101] Network is unreachable\")).","logger":"task.stderr"}
{"timestamp":"2026-07-03T14:58:53.217494Z","level":"error","event":"2026-07-03 14:58:53,216 | WARNING | Retrying scripts.api_client.post in 1 seconds as it raised ConnectionError: HTTPConnectionPool(host='host.docker.internal', port=8000): Max retries exceeded with url: /valuation (Caused by NewConnectionError(\"HTTPConnection(host='host.docker.internal', port=8000): Failed to establish a new connection: [Errno 101] Network is unreachable\")).","logger":"task.stderr"}
{"timestamp":"2026-07-03T14:58:53.216771Z","level":"warning","event":"Retrying scripts.api_client.post in 1 seconds as it raised ConnectionError: HTTPConnectionPool(host='host.docker.internal', port=8000): Max retries exceeded with url: /valuation (Caused by NewConnectionError(\"HTTPConnection(host='host.docker.internal', port=8000): Failed to establish a new connection: [Errno 101] Network is unreachable\")).","logger":"scripts.api_client","filename":"before_sleep.py","lineno":64}
{"timestamp":"2026-07-03T14:58:54.215914Z","level":"error","event":"2026-07-03 14:58:54,214 | INFO | Using environment: production","logger":"task.stderr"}
{"timestamp":"2026-07-03T14:58:54.230019Z","level":"error","event":"2026-07-03 14:58:54,215 | INFO | Using environment: production","logger":"task.stderr"}
{"timestamp":"2026-07-03T14:58:54.233752Z","level":"error","event":"2026-07-03 14:58:54,215 | INFO | Using environment: production","logger":"task.stderr"}
{"timestamp":"2026-07-03T14:58:54.238501Z","level":"error","event":"2026-07-03 14:58:54,216 | INFO | Calling URL: http://host.docker.internal:8000/rc","logger":"task.stderr"}
{"timestamp":"2026-07-03T14:58:54.241225Z","level":"error","event":"2026-07-03 14:58:54,216 | INFO | Calling URL: http://host.docker.internal:8000/vrn","logger":"task.stderr"}
{"timestamp":"2026-07-03T14:58:54.242007Z","level":"error","event":"2026-07-03 14:58:54,217 | INFO | Calling URL: http://host.docker.internal:8000/fastag","logger":"task.stderr"}
{"timestamp":"2026-07-03T14:58:54.242890Z","level":"error","event":"2026-07-03 14:58:54,217 | INFO | Using environment: production","logger":"task.stderr"}
{"timestamp":"2026-07-03T14:58:54.243734Z","level":"error","event":"2026-07-03 14:58:54,227 | INFO | Calling URL: http://host.docker.internal:8000/valuation","logger":"task.stderr"}
{"timestamp":"2026-07-03T14:58:54.215621Z","level":"info","event":"Using environment: production","logger":"scripts.api_client","filename":"api_client.py","lineno":19}
{"timestamp":"2026-07-03T14:58:54.216726Z","level":"info","event":"Using environment: production","logger":"scripts.api_client","filename":"api_client.py","lineno":19}
{"timestamp":"2026-07-03T14:58:54.216968Z","level":"info","event":"Using environment: production","logger":"scripts.api_client","filename":"api_client.py","lineno":19}
{"timestamp":"2026-07-03T14:58:54.217206Z","level":"info","event":"Calling URL: http://host.docker.internal:8000/rc","logger":"scripts.api_client","filename":"api_client.py","lineno":20}
{"timestamp":"2026-07-03T14:58:54.223002Z","level":"info","event":"Calling URL: http://host.docker.internal:8000/vrn","logger":"scripts.api_client","filename":"api_client.py","lineno":20}
{"timestamp":"2026-07-03T14:58:54.225440Z","level":"info","event":"Calling URL: http://host.docker.internal:8000/fastag","logger":"scripts.api_client","filename":"api_client.py","lineno":20}
{"timestamp":"2026-07-03T14:58:54.227139Z","level":"info","event":"Using environment: production","logger":"scripts.api_client","filename":"api_client.py","lineno":19}
{"timestamp":"2026-07-03T14:58:54.227457Z","level":"info","event":"Calling URL: http://host.docker.internal:8000/valuation","logger":"scripts.api_client","filename":"api_client.py","lineno":20}
{"timestamp":"2026-07-03T14:58:54.252366Z","level":"error","event":"2026-07-03 14:58:54,246 | WARNING | Retrying scripts.api_client.post in 2 seconds as it raised ConnectionError: HTTPConnectionPool(host='host.docker.internal', port=8000): Max retries exceeded with url: /vrn (Caused by NewConnectionError(\"HTTPConnection(host='host.docker.internal', port=8000): Failed to establish a new connection: [Errno 101] Network is unreachable\")).","logger":"task.stderr"}
{"timestamp":"2026-07-03T14:58:54.252998Z","level":"error","event":"2026-07-03 14:58:54,246 | WARNING | Retrying scripts.api_client.post in 2 seconds as it raised ConnectionError: HTTPConnectionPool(host='host.docker.internal', port=8000): Max retries exceeded with url: /valuation (Caused by NewConnectionError(\"HTTPConnection(host='host.docker.internal', port=8000): Failed to establish a new connection: [Errno 101] Network is unreachable\")).","logger":"task.stderr"}
{"timestamp":"2026-07-03T14:58:54.253535Z","level":"error","event":"2026-07-03 14:58:54,248 | WARNING | Retrying scripts.api_client.post in 2 seconds as it raised ConnectionError: HTTPConnectionPool(host='host.docker.internal', port=8000): Max retries exceeded with url: /fastag (Caused by NewConnectionError(\"HTTPConnection(host='host.docker.internal', port=8000): Failed to establish a new connection: [Errno 101] Network is unreachable\")).","logger":"task.stderr"}
{"timestamp":"2026-07-03T14:58:54.254089Z","level":"error","event":"2026-07-03 14:58:54,248 | WARNING | Retrying scripts.api_client.post in 2 seconds as it raised ConnectionError: HTTPConnectionPool(host='host.docker.internal', port=8000): Max retries exceeded with url: /rc (Caused by NewConnectionError(\"HTTPConnection(host='host.docker.internal', port=8000): Failed to establish a new connection: [Errno 101] Network is unreachable\")).","logger":"task.stderr"}
{"timestamp":"2026-07-03T14:58:54.246288Z","level":"warning","event":"Retrying scripts.api_client.post in 2 seconds as it raised ConnectionError: HTTPConnectionPool(host='host.docker.internal', port=8000): Max retries exceeded with url: /vrn (Caused by NewConnectionError(\"HTTPConnection(host='host.docker.internal', port=8000): Failed to establish a new connection: [Errno 101] Network is unreachable\")).","logger":"scripts.api_client","filename":"before_sleep.py","lineno":64}
{"timestamp":"2026-07-03T14:58:54.247024Z","level":"warning","event":"Retrying scripts.api_client.post in 2 seconds as it raised ConnectionError: HTTPConnectionPool(host='host.docker.internal', port=8000): Max retries exceeded with url: /valuation (Caused by NewConnectionError(\"HTTPConnection(host='host.docker.internal', port=8000): Failed to establish a new connection: [Errno 101] Network is unreachable\")).","logger":"scripts.api_client","filename":"before_sleep.py","lineno":64}
{"timestamp":"2026-07-03T14:58:54.248190Z","level":"warning","event":"Retrying scripts.api_client.post in 2 seconds as it raised ConnectionError: HTTPConnectionPool(host='host.docker.internal', port=8000): Max retries exceeded with url: /fastag (Caused by NewConnectionError(\"HTTPConnection(host='host.docker.internal', port=8000): Failed to establish a new connection: [Errno 101] Network is unreachable\")).","logger":"scripts.api_client","filename":"before_sleep.py","lineno":64}
{"timestamp":"2026-07-03T14:58:54.248774Z","level":"warning","event":"Retrying scripts.api_client.post in 2 seconds as it raised ConnectionError: HTTPConnectionPool(host='host.docker.internal', port=8000): Max retries exceeded with url: /rc (Caused by NewConnectionError(\"HTTPConnection(host='host.docker.internal', port=8000): Failed to establish a new connection: [Errno 101] Network is unreachable\")).","logger":"scripts.api_client","filename":"before_sleep.py","lineno":64}
{"timestamp":"2026-07-03T14:58:56.247444Z","level":"error","event":"2026-07-03 14:58:56,247 | INFO | Using environment: production","logger":"task.stderr"}
{"timestamp":"2026-07-03T14:58:56.248558Z","level":"error","event":"2026-07-03 14:58:56,247 | INFO | Using environment: production","logger":"task.stderr"}
{"timestamp":"2026-07-03T14:58:56.249066Z","level":"error","event":"2026-07-03 14:58:56,247 | INFO | Calling URL: http://host.docker.internal:8000/vrn","logger":"task.stderr"}
{"timestamp":"2026-07-03T14:58:56.249580Z","level":"error","event":"2026-07-03 14:58:56,247 | INFO | Calling URL: http://host.docker.internal:8000/valuation","logger":"task.stderr"}
{"timestamp":"2026-07-03T14:58:56.247491Z","level":"info","event":"Using environment: production","logger":"scripts.api_client","filename":"api_client.py","lineno":19}
{"timestamp":"2026-07-03T14:58:56.247872Z","level":"info","event":"Using environment: production","logger":"scripts.api_client","filename":"api_client.py","lineno":19}
{"timestamp":"2026-07-03T14:58:56.248081Z","level":"info","event":"Calling URL: http://host.docker.internal:8000/vrn","logger":"scripts.api_client","filename":"api_client.py","lineno":20}
{"timestamp":"2026-07-03T14:58:56.248393Z","level":"info","event":"Calling URL: http://host.docker.internal:8000/valuation","logger":"scripts.api_client","filename":"api_client.py","lineno":20}
{"timestamp":"2026-07-03T14:58:56.252726Z","level":"error","event":"2026-07-03 14:58:56,250 | INFO | Using environment: production","logger":"task.stderr"}
{"timestamp":"2026-07-03T14:58:56.253675Z","level":"error","event":"2026-07-03 14:58:56,250 | INFO | Calling URL: http://host.docker.internal:8000/fastag","logger":"task.stderr"}
{"timestamp":"2026-07-03T14:58:56.254249Z","level":"error","event":"2026-07-03 14:58:56,251 | INFO | Using environment: production","logger":"task.stderr"}
{"timestamp":"2026-07-03T14:58:56.254867Z","level":"error","event":"2026-07-03 14:58:56,251 | INFO | Calling URL: http://host.docker.internal:8000/rc","logger":"task.stderr"}
{"timestamp":"2026-07-03T14:58:56.250832Z","level":"info","event":"Using environment: production","logger":"scripts.api_client","filename":"api_client.py","lineno":19}
{"timestamp":"2026-07-03T14:58:56.250932Z","level":"info","event":"Calling URL: http://host.docker.internal:8000/fastag","logger":"scripts.api_client","filename":"api_client.py","lineno":20}
{"timestamp":"2026-07-03T14:58:56.251793Z","level":"info","event":"Using environment: production","logger":"scripts.api_client","filename":"api_client.py","lineno":19}
{"timestamp":"2026-07-03T14:58:56.251893Z","level":"info","event":"Calling URL: http://host.docker.internal:8000/rc","logger":"scripts.api_client","filename":"api_client.py","lineno":20}
{"timestamp":"2026-07-03T14:58:56.264021Z","level":"error","event":"2026-07-03 14:58:56,263 | ERROR | RC failed for Vehicle V003: HTTPConnectionPool(host='host.docker.internal', port=8000): Max retries exceeded with url: /rc (Caused by NewConnectionError(\"HTTPConnection(host='host.docker.internal', port=8000): Failed to establish a new connection: [Errno 101] Network is unreachable\"))","logger":"task.stderr"}
{"timestamp":"2026-07-03T14:58:56.264632Z","level":"error","event":"2026-07-03 14:58:56,264 | ERROR | FASTag failed for Vehicle V003: HTTPConnectionPool(host='host.docker.internal', port=8000): Max retries exceeded with url: /fastag (Caused by NewConnectionError(\"HTTPConnection(host='host.docker.internal', port=8000): Failed to establish a new connection: [Errno 101] Network is unreachable\"))","logger":"task.stderr"}
{"timestamp":"2026-07-03T14:58:56.265115Z","level":"error","event":"2026-07-03 14:58:56,264 | ERROR | VRN failed for Vehicle V003: HTTPConnectionPool(host='host.docker.internal', port=8000): Max retries exceeded with url: /vrn (Caused by NewConnectionError(\"HTTPConnection(host='host.docker.internal', port=8000): Failed to establish a new connection: [Errno 101] Network is unreachable\"))","logger":"task.stderr"}
{"timestamp":"2026-07-03T14:58:56.265587Z","level":"error","event":"2026-07-03 14:58:56,264 | ERROR | Valuation failed for Vehicle V003: HTTPConnectionPool(host='host.docker.internal', port=8000): Max retries exceeded with url: /valuation (Caused by NewConnectionError(\"HTTPConnection(host='host.docker.internal', port=8000): Failed to establish a new connection: [Errno 101] Network is unreachable\"))","logger":"task.stderr"}
{"timestamp":"2026-07-03T14:58:56.263977Z","level":"error","event":"RC failed for Vehicle V003: HTTPConnectionPool(host='host.docker.internal', port=8000): Max retries exceeded with url: /rc (Caused by NewConnectionError(\"HTTPConnection(host='host.docker.internal', port=8000): Failed to establish a new connection: [Errno 101] Network is unreachable\"))","logger":"utils.error_handler","try_number":1,"dag_id":"vehicle_batch_pipeline","map_index":1,"run_id":"manual__2026-07-03T14:58:48.909969+00:00","task_id":"process_batch_task","ti_id":"019f287d-5d55-7eac-879c-cbd87fe5daac","filename":"error_handler.py","lineno":7}
{"timestamp":"2026-07-03T14:58:56.264193Z","level":"error","event":"FASTag failed for Vehicle V003: HTTPConnectionPool(host='host.docker.internal', port=8000): Max retries exceeded with url: /fastag (Caused by NewConnectionError(\"HTTPConnection(host='host.docker.internal', port=8000): Failed to establish a new connection: [Errno 101] Network is unreachable\"))","logger":"utils.error_handler","try_number":1,"dag_id":"vehicle_batch_pipeline","map_index":1,"run_id":"manual__2026-07-03T14:58:48.909969+00:00","task_id":"process_batch_task","ti_id":"019f287d-5d55-7eac-879c-cbd87fe5daac","filename":"error_handler.py","lineno":7}
{"timestamp":"2026-07-03T14:58:56.264353Z","level":"error","event":"VRN failed for Vehicle V003: HTTPConnectionPool(host='host.docker.internal', port=8000): Max retries exceeded with url: /vrn (Caused by NewConnectionError(\"HTTPConnection(host='host.docker.internal', port=8000): Failed to establish a new connection: [Errno 101] Network is unreachable\"))","logger":"utils.error_handler","try_number":1,"dag_id":"vehicle_batch_pipeline","map_index":1,"run_id":"manual__2026-07-03T14:58:48.909969+00:00","task_id":"process_batch_task","ti_id":"019f287d-5d55-7eac-879c-cbd87fe5daac","filename":"error_handler.py","lineno":7}
{"timestamp":"2026-07-03T14:58:56.264518Z","level":"error","event":"Valuation failed for Vehicle V003: HTTPConnectionPool(host='host.docker.internal', port=8000): Max retries exceeded with url: /valuation (Caused by NewConnectionError(\"HTTPConnection(host='host.docker.internal', port=8000): Failed to establish a new connection: [Errno 101] Network is unreachable\"))","logger":"utils.error_handler","try_number":1,"dag_id":"vehicle_batch_pipeline","map_index":1,"run_id":"manual__2026-07-03T14:58:48.909969+00:00","task_id":"process_batch_task","ti_id":"019f287d-5d55-7eac-879c-cbd87fe5daac","filename":"error_handler.py","lineno":7}
{"timestamp":"2026-07-03T14:58:56.268093Z","level":"error","event":"2026-07-03 14:58:56,266 | INFO | Using environment: production","logger":"task.stderr"}
{"timestamp":"2026-07-03T14:58:56.268660Z","level":"error","event":"2026-07-03 14:58:56,266 | INFO | Calling URL: http://host.docker.internal:8000/rc","logger":"task.stderr"}
{"timestamp":"2026-07-03T14:58:56.269263Z","level":"error","event":"2026-07-03 14:58:56,267 | INFO | Using environment: production","logger":"task.stderr"}
{"timestamp":"2026-07-03T14:58:56.266148Z","level":"info","event":"Using environment: production","logger":"scripts.api_client","filename":"api_client.py","lineno":19}
{"timestamp":"2026-07-03T14:58:56.266295Z","level":"info","event":"Calling URL: http://host.docker.internal:8000/rc","logger":"scripts.api_client","filename":"api_client.py","lineno":20}
{"timestamp":"2026-07-03T14:58:56.267830Z","level":"info","event":"Using environment: production","logger":"scripts.api_client","filename":"api_client.py","lineno":19}
{"timestamp":"2026-07-03T14:58:56.268276Z","level":"info","event":"Calling URL: http://host.docker.internal:8000/fastag","logger":"scripts.api_client","filename":"api_client.py","lineno":20}
{"timestamp":"2026-07-03T14:58:56.269589Z","level":"info","event":"Using environment: production","logger":"scripts.api_client","filename":"api_client.py","lineno":19}
{"timestamp":"2026-07-03T14:58:56.272616Z","level":"info","event":"V003 processed in 3.08 sec","logger":"task.stdout"}
{"timestamp":"2026-07-03T14:58:56.273336Z","level":"error","event":"2026-07-03 14:58:56,267 | INFO | Calling URL: http://host.docker.internal:8000/fastag","logger":"task.stderr"}
{"timestamp":"2026-07-03T14:58:56.274149Z","level":"error","event":"2026-07-03 14:58:56,268 | INFO | Using environment: production","logger":"task.stderr"}
{"timestamp":"2026-07-03T14:58:56.274766Z","level":"error","event":"2026-07-03 14:58:56,270 | INFO | Calling URL: http://host.docker.internal:8000/vrn","logger":"task.stderr"}
{"timestamp":"2026-07-03T14:58:56.275464Z","level":"error","event":"2026-07-03 14:58:56,271 | INFO | Using environment: production","logger":"task.stderr"}
{"timestamp":"2026-07-03T14:58:56.275929Z","level":"error","event":"2026-07-03 14:58:56,271 | INFO | Calling URL: http://host.docker.internal:8000/valuation","logger":"task.stderr"}
{"timestamp":"2026-07-03T14:58:56.270480Z","level":"info","event":"Calling URL: http://host.docker.internal:8000/vrn","logger":"scripts.api_client","filename":"api_client.py","lineno":20}
{"timestamp":"2026-07-03T14:58:56.271503Z","level":"info","event":"Using environment: production","logger":"scripts.api_client","filename":"api_client.py","lineno":19}
{"timestamp":"2026-07-03T14:58:56.272823Z","level":"info","event":"Calling URL: http://host.docker.internal:8000/valuation","logger":"scripts.api_client","filename":"api_client.py","lineno":20}
{"timestamp":"2026-07-03T14:58:56.274738Z","level":"warning","event":"Retrying scripts.api_client.post in 1 seconds as it raised ConnectionError: HTTPConnectionPool(host='host.docker.internal', port=8000): Max retries exceeded with url: /rc (Caused by NewConnectionError(\"HTTPConnection(host='host.docker.internal', port=8000): Failed to establish a new connection: [Errno 101] Network is unreachable\")).","logger":"scripts.api_client","filename":"before_sleep.py","lineno":64}
{"timestamp":"2026-07-03T14:58:56.276244Z","level":"warning","event":"Retrying scripts.api_client.post in 1 seconds as it raised ConnectionError: HTTPConnectionPool(host='host.docker.internal', port=8000): Max retries exceeded with url: /fastag (Caused by NewConnectionError(\"HTTPConnection(host='host.docker.internal', port=8000): Failed to establish a new connection: [Errno 101] Network is unreachable\")).","logger":"scripts.api_client","filename":"before_sleep.py","lineno":64}
{"timestamp":"2026-07-03T14:58:56.279018Z","level":"error","event":"2026-07-03 14:58:56,274 | WARNING | Retrying scripts.api_client.post in 1 seconds as it raised ConnectionError: HTTPConnectionPool(host='host.docker.internal', port=8000): Max retries exceeded with url: /rc (Caused by NewConnectionError(\"HTTPConnection(host='host.docker.internal', port=8000): Failed to establish a new connection: [Errno 101] Network is unreachable\")).","logger":"task.stderr"}
{"timestamp":"2026-07-03T14:58:56.279451Z","level":"error","event":"2026-07-03 14:58:56,276 | WARNING | Retrying scripts.api_client.post in 1 seconds as it raised ConnectionError: HTTPConnectionPool(host='host.docker.internal', port=8000): Max retries exceeded with url: /fastag (Caused by NewConnectionError(\"HTTPConnection(host='host.docker.internal', port=8000): Failed to establish a new connection: [Errno 101] Network is unreachable\")).","logger":"task.stderr"}
{"timestamp":"2026-07-03T14:58:56.279879Z","level":"error","event":"2026-07-03 14:58:56,276 | WARNING | Retrying scripts.api_client.post in 1 seconds as it raised ConnectionError: HTTPConnectionPool(host='host.docker.internal', port=8000): Max retries exceeded with url: /vrn (Caused by NewConnectionError(\"HTTPConnection(host='host.docker.internal', port=8000): Failed to establish a new connection: [Errno 101] Network is unreachable\")).","logger":"task.stderr"}
{"timestamp":"2026-07-03T14:58:56.280368Z","level":"error","event":"2026-07-03 14:58:56,278 | WARNING | Retrying scripts.api_client.post in 1 seconds as it raised ConnectionError: HTTPConnectionPool(host='host.docker.internal', port=8000): Max retries exceeded with url: /valuation (Caused by NewConnectionError(\"HTTPConnection(host='host.docker.internal', port=8000): Failed to establish a new connection: [Errno 101] Network is unreachable\")).","logger":"task.stderr"}
{"timestamp":"2026-07-03T14:58:56.276660Z","level":"warning","event":"Retrying scripts.api_client.post in 1 seconds as it raised ConnectionError: HTTPConnectionPool(host='host.docker.internal', port=8000): Max retries exceeded with url: /vrn (Caused by NewConnectionError(\"HTTPConnection(host='host.docker.internal', port=8000): Failed to establish a new connection: [Errno 101] Network is unreachable\")).","logger":"scripts.api_client","filename":"before_sleep.py","lineno":64}
{"timestamp":"2026-07-03T14:58:56.278142Z","level":"warning","event":"Retrying scripts.api_client.post in 1 seconds as it raised ConnectionError: HTTPConnectionPool(host='host.docker.internal', port=8000): Max retries exceeded with url: /valuation (Caused by NewConnectionError(\"HTTPConnection(host='host.docker.internal', port=8000): Failed to establish a new connection: [Errno 101] Network is unreachable\")).","logger":"scripts.api_client","filename":"before_sleep.py","lineno":64}
{"timestamp":"2026-07-03T14:58:57.275326Z","level":"error","event":"2026-07-03 14:58:57,275 | INFO | Using environment: production","logger":"task.stderr"}
{"timestamp":"2026-07-03T14:58:57.277459Z","level":"error","event":"2026-07-03 14:58:57,275 | INFO | Calling URL: http://host.docker.internal:8000/rc","logger":"task.stderr"}
{"timestamp":"2026-07-03T14:58:57.278425Z","level":"error","event":"2026-07-03 14:58:57,276 | INFO | Using environment: production","logger":"task.stderr"}
{"timestamp":"2026-07-03T14:58:57.279172Z","level":"error","event":"2026-07-03 14:58:57,276 | INFO | Calling URL: http://host.docker.internal:8000/fastag","logger":"task.stderr"}
{"timestamp":"2026-07-03T14:58:57.275215Z","level":"info","event":"Using environment: production","logger":"scripts.api_client","filename":"api_client.py","lineno":19}
{"timestamp":"2026-07-03T14:58:57.275432Z","level":"info","event":"Calling URL: http://host.docker.internal:8000/rc","logger":"scripts.api_client","filename":"api_client.py","lineno":20}
{"timestamp":"2026-07-03T14:58:57.276565Z","level":"info","event":"Using environment: production","logger":"scripts.api_client","filename":"api_client.py","lineno":19}
{"timestamp":"2026-07-03T14:58:57.276714Z","level":"info","event":"Calling URL: http://host.docker.internal:8000/fastag","logger":"scripts.api_client","filename":"api_client.py","lineno":20}
{"timestamp":"2026-07-03T14:58:57.277683Z","level":"info","event":"Using environment: production","logger":"scripts.api_client","filename":"api_client.py","lineno":19}
{"timestamp":"2026-07-03T14:58:57.277810Z","level":"info","event":"Calling URL: http://host.docker.internal:8000/vrn","logger":"scripts.api_client","filename":"api_client.py","lineno":20}
{"timestamp":"2026-07-03T14:58:57.278855Z","level":"info","event":"Using environment: production","logger":"scripts.api_client","filename":"api_client.py","lineno":19}
{"timestamp":"2026-07-03T14:58:57.278989Z","level":"info","event":"Calling URL: http://host.docker.internal:8000/valuation","logger":"scripts.api_client","filename":"api_client.py","lineno":20}
{"timestamp":"2026-07-03T14:58:57.286136Z","level":"error","event":"2026-07-03 14:58:57,277 | INFO | Using environment: production","logger":"task.stderr"}
{"timestamp":"2026-07-03T14:58:57.286538Z","level":"error","event":"2026-07-03 14:58:57,277 | INFO | Calling URL: http://host.docker.internal:8000/vrn","logger":"task.stderr"}
{"timestamp":"2026-07-03T14:58:57.286920Z","level":"error","event":"2026-07-03 14:58:57,278 | INFO | Using environment: production","logger":"task.stderr"}
{"timestamp":"2026-07-03T14:58:57.287351Z","level":"error","event":"2026-07-03 14:58:57,278 | INFO | Calling URL: http://host.docker.internal:8000/valuation","logger":"task.stderr"}
{"timestamp":"2026-07-03T14:58:57.287952Z","level":"error","event":"2026-07-03 14:58:57,282 | WARNING | Retrying scripts.api_client.post in 2 seconds as it raised ConnectionError: HTTPConnectionPool(host='host.docker.internal', port=8000): Max retries exceeded with url: /rc (Caused by NewConnectionError(\"HTTPConnection(host='host.docker.internal', port=8000): Failed to establish a new connection: [Errno 101] Network is unreachable\")).","logger":"task.stderr"}
{"timestamp":"2026-07-03T14:58:57.288441Z","level":"error","event":"2026-07-03 14:58:57,282 | WARNING | Retrying scripts.api_client.post in 2 seconds as it raised ConnectionError: HTTPConnectionPool(host='host.docker.internal', port=8000): Max retries exceeded with url: /fastag (Caused by NewConnectionError(\"HTTPConnection(host='host.docker.internal', port=8000): Failed to establish a new connection: [Errno 101] Network is unreachable\")).","logger":"task.stderr"}
{"timestamp":"2026-07-03T14:58:57.288828Z","level":"error","event":"2026-07-03 14:58:57,283 | WARNING | Retrying scripts.api_client.post in 2 seconds as it raised ConnectionError: HTTPConnectionPool(host='host.docker.internal', port=8000): Max retries exceeded with url: /vrn (Caused by NewConnectionError(\"HTTPConnection(host='host.docker.internal', port=8000): Failed to establish a new connection: [Errno 101] Network is unreachable\")).","logger":"task.stderr"}
{"timestamp":"2026-07-03T14:58:57.289218Z","level":"error","event":"2026-07-03 14:58:57,284 | WARNING | Retrying scripts.api_client.post in 2 seconds as it raised ConnectionError: HTTPConnectionPool(host='host.docker.internal', port=8000): Max retries exceeded with url: /valuation (Caused by NewConnectionError(\"HTTPConnection(host='host.docker.internal', port=8000): Failed to establish a new connection: [Errno 101] Network is unreachable\")).","logger":"task.stderr"}
{"timestamp":"2026-07-03T14:58:57.282238Z","level":"warning","event":"Retrying scripts.api_client.post in 2 seconds as it raised ConnectionError: HTTPConnectionPool(host='host.docker.internal', port=8000): Max retries exceeded with url: /rc (Caused by NewConnectionError(\"HTTPConnection(host='host.docker.internal', port=8000): Failed to establish a new connection: [Errno 101] Network is unreachable\")).","logger":"scripts.api_client","filename":"before_sleep.py","lineno":64}
{"timestamp":"2026-07-03T14:58:57.282959Z","level":"warning","event":"Retrying scripts.api_client.post in 2 seconds as it raised ConnectionError: HTTPConnectionPool(host='host.docker.internal', port=8000): Max retries exceeded with url: /fastag (Caused by NewConnectionError(\"HTTPConnection(host='host.docker.internal', port=8000): Failed to establish a new connection: [Errno 101] Network is unreachable\")).","logger":"scripts.api_client","filename":"before_sleep.py","lineno":64}
{"timestamp":"2026-07-03T14:58:57.283514Z","level":"warning","event":"Retrying scripts.api_client.post in 2 seconds as it raised ConnectionError: HTTPConnectionPool(host='host.docker.internal', port=8000): Max retries exceeded with url: /vrn (Caused by NewConnectionError(\"HTTPConnection(host='host.docker.internal', port=8000): Failed to establish a new connection: [Errno 101] Network is unreachable\")).","logger":"scripts.api_client","filename":"before_sleep.py","lineno":64}
{"timestamp":"2026-07-03T14:58:57.284201Z","level":"warning","event":"Retrying scripts.api_client.post in 2 seconds as it raised ConnectionError: HTTPConnectionPool(host='host.docker.internal', port=8000): Max retries exceeded with url: /valuation (Caused by NewConnectionError(\"HTTPConnection(host='host.docker.internal', port=8000): Failed to establish a new connection: [Errno 101] Network is unreachable\")).","logger":"scripts.api_client","filename":"before_sleep.py","lineno":64}
{"timestamp":"2026-07-03T14:58:59.283077Z","level":"error","event":"2026-07-03 14:58:59,282 | INFO | Using environment: production","logger":"task.stderr"}
{"timestamp":"2026-07-03T14:58:59.296114Z","level":"error","event":"2026-07-03 14:58:59,283 | INFO | Calling URL: http://host.docker.internal:8000/rc","logger":"task.stderr"}
{"timestamp":"2026-07-03T14:58:59.296887Z","level":"error","event":"2026-07-03 14:58:59,283 | INFO | Using environment: production","logger":"task.stderr"}
{"timestamp":"2026-07-03T14:58:59.297459Z","level":"error","event":"2026-07-03 14:58:59,283 | INFO | Calling URL: http://host.docker.internal:8000/fastag","logger":"task.stderr"}
{"timestamp":"2026-07-03T14:58:59.298303Z","level":"error","event":"2026-07-03 14:58:59,284 | INFO | Using environment: production","logger":"task.stderr"}
{"timestamp":"2026-07-03T14:58:59.298751Z","level":"error","event":"2026-07-03 14:58:59,284 | INFO | Calling URL: http://host.docker.internal:8000/vrn","logger":"task.stderr"}
{"timestamp":"2026-07-03T14:58:59.299173Z","level":"error","event":"2026-07-03 14:58:59,285 | INFO | Using environment: production","logger":"task.stderr"}
{"timestamp":"2026-07-03T14:58:59.299870Z","level":"error","event":"2026-07-03 14:58:59,286 | INFO | Calling URL: http://host.docker.internal:8000/valuation","logger":"task.stderr"}
{"timestamp":"2026-07-03T14:58:59.300370Z","level":"error","event":"2026-07-03 14:58:59,291 | ERROR | RC failed for Vehicle V004: HTTPConnectionPool(host='host.docker.internal', port=8000): Max retries exceeded with url: /rc (Caused by NewConnectionError(\"HTTPConnection(host='host.docker.internal', port=8000): Failed to establish a new connection: [Errno 101] Network is unreachable\"))","logger":"task.stderr"}
{"timestamp":"2026-07-03T14:58:59.300808Z","level":"error","event":"2026-07-03 14:58:59,292 | ERROR | FASTag failed for Vehicle V004: HTTPConnectionPool(host='host.docker.internal', port=8000): Max retries exceeded with url: /fastag (Caused by NewConnectionError(\"HTTPConnection(host='host.docker.internal', port=8000): Failed to establish a new connection: [Errno 101] Network is unreachable\"))","logger":"task.stderr"}
{"timestamp":"2026-07-03T14:58:59.301280Z","level":"error","event":"2026-07-03 14:58:59,293 | ERROR | VRN failed for Vehicle V004: HTTPConnectionPool(host='host.docker.internal', port=8000): Max retries exceeded with url: /vrn (Caused by NewConnectionError(\"HTTPConnection(host='host.docker.internal', port=8000): Failed to establish a new connection: [Errno 101] Network is unreachable\"))","logger":"task.stderr"}
{"timestamp":"2026-07-03T14:58:59.301787Z","level":"error","event":"2026-07-03 14:58:59,294 | ERROR | Valuation failed for Vehicle V004: HTTPConnectionPool(host='host.docker.internal', port=8000): Max retries exceeded with url: /valuation (Caused by NewConnectionError(\"HTTPConnection(host='host.docker.internal', port=8000): Failed to establish a new connection: [Errno 101] Network is unreachable\"))","logger":"task.stderr"}
{"timestamp":"2026-07-03T14:58:59.302308Z","level":"error","event":"2026-07-03 14:58:59,294 | INFO |","logger":"task.stderr"}
{"timestamp":"2026-07-03T14:58:59.303066Z","level":"error","event":"==========================","logger":"task.stderr"}
{"timestamp":"2026-07-03T14:58:59.303605Z","level":"error","event":"Batch Summary","logger":"task.stderr"}
{"timestamp":"2026-07-03T14:58:59.304088Z","level":"error","event":"==========================","logger":"task.stderr"}
{"timestamp":"2026-07-03T14:58:59.304661Z","level":"error","event":"Total Records : 2","logger":"task.stderr"}
{"timestamp":"2026-07-03T14:58:59.305179Z","level":"error","event":"Success : 2","logger":"task.stderr"}
{"timestamp":"2026-07-03T14:58:59.305668Z","level":"error","event":"Failed : 0","logger":"task.stderr"}
{"timestamp":"2026-07-03T14:58:59.306165Z","level":"error","event":"Success Rate : 100.0%","logger":"task.stderr"}
{"timestamp":"2026-07-03T14:58:59.306639Z","level":"error","event":"==========================","logger":"task.stderr"}
{"timestamp":"2026-07-03T14:58:59.283037Z","level":"info","event":"Using environment: production","logger":"scripts.api_client","filename":"api_client.py","lineno":19}
{"timestamp":"2026-07-03T14:58:59.283223Z","level":"info","event":"Calling URL: http://host.docker.internal:8000/rc","logger":"scripts.api_client","filename":"api_client.py","lineno":20}
{"timestamp":"2026-07-03T14:58:59.283728Z","level":"info","event":"Using environment: production","logger":"scripts.api_client","filename":"api_client.py","lineno":19}
{"timestamp":"2026-07-03T14:58:59.283911Z","level":"info","event":"Calling URL: http://host.docker.internal:8000/fastag","logger":"scripts.api_client","filename":"api_client.py","lineno":20}
{"timestamp":"2026-07-03T14:58:59.284799Z","level":"info","event":"Using environment: production","logger":"scripts.api_client","filename":"api_client.py","lineno":19}
{"timestamp":"2026-07-03T14:58:59.284954Z","level":"info","event":"Calling URL: http://host.docker.internal:8000/vrn","logger":"scripts.api_client","filename":"api_client.py","lineno":20}
{"timestamp":"2026-07-03T14:58:59.286759Z","level":"info","event":"Using environment: production","logger":"scripts.api_client","filename":"api_client.py","lineno":19}
{"timestamp":"2026-07-03T14:58:59.286884Z","level":"info","event":"Calling URL: http://host.docker.internal:8000/valuation","logger":"scripts.api_client","filename":"api_client.py","lineno":20}
{"timestamp":"2026-07-03T14:58:59.291774Z","level":"error","event":"RC failed for Vehicle V004: HTTPConnectionPool(host='host.docker.internal', port=8000): Max retries exceeded with url: /rc (Caused by NewConnectionError(\"HTTPConnection(host='host.docker.internal', port=8000): Failed to establish a new connection: [Errno 101] Network is unreachable\"))","logger":"utils.error_handler","try_number":1,"dag_id":"vehicle_batch_pipeline","map_index":1,"run_id":"manual__2026-07-03T14:58:48.909969+00:00","task_id":"process_batch_task","ti_id":"019f287d-5d55-7eac-879c-cbd87fe5daac","filename":"error_handler.py","lineno":7}
{"timestamp":"2026-07-03T14:58:59.292248Z","level":"error","event":"FASTag failed for Vehicle V004: HTTPConnectionPool(host='host.docker.internal', port=8000): Max retries exceeded with url: /fastag (Caused by NewConnectionError(\"HTTPConnection(host='host.docker.internal', port=8000): Failed to establish a new connection: [Errno 101] Network is unreachable\"))","logger":"utils.error_handler","try_number":1,"dag_id":"vehicle_batch_pipeline","map_index":1,"run_id":"manual__2026-07-03T14:58:48.909969+00:00","task_id":"process_batch_task","ti_id":"019f287d-5d55-7eac-879c-cbd87fe5daac","filename":"error_handler.py","lineno":7}
{"timestamp":"2026-07-03T14:58:59.293978Z","level":"error","event":"VRN failed for Vehicle V004: HTTPConnectionPool(host='host.docker.internal', port=8000): Max retries exceeded with url: /vrn (Caused by NewConnectionError(\"HTTPConnection(host='host.docker.internal', port=8000): Failed to establish a new connection: [Errno 101] Network is unreachable\"))","logger":"utils.error_handler","try_number":1,"dag_id":"vehicle_batch_pipeline","map_index":1,"run_id":"manual__2026-07-03T14:58:48.909969+00:00","task_id":"process_batch_task","ti_id":"019f287d-5d55-7eac-879c-cbd87fe5daac","filename":"error_handler.py","lineno":7}
{"timestamp":"2026-07-03T14:58:59.294131Z","level":"error","event":"Valuation failed for Vehicle V004: HTTPConnectionPool(host='host.docker.internal', port=8000): Max retries exceeded with url: /valuation (Caused by NewConnectionError(\"HTTPConnection(host='host.docker.internal', port=8000): Failed to establish a new connection: [Errno 101] Network is unreachable\"))","logger":"utils.error_handler","try_number":1,"dag_id":"vehicle_batch_pipeline","map_index":1,"run_id":"manual__2026-07-03T14:58:48.909969+00:00","task_id":"process_batch_task","ti_id":"019f287d-5d55-7eac-879c-cbd87fe5daac","filename":"error_handler.py","lineno":7}
{"timestamp":"2026-07-03T14:58:59.313148Z","level":"info","event":"V004 processed in 3.03 sec","logger":"task.stdout"}
{"timestamp":"2026-07-03T14:58:59.294767Z","level":"info","event":"\n==========================\nBatch Summary\n==========================\nTotal Records : 2\nSuccess : 2\nFailed : 0\nSuccess Rate : 100.0%\n==========================","logger":"scripts.process_batch","try_number":1,"dag_id":"vehicle_batch_pipeline","map_index":1,"run_id":"manual__2026-07-03T14:58:48.909969+00:00","task_id":"process_batch_task","ti_id":"019f287d-5d55-7eac-879c-cbd87fe5daac","filename":"process_batch.py","lineno":42}
{"timestamp":"2026-07-03T14:58:59.304737Z","level":"info","event":"Done. Returned value was:    year     brand  ...  status                                              error\n0  2023      Tata  ...  FAILED  HTTPConnectionPool(host='host.docker.internal'...\n1  2022  Mahindra  ...  FAILED  HTTPConnectionPool(host='host.docker.internal'...\n\n[2 rows x 7 columns]","try_number":1,"dag_id":"vehicle_batch_pipeline","map_index":1,"run_id":"manual__2026-07-03T14:58:48.909969+00:00","task_id":"process_batch_task","ti_id":"019f287d-5d55-7eac-879c-cbd87fe5daac","logger":"airflow.task.operators.airflow.providers.standard.decorators.python._PythonDecoratedOperator","filename":"python.py","lineno":233}
{"timestamp":"2026-07-03T14:58:59.304961Z","level":"info","event":"::group::Post Execute","try_number":1,"dag_id":"vehicle_batch_pipeline","map_index":1,"run_id":"manual__2026-07-03T14:58:48.909969+00:00","task_id":"process_batch_task","ti_id":"019f287d-5d55-7eac-879c-cbd87fe5daac","logger":"task","filename":"task_runner.py","lineno":1288}
{"timestamp":"2026-07-03T14:58:59.305219Z","level":"info","event":"Pushing xcom","ti":"RuntimeTaskInstance(id=UUID('019f287d-5d55-7eac-879c-cbd87fe5daac'), task_id='process_batch_task', dag_id='vehicle_batch_pipeline', run_id='manual__2026-07-03T14:58:48.909969+00:00', try_number=1, dag_version_id=UUID('019f2816-76da-7e39-88fb-09ffc304bea2'), map_index=1, hostname='8e3d505c6688', context_carrier={'traceparent': '00-2661bc0dcc95bf779e9fc27fe2cfaba7-cc733ca20c20816e-01'}, task=<Task(_PythonDecoratedOperator): process_batch_task>, bundle_instance=LocalDagBundle(name=dags-folder), max_tries=2, start_date=datetime.datetime(2026, 7, 3, 14, 58, 52, 623820, tzinfo=datetime.timezone.utc), end_date=None, state=<TaskInstanceState.RUNNING: 'running'>, is_mapped=True, rendered_map_index=None, sentry_integration='')","try_number":1,"dag_id":"vehicle_batch_pipeline","map_index":1,"run_id":"manual__2026-07-03T14:58:48.909969+00:00","task_id":"process_batch_task","ti_id":"019f287d-5d55-7eac-879c-cbd87fe5daac","logger":"task","filename":"task_runner.py","lineno":1791}
{"timestamp":"2026-07-03T14:58:59.353785Z","level":"info","event":"Task instance in success state","logger":"task.stdout"}
{"timestamp":"2026-07-03T14:58:59.354458Z","level":"info","event":" Previous state of the Task instance: TaskInstanceState.RUNNING","logger":"task.stdout"}
{"timestamp":"2026-07-03T14:58:59.363813Z","level":"info","event":"Task operator:<Task(_PythonDecoratedOperator): process_batch_task>","logger":"task.stdout"}
{"timestamp":"2026-07-03T14:58:59.354402Z","level":"info","event":"::endgroup::","try_number":1,"dag_id":"vehicle_batch_pipeline","map_index":1,"run_id":"manual__2026-07-03T14:58:48.909969+00:00","task_id":"process_batch_task","ti_id":"019f287d-5d55-7eac-879c-cbd87fe5daac","logger":"task","filename":"task_runner.py","lineno":1896}
