{"timestamp":"2026-07-05T08:38:46.411027Z","level":"info","event":"::group::Pre Execute","logger":"task","filename":"task_runner.py","lineno":1926}
{"timestamp":"2026-07-05T08:38:46.911588Z","level":"info","event":"DAG bundles loaded: dags-folder, example_dags","dag_id":"vehicle_batch_pipeline","ti_id":"019f316e-1526-78a6-a353-829a0e0049e7","try_number":1,"task_id":"process_batch_task","map_index":1,"run_id":"manual__2026-07-05T08:38:41.160385+00:00","logger":"airflow.dag_processing.bundles.manager.DagBundlesManager","filename":"manager.py","lineno":209}
{"timestamp":"2026-07-05T08:38:46.913533Z","level":"info","event":"Filling up the DagBag from /opt/airflow/dags/vehicle_pipeline.py","dag_id":"vehicle_batch_pipeline","ti_id":"019f316e-1526-78a6-a353-829a0e0049e7","try_number":1,"task_id":"process_batch_task","map_index":1,"run_id":"manual__2026-07-05T08:38:41.160385+00:00","logger":"airflow.dag_processing.dagbag.BundleDagBag","filename":"dagbag.py","lineno":469}
{"timestamp":"2026-07-05T08:38:47.021466Z","level":"warning","event":"Using Variable.get from `airflow.models` is deprecated.Please use `get` on Variable from sdk(`airflow.sdk.Variable`) instead","category":"UserWarning","filename":"/home/airflow/.local/lib/python3.13/site-packages/airflow/models/variable.py","lineno":159,"dag_id":"vehicle_batch_pipeline","ti_id":"019f316e-1526-78a6-a353-829a0e0049e7","try_number":1,"task_id":"process_batch_task","map_index":1,"run_id":"manual__2026-07-05T08:38:41.160385+00:00","logger":"py.warnings"}
{"timestamp":"2026-07-05T08:38:47.062099Z","level":"info","event":"Task instance is in running state","logger":"task.stdout"}
{"timestamp":"2026-07-05T08:38:47.062820Z","level":"info","event":" Previous state of the Task instance: TaskInstanceState.QUEUED","logger":"task.stdout"}
{"timestamp":"2026-07-05T08:38:47.063334Z","level":"info","event":"Current task name:process_batch_task","logger":"task.stdout"}
{"timestamp":"2026-07-05T08:38:47.063773Z","level":"info","event":"Dag name:vehicle_batch_pipeline","logger":"task.stdout"}
{"timestamp":"2026-07-05T08:38:47.062023Z","level":"info","event":"::endgroup::","dag_id":"vehicle_batch_pipeline","ti_id":"019f316e-1526-78a6-a353-829a0e0049e7","try_number":1,"task_id":"process_batch_task","map_index":1,"run_id":"manual__2026-07-05T08:38:41.160385+00:00","logger":"task","filename":"task_runner.py","lineno":1727}
{"timestamp":"2026-07-05T08:38:47.064476Z","level":"info","event":"Processing batch_2.csv","logger":"scripts.process_batch","dag_id":"vehicle_batch_pipeline","ti_id":"019f316e-1526-78a6-a353-829a0e0049e7","try_number":1,"task_id":"process_batch_task","map_index":1,"run_id":"manual__2026-07-05T08:38:41.160385+00:00","filename":"process_batch.py","lineno":14}
{"timestamp":"2026-07-05T08:38:47.065253Z","level":"error","event":"2026-07-05 08:38:47,064 | INFO | Processing batch_2.csv","logger":"task.stderr"}
{"timestamp":"2026-07-05T08:38:47.073432Z","level":"error","event":"2026-07-05 08:38:47,073 | INFO | Rows = 2","logger":"task.stderr"}
{"timestamp":"2026-07-05T08:38:47.073400Z","level":"info","event":"Rows = 2","logger":"scripts.process_batch","dag_id":"vehicle_batch_pipeline","ti_id":"019f316e-1526-78a6-a353-829a0e0049e7","try_number":1,"task_id":"process_batch_task","map_index":1,"run_id":"manual__2026-07-05T08:38:41.160385+00:00","filename":"process_batch.py","lineno":18}
{"timestamp":"2026-07-05T08:38:47.073617Z","level":"warning","event":"Using Variable.get from `airflow.models` is deprecated.Please use `get` on Variable from sdk(`airflow.sdk.Variable`) instead","category":"DeprecationWarning","filename":"/home/airflow/.local/lib/python3.13/site-packages/airflow/models/variable.py","lineno":159,"dag_id":"vehicle_batch_pipeline","ti_id":"019f316e-1526-78a6-a353-829a0e0049e7","try_number":1,"task_id":"process_batch_task","map_index":1,"run_id":"manual__2026-07-05T08:38:41.160385+00:00","logger":"py.warnings"}
{"timestamp":"2026-07-05T08:38:47.081756Z","level":"warning","event":"Skipping masking for a secret as it's too short (<5 chars)","logger":"airflow._shared.secrets_masker.secrets_masker","dag_id":"vehicle_batch_pipeline","ti_id":"019f316e-1526-78a6-a353-829a0e0049e7","try_number":1,"task_id":"process_batch_task","map_index":1,"run_id":"manual__2026-07-05T08:38:41.160385+00:00","filename":"secrets_masker.py","lineno":590}
{"timestamp":"2026-07-05T08:38:47.081982Z","level":"info","event":"Valuation Enabled = True","logger":"scripts.process_batch","dag_id":"vehicle_batch_pipeline","ti_id":"019f316e-1526-78a6-a353-829a0e0049e7","try_number":1,"task_id":"process_batch_task","map_index":1,"run_id":"manual__2026-07-05T08:38:41.160385+00:00","filename":"process_batch.py","lineno":30}
{"timestamp":"2026-07-05T08:38:47.083271Z","level":"error","event":"2026-07-05 08:38:47,081 | INFO | Valuation Enabled = True","logger":"task.stderr"}
{"timestamp":"2026-07-05T08:38:47.083750Z","level":"info","event":"Using environment: staging","logger":"scripts.api_client","filename":"api_client.py","lineno":19}
{"timestamp":"2026-07-05T08:38:47.084362Z","level":"error","event":"2026-07-05 08:38:47,083 | INFO | Using environment: staging","logger":"task.stderr"}
{"timestamp":"2026-07-05T08:38:47.084846Z","level":"error","event":"2026-07-05 08:38:47,083 | INFO | Calling URL: http://host.docker.internal:8000/rc","logger":"task.stderr"}
{"timestamp":"2026-07-05T08:38:47.083906Z","level":"info","event":"Calling URL: http://host.docker.internal:8000/rc","logger":"scripts.api_client","filename":"api_client.py","lineno":20}
{"timestamp":"2026-07-05T08:38:47.086023Z","level":"error","event":"2026-07-05 08:38:47,085 | INFO | Using environment: staging","logger":"task.stderr"}
{"timestamp":"2026-07-05T08:38:47.086460Z","level":"error","event":"2026-07-05 08:38:47,086 | INFO | Calling URL: http://host.docker.internal:8000/fastag","logger":"task.stderr"}
{"timestamp":"2026-07-05T08:38:47.086187Z","level":"info","event":"Using environment: staging","logger":"scripts.api_client","filename":"api_client.py","lineno":19}
{"timestamp":"2026-07-05T08:38:47.086511Z","level":"info","event":"Calling URL: http://host.docker.internal:8000/fastag","logger":"scripts.api_client","filename":"api_client.py","lineno":20}
{"timestamp":"2026-07-05T08:38:47.087915Z","level":"error","event":"2026-07-05 08:38:47,086 | INFO | Using environment: staging","logger":"task.stderr"}
{"timestamp":"2026-07-05T08:38:47.088656Z","level":"error","event":"2026-07-05 08:38:47,087 | INFO | Using environment: staging","logger":"task.stderr"}
{"timestamp":"2026-07-05T08:38:47.089076Z","level":"error","event":"2026-07-05 08:38:47,087 | INFO | Calling URL: http://host.docker.internal:8000/vrn","logger":"task.stderr"}
{"timestamp":"2026-07-05T08:38:47.087326Z","level":"info","event":"Using environment: staging","logger":"scripts.api_client","filename":"api_client.py","lineno":19}
{"timestamp":"2026-07-05T08:38:47.087604Z","level":"info","event":"Using environment: staging","logger":"scripts.api_client","filename":"api_client.py","lineno":19}
{"timestamp":"2026-07-05T08:38:47.087883Z","level":"info","event":"Calling URL: http://host.docker.internal:8000/vrn","logger":"scripts.api_client","filename":"api_client.py","lineno":20}
{"timestamp":"2026-07-05T08:38:47.088602Z","level":"info","event":"Calling URL: http://host.docker.internal:8000/valuation","logger":"scripts.api_client","filename":"api_client.py","lineno":20}
{"timestamp":"2026-07-05T08:38:47.091178Z","level":"error","event":"2026-07-05 08:38:47,087 | INFO | Calling URL: http://host.docker.internal:8000/valuation","logger":"task.stderr"}
{"timestamp":"2026-07-05T08:38:47.099132Z","level":"error","event":"2026-07-05 08:38:47,098 | WARNING | Retrying scripts.api_client.post in 1 seconds as it raised ConnectionError: HTTPConnectionPool(host='host.docker.internal', port=8000): Max retries exceeded with url: /rc (Caused by NewConnectionError(\"HTTPConnection(host='host.docker.internal', port=8000): Failed to establish a new connection: [Errno 101] Network is unreachable\")).","logger":"task.stderr"}
{"timestamp":"2026-07-05T08:38:47.099078Z","level":"warning","event":"Retrying scripts.api_client.post in 1 seconds as it raised ConnectionError: HTTPConnectionPool(host='host.docker.internal', port=8000): Max retries exceeded with url: /rc (Caused by NewConnectionError(\"HTTPConnection(host='host.docker.internal', port=8000): Failed to establish a new connection: [Errno 101] Network is unreachable\")).","logger":"scripts.api_client","filename":"before_sleep.py","lineno":64}
{"timestamp":"2026-07-05T08:38:47.100190Z","level":"warning","event":"Retrying scripts.api_client.post in 1 seconds as it raised ConnectionError: HTTPConnectionPool(host='host.docker.internal', port=8000): Max retries exceeded with url: /vrn (Caused by NewConnectionError(\"HTTPConnection(host='host.docker.internal', port=8000): Failed to establish a new connection: [Errno 101] Network is unreachable\")).","logger":"scripts.api_client","filename":"before_sleep.py","lineno":64}
{"timestamp":"2026-07-05T08:38:47.100385Z","level":"warning","event":"Retrying scripts.api_client.post in 1 seconds as it raised ConnectionError: HTTPConnectionPool(host='host.docker.internal', port=8000): Max retries exceeded with url: /valuation (Caused by NewConnectionError(\"HTTPConnection(host='host.docker.internal', port=8000): Failed to establish a new connection: [Errno 101] Network is unreachable\")).","logger":"scripts.api_client","filename":"before_sleep.py","lineno":64}
{"timestamp":"2026-07-05T08:38:47.101324Z","level":"error","event":"2026-07-05 08:38:47,099 | WARNING | Retrying scripts.api_client.post in 1 seconds as it raised ConnectionError: HTTPConnectionPool(host='host.docker.internal', port=8000): Max retries exceeded with url: /vrn (Caused by NewConnectionError(\"HTTPConnection(host='host.docker.internal', port=8000): Failed to establish a new connection: [Errno 101] Network is unreachable\")).","logger":"task.stderr"}
{"timestamp":"2026-07-05T08:38:47.101744Z","level":"error","event":"2026-07-05 08:38:47,100 | WARNING | Retrying scripts.api_client.post in 1 seconds as it raised ConnectionError: HTTPConnectionPool(host='host.docker.internal', port=8000): Max retries exceeded with url: /valuation (Caused by NewConnectionError(\"HTTPConnection(host='host.docker.internal', port=8000): Failed to establish a new connection: [Errno 101] Network is unreachable\")).","logger":"task.stderr"}
{"timestamp":"2026-07-05T08:38:47.102222Z","level":"error","event":"2026-07-05 08:38:47,100 | WARNING | Retrying scripts.api_client.post in 1 seconds as it raised ConnectionError: HTTPConnectionPool(host='host.docker.internal', port=8000): Max retries exceeded with url: /fastag (Caused by NewConnectionError(\"HTTPConnection(host='host.docker.internal', port=8000): Failed to establish a new connection: [Errno 101] Network is unreachable\")).","logger":"task.stderr"}
{"timestamp":"2026-07-05T08:38:47.100867Z","level":"warning","event":"Retrying scripts.api_client.post in 1 seconds as it raised ConnectionError: HTTPConnectionPool(host='host.docker.internal', port=8000): Max retries exceeded with url: /fastag (Caused by NewConnectionError(\"HTTPConnection(host='host.docker.internal', port=8000): Failed to establish a new connection: [Errno 101] Network is unreachable\")).","logger":"scripts.api_client","filename":"before_sleep.py","lineno":64}
{"timestamp":"2026-07-05T08:38:48.099717Z","level":"error","event":"2026-07-05 08:38:48,099 | INFO | Using environment: staging","logger":"task.stderr"}
{"timestamp":"2026-07-05T08:38:48.100837Z","level":"error","event":"2026-07-05 08:38:48,099 | INFO | Calling URL: http://host.docker.internal:8000/rc","logger":"task.stderr"}
{"timestamp":"2026-07-05T08:38:48.099643Z","level":"info","event":"Using environment: staging","logger":"scripts.api_client","filename":"api_client.py","lineno":19}
{"timestamp":"2026-07-05T08:38:48.099803Z","level":"info","event":"Calling URL: http://host.docker.internal:8000/rc","logger":"scripts.api_client","filename":"api_client.py","lineno":20}
{"timestamp":"2026-07-05T08:38:48.103687Z","level":"error","event":"2026-07-05 08:38:48,100 | INFO | Using environment: staging","logger":"task.stderr"}
{"timestamp":"2026-07-05T08:38:48.104158Z","level":"error","event":"2026-07-05 08:38:48,101 | INFO | Using environment: staging","logger":"task.stderr"}
{"timestamp":"2026-07-05T08:38:48.104793Z","level":"error","event":"2026-07-05 08:38:48,101 | INFO | Using environment: staging","logger":"task.stderr"}
{"timestamp":"2026-07-05T08:38:48.102102Z","level":"info","event":"Using environment: staging","logger":"scripts.api_client","filename":"api_client.py","lineno":19}
{"timestamp":"2026-07-05T08:38:48.102859Z","level":"info","event":"Using environment: staging","logger":"scripts.api_client","filename":"api_client.py","lineno":19}
{"timestamp":"2026-07-05T08:38:48.103540Z","level":"info","event":"Using environment: staging","logger":"scripts.api_client","filename":"api_client.py","lineno":19}
{"timestamp":"2026-07-05T08:38:48.103820Z","level":"info","event":"Calling URL: http://host.docker.internal:8000/vrn","logger":"scripts.api_client","filename":"api_client.py","lineno":20}
{"timestamp":"2026-07-05T08:38:48.105383Z","level":"info","event":"Calling URL: http://host.docker.internal:8000/valuation","logger":"scripts.api_client","filename":"api_client.py","lineno":20}
{"timestamp":"2026-07-05T08:38:48.111517Z","level":"error","event":"2026-07-05 08:38:48,102 | INFO | Calling URL: http://host.docker.internal:8000/vrn","logger":"task.stderr"}
{"timestamp":"2026-07-05T08:38:48.112487Z","level":"error","event":"2026-07-05 08:38:48,102 | INFO | Calling URL: http://host.docker.internal:8000/valuation","logger":"task.stderr"}
{"timestamp":"2026-07-05T08:38:48.113130Z","level":"error","event":"2026-07-05 08:38:48,103 | INFO | Calling URL: http://host.docker.internal:8000/fastag","logger":"task.stderr"}
{"timestamp":"2026-07-05T08:38:48.113619Z","level":"error","event":"2026-07-05 08:38:48,111 | WARNING | Retrying scripts.api_client.post in 2 seconds as it raised ConnectionError: HTTPConnectionPool(host='host.docker.internal', port=8000): Max retries exceeded with url: /rc (Caused by NewConnectionError(\"HTTPConnection(host='host.docker.internal', port=8000): Failed to establish a new connection: [Errno 101] Network is unreachable\")).","logger":"task.stderr"}
{"timestamp":"2026-07-05T08:38:48.105977Z","level":"info","event":"Calling URL: http://host.docker.internal:8000/fastag","logger":"scripts.api_client","filename":"api_client.py","lineno":20}
{"timestamp":"2026-07-05T08:38:48.111818Z","level":"warning","event":"Retrying scripts.api_client.post in 2 seconds as it raised ConnectionError: HTTPConnectionPool(host='host.docker.internal', port=8000): Max retries exceeded with url: /rc (Caused by NewConnectionError(\"HTTPConnection(host='host.docker.internal', port=8000): Failed to establish a new connection: [Errno 101] Network is unreachable\")).","logger":"scripts.api_client","filename":"before_sleep.py","lineno":64}
{"timestamp":"2026-07-05T08:38:48.113731Z","level":"warning","event":"Retrying scripts.api_client.post in 2 seconds as it raised ConnectionError: HTTPConnectionPool(host='host.docker.internal', port=8000): Max retries exceeded with url: /fastag (Caused by NewConnectionError(\"HTTPConnection(host='host.docker.internal', port=8000): Failed to establish a new connection: [Errno 101] Network is unreachable\")).","logger":"scripts.api_client","filename":"before_sleep.py","lineno":64}
{"timestamp":"2026-07-05T08:38:48.115680Z","level":"error","event":"2026-07-05 08:38:48,113 | WARNING | Retrying scripts.api_client.post in 2 seconds as it raised ConnectionError: HTTPConnectionPool(host='host.docker.internal', port=8000): Max retries exceeded with url: /fastag (Caused by NewConnectionError(\"HTTPConnection(host='host.docker.internal', port=8000): Failed to establish a new connection: [Errno 101] Network is unreachable\")).","logger":"task.stderr"}
{"timestamp":"2026-07-05T08:38:48.116139Z","level":"error","event":"2026-07-05 08:38:48,114 | WARNING | Retrying scripts.api_client.post in 2 seconds as it raised ConnectionError: HTTPConnectionPool(host='host.docker.internal', port=8000): Max retries exceeded with url: /vrn (Caused by NewConnectionError(\"HTTPConnection(host='host.docker.internal', port=8000): Failed to establish a new connection: [Errno 101] Network is unreachable\")).","logger":"task.stderr"}
{"timestamp":"2026-07-05T08:38:48.116668Z","level":"error","event":"2026-07-05 08:38:48,114 | WARNING | Retrying scripts.api_client.post in 2 seconds as it raised ConnectionError: HTTPConnectionPool(host='host.docker.internal', port=8000): Max retries exceeded with url: /valuation (Caused by NewConnectionError(\"HTTPConnection(host='host.docker.internal', port=8000): Failed to establish a new connection: [Errno 101] Network is unreachable\")).","logger":"task.stderr"}
{"timestamp":"2026-07-05T08:38:48.114197Z","level":"warning","event":"Retrying scripts.api_client.post in 2 seconds as it raised ConnectionError: HTTPConnectionPool(host='host.docker.internal', port=8000): Max retries exceeded with url: /vrn (Caused by NewConnectionError(\"HTTPConnection(host='host.docker.internal', port=8000): Failed to establish a new connection: [Errno 101] Network is unreachable\")).","logger":"scripts.api_client","filename":"before_sleep.py","lineno":64}
{"timestamp":"2026-07-05T08:38:48.114536Z","level":"warning","event":"Retrying scripts.api_client.post in 2 seconds as it raised ConnectionError: HTTPConnectionPool(host='host.docker.internal', port=8000): Max retries exceeded with url: /valuation (Caused by NewConnectionError(\"HTTPConnection(host='host.docker.internal', port=8000): Failed to establish a new connection: [Errno 101] Network is unreachable\")).","logger":"scripts.api_client","filename":"before_sleep.py","lineno":64}
{"timestamp":"2026-07-05T08:38:50.112682Z","level":"error","event":"2026-07-05 08:38:50,112 | INFO | Using environment: staging","logger":"task.stderr"}
{"timestamp":"2026-07-05T08:38:50.113830Z","level":"error","event":"2026-07-05 08:38:50,112 | INFO | Calling URL: http://host.docker.internal:8000/rc","logger":"task.stderr"}
{"timestamp":"2026-07-05T08:38:50.112557Z","level":"info","event":"Using environment: staging","logger":"scripts.api_client","filename":"api_client.py","lineno":19}
{"timestamp":"2026-07-05T08:38:50.112811Z","level":"info","event":"Calling URL: http://host.docker.internal:8000/rc","logger":"scripts.api_client","filename":"api_client.py","lineno":20}
{"timestamp":"2026-07-05T08:38:50.116936Z","level":"error","event":"2026-07-05 08:38:50,114 | INFO | Using environment: staging","logger":"task.stderr"}
{"timestamp":"2026-07-05T08:38:50.117550Z","level":"error","event":"2026-07-05 08:38:50,115 | INFO | Calling URL: http://host.docker.internal:8000/fastag","logger":"task.stderr"}
{"timestamp":"2026-07-05T08:38:50.118209Z","level":"error","event":"2026-07-05 08:38:50,116 | INFO | Using environment: staging","logger":"task.stderr"}
{"timestamp":"2026-07-05T08:38:50.115577Z","level":"info","event":"Using environment: staging","logger":"scripts.api_client","filename":"api_client.py","lineno":19}
{"timestamp":"2026-07-05T08:38:50.116239Z","level":"info","event":"Calling URL: http://host.docker.internal:8000/fastag","logger":"scripts.api_client","filename":"api_client.py","lineno":20}
{"timestamp":"2026-07-05T08:38:50.117268Z","level":"info","event":"Using environment: staging","logger":"scripts.api_client","filename":"api_client.py","lineno":19}
{"timestamp":"2026-07-05T08:38:50.117828Z","level":"info","event":"Using environment: staging","logger":"scripts.api_client","filename":"api_client.py","lineno":19}
{"timestamp":"2026-07-05T08:38:50.121841Z","level":"error","event":"2026-07-05 08:38:50,116 | INFO | Using environment: staging","logger":"task.stderr"}
{"timestamp":"2026-07-05T08:38:50.122956Z","level":"error","event":"2026-07-05 08:38:50,117 | INFO | Calling URL: http://host.docker.internal:8000/valuation","logger":"task.stderr"}
{"timestamp":"2026-07-05T08:38:50.123791Z","level":"error","event":"2026-07-05 08:38:50,120 | INFO | Calling URL: http://host.docker.internal:8000/vrn","logger":"task.stderr"}
{"timestamp":"2026-07-05T08:38:50.120225Z","level":"info","event":"Calling URL: http://host.docker.internal:8000/valuation","logger":"scripts.api_client","filename":"api_client.py","lineno":20}
{"timestamp":"2026-07-05T08:38:50.120984Z","level":"info","event":"Calling URL: http://host.docker.internal:8000/vrn","logger":"scripts.api_client","filename":"api_client.py","lineno":20}
{"timestamp":"2026-07-05T08:38:50.140733Z","level":"error","event":"2026-07-05 08:38:50,139 | ERROR | RC failed for Vehicle V003: HTTPConnectionPool(host='host.docker.internal', port=8000): Max retries exceeded with url: /rc (Caused by NewConnectionError(\"HTTPConnection(host='host.docker.internal', port=8000): Failed to establish a new connection: [Errno 101] Network is unreachable\"))","logger":"task.stderr"}
{"timestamp":"2026-07-05T08:38:50.141561Z","level":"error","event":"2026-07-05 08:38:50,140 | ERROR | FASTag failed for Vehicle V003: HTTPConnectionPool(host='host.docker.internal', port=8000): Max retries exceeded with url: /fastag (Caused by NewConnectionError(\"HTTPConnection(host='host.docker.internal', port=8000): Failed to establish a new connection: [Errno 101] Network is unreachable\"))","logger":"task.stderr"}
{"timestamp":"2026-07-05T08:38:50.142003Z","level":"error","event":"2026-07-05 08:38:50,140 | ERROR | VRN failed for Vehicle V003: HTTPConnectionPool(host='host.docker.internal', port=8000): Max retries exceeded with url: /vrn (Caused by NewConnectionError(\"HTTPConnection(host='host.docker.internal', port=8000): Failed to establish a new connection: [Errno 101] Network is unreachable\"))","logger":"task.stderr"}
{"timestamp":"2026-07-05T08:38:50.142546Z","level":"error","event":"2026-07-05 08:38:50,140 | ERROR | Valuation failed for Vehicle V003: HTTPConnectionPool(host='host.docker.internal', port=8000): Max retries exceeded with url: /valuation (Caused by NewConnectionError(\"HTTPConnection(host='host.docker.internal', port=8000): Failed to establish a new connection: [Errno 101] Network is unreachable\"))","logger":"task.stderr"}
{"timestamp":"2026-07-05T08:38:50.139956Z","level":"error","event":"RC failed for Vehicle V003: HTTPConnectionPool(host='host.docker.internal', port=8000): Max retries exceeded with url: /rc (Caused by NewConnectionError(\"HTTPConnection(host='host.docker.internal', port=8000): Failed to establish a new connection: [Errno 101] Network is unreachable\"))","logger":"utils.error_handler","dag_id":"vehicle_batch_pipeline","ti_id":"019f316e-1526-78a6-a353-829a0e0049e7","try_number":1,"task_id":"process_batch_task","map_index":1,"run_id":"manual__2026-07-05T08:38:41.160385+00:00","filename":"error_handler.py","lineno":7}
{"timestamp":"2026-07-05T08:38:50.140188Z","level":"error","event":"FASTag failed for Vehicle V003: HTTPConnectionPool(host='host.docker.internal', port=8000): Max retries exceeded with url: /fastag (Caused by NewConnectionError(\"HTTPConnection(host='host.docker.internal', port=8000): Failed to establish a new connection: [Errno 101] Network is unreachable\"))","logger":"utils.error_handler","dag_id":"vehicle_batch_pipeline","ti_id":"019f316e-1526-78a6-a353-829a0e0049e7","try_number":1,"task_id":"process_batch_task","map_index":1,"run_id":"manual__2026-07-05T08:38:41.160385+00:00","filename":"error_handler.py","lineno":7}
{"timestamp":"2026-07-05T08:38:50.140291Z","level":"error","event":"VRN failed for Vehicle V003: HTTPConnectionPool(host='host.docker.internal', port=8000): Max retries exceeded with url: /vrn (Caused by NewConnectionError(\"HTTPConnection(host='host.docker.internal', port=8000): Failed to establish a new connection: [Errno 101] Network is unreachable\"))","logger":"utils.error_handler","dag_id":"vehicle_batch_pipeline","ti_id":"019f316e-1526-78a6-a353-829a0e0049e7","try_number":1,"task_id":"process_batch_task","map_index":1,"run_id":"manual__2026-07-05T08:38:41.160385+00:00","filename":"error_handler.py","lineno":7}
{"timestamp":"2026-07-05T08:38:50.140390Z","level":"error","event":"Valuation failed for Vehicle V003: HTTPConnectionPool(host='host.docker.internal', port=8000): Max retries exceeded with url: /valuation (Caused by NewConnectionError(\"HTTPConnection(host='host.docker.internal', port=8000): Failed to establish a new connection: [Errno 101] Network is unreachable\"))","logger":"utils.error_handler","dag_id":"vehicle_batch_pipeline","ti_id":"019f316e-1526-78a6-a353-829a0e0049e7","try_number":1,"task_id":"process_batch_task","map_index":1,"run_id":"manual__2026-07-05T08:38:41.160385+00:00","filename":"error_handler.py","lineno":7}
{"timestamp":"2026-07-05T08:38:50.145612Z","level":"error","event":"2026-07-05 08:38:50,142 | INFO | Using environment: staging","logger":"task.stderr"}
{"timestamp":"2026-07-05T08:38:50.146456Z","level":"error","event":"2026-07-05 08:38:50,143 | INFO | Using environment: staging","logger":"task.stderr"}
{"timestamp":"2026-07-05T08:38:50.149774Z","level":"error","event":"2026-07-05 08:38:50,143 | INFO | Calling URL: http://host.docker.internal:8000/rc","logger":"task.stderr"}
{"timestamp":"2026-07-05T08:38:50.151795Z","level":"error","event":"2026-07-05 08:38:50,144 | INFO | Using environment: staging","logger":"task.stderr"}
{"timestamp":"2026-07-05T08:38:50.153353Z","level":"error","event":"2026-07-05 08:38:50,144 | INFO | Calling URL: http://host.docker.internal:8000/fastag","logger":"task.stderr"}
{"timestamp":"2026-07-05T08:38:50.143049Z","level":"info","event":"Using environment: staging","logger":"scripts.api_client","filename":"api_client.py","lineno":19}
{"timestamp":"2026-07-05T08:38:50.144244Z","level":"info","event":"Using environment: staging","logger":"scripts.api_client","filename":"api_client.py","lineno":19}
{"timestamp":"2026-07-05T08:38:50.144440Z","level":"info","event":"Calling URL: http://host.docker.internal:8000/rc","logger":"scripts.api_client","filename":"api_client.py","lineno":20}
{"timestamp":"2026-07-05T08:38:50.145837Z","level":"info","event":"Using environment: staging","logger":"scripts.api_client","filename":"api_client.py","lineno":19}
{"timestamp":"2026-07-05T08:38:50.146024Z","level":"info","event":"Calling URL: http://host.docker.internal:8000/vrn","logger":"scripts.api_client","filename":"api_client.py","lineno":20}
{"timestamp":"2026-07-05T08:38:50.147667Z","level":"info","event":"Calling URL: http://host.docker.internal:8000/fastag","logger":"scripts.api_client","filename":"api_client.py","lineno":20}
{"timestamp":"2026-07-05T08:38:50.162228Z","level":"info","event":"V003 processed in 3.06 sec","logger":"task.stdout"}
{"timestamp":"2026-07-05T08:38:50.164499Z","level":"error","event":"2026-07-05 08:38:50,145 | INFO | Calling URL: http://host.docker.internal:8000/vrn","logger":"task.stderr"}
{"timestamp":"2026-07-05T08:38:50.165580Z","level":"error","event":"2026-07-05 08:38:50,157 | WARNING | Retrying scripts.api_client.post in 1 seconds as it raised ConnectionError: HTTPConnectionPool(host='host.docker.internal', port=8000): Max retries exceeded with url: /rc (Caused by NewConnectionError(\"HTTPConnection(host='host.docker.internal', port=8000): Failed to establish a new connection: [Errno 101] Network is unreachable\")).","logger":"task.stderr"}
{"timestamp":"2026-07-05T08:38:50.166264Z","level":"error","event":"2026-07-05 08:38:50,159 | WARNING | Retrying scripts.api_client.post in 1 seconds as it raised ConnectionError: HTTPConnectionPool(host='host.docker.internal', port=8000): Max retries exceeded with url: /vrn (Caused by NewConnectionError(\"HTTPConnection(host='host.docker.internal', port=8000): Failed to establish a new connection: [Errno 101] Network is unreachable\")).","logger":"task.stderr"}
{"timestamp":"2026-07-05T08:38:50.167108Z","level":"error","event":"2026-07-05 08:38:50,160 | INFO | Using environment: staging","logger":"task.stderr"}
{"timestamp":"2026-07-05T08:38:50.167610Z","level":"error","event":"2026-07-05 08:38:50,161 | INFO | Calling URL: http://host.docker.internal:8000/valuation","logger":"task.stderr"}
{"timestamp":"2026-07-05T08:38:50.168272Z","level":"error","event":"2026-07-05 08:38:50,163 | WARNING | Retrying scripts.api_client.post in 1 seconds as it raised ConnectionError: HTTPConnectionPool(host='host.docker.internal', port=8000): Max retries exceeded with url: /fastag (Caused by NewConnectionError(\"HTTPConnection(host='host.docker.internal', port=8000): Failed to establish a new connection: [Errno 101] Network is unreachable\")).","logger":"task.stderr"}
{"timestamp":"2026-07-05T08:38:50.158279Z","level":"warning","event":"Retrying scripts.api_client.post in 1 seconds as it raised ConnectionError: HTTPConnectionPool(host='host.docker.internal', port=8000): Max retries exceeded with url: /rc (Caused by NewConnectionError(\"HTTPConnection(host='host.docker.internal', port=8000): Failed to establish a new connection: [Errno 101] Network is unreachable\")).","logger":"scripts.api_client","filename":"before_sleep.py","lineno":64}
{"timestamp":"2026-07-05T08:38:50.159869Z","level":"warning","event":"Retrying scripts.api_client.post in 1 seconds as it raised ConnectionError: HTTPConnectionPool(host='host.docker.internal', port=8000): Max retries exceeded with url: /vrn (Caused by NewConnectionError(\"HTTPConnection(host='host.docker.internal', port=8000): Failed to establish a new connection: [Errno 101] Network is unreachable\")).","logger":"scripts.api_client","filename":"before_sleep.py","lineno":64}
{"timestamp":"2026-07-05T08:38:50.161012Z","level":"info","event":"Using environment: staging","logger":"scripts.api_client","filename":"api_client.py","lineno":19}
{"timestamp":"2026-07-05T08:38:50.161203Z","level":"info","event":"Calling URL: http://host.docker.internal:8000/valuation","logger":"scripts.api_client","filename":"api_client.py","lineno":20}
{"timestamp":"2026-07-05T08:38:50.163889Z","level":"warning","event":"Retrying scripts.api_client.post in 1 seconds as it raised ConnectionError: HTTPConnectionPool(host='host.docker.internal', port=8000): Max retries exceeded with url: /fastag (Caused by NewConnectionError(\"HTTPConnection(host='host.docker.internal', port=8000): Failed to establish a new connection: [Errno 101] Network is unreachable\")).","logger":"scripts.api_client","filename":"before_sleep.py","lineno":64}
{"timestamp":"2026-07-05T08:38:50.171506Z","level":"error","event":"2026-07-05 08:38:50,169 | WARNING | Retrying scripts.api_client.post in 1 seconds as it raised ConnectionError: HTTPConnectionPool(host='host.docker.internal', port=8000): Max retries exceeded with url: /valuation (Caused by NewConnectionError(\"HTTPConnection(host='host.docker.internal', port=8000): Failed to establish a new connection: [Errno 101] Network is unreachable\")).","logger":"task.stderr"}
{"timestamp":"2026-07-05T08:38:50.169236Z","level":"warning","event":"Retrying scripts.api_client.post in 1 seconds as it raised ConnectionError: HTTPConnectionPool(host='host.docker.internal', port=8000): Max retries exceeded with url: /valuation (Caused by NewConnectionError(\"HTTPConnection(host='host.docker.internal', port=8000): Failed to establish a new connection: [Errno 101] Network is unreachable\")).","logger":"scripts.api_client","filename":"before_sleep.py","lineno":64}
{"timestamp":"2026-07-05T08:38:51.159433Z","level":"error","event":"2026-07-05 08:38:51,158 | INFO | Using environment: staging","logger":"task.stderr"}
{"timestamp":"2026-07-05T08:38:51.161043Z","level":"error","event":"2026-07-05 08:38:51,159 | INFO | Calling URL: http://host.docker.internal:8000/rc","logger":"task.stderr"}
{"timestamp":"2026-07-05T08:38:51.161710Z","level":"error","event":"2026-07-05 08:38:51,160 | INFO | Using environment: staging","logger":"task.stderr"}
{"timestamp":"2026-07-05T08:38:51.162778Z","level":"error","event":"2026-07-05 08:38:51,160 | INFO | Calling URL: http://host.docker.internal:8000/vrn","logger":"task.stderr"}
{"timestamp":"2026-07-05T08:38:51.159361Z","level":"info","event":"Using environment: staging","logger":"scripts.api_client","filename":"api_client.py","lineno":19}
{"timestamp":"2026-07-05T08:38:51.159730Z","level":"info","event":"Calling URL: http://host.docker.internal:8000/rc","logger":"scripts.api_client","filename":"api_client.py","lineno":20}
{"timestamp":"2026-07-05T08:38:51.160462Z","level":"info","event":"Using environment: staging","logger":"scripts.api_client","filename":"api_client.py","lineno":19}
{"timestamp":"2026-07-05T08:38:51.160595Z","level":"info","event":"Calling URL: http://host.docker.internal:8000/vrn","logger":"scripts.api_client","filename":"api_client.py","lineno":20}
{"timestamp":"2026-07-05T08:38:51.169246Z","level":"error","event":"2026-07-05 08:38:51,166 | INFO | Using environment: staging","logger":"task.stderr"}
{"timestamp":"2026-07-05T08:38:51.170617Z","level":"error","event":"2026-07-05 08:38:51,167 | INFO | Calling URL: http://host.docker.internal:8000/fastag","logger":"task.stderr"}
{"timestamp":"2026-07-05T08:38:51.167351Z","level":"info","event":"Using environment: staging","logger":"scripts.api_client","filename":"api_client.py","lineno":19}
{"timestamp":"2026-07-05T08:38:51.168310Z","level":"info","event":"Calling URL: http://host.docker.internal:8000/fastag","logger":"scripts.api_client","filename":"api_client.py","lineno":20}
{"timestamp":"2026-07-05T08:38:51.170041Z","level":"info","event":"Using environment: staging","logger":"scripts.api_client","filename":"api_client.py","lineno":19}
{"timestamp":"2026-07-05T08:38:51.170426Z","level":"info","event":"Calling URL: http://host.docker.internal:8000/valuation","logger":"scripts.api_client","filename":"api_client.py","lineno":20}
{"timestamp":"2026-07-05T08:38:51.177112Z","level":"error","event":"2026-07-05 08:38:51,169 | INFO | Using environment: staging","logger":"task.stderr"}
{"timestamp":"2026-07-05T08:38:51.177611Z","level":"error","event":"2026-07-05 08:38:51,170 | INFO | Calling URL: http://host.docker.internal:8000/valuation","logger":"task.stderr"}
{"timestamp":"2026-07-05T08:38:51.178117Z","level":"error","event":"2026-07-05 08:38:51,173 | WARNING | Retrying scripts.api_client.post in 2 seconds as it raised ConnectionError: HTTPConnectionPool(host='host.docker.internal', port=8000): Max retries exceeded with url: /vrn (Caused by NewConnectionError(\"HTTPConnection(host='host.docker.internal', port=8000): Failed to establish a new connection: [Errno 101] Network is unreachable\")).","logger":"task.stderr"}
{"timestamp":"2026-07-05T08:38:51.178827Z","level":"error","event":"2026-07-05 08:38:51,174 | WARNING | Retrying scripts.api_client.post in 2 seconds as it raised ConnectionError: HTTPConnectionPool(host='host.docker.internal', port=8000): Max retries exceeded with url: /rc (Caused by NewConnectionError(\"HTTPConnection(host='host.docker.internal', port=8000): Failed to establish a new connection: [Errno 101] Network is unreachable\")).","logger":"task.stderr"}
{"timestamp":"2026-07-05T08:38:51.174142Z","level":"warning","event":"Retrying scripts.api_client.post in 2 seconds as it raised ConnectionError: HTTPConnectionPool(host='host.docker.internal', port=8000): Max retries exceeded with url: /vrn (Caused by NewConnectionError(\"HTTPConnection(host='host.docker.internal', port=8000): Failed to establish a new connection: [Errno 101] Network is unreachable\")).","logger":"scripts.api_client","filename":"before_sleep.py","lineno":64}
{"timestamp":"2026-07-05T08:38:51.174748Z","level":"warning","event":"Retrying scripts.api_client.post in 2 seconds as it raised ConnectionError: HTTPConnectionPool(host='host.docker.internal', port=8000): Max retries exceeded with url: /rc (Caused by NewConnectionError(\"HTTPConnection(host='host.docker.internal', port=8000): Failed to establish a new connection: [Errno 101] Network is unreachable\")).","logger":"scripts.api_client","filename":"before_sleep.py","lineno":64}
{"timestamp":"2026-07-05T08:38:51.178218Z","level":"warning","event":"Retrying scripts.api_client.post in 2 seconds as it raised ConnectionError: HTTPConnectionPool(host='host.docker.internal', port=8000): Max retries exceeded with url: /fastag (Caused by NewConnectionError(\"HTTPConnection(host='host.docker.internal', port=8000): Failed to establish a new connection: [Errno 101] Network is unreachable\")).","logger":"scripts.api_client","filename":"before_sleep.py","lineno":64}
{"timestamp":"2026-07-05T08:38:51.180835Z","level":"error","event":"2026-07-05 08:38:51,177 | WARNING | Retrying scripts.api_client.post in 2 seconds as it raised ConnectionError: HTTPConnectionPool(host='host.docker.internal', port=8000): Max retries exceeded with url: /fastag (Caused by NewConnectionError(\"HTTPConnection(host='host.docker.internal', port=8000): Failed to establish a new connection: [Errno 101] Network is unreachable\")).","logger":"task.stderr"}
{"timestamp":"2026-07-05T08:38:51.181260Z","level":"error","event":"2026-07-05 08:38:51,180 | WARNING | Retrying scripts.api_client.post in 2 seconds as it raised ConnectionError: HTTPConnectionPool(host='host.docker.internal', port=8000): Max retries exceeded with url: /valuation (Caused by NewConnectionError(\"HTTPConnection(host='host.docker.internal', port=8000): Failed to establish a new connection: [Errno 101] Network is unreachable\")).","logger":"task.stderr"}
{"timestamp":"2026-07-05T08:38:51.180111Z","level":"warning","event":"Retrying scripts.api_client.post in 2 seconds as it raised ConnectionError: HTTPConnectionPool(host='host.docker.internal', port=8000): Max retries exceeded with url: /valuation (Caused by NewConnectionError(\"HTTPConnection(host='host.docker.internal', port=8000): Failed to establish a new connection: [Errno 101] Network is unreachable\")).","logger":"scripts.api_client","filename":"before_sleep.py","lineno":64}
{"timestamp":"2026-07-05T08:38:53.175049Z","level":"error","event":"2026-07-05 08:38:53,174 | INFO | Using environment: staging","logger":"task.stderr"}
{"timestamp":"2026-07-05T08:38:53.189443Z","level":"error","event":"2026-07-05 08:38:53,174 | INFO | Using environment: staging","logger":"task.stderr"}
{"timestamp":"2026-07-05T08:38:53.190190Z","level":"error","event":"2026-07-05 08:38:53,175 | INFO | Calling URL: http://host.docker.internal:8000/vrn","logger":"task.stderr"}
{"timestamp":"2026-07-05T08:38:53.190643Z","level":"error","event":"2026-07-05 08:38:53,175 | INFO | Calling URL: http://host.docker.internal:8000/rc","logger":"task.stderr"}
{"timestamp":"2026-07-05T08:38:53.191054Z","level":"error","event":"2026-07-05 08:38:53,178 | INFO | Using environment: staging","logger":"task.stderr"}
{"timestamp":"2026-07-05T08:38:53.191416Z","level":"error","event":"2026-07-05 08:38:53,178 | INFO | Calling URL: http://host.docker.internal:8000/fastag","logger":"task.stderr"}
{"timestamp":"2026-07-05T08:38:53.191844Z","level":"error","event":"2026-07-05 08:38:53,180 | INFO | Using environment: staging","logger":"task.stderr"}
{"timestamp":"2026-07-05T08:38:53.192281Z","level":"error","event":"2026-07-05 08:38:53,180 | INFO | Calling URL: http://host.docker.internal:8000/valuation","logger":"task.stderr"}
{"timestamp":"2026-07-05T08:38:53.192689Z","level":"error","event":"2026-07-05 08:38:53,182 | ERROR | RC failed for Vehicle V004: HTTPConnectionPool(host='host.docker.internal', port=8000): Max retries exceeded with url: /rc (Caused by NewConnectionError(\"HTTPConnection(host='host.docker.internal', port=8000): Failed to establish a new connection: [Errno 101] Network is unreachable\"))","logger":"task.stderr"}
{"timestamp":"2026-07-05T08:38:53.193061Z","level":"error","event":"2026-07-05 08:38:53,183 | ERROR | FASTag failed for Vehicle V004: HTTPConnectionPool(host='host.docker.internal', port=8000): Max retries exceeded with url: /fastag (Caused by NewConnectionError(\"HTTPConnection(host='host.docker.internal', port=8000): Failed to establish a new connection: [Errno 101] Network is unreachable\"))","logger":"task.stderr"}
{"timestamp":"2026-07-05T08:38:53.193437Z","level":"error","event":"2026-07-05 08:38:53,183 | ERROR | VRN failed for Vehicle V004: HTTPConnectionPool(host='host.docker.internal', port=8000): Max retries exceeded with url: /vrn (Caused by NewConnectionError(\"HTTPConnection(host='host.docker.internal', port=8000): Failed to establish a new connection: [Errno 101] Network is unreachable\"))","logger":"task.stderr"}
{"timestamp":"2026-07-05T08:38:53.193803Z","level":"error","event":"2026-07-05 08:38:53,184 | ERROR | Valuation failed for Vehicle V004: HTTPConnectionPool(host='host.docker.internal', port=8000): Max retries exceeded with url: /valuation (Caused by NewConnectionError(\"HTTPConnection(host='host.docker.internal', port=8000): Failed to establish a new connection: [Errno 101] Network is unreachable\"))","logger":"task.stderr"}
{"timestamp":"2026-07-05T08:38:53.194175Z","level":"error","event":"2026-07-05 08:38:53,184 | INFO |","logger":"task.stderr"}
{"timestamp":"2026-07-05T08:38:53.194556Z","level":"error","event":"==========================","logger":"task.stderr"}
{"timestamp":"2026-07-05T08:38:53.194933Z","level":"error","event":"Batch Summary","logger":"task.stderr"}
{"timestamp":"2026-07-05T08:38:53.195295Z","level":"error","event":"==========================","logger":"task.stderr"}
{"timestamp":"2026-07-05T08:38:53.195677Z","level":"error","event":"Total Records : 2","logger":"task.stderr"}
{"timestamp":"2026-07-05T08:38:53.196029Z","level":"error","event":"Success : 2","logger":"task.stderr"}
{"timestamp":"2026-07-05T08:38:53.196409Z","level":"error","event":"Failed : 0","logger":"task.stderr"}
{"timestamp":"2026-07-05T08:38:53.196873Z","level":"error","event":"Success Rate : 100.0%","logger":"task.stderr"}
{"timestamp":"2026-07-05T08:38:53.197303Z","level":"error","event":"==========================","logger":"task.stderr"}
{"timestamp":"2026-07-05T08:38:53.175112Z","level":"info","event":"Using environment: staging","logger":"scripts.api_client","filename":"api_client.py","lineno":19}
{"timestamp":"2026-07-05T08:38:53.175443Z","level":"info","event":"Using environment: staging","logger":"scripts.api_client","filename":"api_client.py","lineno":19}
{"timestamp":"2026-07-05T08:38:53.175681Z","level":"info","event":"Calling URL: http://host.docker.internal:8000/vrn","logger":"scripts.api_client","filename":"api_client.py","lineno":20}
{"timestamp":"2026-07-05T08:38:53.176118Z","level":"info","event":"Calling URL: http://host.docker.internal:8000/rc","logger":"scripts.api_client","filename":"api_client.py","lineno":20}
{"timestamp":"2026-07-05T08:38:53.178346Z","level":"info","event":"Using environment: staging","logger":"scripts.api_client","filename":"api_client.py","lineno":19}
{"timestamp":"2026-07-05T08:38:53.178450Z","level":"info","event":"Calling URL: http://host.docker.internal:8000/fastag","logger":"scripts.api_client","filename":"api_client.py","lineno":20}
{"timestamp":"2026-07-05T08:38:53.180125Z","level":"info","event":"Using environment: staging","logger":"scripts.api_client","filename":"api_client.py","lineno":19}
{"timestamp":"2026-07-05T08:38:53.180266Z","level":"info","event":"Calling URL: http://host.docker.internal:8000/valuation","logger":"scripts.api_client","filename":"api_client.py","lineno":20}
{"timestamp":"2026-07-05T08:38:53.182699Z","level":"error","event":"RC failed for Vehicle V004: HTTPConnectionPool(host='host.docker.internal', port=8000): Max retries exceeded with url: /rc (Caused by NewConnectionError(\"HTTPConnection(host='host.docker.internal', port=8000): Failed to establish a new connection: [Errno 101] Network is unreachable\"))","logger":"utils.error_handler","dag_id":"vehicle_batch_pipeline","ti_id":"019f316e-1526-78a6-a353-829a0e0049e7","try_number":1,"task_id":"process_batch_task","map_index":1,"run_id":"manual__2026-07-05T08:38:41.160385+00:00","filename":"error_handler.py","lineno":7}
{"timestamp":"2026-07-05T08:38:53.183716Z","level":"error","event":"FASTag failed for Vehicle V004: HTTPConnectionPool(host='host.docker.internal', port=8000): Max retries exceeded with url: /fastag (Caused by NewConnectionError(\"HTTPConnection(host='host.docker.internal', port=8000): Failed to establish a new connection: [Errno 101] Network is unreachable\"))","logger":"utils.error_handler","dag_id":"vehicle_batch_pipeline","ti_id":"019f316e-1526-78a6-a353-829a0e0049e7","try_number":1,"task_id":"process_batch_task","map_index":1,"run_id":"manual__2026-07-05T08:38:41.160385+00:00","filename":"error_handler.py","lineno":7}
{"timestamp":"2026-07-05T08:38:53.183881Z","level":"error","event":"VRN failed for Vehicle V004: HTTPConnectionPool(host='host.docker.internal', port=8000): Max retries exceeded with url: /vrn (Caused by NewConnectionError(\"HTTPConnection(host='host.docker.internal', port=8000): Failed to establish a new connection: [Errno 101] Network is unreachable\"))","logger":"utils.error_handler","dag_id":"vehicle_batch_pipeline","ti_id":"019f316e-1526-78a6-a353-829a0e0049e7","try_number":1,"task_id":"process_batch_task","map_index":1,"run_id":"manual__2026-07-05T08:38:41.160385+00:00","filename":"error_handler.py","lineno":7}
{"timestamp":"2026-07-05T08:38:53.184290Z","level":"error","event":"Valuation failed for Vehicle V004: HTTPConnectionPool(host='host.docker.internal', port=8000): Max retries exceeded with url: /valuation (Caused by NewConnectionError(\"HTTPConnection(host='host.docker.internal', port=8000): Failed to establish a new connection: [Errno 101] Network is unreachable\"))","logger":"utils.error_handler","dag_id":"vehicle_batch_pipeline","ti_id":"019f316e-1526-78a6-a353-829a0e0049e7","try_number":1,"task_id":"process_batch_task","map_index":1,"run_id":"manual__2026-07-05T08:38:41.160385+00:00","filename":"error_handler.py","lineno":7}
{"timestamp":"2026-07-05T08:38:53.202581Z","level":"info","event":"V004 processed in 3.04 sec","logger":"task.stdout"}
{"timestamp":"2026-07-05T08:38:53.184965Z","level":"info","event":"\n==========================\nBatch Summary\n==========================\nTotal Records : 2\nSuccess : 2\nFailed : 0\nSuccess Rate : 100.0%\n==========================","logger":"scripts.process_batch","dag_id":"vehicle_batch_pipeline","ti_id":"019f316e-1526-78a6-a353-829a0e0049e7","try_number":1,"task_id":"process_batch_task","map_index":1,"run_id":"manual__2026-07-05T08:38:41.160385+00:00","filename":"process_batch.py","lineno":52}
{"timestamp":"2026-07-05T08:38:53.195135Z","level":"info","event":"Done. Returned value was:    year     brand  ...  status                                              error\n0  2023      Tata  ...  FAILED  HTTPConnectionPool(host='host.docker.internal'...\n1  2022  Mahindra  ...  FAILED  HTTPConnectionPool(host='host.docker.internal'...\n\n[2 rows x 7 columns]","dag_id":"vehicle_batch_pipeline","ti_id":"019f316e-1526-78a6-a353-829a0e0049e7","try_number":1,"task_id":"process_batch_task","map_index":1,"run_id":"manual__2026-07-05T08:38:41.160385+00:00","logger":"airflow.task.operators.airflow.providers.standard.decorators.python._PythonDecoratedOperator","filename":"python.py","lineno":233}
{"timestamp":"2026-07-05T08:38:53.195339Z","level":"info","event":"::group::Post Execute","dag_id":"vehicle_batch_pipeline","ti_id":"019f316e-1526-78a6-a353-829a0e0049e7","try_number":1,"task_id":"process_batch_task","map_index":1,"run_id":"manual__2026-07-05T08:38:41.160385+00:00","logger":"task","filename":"task_runner.py","lineno":1288}
{"timestamp":"2026-07-05T08:38:53.195536Z","level":"info","event":"Pushing xcom","ti":"RuntimeTaskInstance(id=UUID('019f316e-1526-78a6-a353-829a0e0049e7'), task_id='process_batch_task', dag_id='vehicle_batch_pipeline', run_id='manual__2026-07-05T08:38:41.160385+00:00', try_number=1, dag_version_id=UUID('019f2c50-8b66-7475-9dae-822508d85766'), map_index=1, hostname='8e3d505c6688', context_carrier={'traceparent': '00-f9175081f92388b05a0512d887344f28-8819783102a3a331-01'}, task=<Task(_PythonDecoratedOperator): process_batch_task>, bundle_instance=LocalDagBundle(name=dags-folder), max_tries=2, start_date=datetime.datetime(2026, 7, 5, 8, 38, 46, 393436, tzinfo=datetime.timezone.utc), end_date=None, state=<TaskInstanceState.RUNNING: 'running'>, is_mapped=True, rendered_map_index=None, sentry_integration='')","dag_id":"vehicle_batch_pipeline","ti_id":"019f316e-1526-78a6-a353-829a0e0049e7","try_number":1,"task_id":"process_batch_task","map_index":1,"run_id":"manual__2026-07-05T08:38:41.160385+00:00","logger":"task","filename":"task_runner.py","lineno":1791}
{"timestamp":"2026-07-05T08:38:53.245685Z","level":"info","event":"Task instance in success state","logger":"task.stdout"}
{"timestamp":"2026-07-05T08:38:53.246450Z","level":"info","event":" Previous state of the Task instance: TaskInstanceState.RUNNING","logger":"task.stdout"}
{"timestamp":"2026-07-05T08:38:53.247435Z","level":"info","event":"Task operator:<Task(_PythonDecoratedOperator): process_batch_task>","logger":"task.stdout"}
{"timestamp":"2026-07-05T08:38:53.246022Z","level":"info","event":"::endgroup::","dag_id":"vehicle_batch_pipeline","ti_id":"019f316e-1526-78a6-a353-829a0e0049e7","try_number":1,"task_id":"process_batch_task","map_index":1,"run_id":"manual__2026-07-05T08:38:41.160385+00:00","logger":"task","filename":"task_runner.py","lineno":1896}
