{"timestamp":"2026-07-05T08:35:48.353540Z","level":"info","event":"::group::Pre Execute","logger":"task","filename":"task_runner.py","lineno":1926}
{"timestamp":"2026-07-05T08:35:48.860698Z","level":"info","event":"DAG bundles loaded: dags-folder, example_dags","dag_id":"vehicle_batch_pipeline","ti_id":"019f316b-3426-73bc-beff-db770b1b56c1","try_number":1,"task_id":"process_batch_task","map_index":0,"run_id":"manual__2026-07-05T08:35:36.923947+00:00","logger":"airflow.dag_processing.bundles.manager.DagBundlesManager","filename":"manager.py","lineno":209}
{"timestamp":"2026-07-05T08:35:48.863088Z","level":"info","event":"Filling up the DagBag from /opt/airflow/dags/vehicle_pipeline.py","dag_id":"vehicle_batch_pipeline","ti_id":"019f316b-3426-73bc-beff-db770b1b56c1","try_number":1,"task_id":"process_batch_task","map_index":0,"run_id":"manual__2026-07-05T08:35:36.923947+00:00","logger":"airflow.dag_processing.dagbag.BundleDagBag","filename":"dagbag.py","lineno":469}
{"timestamp":"2026-07-05T08:35:49.041570Z","level":"info","event":"Task instance is in running state","logger":"task.stdout"}
{"timestamp":"2026-07-05T08:35:49.042131Z","level":"info","event":" Previous state of the Task instance: TaskInstanceState.QUEUED","logger":"task.stdout"}
{"timestamp":"2026-07-05T08:35:49.042537Z","level":"info","event":"Current task name:process_batch_task","logger":"task.stdout"}
{"timestamp":"2026-07-05T08:35:49.042929Z","level":"info","event":"Dag name:vehicle_batch_pipeline","logger":"task.stdout"}
{"timestamp":"2026-07-05T08:35:49.042242Z","level":"info","event":"::endgroup::","dag_id":"vehicle_batch_pipeline","ti_id":"019f316b-3426-73bc-beff-db770b1b56c1","try_number":1,"task_id":"process_batch_task","map_index":0,"run_id":"manual__2026-07-05T08:35:36.923947+00:00","logger":"task","filename":"task_runner.py","lineno":1727}
{"timestamp":"2026-07-05T08:35:49.044602Z","level":"info","event":"Processing batch_1.csv","logger":"scripts.process_batch","dag_id":"vehicle_batch_pipeline","ti_id":"019f316b-3426-73bc-beff-db770b1b56c1","try_number":1,"task_id":"process_batch_task","map_index":0,"run_id":"manual__2026-07-05T08:35:36.923947+00:00","filename":"process_batch.py","lineno":14}
{"timestamp":"2026-07-05T08:35:49.045803Z","level":"error","event":"2026-07-05 08:35:49,044 | INFO | Processing batch_1.csv","logger":"task.stderr"}
{"timestamp":"2026-07-05T08:35:49.053784Z","level":"error","event":"2026-07-05 08:35:49,053 | INFO | Rows = 2","logger":"task.stderr"}
{"timestamp":"2026-07-05T08:35:49.053746Z","level":"info","event":"Rows = 2","logger":"scripts.process_batch","dag_id":"vehicle_batch_pipeline","ti_id":"019f316b-3426-73bc-beff-db770b1b56c1","try_number":1,"task_id":"process_batch_task","map_index":0,"run_id":"manual__2026-07-05T08:35:36.923947+00:00","filename":"process_batch.py","lineno":18}
{"timestamp":"2026-07-05T08:35:49.054105Z","level":"warning","event":"Using Variable.get from `airflow.models` is deprecated.Please use `get` on Variable from sdk(`airflow.sdk.Variable`) instead","category":"DeprecationWarning","filename":"/home/airflow/.local/lib/python3.13/site-packages/airflow/models/variable.py","lineno":159,"dag_id":"vehicle_batch_pipeline","ti_id":"019f316b-3426-73bc-beff-db770b1b56c1","try_number":1,"task_id":"process_batch_task","map_index":0,"run_id":"manual__2026-07-05T08:35:36.923947+00:00","logger":"py.warnings"}
{"timestamp":"2026-07-05T08:35:49.068892Z","level":"warning","event":"Skipping masking for a secret as it's too short (<5 chars)","logger":"airflow.sdk._shared.secrets_masker.secrets_masker","dag_id":"vehicle_batch_pipeline","ti_id":"019f316b-3426-73bc-beff-db770b1b56c1","try_number":1,"task_id":"process_batch_task","map_index":0,"run_id":"manual__2026-07-05T08:35:36.923947+00:00","filename":"secrets_masker.py","lineno":590}
{"timestamp":"2026-07-05T08:35:49.070016Z","level":"warning","event":"Skipping masking for a secret as it's too short (<5 chars)","logger":"airflow._shared.secrets_masker.secrets_masker","dag_id":"vehicle_batch_pipeline","ti_id":"019f316b-3426-73bc-beff-db770b1b56c1","try_number":1,"task_id":"process_batch_task","map_index":0,"run_id":"manual__2026-07-05T08:35:36.923947+00:00","filename":"secrets_masker.py","lineno":590}
{"timestamp":"2026-07-05T08:35:49.070210Z","level":"info","event":"Valuation Enabled = True","logger":"scripts.process_batch","dag_id":"vehicle_batch_pipeline","ti_id":"019f316b-3426-73bc-beff-db770b1b56c1","try_number":1,"task_id":"process_batch_task","map_index":0,"run_id":"manual__2026-07-05T08:35:36.923947+00:00","filename":"process_batch.py","lineno":30}
{"timestamp":"2026-07-05T08:35:49.071995Z","level":"error","event":"2026-07-05 08:35:49,070 | INFO | Valuation Enabled = True","logger":"task.stderr"}
{"timestamp":"2026-07-05T08:35:49.072458Z","level":"error","event":"2026-07-05 08:35:49,071 | INFO | Using environment: staging","logger":"task.stderr"}
{"timestamp":"2026-07-05T08:35:49.071970Z","level":"info","event":"Using environment: staging","logger":"scripts.api_client","filename":"api_client.py","lineno":19}
{"timestamp":"2026-07-05T08:35:49.072095Z","level":"info","event":"Calling URL: http://host.docker.internal:8000/rc","logger":"scripts.api_client","filename":"api_client.py","lineno":20}
{"timestamp":"2026-07-05T08:35:49.073963Z","level":"error","event":"2026-07-05 08:35:49,072 | INFO | Calling URL: http://host.docker.internal:8000/rc","logger":"task.stderr"}
{"timestamp":"2026-07-05T08:35:49.077564Z","level":"error","event":"2026-07-05 08:35:49,077 | INFO | Using environment: staging","logger":"task.stderr"}
{"timestamp":"2026-07-05T08:35:49.079392Z","level":"error","event":"2026-07-05 08:35:49,077 | INFO | Calling URL: http://host.docker.internal:8000/fastag","logger":"task.stderr"}
{"timestamp":"2026-07-05T08:35:49.079939Z","level":"error","event":"2026-07-05 08:35:49,078 | INFO | Using environment: staging","logger":"task.stderr"}
{"timestamp":"2026-07-05T08:35:49.080883Z","level":"error","event":"2026-07-05 08:35:49,078 | INFO | Calling URL: http://host.docker.internal:8000/vrn","logger":"task.stderr"}
{"timestamp":"2026-07-05T08:35:49.077642Z","level":"info","event":"Using environment: staging","logger":"scripts.api_client","filename":"api_client.py","lineno":19}
{"timestamp":"2026-07-05T08:35:49.077941Z","level":"info","event":"Calling URL: http://host.docker.internal:8000/fastag","logger":"scripts.api_client","filename":"api_client.py","lineno":20}
{"timestamp":"2026-07-05T08:35:49.078432Z","level":"info","event":"Using environment: staging","logger":"scripts.api_client","filename":"api_client.py","lineno":19}
{"timestamp":"2026-07-05T08:35:49.078598Z","level":"info","event":"Calling URL: http://host.docker.internal:8000/vrn","logger":"scripts.api_client","filename":"api_client.py","lineno":20}
{"timestamp":"2026-07-05T08:35:49.085373Z","level":"error","event":"2026-07-05 08:35:49,084 | INFO | Using environment: staging","logger":"task.stderr"}
{"timestamp":"2026-07-05T08:35:49.084592Z","level":"info","event":"Using environment: staging","logger":"scripts.api_client","filename":"api_client.py","lineno":19}
{"timestamp":"2026-07-05T08:35:49.086134Z","level":"info","event":"Calling URL: http://host.docker.internal:8000/valuation","logger":"scripts.api_client","filename":"api_client.py","lineno":20}
{"timestamp":"2026-07-05T08:35:49.087959Z","level":"error","event":"2026-07-05 08:35:49,085 | INFO | Calling URL: http://host.docker.internal:8000/valuation","logger":"task.stderr"}
{"timestamp":"2026-07-05T08:35:49.090485Z","level":"error","event":"2026-07-05 08:35:49,088 | WARNING | Retrying scripts.api_client.post in 1 seconds as it raised ConnectionError: HTTPConnectionPool(host='host.docker.internal', port=8000): Max retries exceeded with url: /vrn (Caused by NewConnectionError(\"HTTPConnection(host='host.docker.internal', port=8000): Failed to establish a new connection: [Errno 101] Network is unreachable\")).","logger":"task.stderr"}
{"timestamp":"2026-07-05T08:35:49.090270Z","level":"warning","event":"Retrying scripts.api_client.post in 1 seconds as it raised ConnectionError: HTTPConnectionPool(host='host.docker.internal', port=8000): Max retries exceeded with url: /vrn (Caused by NewConnectionError(\"HTTPConnection(host='host.docker.internal', port=8000): Failed to establish a new connection: [Errno 101] Network is unreachable\")).","logger":"scripts.api_client","filename":"before_sleep.py","lineno":64}
{"timestamp":"2026-07-05T08:35:49.092806Z","level":"error","event":"2026-07-05 08:35:49,091 | WARNING | Retrying scripts.api_client.post in 1 seconds as it raised ConnectionError: HTTPConnectionPool(host='host.docker.internal', port=8000): Max retries exceeded with url: /rc (Caused by NewConnectionError(\"HTTPConnection(host='host.docker.internal', port=8000): Failed to establish a new connection: [Errno 101] Network is unreachable\")).","logger":"task.stderr"}
{"timestamp":"2026-07-05T08:35:49.094015Z","level":"error","event":"2026-07-05 08:35:49,091 | WARNING | Retrying scripts.api_client.post in 1 seconds as it raised ConnectionError: HTTPConnectionPool(host='host.docker.internal', port=8000): Max retries exceeded with url: /fastag (Caused by NewConnectionError(\"HTTPConnection(host='host.docker.internal', port=8000): Failed to establish a new connection: [Errno 101] Network is unreachable\")).","logger":"task.stderr"}
{"timestamp":"2026-07-05T08:35:49.091548Z","level":"warning","event":"Retrying scripts.api_client.post in 1 seconds as it raised ConnectionError: HTTPConnectionPool(host='host.docker.internal', port=8000): Max retries exceeded with url: /rc (Caused by NewConnectionError(\"HTTPConnection(host='host.docker.internal', port=8000): Failed to establish a new connection: [Errno 101] Network is unreachable\")).","logger":"scripts.api_client","filename":"before_sleep.py","lineno":64}
{"timestamp":"2026-07-05T08:35:49.091952Z","level":"warning","event":"Retrying scripts.api_client.post in 1 seconds as it raised ConnectionError: HTTPConnectionPool(host='host.docker.internal', port=8000): Max retries exceeded with url: /fastag (Caused by NewConnectionError(\"HTTPConnection(host='host.docker.internal', port=8000): Failed to establish a new connection: [Errno 101] Network is unreachable\")).","logger":"scripts.api_client","filename":"before_sleep.py","lineno":64}
{"timestamp":"2026-07-05T08:35:49.094414Z","level":"warning","event":"Retrying scripts.api_client.post in 1 seconds as it raised ConnectionError: HTTPConnectionPool(host='host.docker.internal', port=8000): Max retries exceeded with url: /valuation (Caused by NewConnectionError(\"HTTPConnection(host='host.docker.internal', port=8000): Failed to establish a new connection: [Errno 101] Network is unreachable\")).","logger":"scripts.api_client","filename":"before_sleep.py","lineno":64}
{"timestamp":"2026-07-05T08:35:49.099194Z","level":"error","event":"2026-07-05 08:35:49,094 | WARNING | Retrying scripts.api_client.post in 1 seconds as it raised ConnectionError: HTTPConnectionPool(host='host.docker.internal', port=8000): Max retries exceeded with url: /valuation (Caused by NewConnectionError(\"HTTPConnection(host='host.docker.internal', port=8000): Failed to establish a new connection: [Errno 101] Network is unreachable\")).","logger":"task.stderr"}
{"timestamp":"2026-07-05T08:35:50.090863Z","level":"error","event":"2026-07-05 08:35:50,090 | INFO | Using environment: staging","logger":"task.stderr"}
{"timestamp":"2026-07-05T08:35:50.092712Z","level":"error","event":"2026-07-05 08:35:50,090 | INFO | Calling URL: http://host.docker.internal:8000/vrn","logger":"task.stderr"}
{"timestamp":"2026-07-05T08:35:50.093651Z","level":"error","event":"2026-07-05 08:35:50,092 | INFO | Using environment: staging","logger":"task.stderr"}
{"timestamp":"2026-07-05T08:35:50.094171Z","level":"error","event":"2026-07-05 08:35:50,092 | INFO | Calling URL: http://host.docker.internal:8000/rc","logger":"task.stderr"}
{"timestamp":"2026-07-05T08:35:50.090825Z","level":"info","event":"Using environment: staging","logger":"scripts.api_client","filename":"api_client.py","lineno":19}
{"timestamp":"2026-07-05T08:35:50.091011Z","level":"info","event":"Calling URL: http://host.docker.internal:8000/vrn","logger":"scripts.api_client","filename":"api_client.py","lineno":20}
{"timestamp":"2026-07-05T08:35:50.092126Z","level":"info","event":"Using environment: staging","logger":"scripts.api_client","filename":"api_client.py","lineno":19}
{"timestamp":"2026-07-05T08:35:50.092291Z","level":"info","event":"Calling URL: http://host.docker.internal:8000/rc","logger":"scripts.api_client","filename":"api_client.py","lineno":20}
{"timestamp":"2026-07-05T08:35:50.094913Z","level":"info","event":"Using environment: staging","logger":"scripts.api_client","filename":"api_client.py","lineno":19}
{"timestamp":"2026-07-05T08:35:50.095101Z","level":"info","event":"Calling URL: http://host.docker.internal:8000/fastag","logger":"scripts.api_client","filename":"api_client.py","lineno":20}
{"timestamp":"2026-07-05T08:35:50.101765Z","level":"error","event":"2026-07-05 08:35:50,094 | INFO | Using environment: staging","logger":"task.stderr"}
{"timestamp":"2026-07-05T08:35:50.102239Z","level":"error","event":"2026-07-05 08:35:50,095 | INFO | Calling URL: http://host.docker.internal:8000/fastag","logger":"task.stderr"}
{"timestamp":"2026-07-05T08:35:50.102713Z","level":"error","event":"2026-07-05 08:35:50,095 | INFO | Using environment: staging","logger":"task.stderr"}
{"timestamp":"2026-07-05T08:35:50.103168Z","level":"error","event":"2026-07-05 08:35:50,096 | INFO | Calling URL: http://host.docker.internal:8000/valuation","logger":"task.stderr"}
{"timestamp":"2026-07-05T08:35:50.103649Z","level":"error","event":"2026-07-05 08:35:50,099 | WARNING | Retrying scripts.api_client.post in 2 seconds as it raised ConnectionError: HTTPConnectionPool(host='host.docker.internal', port=8000): Max retries exceeded with url: /vrn (Caused by NewConnectionError(\"HTTPConnection(host='host.docker.internal', port=8000): Failed to establish a new connection: [Errno 101] Network is unreachable\")).","logger":"task.stderr"}
{"timestamp":"2026-07-05T08:35:50.104087Z","level":"error","event":"2026-07-05 08:35:50,100 | WARNING | Retrying scripts.api_client.post in 2 seconds as it raised ConnectionError: HTTPConnectionPool(host='host.docker.internal', port=8000): Max retries exceeded with url: /rc (Caused by NewConnectionError(\"HTTPConnection(host='host.docker.internal', port=8000): Failed to establish a new connection: [Errno 101] Network is unreachable\")).","logger":"task.stderr"}
{"timestamp":"2026-07-05T08:35:50.104516Z","level":"error","event":"2026-07-05 08:35:50,100 | WARNING | Retrying scripts.api_client.post in 2 seconds as it raised ConnectionError: HTTPConnectionPool(host='host.docker.internal', port=8000): Max retries exceeded with url: /fastag (Caused by NewConnectionError(\"HTTPConnection(host='host.docker.internal', port=8000): Failed to establish a new connection: [Errno 101] Network is unreachable\")).","logger":"task.stderr"}
{"timestamp":"2026-07-05T08:35:50.104949Z","level":"error","event":"2026-07-05 08:35:50,101 | WARNING | Retrying scripts.api_client.post in 2 seconds as it raised ConnectionError: HTTPConnectionPool(host='host.docker.internal', port=8000): Max retries exceeded with url: /valuation (Caused by NewConnectionError(\"HTTPConnection(host='host.docker.internal', port=8000): Failed to establish a new connection: [Errno 101] Network is unreachable\")).","logger":"task.stderr"}
{"timestamp":"2026-07-05T08:35:50.096024Z","level":"info","event":"Using environment: staging","logger":"scripts.api_client","filename":"api_client.py","lineno":19}
{"timestamp":"2026-07-05T08:35:50.096122Z","level":"info","event":"Calling URL: http://host.docker.internal:8000/valuation","logger":"scripts.api_client","filename":"api_client.py","lineno":20}
{"timestamp":"2026-07-05T08:35:50.099565Z","level":"warning","event":"Retrying scripts.api_client.post in 2 seconds as it raised ConnectionError: HTTPConnectionPool(host='host.docker.internal', port=8000): Max retries exceeded with url: /vrn (Caused by NewConnectionError(\"HTTPConnection(host='host.docker.internal', port=8000): Failed to establish a new connection: [Errno 101] Network is unreachable\")).","logger":"scripts.api_client","filename":"before_sleep.py","lineno":64}
{"timestamp":"2026-07-05T08:35:50.100343Z","level":"warning","event":"Retrying scripts.api_client.post in 2 seconds as it raised ConnectionError: HTTPConnectionPool(host='host.docker.internal', port=8000): Max retries exceeded with url: /rc (Caused by NewConnectionError(\"HTTPConnection(host='host.docker.internal', port=8000): Failed to establish a new connection: [Errno 101] Network is unreachable\")).","logger":"scripts.api_client","filename":"before_sleep.py","lineno":64}
{"timestamp":"2026-07-05T08:35:50.100956Z","level":"warning","event":"Retrying scripts.api_client.post in 2 seconds as it raised ConnectionError: HTTPConnectionPool(host='host.docker.internal', port=8000): Max retries exceeded with url: /fastag (Caused by NewConnectionError(\"HTTPConnection(host='host.docker.internal', port=8000): Failed to establish a new connection: [Errno 101] Network is unreachable\")).","logger":"scripts.api_client","filename":"before_sleep.py","lineno":64}
{"timestamp":"2026-07-05T08:35:50.101382Z","level":"warning","event":"Retrying scripts.api_client.post in 2 seconds as it raised ConnectionError: HTTPConnectionPool(host='host.docker.internal', port=8000): Max retries exceeded with url: /valuation (Caused by NewConnectionError(\"HTTPConnection(host='host.docker.internal', port=8000): Failed to establish a new connection: [Errno 101] Network is unreachable\")).","logger":"scripts.api_client","filename":"before_sleep.py","lineno":64}
{"timestamp":"2026-07-05T08:35:52.095512Z","level":"error","event":"2026-07-05 08:35:52,095 | INFO | Using environment: staging","logger":"task.stderr"}
{"timestamp":"2026-07-05T08:35:52.096428Z","level":"error","event":"2026-07-05 08:35:52,095 | INFO | Calling URL: http://host.docker.internal:8000/vrn","logger":"task.stderr"}
{"timestamp":"2026-07-05T08:35:52.097013Z","level":"error","event":"2026-07-05 08:35:52,095 | INFO | Using environment: staging","logger":"task.stderr"}
{"timestamp":"2026-07-05T08:35:52.098015Z","level":"error","event":"2026-07-05 08:35:52,096 | INFO | Calling URL: http://host.docker.internal:8000/rc","logger":"task.stderr"}
{"timestamp":"2026-07-05T08:35:52.095452Z","level":"info","event":"Using environment: staging","logger":"scripts.api_client","filename":"api_client.py","lineno":19}
{"timestamp":"2026-07-05T08:35:52.095634Z","level":"info","event":"Calling URL: http://host.docker.internal:8000/vrn","logger":"scripts.api_client","filename":"api_client.py","lineno":20}
{"timestamp":"2026-07-05T08:35:52.096046Z","level":"info","event":"Using environment: staging","logger":"scripts.api_client","filename":"api_client.py","lineno":19}
{"timestamp":"2026-07-05T08:35:52.096209Z","level":"info","event":"Calling URL: http://host.docker.internal:8000/rc","logger":"scripts.api_client","filename":"api_client.py","lineno":20}
{"timestamp":"2026-07-05T08:35:52.097726Z","level":"info","event":"Using environment: staging","logger":"scripts.api_client","filename":"api_client.py","lineno":19}
{"timestamp":"2026-07-05T08:35:52.097815Z","level":"info","event":"Calling URL: http://host.docker.internal:8000/valuation","logger":"scripts.api_client","filename":"api_client.py","lineno":20}
{"timestamp":"2026-07-05T08:35:52.098065Z","level":"info","event":"Using environment: staging","logger":"scripts.api_client","filename":"api_client.py","lineno":19}
{"timestamp":"2026-07-05T08:35:52.098212Z","level":"info","event":"Calling URL: http://host.docker.internal:8000/fastag","logger":"scripts.api_client","filename":"api_client.py","lineno":20}
{"timestamp":"2026-07-05T08:35:52.103724Z","level":"error","event":"2026-07-05 08:35:52,097 | INFO | Using environment: staging","logger":"task.stderr"}
{"timestamp":"2026-07-05T08:35:52.104153Z","level":"error","event":"2026-07-05 08:35:52,097 | INFO | Calling URL: http://host.docker.internal:8000/valuation","logger":"task.stderr"}
{"timestamp":"2026-07-05T08:35:52.104577Z","level":"error","event":"2026-07-05 08:35:52,097 | INFO | Using environment: staging","logger":"task.stderr"}
{"timestamp":"2026-07-05T08:35:52.104997Z","level":"error","event":"2026-07-05 08:35:52,098 | INFO | Calling URL: http://host.docker.internal:8000/fastag","logger":"task.stderr"}
{"timestamp":"2026-07-05T08:35:52.111102Z","level":"error","event":"2026-07-05 08:35:52,110 | ERROR | RC failed for Vehicle V001: HTTPConnectionPool(host='host.docker.internal', port=8000): Max retries exceeded with url: /rc (Caused by NewConnectionError(\"HTTPConnection(host='host.docker.internal', port=8000): Failed to establish a new connection: [Errno 101] Network is unreachable\"))","logger":"task.stderr"}
{"timestamp":"2026-07-05T08:35:52.111723Z","level":"error","event":"2026-07-05 08:35:52,111 | ERROR | FASTag failed for Vehicle V001: HTTPConnectionPool(host='host.docker.internal', port=8000): Max retries exceeded with url: /fastag (Caused by NewConnectionError(\"HTTPConnection(host='host.docker.internal', port=8000): Failed to establish a new connection: [Errno 101] Network is unreachable\"))","logger":"task.stderr"}
{"timestamp":"2026-07-05T08:35:52.112281Z","level":"error","event":"2026-07-05 08:35:52,111 | ERROR | VRN failed for Vehicle V001: HTTPConnectionPool(host='host.docker.internal', port=8000): Max retries exceeded with url: /vrn (Caused by NewConnectionError(\"HTTPConnection(host='host.docker.internal', port=8000): Failed to establish a new connection: [Errno 101] Network is unreachable\"))","logger":"task.stderr"}
{"timestamp":"2026-07-05T08:35:52.112742Z","level":"error","event":"2026-07-05 08:35:52,111 | ERROR | Valuation failed for Vehicle V001: HTTPConnectionPool(host='host.docker.internal', port=8000): Max retries exceeded with url: /valuation (Caused by NewConnectionError(\"HTTPConnection(host='host.docker.internal', port=8000): Failed to establish a new connection: [Errno 101] Network is unreachable\"))","logger":"task.stderr"}
{"timestamp":"2026-07-05T08:35:52.111070Z","level":"error","event":"RC failed for Vehicle V001: HTTPConnectionPool(host='host.docker.internal', port=8000): Max retries exceeded with url: /rc (Caused by NewConnectionError(\"HTTPConnection(host='host.docker.internal', port=8000): Failed to establish a new connection: [Errno 101] Network is unreachable\"))","logger":"utils.error_handler","dag_id":"vehicle_batch_pipeline","ti_id":"019f316b-3426-73bc-beff-db770b1b56c1","try_number":1,"task_id":"process_batch_task","map_index":0,"run_id":"manual__2026-07-05T08:35:36.923947+00:00","filename":"error_handler.py","lineno":7}
{"timestamp":"2026-07-05T08:35:52.111246Z","level":"error","event":"FASTag failed for Vehicle V001: HTTPConnectionPool(host='host.docker.internal', port=8000): Max retries exceeded with url: /fastag (Caused by NewConnectionError(\"HTTPConnection(host='host.docker.internal', port=8000): Failed to establish a new connection: [Errno 101] Network is unreachable\"))","logger":"utils.error_handler","dag_id":"vehicle_batch_pipeline","ti_id":"019f316b-3426-73bc-beff-db770b1b56c1","try_number":1,"task_id":"process_batch_task","map_index":0,"run_id":"manual__2026-07-05T08:35:36.923947+00:00","filename":"error_handler.py","lineno":7}
{"timestamp":"2026-07-05T08:35:52.111342Z","level":"error","event":"VRN failed for Vehicle V001: HTTPConnectionPool(host='host.docker.internal', port=8000): Max retries exceeded with url: /vrn (Caused by NewConnectionError(\"HTTPConnection(host='host.docker.internal', port=8000): Failed to establish a new connection: [Errno 101] Network is unreachable\"))","logger":"utils.error_handler","dag_id":"vehicle_batch_pipeline","ti_id":"019f316b-3426-73bc-beff-db770b1b56c1","try_number":1,"task_id":"process_batch_task","map_index":0,"run_id":"manual__2026-07-05T08:35:36.923947+00:00","filename":"error_handler.py","lineno":7}
{"timestamp":"2026-07-05T08:35:52.111434Z","level":"error","event":"Valuation failed for Vehicle V001: HTTPConnectionPool(host='host.docker.internal', port=8000): Max retries exceeded with url: /valuation (Caused by NewConnectionError(\"HTTPConnection(host='host.docker.internal', port=8000): Failed to establish a new connection: [Errno 101] Network is unreachable\"))","logger":"utils.error_handler","dag_id":"vehicle_batch_pipeline","ti_id":"019f316b-3426-73bc-beff-db770b1b56c1","try_number":1,"task_id":"process_batch_task","map_index":0,"run_id":"manual__2026-07-05T08:35:36.923947+00:00","filename":"error_handler.py","lineno":7}
{"timestamp":"2026-07-05T08:35:52.112652Z","level":"info","event":"Using environment: staging","logger":"scripts.api_client","filename":"api_client.py","lineno":19}
{"timestamp":"2026-07-05T08:35:52.112821Z","level":"info","event":"Calling URL: http://host.docker.internal:8000/rc","logger":"scripts.api_client","filename":"api_client.py","lineno":20}
{"timestamp":"2026-07-05T08:35:52.116591Z","level":"error","event":"2026-07-05 08:35:52,112 | INFO | Using environment: staging","logger":"task.stderr"}
{"timestamp":"2026-07-05T08:35:52.117019Z","level":"error","event":"2026-07-05 08:35:52,112 | INFO | Calling URL: http://host.docker.internal:8000/rc","logger":"task.stderr"}
{"timestamp":"2026-07-05T08:35:52.117465Z","level":"error","event":"2026-07-05 08:35:52,113 | INFO | Using environment: staging","logger":"task.stderr"}
{"timestamp":"2026-07-05T08:35:52.117994Z","level":"error","event":"2026-07-05 08:35:52,113 | INFO | Calling URL: http://host.docker.internal:8000/fastag","logger":"task.stderr"}
{"timestamp":"2026-07-05T08:35:52.118513Z","level":"error","event":"2026-07-05 08:35:52,115 | INFO | Using environment: staging","logger":"task.stderr"}
{"timestamp":"2026-07-05T08:35:52.119048Z","level":"error","event":"2026-07-05 08:35:52,115 | INFO | Calling URL: http://host.docker.internal:8000/vrn","logger":"task.stderr"}
{"timestamp":"2026-07-05T08:35:52.119571Z","level":"error","event":"2026-07-05 08:35:52,116 | INFO | Using environment: staging","logger":"task.stderr"}
{"timestamp":"2026-07-05T08:35:52.113357Z","level":"info","event":"Using environment: staging","logger":"scripts.api_client","filename":"api_client.py","lineno":19}
{"timestamp":"2026-07-05T08:35:52.113503Z","level":"info","event":"Calling URL: http://host.docker.internal:8000/fastag","logger":"scripts.api_client","filename":"api_client.py","lineno":20}
{"timestamp":"2026-07-05T08:35:52.115755Z","level":"info","event":"Using environment: staging","logger":"scripts.api_client","filename":"api_client.py","lineno":19}
{"timestamp":"2026-07-05T08:35:52.116045Z","level":"info","event":"Calling URL: http://host.docker.internal:8000/vrn","logger":"scripts.api_client","filename":"api_client.py","lineno":20}
{"timestamp":"2026-07-05T08:35:52.116542Z","level":"info","event":"Using environment: staging","logger":"scripts.api_client","filename":"api_client.py","lineno":19}
{"timestamp":"2026-07-05T08:35:52.116677Z","level":"info","event":"Calling URL: http://host.docker.internal:8000/valuation","logger":"scripts.api_client","filename":"api_client.py","lineno":20}
{"timestamp":"2026-07-05T08:35:52.123156Z","level":"info","event":"V001 processed in 3.05 sec","logger":"task.stdout"}
{"timestamp":"2026-07-05T08:35:52.123674Z","level":"error","event":"2026-07-05 08:35:52,116 | INFO | Calling URL: http://host.docker.internal:8000/valuation","logger":"task.stderr"}
{"timestamp":"2026-07-05T08:35:52.124113Z","level":"error","event":"2026-07-05 08:35:52,121 | WARNING | Retrying scripts.api_client.post in 1 seconds as it raised ConnectionError: HTTPConnectionPool(host='host.docker.internal', port=8000): Max retries exceeded with url: /vrn (Caused by NewConnectionError(\"HTTPConnection(host='host.docker.internal', port=8000): Failed to establish a new connection: [Errno 101] Network is unreachable\")).","logger":"task.stderr"}
{"timestamp":"2026-07-05T08:35:52.124541Z","level":"error","event":"2026-07-05 08:35:52,122 | WARNING | Retrying scripts.api_client.post in 1 seconds as it raised ConnectionError: HTTPConnectionPool(host='host.docker.internal', port=8000): Max retries exceeded with url: /valuation (Caused by NewConnectionError(\"HTTPConnection(host='host.docker.internal', port=8000): Failed to establish a new connection: [Errno 101] Network is unreachable\")).","logger":"task.stderr"}
{"timestamp":"2026-07-05T08:35:52.124978Z","level":"error","event":"2026-07-05 08:35:52,122 | WARNING | Retrying scripts.api_client.post in 1 seconds as it raised ConnectionError: HTTPConnectionPool(host='host.docker.internal', port=8000): Max retries exceeded with url: /rc (Caused by NewConnectionError(\"HTTPConnection(host='host.docker.internal', port=8000): Failed to establish a new connection: [Errno 101] Network is unreachable\")).","logger":"task.stderr"}
{"timestamp":"2026-07-05T08:35:52.122051Z","level":"warning","event":"Retrying scripts.api_client.post in 1 seconds as it raised ConnectionError: HTTPConnectionPool(host='host.docker.internal', port=8000): Max retries exceeded with url: /vrn (Caused by NewConnectionError(\"HTTPConnection(host='host.docker.internal', port=8000): Failed to establish a new connection: [Errno 101] Network is unreachable\")).","logger":"scripts.api_client","filename":"before_sleep.py","lineno":64}
{"timestamp":"2026-07-05T08:35:52.122563Z","level":"warning","event":"Retrying scripts.api_client.post in 1 seconds as it raised ConnectionError: HTTPConnectionPool(host='host.docker.internal', port=8000): Max retries exceeded with url: /valuation (Caused by NewConnectionError(\"HTTPConnection(host='host.docker.internal', port=8000): Failed to establish a new connection: [Errno 101] Network is unreachable\")).","logger":"scripts.api_client","filename":"before_sleep.py","lineno":64}
{"timestamp":"2026-07-05T08:35:52.123595Z","level":"warning","event":"Retrying scripts.api_client.post in 1 seconds as it raised ConnectionError: HTTPConnectionPool(host='host.docker.internal', port=8000): Max retries exceeded with url: /rc (Caused by NewConnectionError(\"HTTPConnection(host='host.docker.internal', port=8000): Failed to establish a new connection: [Errno 101] Network is unreachable\")).","logger":"scripts.api_client","filename":"before_sleep.py","lineno":64}
{"timestamp":"2026-07-05T08:35:52.123747Z","level":"warning","event":"Retrying scripts.api_client.post in 1 seconds as it raised ConnectionError: HTTPConnectionPool(host='host.docker.internal', port=8000): Max retries exceeded with url: /fastag (Caused by NewConnectionError(\"HTTPConnection(host='host.docker.internal', port=8000): Failed to establish a new connection: [Errno 101] Network is unreachable\")).","logger":"scripts.api_client","filename":"before_sleep.py","lineno":64}
{"timestamp":"2026-07-05T08:35:52.127342Z","level":"error","event":"2026-07-05 08:35:52,123 | WARNING | Retrying scripts.api_client.post in 1 seconds as it raised ConnectionError: HTTPConnectionPool(host='host.docker.internal', port=8000): Max retries exceeded with url: /fastag (Caused by NewConnectionError(\"HTTPConnection(host='host.docker.internal', port=8000): Failed to establish a new connection: [Errno 101] Network is unreachable\")).","logger":"task.stderr"}
{"timestamp":"2026-07-05T08:35:53.123133Z","level":"error","event":"2026-07-05 08:35:53,122 | INFO | Using environment: staging","logger":"task.stderr"}
{"timestamp":"2026-07-05T08:35:53.125734Z","level":"error","event":"2026-07-05 08:35:53,122 | INFO | Using environment: staging","logger":"task.stderr"}
{"timestamp":"2026-07-05T08:35:53.126851Z","level":"error","event":"2026-07-05 08:35:53,123 | INFO | Calling URL: http://host.docker.internal:8000/vrn","logger":"task.stderr"}
{"timestamp":"2026-07-05T08:35:53.128076Z","level":"error","event":"2026-07-05 08:35:53,123 | INFO | Calling URL: http://host.docker.internal:8000/valuation","logger":"task.stderr"}
{"timestamp":"2026-07-05T08:35:53.128758Z","level":"error","event":"2026-07-05 08:35:53,124 | INFO | Using environment: staging","logger":"task.stderr"}
{"timestamp":"2026-07-05T08:35:53.129384Z","level":"error","event":"2026-07-05 08:35:53,125 | INFO | Using environment: staging","logger":"task.stderr"}
{"timestamp":"2026-07-05T08:35:53.123031Z","level":"info","event":"Using environment: staging","logger":"scripts.api_client","filename":"api_client.py","lineno":19}
{"timestamp":"2026-07-05T08:35:53.123486Z","level":"info","event":"Using environment: staging","logger":"scripts.api_client","filename":"api_client.py","lineno":19}
{"timestamp":"2026-07-05T08:35:53.123668Z","level":"info","event":"Calling URL: http://host.docker.internal:8000/vrn","logger":"scripts.api_client","filename":"api_client.py","lineno":20}
{"timestamp":"2026-07-05T08:35:53.125283Z","level":"info","event":"Calling URL: http://host.docker.internal:8000/valuation","logger":"scripts.api_client","filename":"api_client.py","lineno":20}
{"timestamp":"2026-07-05T08:35:53.126437Z","level":"info","event":"Using environment: staging","logger":"scripts.api_client","filename":"api_client.py","lineno":19}
{"timestamp":"2026-07-05T08:35:53.126797Z","level":"info","event":"Using environment: staging","logger":"scripts.api_client","filename":"api_client.py","lineno":19}
{"timestamp":"2026-07-05T08:35:53.127301Z","level":"info","event":"Calling URL: http://host.docker.internal:8000/fastag","logger":"scripts.api_client","filename":"api_client.py","lineno":20}
{"timestamp":"2026-07-05T08:35:53.129170Z","level":"info","event":"Calling URL: http://host.docker.internal:8000/rc","logger":"scripts.api_client","filename":"api_client.py","lineno":20}
{"timestamp":"2026-07-05T08:35:53.134584Z","level":"error","event":"2026-07-05 08:35:53,126 | INFO | Calling URL: http://host.docker.internal:8000/fastag","logger":"task.stderr"}
{"timestamp":"2026-07-05T08:35:53.135130Z","level":"error","event":"2026-07-05 08:35:53,126 | INFO | Calling URL: http://host.docker.internal:8000/rc","logger":"task.stderr"}
{"timestamp":"2026-07-05T08:35:53.135592Z","level":"error","event":"2026-07-05 08:35:53,133 | WARNING | Retrying scripts.api_client.post in 2 seconds as it raised ConnectionError: HTTPConnectionPool(host='host.docker.internal', port=8000): Max retries exceeded with url: /vrn (Caused by NewConnectionError(\"HTTPConnection(host='host.docker.internal', port=8000): Failed to establish a new connection: [Errno 101] Network is unreachable\")).","logger":"task.stderr"}
{"timestamp":"2026-07-05T08:35:53.136075Z","level":"error","event":"2026-07-05 08:35:53,134 | WARNING | Retrying scripts.api_client.post in 2 seconds as it raised ConnectionError: HTTPConnectionPool(host='host.docker.internal', port=8000): Max retries exceeded with url: /valuation (Caused by NewConnectionError(\"HTTPConnection(host='host.docker.internal', port=8000): Failed to establish a new connection: [Errno 101] Network is unreachable\")).","logger":"task.stderr"}
{"timestamp":"2026-07-05T08:35:53.133789Z","level":"warning","event":"Retrying scripts.api_client.post in 2 seconds as it raised ConnectionError: HTTPConnectionPool(host='host.docker.internal', port=8000): Max retries exceeded with url: /vrn (Caused by NewConnectionError(\"HTTPConnection(host='host.docker.internal', port=8000): Failed to establish a new connection: [Errno 101] Network is unreachable\")).","logger":"scripts.api_client","filename":"before_sleep.py","lineno":64}
{"timestamp":"2026-07-05T08:35:53.134211Z","level":"warning","event":"Retrying scripts.api_client.post in 2 seconds as it raised ConnectionError: HTTPConnectionPool(host='host.docker.internal', port=8000): Max retries exceeded with url: /valuation (Caused by NewConnectionError(\"HTTPConnection(host='host.docker.internal', port=8000): Failed to establish a new connection: [Errno 101] Network is unreachable\")).","logger":"scripts.api_client","filename":"before_sleep.py","lineno":64}
{"timestamp":"2026-07-05T08:35:53.134675Z","level":"warning","event":"Retrying scripts.api_client.post in 2 seconds as it raised ConnectionError: HTTPConnectionPool(host='host.docker.internal', port=8000): Max retries exceeded with url: /fastag (Caused by NewConnectionError(\"HTTPConnection(host='host.docker.internal', port=8000): Failed to establish a new connection: [Errno 101] Network is unreachable\")).","logger":"scripts.api_client","filename":"before_sleep.py","lineno":64}
{"timestamp":"2026-07-05T08:35:53.137922Z","level":"error","event":"2026-07-05 08:35:53,134 | WARNING | Retrying scripts.api_client.post in 2 seconds as it raised ConnectionError: HTTPConnectionPool(host='host.docker.internal', port=8000): Max retries exceeded with url: /fastag (Caused by NewConnectionError(\"HTTPConnection(host='host.docker.internal', port=8000): Failed to establish a new connection: [Errno 101] Network is unreachable\")).","logger":"task.stderr"}
{"timestamp":"2026-07-05T08:35:53.138340Z","level":"error","event":"2026-07-05 08:35:53,137 | WARNING | Retrying scripts.api_client.post in 2 seconds as it raised ConnectionError: HTTPConnectionPool(host='host.docker.internal', port=8000): Max retries exceeded with url: /rc (Caused by NewConnectionError(\"HTTPConnection(host='host.docker.internal', port=8000): Failed to establish a new connection: [Errno 101] Network is unreachable\")).","logger":"task.stderr"}
{"timestamp":"2026-07-05T08:35:53.137134Z","level":"warning","event":"Retrying scripts.api_client.post in 2 seconds as it raised ConnectionError: HTTPConnectionPool(host='host.docker.internal', port=8000): Max retries exceeded with url: /rc (Caused by NewConnectionError(\"HTTPConnection(host='host.docker.internal', port=8000): Failed to establish a new connection: [Errno 101] Network is unreachable\")).","logger":"scripts.api_client","filename":"before_sleep.py","lineno":64}
{"timestamp":"2026-07-05T08:35:55.135714Z","level":"error","event":"2026-07-05 08:35:55,134 | INFO | Using environment: staging","logger":"task.stderr"}
{"timestamp":"2026-07-05T08:35:55.166341Z","level":"error","event":"2026-07-05 08:35:55,135 | INFO | Using environment: staging","logger":"task.stderr"}
{"timestamp":"2026-07-05T08:35:55.167547Z","level":"error","event":"2026-07-05 08:35:55,135 | INFO | Using environment: staging","logger":"task.stderr"}
{"timestamp":"2026-07-05T08:35:55.168166Z","level":"error","event":"2026-07-05 08:35:55,136 | INFO | Calling URL: http://host.docker.internal:8000/vrn","logger":"task.stderr"}
{"timestamp":"2026-07-05T08:35:55.168720Z","level":"error","event":"2026-07-05 08:35:55,136 | INFO | Calling URL: http://host.docker.internal:8000/valuation","logger":"task.stderr"}
{"timestamp":"2026-07-05T08:35:55.169294Z","level":"error","event":"2026-07-05 08:35:55,137 | INFO | Using environment: staging","logger":"task.stderr"}
{"timestamp":"2026-07-05T08:35:55.170097Z","level":"error","event":"2026-07-05 08:35:55,137 | INFO | Calling URL: http://host.docker.internal:8000/fastag","logger":"task.stderr"}
{"timestamp":"2026-07-05T08:35:55.170728Z","level":"error","event":"2026-07-05 08:35:55,143 | INFO | Calling URL: http://host.docker.internal:8000/rc","logger":"task.stderr"}
{"timestamp":"2026-07-05T08:35:55.171525Z","level":"error","event":"2026-07-05 08:35:55,160 | ERROR | RC failed for Vehicle V002: HTTPConnectionPool(host='host.docker.internal', port=8000): Max retries exceeded with url: /rc (Caused by NewConnectionError(\"HTTPConnection(host='host.docker.internal', port=8000): Failed to establish a new connection: [Errno 101] Network is unreachable\"))","logger":"task.stderr"}
{"timestamp":"2026-07-05T08:35:55.172104Z","level":"error","event":"2026-07-05 08:35:55,160 | ERROR | FASTag failed for Vehicle V002: HTTPConnectionPool(host='host.docker.internal', port=8000): Max retries exceeded with url: /fastag (Caused by NewConnectionError(\"HTTPConnection(host='host.docker.internal', port=8000): Failed to establish a new connection: [Errno 101] Network is unreachable\"))","logger":"task.stderr"}
{"timestamp":"2026-07-05T08:35:55.172717Z","level":"error","event":"2026-07-05 08:35:55,160 | ERROR | VRN failed for Vehicle V002: HTTPConnectionPool(host='host.docker.internal', port=8000): Max retries exceeded with url: /vrn (Caused by NewConnectionError(\"HTTPConnection(host='host.docker.internal', port=8000): Failed to establish a new connection: [Errno 101] Network is unreachable\"))","logger":"task.stderr"}
{"timestamp":"2026-07-05T08:35:55.173338Z","level":"error","event":"2026-07-05 08:35:55,161 | ERROR | Valuation failed for Vehicle V002: HTTPConnectionPool(host='host.docker.internal', port=8000): Max retries exceeded with url: /valuation (Caused by NewConnectionError(\"HTTPConnection(host='host.docker.internal', port=8000): Failed to establish a new connection: [Errno 101] Network is unreachable\"))","logger":"task.stderr"}
{"timestamp":"2026-07-05T08:35:55.174026Z","level":"error","event":"2026-07-05 08:35:55,163 | INFO |","logger":"task.stderr"}
{"timestamp":"2026-07-05T08:35:55.174880Z","level":"error","event":"==========================","logger":"task.stderr"}
{"timestamp":"2026-07-05T08:35:55.175440Z","level":"error","event":"Batch Summary","logger":"task.stderr"}
{"timestamp":"2026-07-05T08:35:55.178700Z","level":"error","event":"==========================","logger":"task.stderr"}
{"timestamp":"2026-07-05T08:35:55.180965Z","level":"error","event":"Total Records : 2","logger":"task.stderr"}
{"timestamp":"2026-07-05T08:35:55.182967Z","level":"error","event":"Success : 2","logger":"task.stderr"}
{"timestamp":"2026-07-05T08:35:55.187469Z","level":"error","event":"Failed : 0","logger":"task.stderr"}
{"timestamp":"2026-07-05T08:35:55.188672Z","level":"error","event":"Success Rate : 100.0%","logger":"task.stderr"}
{"timestamp":"2026-07-05T08:35:55.189275Z","level":"error","event":"==========================","logger":"task.stderr"}
{"timestamp":"2026-07-05T08:35:55.135508Z","level":"info","event":"Using environment: staging","logger":"scripts.api_client","filename":"api_client.py","lineno":19}
{"timestamp":"2026-07-05T08:35:55.136671Z","level":"info","event":"Using environment: staging","logger":"scripts.api_client","filename":"api_client.py","lineno":19}
{"timestamp":"2026-07-05T08:35:55.137163Z","level":"info","event":"Using environment: staging","logger":"scripts.api_client","filename":"api_client.py","lineno":19}
{"timestamp":"2026-07-05T08:35:55.138030Z","level":"info","event":"Calling URL: http://host.docker.internal:8000/vrn","logger":"scripts.api_client","filename":"api_client.py","lineno":20}
{"timestamp":"2026-07-05T08:35:55.141511Z","level":"info","event":"Calling URL: http://host.docker.internal:8000/valuation","logger":"scripts.api_client","filename":"api_client.py","lineno":20}
{"timestamp":"2026-07-05T08:35:55.143137Z","level":"info","event":"Using environment: staging","logger":"scripts.api_client","filename":"api_client.py","lineno":19}
{"timestamp":"2026-07-05T08:35:55.143629Z","level":"info","event":"Calling URL: http://host.docker.internal:8000/fastag","logger":"scripts.api_client","filename":"api_client.py","lineno":20}
{"timestamp":"2026-07-05T08:35:55.149998Z","level":"info","event":"Calling URL: http://host.docker.internal:8000/rc","logger":"scripts.api_client","filename":"api_client.py","lineno":20}
{"timestamp":"2026-07-05T08:35:55.160412Z","level":"error","event":"RC failed for Vehicle V002: HTTPConnectionPool(host='host.docker.internal', port=8000): Max retries exceeded with url: /rc (Caused by NewConnectionError(\"HTTPConnection(host='host.docker.internal', port=8000): Failed to establish a new connection: [Errno 101] Network is unreachable\"))","logger":"utils.error_handler","dag_id":"vehicle_batch_pipeline","ti_id":"019f316b-3426-73bc-beff-db770b1b56c1","try_number":1,"task_id":"process_batch_task","map_index":0,"run_id":"manual__2026-07-05T08:35:36.923947+00:00","filename":"error_handler.py","lineno":7}
{"timestamp":"2026-07-05T08:35:55.160841Z","level":"error","event":"FASTag failed for Vehicle V002: HTTPConnectionPool(host='host.docker.internal', port=8000): Max retries exceeded with url: /fastag (Caused by NewConnectionError(\"HTTPConnection(host='host.docker.internal', port=8000): Failed to establish a new connection: [Errno 101] Network is unreachable\"))","logger":"utils.error_handler","dag_id":"vehicle_batch_pipeline","ti_id":"019f316b-3426-73bc-beff-db770b1b56c1","try_number":1,"task_id":"process_batch_task","map_index":0,"run_id":"manual__2026-07-05T08:35:36.923947+00:00","filename":"error_handler.py","lineno":7}
{"timestamp":"2026-07-05T08:35:55.161026Z","level":"error","event":"VRN failed for Vehicle V002: HTTPConnectionPool(host='host.docker.internal', port=8000): Max retries exceeded with url: /vrn (Caused by NewConnectionError(\"HTTPConnection(host='host.docker.internal', port=8000): Failed to establish a new connection: [Errno 101] Network is unreachable\"))","logger":"utils.error_handler","dag_id":"vehicle_batch_pipeline","ti_id":"019f316b-3426-73bc-beff-db770b1b56c1","try_number":1,"task_id":"process_batch_task","map_index":0,"run_id":"manual__2026-07-05T08:35:36.923947+00:00","filename":"error_handler.py","lineno":7}
{"timestamp":"2026-07-05T08:35:55.161205Z","level":"error","event":"Valuation failed for Vehicle V002: HTTPConnectionPool(host='host.docker.internal', port=8000): Max retries exceeded with url: /valuation (Caused by NewConnectionError(\"HTTPConnection(host='host.docker.internal', port=8000): Failed to establish a new connection: [Errno 101] Network is unreachable\"))","logger":"utils.error_handler","dag_id":"vehicle_batch_pipeline","ti_id":"019f316b-3426-73bc-beff-db770b1b56c1","try_number":1,"task_id":"process_batch_task","map_index":0,"run_id":"manual__2026-07-05T08:35:36.923947+00:00","filename":"error_handler.py","lineno":7}
{"timestamp":"2026-07-05T08:35:55.217180Z","level":"info","event":"V002 processed in 3.05 sec","logger":"task.stdout"}
{"timestamp":"2026-07-05T08:35:55.163280Z","level":"info","event":"\n==========================\nBatch Summary\n==========================\nTotal Records : 2\nSuccess : 2\nFailed : 0\nSuccess Rate : 100.0%\n==========================","logger":"scripts.process_batch","dag_id":"vehicle_batch_pipeline","ti_id":"019f316b-3426-73bc-beff-db770b1b56c1","try_number":1,"task_id":"process_batch_task","map_index":0,"run_id":"manual__2026-07-05T08:35:36.923947+00:00","filename":"process_batch.py","lineno":52}
{"timestamp":"2026-07-05T08:35:55.182074Z","level":"info","event":"Done. Returned value was:    year    brand  ...  status                                              error\n0  2022   Toyota  ...  FAILED  HTTPConnectionPool(host='host.docker.internal'...\n1  2021  Hyundai  ...  FAILED  HTTPConnectionPool(host='host.docker.internal'...\n\n[2 rows x 7 columns]","dag_id":"vehicle_batch_pipeline","ti_id":"019f316b-3426-73bc-beff-db770b1b56c1","try_number":1,"task_id":"process_batch_task","map_index":0,"run_id":"manual__2026-07-05T08:35:36.923947+00:00","logger":"airflow.task.operators.airflow.providers.standard.decorators.python._PythonDecoratedOperator","filename":"python.py","lineno":233}
{"timestamp":"2026-07-05T08:35:55.182506Z","level":"info","event":"::group::Post Execute","dag_id":"vehicle_batch_pipeline","ti_id":"019f316b-3426-73bc-beff-db770b1b56c1","try_number":1,"task_id":"process_batch_task","map_index":0,"run_id":"manual__2026-07-05T08:35:36.923947+00:00","logger":"task","filename":"task_runner.py","lineno":1288}
{"timestamp":"2026-07-05T08:35:55.182932Z","level":"info","event":"Pushing xcom","ti":"RuntimeTaskInstance(id=UUID('019f316b-3426-73bc-beff-db770b1b56c1'), task_id='process_batch_task', dag_id='vehicle_batch_pipeline', run_id='manual__2026-07-05T08:35:36.923947+00:00', try_number=1, dag_version_id=UUID('019f2c50-8b66-7475-9dae-822508d85766'), map_index=0, hostname='8e3d505c6688', context_carrier={'traceparent': '00-c04e1c7b7a2f296b349d094ca6db8d8c-e4c7b71eebedb890-01'}, task=<Task(_PythonDecoratedOperator): process_batch_task>, bundle_instance=LocalDagBundle(name=dags-folder), max_tries=2, start_date=datetime.datetime(2026, 7, 5, 8, 35, 48, 402123, tzinfo=datetime.timezone.utc), end_date=None, state=<TaskInstanceState.RUNNING: 'running'>, is_mapped=True, rendered_map_index=None, sentry_integration='')","dag_id":"vehicle_batch_pipeline","ti_id":"019f316b-3426-73bc-beff-db770b1b56c1","try_number":1,"task_id":"process_batch_task","map_index":0,"run_id":"manual__2026-07-05T08:35:36.923947+00:00","logger":"task","filename":"task_runner.py","lineno":1791}
{"timestamp":"2026-07-05T08:35:55.298047Z","level":"info","event":"Task instance in success state","logger":"task.stdout"}
{"timestamp":"2026-07-05T08:35:55.300523Z","level":"info","event":" Previous state of the Task instance: TaskInstanceState.RUNNING","logger":"task.stdout"}
{"timestamp":"2026-07-05T08:35:55.301748Z","level":"info","event":"Task operator:<Task(_PythonDecoratedOperator): process_batch_task>","logger":"task.stdout"}
{"timestamp":"2026-07-05T08:35:55.298387Z","level":"info","event":"::endgroup::","dag_id":"vehicle_batch_pipeline","ti_id":"019f316b-3426-73bc-beff-db770b1b56c1","try_number":1,"task_id":"process_batch_task","map_index":0,"run_id":"manual__2026-07-05T08:35:36.923947+00:00","logger":"task","filename":"task_runner.py","lineno":1896}
