{"timestamp":"2026-07-05T08:47:28.991743Z","level":"info","event":"::group::Pre Execute","logger":"task","filename":"task_runner.py","lineno":1926}
{"timestamp":"2026-07-05T08:47:29.322658Z","level":"info","event":"DAG bundles loaded: dags-folder, example_dags","try_number":1,"run_id":"manual__2026-07-05T08:47:19.525395+00:00","ti_id":"019f3176-0fdf-7e03-9572-24084c325067","map_index":1,"task_id":"process_batch_task","dag_id":"vehicle_batch_pipeline","logger":"airflow.dag_processing.bundles.manager.DagBundlesManager","filename":"manager.py","lineno":209}
{"timestamp":"2026-07-05T08:47:29.324828Z","level":"info","event":"Filling up the DagBag from /opt/airflow/dags/vehicle_pipeline.py","try_number":1,"run_id":"manual__2026-07-05T08:47:19.525395+00:00","ti_id":"019f3176-0fdf-7e03-9572-24084c325067","map_index":1,"task_id":"process_batch_task","dag_id":"vehicle_batch_pipeline","logger":"airflow.dag_processing.dagbag.BundleDagBag","filename":"dagbag.py","lineno":469}
{"timestamp":"2026-07-05T08:47:29.450940Z","level":"warning","event":"Using Variable.get from `airflow.models` is deprecated.Please use `get` on Variable from sdk(`airflow.sdk.Variable`) instead","category":"UserWarning","filename":"/home/airflow/.local/lib/python3.13/site-packages/airflow/models/variable.py","lineno":159,"try_number":1,"run_id":"manual__2026-07-05T08:47:19.525395+00:00","ti_id":"019f3176-0fdf-7e03-9572-24084c325067","map_index":1,"task_id":"process_batch_task","dag_id":"vehicle_batch_pipeline","logger":"py.warnings"}
{"timestamp":"2026-07-05T08:47:29.486150Z","level":"info","event":"Task instance is in running state","logger":"task.stdout"}
{"timestamp":"2026-07-05T08:47:29.486880Z","level":"info","event":" Previous state of the Task instance: TaskInstanceState.QUEUED","logger":"task.stdout"}
{"timestamp":"2026-07-05T08:47:29.487368Z","level":"info","event":"Current task name:process_batch_task","logger":"task.stdout"}
{"timestamp":"2026-07-05T08:47:29.487784Z","level":"info","event":"Dag name:vehicle_batch_pipeline","logger":"task.stdout"}
{"timestamp":"2026-07-05T08:47:29.486685Z","level":"info","event":"::endgroup::","try_number":1,"run_id":"manual__2026-07-05T08:47:19.525395+00:00","ti_id":"019f3176-0fdf-7e03-9572-24084c325067","map_index":1,"task_id":"process_batch_task","dag_id":"vehicle_batch_pipeline","logger":"task","filename":"task_runner.py","lineno":1727}
{"timestamp":"2026-07-05T08:47:29.489274Z","level":"error","event":"2026-07-05 08:47:29,489 | INFO | Processing batch_2.csv","logger":"task.stderr"}
{"timestamp":"2026-07-05T08:47:29.489291Z","level":"info","event":"Processing batch_2.csv","logger":"scripts.process_batch","try_number":1,"run_id":"manual__2026-07-05T08:47:19.525395+00:00","ti_id":"019f3176-0fdf-7e03-9572-24084c325067","map_index":1,"task_id":"process_batch_task","dag_id":"vehicle_batch_pipeline","filename":"process_batch.py","lineno":14}
{"timestamp":"2026-07-05T08:47:29.498558Z","level":"error","event":"2026-07-05 08:47:29,498 | INFO | Rows = 2","logger":"task.stderr"}
{"timestamp":"2026-07-05T08:47:29.498513Z","level":"info","event":"Rows = 2","logger":"scripts.process_batch","try_number":1,"run_id":"manual__2026-07-05T08:47:19.525395+00:00","ti_id":"019f3176-0fdf-7e03-9572-24084c325067","map_index":1,"task_id":"process_batch_task","dag_id":"vehicle_batch_pipeline","filename":"process_batch.py","lineno":18}
{"timestamp":"2026-07-05T08:47:29.498766Z","level":"warning","event":"Using Variable.get from `airflow.models` is deprecated.Please use `get` on Variable from sdk(`airflow.sdk.Variable`) instead","category":"DeprecationWarning","filename":"/home/airflow/.local/lib/python3.13/site-packages/airflow/models/variable.py","lineno":159,"try_number":1,"run_id":"manual__2026-07-05T08:47:19.525395+00:00","ti_id":"019f3176-0fdf-7e03-9572-24084c325067","map_index":1,"task_id":"process_batch_task","dag_id":"vehicle_batch_pipeline","logger":"py.warnings"}
{"timestamp":"2026-07-05T08:47:29.509305Z","level":"warning","event":"Skipping masking for a secret as it's too short (<5 chars)","logger":"airflow._shared.secrets_masker.secrets_masker","try_number":1,"run_id":"manual__2026-07-05T08:47:19.525395+00:00","ti_id":"019f3176-0fdf-7e03-9572-24084c325067","map_index":1,"task_id":"process_batch_task","dag_id":"vehicle_batch_pipeline","filename":"secrets_masker.py","lineno":590}
{"timestamp":"2026-07-05T08:47:29.509531Z","level":"info","event":"Valuation Enabled = True","logger":"scripts.process_batch","try_number":1,"run_id":"manual__2026-07-05T08:47:19.525395+00:00","ti_id":"019f3176-0fdf-7e03-9572-24084c325067","map_index":1,"task_id":"process_batch_task","dag_id":"vehicle_batch_pipeline","filename":"process_batch.py","lineno":30}
{"timestamp":"2026-07-05T08:47:29.511013Z","level":"error","event":"2026-07-05 08:47:29,509 | INFO | Valuation Enabled = True","logger":"task.stderr"}
{"timestamp":"2026-07-05T08:47:29.511577Z","level":"error","event":"2026-07-05 08:47:29,510 | INFO | Using environment: staging","logger":"task.stderr"}
{"timestamp":"2026-07-05T08:47:29.512076Z","level":"error","event":"2026-07-05 08:47:29,510 | INFO | Calling URL: http://host.docker.internal:8000/rc","logger":"task.stderr"}
{"timestamp":"2026-07-05T08:47:29.510777Z","level":"info","event":"Using environment: staging","logger":"scripts.api_client","filename":"api_client.py","lineno":19}
{"timestamp":"2026-07-05T08:47:29.510932Z","level":"info","event":"Calling URL: http://host.docker.internal:8000/rc","logger":"scripts.api_client","filename":"api_client.py","lineno":20}
{"timestamp":"2026-07-05T08:47:29.513547Z","level":"error","event":"2026-07-05 08:47:29,511 | INFO | Using environment: staging","logger":"task.stderr"}
{"timestamp":"2026-07-05T08:47:29.517052Z","level":"error","event":"2026-07-05 08:47:29,516 | INFO | Using environment: staging","logger":"task.stderr"}
{"timestamp":"2026-07-05T08:47:29.517024Z","level":"info","event":"Using environment: staging","logger":"scripts.api_client","filename":"api_client.py","lineno":19}
{"timestamp":"2026-07-05T08:47:29.517394Z","level":"info","event":"Using environment: staging","logger":"scripts.api_client","filename":"api_client.py","lineno":19}
{"timestamp":"2026-07-05T08:47:29.517732Z","level":"info","event":"Calling URL: http://host.docker.internal:8000/fastag","logger":"scripts.api_client","filename":"api_client.py","lineno":20}
{"timestamp":"2026-07-05T08:47:29.519273Z","level":"error","event":"2026-07-05 08:47:29,517 | INFO | Calling URL: http://host.docker.internal:8000/fastag","logger":"task.stderr"}
{"timestamp":"2026-07-05T08:47:29.519850Z","level":"error","event":"2026-07-05 08:47:29,517 | INFO | Calling URL: http://host.docker.internal:8000/vrn","logger":"task.stderr"}
{"timestamp":"2026-07-05T08:47:29.520409Z","level":"error","event":"2026-07-05 08:47:29,517 | INFO | Using environment: staging","logger":"task.stderr"}
{"timestamp":"2026-07-05T08:47:29.520828Z","level":"error","event":"2026-07-05 08:47:29,519 | INFO | Calling URL: http://host.docker.internal:8000/valuation","logger":"task.stderr"}
{"timestamp":"2026-07-05T08:47:29.519300Z","level":"info","event":"Calling URL: http://host.docker.internal:8000/vrn","logger":"scripts.api_client","filename":"api_client.py","lineno":20}
{"timestamp":"2026-07-05T08:47:29.519593Z","level":"info","event":"Using environment: staging","logger":"scripts.api_client","filename":"api_client.py","lineno":19}
{"timestamp":"2026-07-05T08:47:29.519761Z","level":"info","event":"Calling URL: http://host.docker.internal:8000/valuation","logger":"scripts.api_client","filename":"api_client.py","lineno":20}
{"timestamp":"2026-07-05T08:47:29.540347Z","level":"error","event":"2026-07-05 08:47:29,540 | WARNING | Retrying scripts.api_client.post in 1 seconds as it raised ConnectionError: HTTPConnectionPool(host='host.docker.internal', port=8000): Max retries exceeded with url: /vrn (Caused by NewConnectionError(\"HTTPConnection(host='host.docker.internal', port=8000): Failed to establish a new connection: [Errno 101] Network is unreachable\")).","logger":"task.stderr"}
{"timestamp":"2026-07-05T08:47:29.542677Z","level":"error","event":"2026-07-05 08:47:29,541 | WARNING | Retrying scripts.api_client.post in 1 seconds as it raised ConnectionError: HTTPConnectionPool(host='host.docker.internal', port=8000): Max retries exceeded with url: /rc (Caused by NewConnectionError(\"HTTPConnection(host='host.docker.internal', port=8000): Failed to establish a new connection: [Errno 101] Network is unreachable\")).","logger":"task.stderr"}
{"timestamp":"2026-07-05T08:47:29.543370Z","level":"error","event":"2026-07-05 08:47:29,541 | WARNING | Retrying scripts.api_client.post in 1 seconds as it raised ConnectionError: HTTPConnectionPool(host='host.docker.internal', port=8000): Max retries exceeded with url: /valuation (Caused by NewConnectionError(\"HTTPConnection(host='host.docker.internal', port=8000): Failed to establish a new connection: [Errno 101] Network is unreachable\")).","logger":"task.stderr"}
{"timestamp":"2026-07-05T08:47:29.543813Z","level":"error","event":"2026-07-05 08:47:29,541 | WARNING | Retrying scripts.api_client.post in 1 seconds as it raised ConnectionError: HTTPConnectionPool(host='host.docker.internal', port=8000): Max retries exceeded with url: /fastag (Caused by NewConnectionError(\"HTTPConnection(host='host.docker.internal', port=8000): Failed to establish a new connection: [Errno 101] Network is unreachable\")).","logger":"task.stderr"}
{"timestamp":"2026-07-05T08:47:29.540311Z","level":"warning","event":"Retrying scripts.api_client.post in 1 seconds as it raised ConnectionError: HTTPConnectionPool(host='host.docker.internal', port=8000): Max retries exceeded with url: /vrn (Caused by NewConnectionError(\"HTTPConnection(host='host.docker.internal', port=8000): Failed to establish a new connection: [Errno 101] Network is unreachable\")).","logger":"scripts.api_client","filename":"before_sleep.py","lineno":64}
{"timestamp":"2026-07-05T08:47:29.541148Z","level":"warning","event":"Retrying scripts.api_client.post in 1 seconds as it raised ConnectionError: HTTPConnectionPool(host='host.docker.internal', port=8000): Max retries exceeded with url: /rc (Caused by NewConnectionError(\"HTTPConnection(host='host.docker.internal', port=8000): Failed to establish a new connection: [Errno 101] Network is unreachable\")).","logger":"scripts.api_client","filename":"before_sleep.py","lineno":64}
{"timestamp":"2026-07-05T08:47:29.541657Z","level":"warning","event":"Retrying scripts.api_client.post in 1 seconds as it raised ConnectionError: HTTPConnectionPool(host='host.docker.internal', port=8000): Max retries exceeded with url: /valuation (Caused by NewConnectionError(\"HTTPConnection(host='host.docker.internal', port=8000): Failed to establish a new connection: [Errno 101] Network is unreachable\")).","logger":"scripts.api_client","filename":"before_sleep.py","lineno":64}
{"timestamp":"2026-07-05T08:47:29.542049Z","level":"warning","event":"Retrying scripts.api_client.post in 1 seconds as it raised ConnectionError: HTTPConnectionPool(host='host.docker.internal', port=8000): Max retries exceeded with url: /fastag (Caused by NewConnectionError(\"HTTPConnection(host='host.docker.internal', port=8000): Failed to establish a new connection: [Errno 101] Network is unreachable\")).","logger":"scripts.api_client","filename":"before_sleep.py","lineno":64}
{"timestamp":"2026-07-05T08:47:30.540994Z","level":"error","event":"2026-07-05 08:47:30,540 | INFO | Using environment: staging","logger":"task.stderr"}
{"timestamp":"2026-07-05T08:47:30.542155Z","level":"error","event":"2026-07-05 08:47:30,541 | INFO | Calling URL: http://host.docker.internal:8000/vrn","logger":"task.stderr"}
{"timestamp":"2026-07-05T08:47:30.540935Z","level":"info","event":"Using environment: staging","logger":"scripts.api_client","filename":"api_client.py","lineno":19}
{"timestamp":"2026-07-05T08:47:30.541140Z","level":"info","event":"Calling URL: http://host.docker.internal:8000/vrn","logger":"scripts.api_client","filename":"api_client.py","lineno":20}
{"timestamp":"2026-07-05T08:47:30.542457Z","level":"info","event":"Using environment: staging","logger":"scripts.api_client","filename":"api_client.py","lineno":19}
{"timestamp":"2026-07-05T08:47:30.545429Z","level":"error","event":"2026-07-05 08:47:30,542 | INFO | Using environment: staging","logger":"task.stderr"}
{"timestamp":"2026-07-05T08:47:30.546084Z","level":"error","event":"2026-07-05 08:47:30,542 | INFO | Calling URL: http://host.docker.internal:8000/rc","logger":"task.stderr"}
{"timestamp":"2026-07-05T08:47:30.547339Z","level":"error","event":"2026-07-05 08:47:30,542 | INFO | Using environment: staging","logger":"task.stderr"}
{"timestamp":"2026-07-05T08:47:30.548008Z","level":"error","event":"2026-07-05 08:47:30,542 | INFO | Using environment: staging","logger":"task.stderr"}
{"timestamp":"2026-07-05T08:47:30.548709Z","level":"error","event":"2026-07-05 08:47:30,544 | INFO | Calling URL: http://host.docker.internal:8000/fastag","logger":"task.stderr"}
{"timestamp":"2026-07-05T08:47:30.543188Z","level":"info","event":"Calling URL: http://host.docker.internal:8000/rc","logger":"scripts.api_client","filename":"api_client.py","lineno":20}
{"timestamp":"2026-07-05T08:47:30.544517Z","level":"info","event":"Using environment: staging","logger":"scripts.api_client","filename":"api_client.py","lineno":19}
{"timestamp":"2026-07-05T08:47:30.544871Z","level":"info","event":"Using environment: staging","logger":"scripts.api_client","filename":"api_client.py","lineno":19}
{"timestamp":"2026-07-05T08:47:30.545381Z","level":"info","event":"Calling URL: http://host.docker.internal:8000/fastag","logger":"scripts.api_client","filename":"api_client.py","lineno":20}
{"timestamp":"2026-07-05T08:47:30.546982Z","level":"info","event":"Calling URL: http://host.docker.internal:8000/valuation","logger":"scripts.api_client","filename":"api_client.py","lineno":20}
{"timestamp":"2026-07-05T08:47:30.552456Z","level":"error","event":"2026-07-05 08:47:30,544 | INFO | Calling URL: http://host.docker.internal:8000/valuation","logger":"task.stderr"}
{"timestamp":"2026-07-05T08:47:30.553009Z","level":"error","event":"2026-07-05 08:47:30,549 | WARNING | Retrying scripts.api_client.post in 2 seconds as it raised ConnectionError: HTTPConnectionPool(host='host.docker.internal', port=8000): Max retries exceeded with url: /vrn (Caused by NewConnectionError(\"HTTPConnection(host='host.docker.internal', port=8000): Failed to establish a new connection: [Errno 101] Network is unreachable\")).","logger":"task.stderr"}
{"timestamp":"2026-07-05T08:47:30.553539Z","level":"error","event":"2026-07-05 08:47:30,550 | WARNING | Retrying scripts.api_client.post in 2 seconds as it raised ConnectionError: HTTPConnectionPool(host='host.docker.internal', port=8000): Max retries exceeded with url: /rc (Caused by NewConnectionError(\"HTTPConnection(host='host.docker.internal', port=8000): Failed to establish a new connection: [Errno 101] Network is unreachable\")).","logger":"task.stderr"}
{"timestamp":"2026-07-05T08:47:30.554183Z","level":"error","event":"2026-07-05 08:47:30,551 | WARNING | Retrying scripts.api_client.post in 2 seconds as it raised ConnectionError: HTTPConnectionPool(host='host.docker.internal', port=8000): Max retries exceeded with url: /fastag (Caused by NewConnectionError(\"HTTPConnection(host='host.docker.internal', port=8000): Failed to establish a new connection: [Errno 101] Network is unreachable\")).","logger":"task.stderr"}
{"timestamp":"2026-07-05T08:47:30.554660Z","level":"error","event":"2026-07-05 08:47:30,552 | WARNING | Retrying scripts.api_client.post in 2 seconds as it raised ConnectionError: HTTPConnectionPool(host='host.docker.internal', port=8000): Max retries exceeded with url: /valuation (Caused by NewConnectionError(\"HTTPConnection(host='host.docker.internal', port=8000): Failed to establish a new connection: [Errno 101] Network is unreachable\")).","logger":"task.stderr"}
{"timestamp":"2026-07-05T08:47:30.549619Z","level":"warning","event":"Retrying scripts.api_client.post in 2 seconds as it raised ConnectionError: HTTPConnectionPool(host='host.docker.internal', port=8000): Max retries exceeded with url: /vrn (Caused by NewConnectionError(\"HTTPConnection(host='host.docker.internal', port=8000): Failed to establish a new connection: [Errno 101] Network is unreachable\")).","logger":"scripts.api_client","filename":"before_sleep.py","lineno":64}
{"timestamp":"2026-07-05T08:47:30.550567Z","level":"warning","event":"Retrying scripts.api_client.post in 2 seconds as it raised ConnectionError: HTTPConnectionPool(host='host.docker.internal', port=8000): Max retries exceeded with url: /rc (Caused by NewConnectionError(\"HTTPConnection(host='host.docker.internal', port=8000): Failed to establish a new connection: [Errno 101] Network is unreachable\")).","logger":"scripts.api_client","filename":"before_sleep.py","lineno":64}
{"timestamp":"2026-07-05T08:47:30.551928Z","level":"warning","event":"Retrying scripts.api_client.post in 2 seconds as it raised ConnectionError: HTTPConnectionPool(host='host.docker.internal', port=8000): Max retries exceeded with url: /fastag (Caused by NewConnectionError(\"HTTPConnection(host='host.docker.internal', port=8000): Failed to establish a new connection: [Errno 101] Network is unreachable\")).","logger":"scripts.api_client","filename":"before_sleep.py","lineno":64}
{"timestamp":"2026-07-05T08:47:30.552428Z","level":"warning","event":"Retrying scripts.api_client.post in 2 seconds as it raised ConnectionError: HTTPConnectionPool(host='host.docker.internal', port=8000): Max retries exceeded with url: /valuation (Caused by NewConnectionError(\"HTTPConnection(host='host.docker.internal', port=8000): Failed to establish a new connection: [Errno 101] Network is unreachable\")).","logger":"scripts.api_client","filename":"before_sleep.py","lineno":64}
{"timestamp":"2026-07-05T08:47:32.551035Z","level":"error","event":"2026-07-05 08:47:32,550 | INFO | Using environment: staging","logger":"task.stderr"}
{"timestamp":"2026-07-05T08:47:32.551982Z","level":"error","event":"2026-07-05 08:47:32,551 | INFO | Calling URL: http://host.docker.internal:8000/vrn","logger":"task.stderr"}
{"timestamp":"2026-07-05T08:47:32.551080Z","level":"info","event":"Using environment: staging","logger":"scripts.api_client","filename":"api_client.py","lineno":19}
{"timestamp":"2026-07-05T08:47:32.551280Z","level":"info","event":"Calling URL: http://host.docker.internal:8000/vrn","logger":"scripts.api_client","filename":"api_client.py","lineno":20}
{"timestamp":"2026-07-05T08:47:32.552501Z","level":"info","event":"Using environment: staging","logger":"scripts.api_client","filename":"api_client.py","lineno":19}
{"timestamp":"2026-07-05T08:47:32.552683Z","level":"info","event":"Calling URL: http://host.docker.internal:8000/fastag","logger":"scripts.api_client","filename":"api_client.py","lineno":20}
{"timestamp":"2026-07-05T08:47:32.556623Z","level":"error","event":"2026-07-05 08:47:32,552 | INFO | Using environment: staging","logger":"task.stderr"}
{"timestamp":"2026-07-05T08:47:32.558489Z","level":"error","event":"2026-07-05 08:47:32,552 | INFO | Calling URL: http://host.docker.internal:8000/fastag","logger":"task.stderr"}
{"timestamp":"2026-07-05T08:47:32.560591Z","level":"error","event":"2026-07-05 08:47:32,550 | INFO | Using environment: staging","logger":"task.stderr"}
{"timestamp":"2026-07-05T08:47:32.562353Z","level":"error","event":"2026-07-05 08:47:32,553 | INFO | Calling URL: http://host.docker.internal:8000/rc","logger":"task.stderr"}
{"timestamp":"2026-07-05T08:47:32.562983Z","level":"error","event":"2026-07-05 08:47:32,553 | INFO | Using environment: staging","logger":"task.stderr"}
{"timestamp":"2026-07-05T08:47:32.563479Z","level":"error","event":"2026-07-05 08:47:32,555 | INFO | Calling URL: http://host.docker.internal:8000/valuation","logger":"task.stderr"}
{"timestamp":"2026-07-05T08:47:32.553824Z","level":"info","event":"Using environment: staging","logger":"scripts.api_client","filename":"api_client.py","lineno":19}
{"timestamp":"2026-07-05T08:47:32.554023Z","level":"info","event":"Calling URL: http://host.docker.internal:8000/rc","logger":"scripts.api_client","filename":"api_client.py","lineno":20}
{"timestamp":"2026-07-05T08:47:32.555142Z","level":"info","event":"Using environment: staging","logger":"scripts.api_client","filename":"api_client.py","lineno":19}
{"timestamp":"2026-07-05T08:47:32.555550Z","level":"info","event":"Calling URL: http://host.docker.internal:8000/valuation","logger":"scripts.api_client","filename":"api_client.py","lineno":20}
{"timestamp":"2026-07-05T08:47:32.571699Z","level":"error","event":"2026-07-05 08:47:32,571 | ERROR | RC failed for Vehicle V003: HTTPConnectionPool(host='host.docker.internal', port=8000): Max retries exceeded with url: /rc (Caused by NewConnectionError(\"HTTPConnection(host='host.docker.internal', port=8000): Failed to establish a new connection: [Errno 101] Network is unreachable\"))","logger":"task.stderr"}
{"timestamp":"2026-07-05T08:47:32.572186Z","level":"error","event":"2026-07-05 08:47:32,571 | ERROR | FASTag failed for Vehicle V003: HTTPConnectionPool(host='host.docker.internal', port=8000): Max retries exceeded with url: /fastag (Caused by NewConnectionError(\"HTTPConnection(host='host.docker.internal', port=8000): Failed to establish a new connection: [Errno 101] Network is unreachable\"))","logger":"task.stderr"}
{"timestamp":"2026-07-05T08:47:32.572762Z","level":"error","event":"2026-07-05 08:47:32,571 | ERROR | VRN failed for Vehicle V003: HTTPConnectionPool(host='host.docker.internal', port=8000): Max retries exceeded with url: /vrn (Caused by NewConnectionError(\"HTTPConnection(host='host.docker.internal', port=8000): Failed to establish a new connection: [Errno 101] Network is unreachable\"))","logger":"task.stderr"}
{"timestamp":"2026-07-05T08:47:32.573411Z","level":"error","event":"2026-07-05 08:47:32,572 | ERROR | Valuation failed for Vehicle V003: HTTPConnectionPool(host='host.docker.internal', port=8000): Max retries exceeded with url: /valuation (Caused by NewConnectionError(\"HTTPConnection(host='host.docker.internal', port=8000): Failed to establish a new connection: [Errno 101] Network is unreachable\"))","logger":"task.stderr"}
{"timestamp":"2026-07-05T08:47:32.571696Z","level":"error","event":"RC failed for Vehicle V003: HTTPConnectionPool(host='host.docker.internal', port=8000): Max retries exceeded with url: /rc (Caused by NewConnectionError(\"HTTPConnection(host='host.docker.internal', port=8000): Failed to establish a new connection: [Errno 101] Network is unreachable\"))","logger":"utils.error_handler","try_number":1,"run_id":"manual__2026-07-05T08:47:19.525395+00:00","ti_id":"019f3176-0fdf-7e03-9572-24084c325067","map_index":1,"task_id":"process_batch_task","dag_id":"vehicle_batch_pipeline","filename":"error_handler.py","lineno":7}
{"timestamp":"2026-07-05T08:47:32.571897Z","level":"error","event":"FASTag failed for Vehicle V003: HTTPConnectionPool(host='host.docker.internal', port=8000): Max retries exceeded with url: /fastag (Caused by NewConnectionError(\"HTTPConnection(host='host.docker.internal', port=8000): Failed to establish a new connection: [Errno 101] Network is unreachable\"))","logger":"utils.error_handler","try_number":1,"run_id":"manual__2026-07-05T08:47:19.525395+00:00","ti_id":"019f3176-0fdf-7e03-9572-24084c325067","map_index":1,"task_id":"process_batch_task","dag_id":"vehicle_batch_pipeline","filename":"error_handler.py","lineno":7}
{"timestamp":"2026-07-05T08:47:32.572000Z","level":"error","event":"VRN failed for Vehicle V003: HTTPConnectionPool(host='host.docker.internal', port=8000): Max retries exceeded with url: /vrn (Caused by NewConnectionError(\"HTTPConnection(host='host.docker.internal', port=8000): Failed to establish a new connection: [Errno 101] Network is unreachable\"))","logger":"utils.error_handler","try_number":1,"run_id":"manual__2026-07-05T08:47:19.525395+00:00","ti_id":"019f3176-0fdf-7e03-9572-24084c325067","map_index":1,"task_id":"process_batch_task","dag_id":"vehicle_batch_pipeline","filename":"error_handler.py","lineno":7}
{"timestamp":"2026-07-05T08:47:32.572095Z","level":"error","event":"Valuation failed for Vehicle V003: HTTPConnectionPool(host='host.docker.internal', port=8000): Max retries exceeded with url: /valuation (Caused by NewConnectionError(\"HTTPConnection(host='host.docker.internal', port=8000): Failed to establish a new connection: [Errno 101] Network is unreachable\"))","logger":"utils.error_handler","try_number":1,"run_id":"manual__2026-07-05T08:47:19.525395+00:00","ti_id":"019f3176-0fdf-7e03-9572-24084c325067","map_index":1,"task_id":"process_batch_task","dag_id":"vehicle_batch_pipeline","filename":"error_handler.py","lineno":7}
{"timestamp":"2026-07-05T08:47:32.573316Z","level":"info","event":"Using environment: staging","logger":"scripts.api_client","filename":"api_client.py","lineno":19}
{"timestamp":"2026-07-05T08:47:32.573479Z","level":"info","event":"Calling URL: http://host.docker.internal:8000/rc","logger":"scripts.api_client","filename":"api_client.py","lineno":20}
{"timestamp":"2026-07-05T08:47:32.578402Z","level":"error","event":"2026-07-05 08:47:32,573 | INFO | Using environment: staging","logger":"task.stderr"}
{"timestamp":"2026-07-05T08:47:32.579353Z","level":"error","event":"2026-07-05 08:47:32,573 | INFO | Calling URL: http://host.docker.internal:8000/rc","logger":"task.stderr"}
{"timestamp":"2026-07-05T08:47:32.579878Z","level":"error","event":"2026-07-05 08:47:32,573 | INFO | Using environment: staging","logger":"task.stderr"}
{"timestamp":"2026-07-05T08:47:32.580613Z","level":"error","event":"2026-07-05 08:47:32,574 | INFO | Calling URL: http://host.docker.internal:8000/fastag","logger":"task.stderr"}
{"timestamp":"2026-07-05T08:47:32.581048Z","level":"error","event":"2026-07-05 08:47:32,575 | INFO | Using environment: staging","logger":"task.stderr"}
{"timestamp":"2026-07-05T08:47:32.581702Z","level":"error","event":"2026-07-05 08:47:32,576 | INFO | Calling URL: http://host.docker.internal:8000/vrn","logger":"task.stderr"}
{"timestamp":"2026-07-05T08:47:32.582128Z","level":"error","event":"2026-07-05 08:47:32,576 | INFO | Using environment: staging","logger":"task.stderr"}
{"timestamp":"2026-07-05T08:47:32.582548Z","level":"error","event":"2026-07-05 08:47:32,576 | INFO | Calling URL: http://host.docker.internal:8000/valuation","logger":"task.stderr"}
{"timestamp":"2026-07-05T08:47:32.574033Z","level":"info","event":"Using environment: staging","logger":"scripts.api_client","filename":"api_client.py","lineno":19}
{"timestamp":"2026-07-05T08:47:32.574211Z","level":"info","event":"Calling URL: http://host.docker.internal:8000/fastag","logger":"scripts.api_client","filename":"api_client.py","lineno":20}
{"timestamp":"2026-07-05T08:47:32.576117Z","level":"info","event":"Using environment: staging","logger":"scripts.api_client","filename":"api_client.py","lineno":19}
{"timestamp":"2026-07-05T08:47:32.576303Z","level":"info","event":"Calling URL: http://host.docker.internal:8000/vrn","logger":"scripts.api_client","filename":"api_client.py","lineno":20}
{"timestamp":"2026-07-05T08:47:32.576900Z","level":"info","event":"Using environment: staging","logger":"scripts.api_client","filename":"api_client.py","lineno":19}
{"timestamp":"2026-07-05T08:47:32.577277Z","level":"info","event":"Calling URL: http://host.docker.internal:8000/valuation","logger":"scripts.api_client","filename":"api_client.py","lineno":20}
{"timestamp":"2026-07-05T08:47:32.580574Z","level":"warning","event":"Retrying scripts.api_client.post in 1 seconds as it raised ConnectionError: HTTPConnectionPool(host='host.docker.internal', port=8000): Max retries exceeded with url: /rc (Caused by NewConnectionError(\"HTTPConnection(host='host.docker.internal', port=8000): Failed to establish a new connection: [Errno 101] Network is unreachable\")).","logger":"scripts.api_client","filename":"before_sleep.py","lineno":64}
{"timestamp":"2026-07-05T08:47:32.581419Z","level":"warning","event":"Retrying scripts.api_client.post in 1 seconds as it raised ConnectionError: HTTPConnectionPool(host='host.docker.internal', port=8000): Max retries exceeded with url: /valuation (Caused by NewConnectionError(\"HTTPConnection(host='host.docker.internal', port=8000): Failed to establish a new connection: [Errno 101] Network is unreachable\")).","logger":"scripts.api_client","filename":"before_sleep.py","lineno":64}
{"timestamp":"2026-07-05T08:47:32.581729Z","level":"warning","event":"Retrying scripts.api_client.post in 1 seconds as it raised ConnectionError: HTTPConnectionPool(host='host.docker.internal', port=8000): Max retries exceeded with url: /fastag (Caused by NewConnectionError(\"HTTPConnection(host='host.docker.internal', port=8000): Failed to establish a new connection: [Errno 101] Network is unreachable\")).","logger":"scripts.api_client","filename":"before_sleep.py","lineno":64}
{"timestamp":"2026-07-05T08:47:32.581997Z","level":"warning","event":"Retrying scripts.api_client.post in 1 seconds as it raised ConnectionError: HTTPConnectionPool(host='host.docker.internal', port=8000): Max retries exceeded with url: /vrn (Caused by NewConnectionError(\"HTTPConnection(host='host.docker.internal', port=8000): Failed to establish a new connection: [Errno 101] Network is unreachable\")).","logger":"scripts.api_client","filename":"before_sleep.py","lineno":64}
{"timestamp":"2026-07-05T08:47:32.587447Z","level":"info","event":"V003 processed in 3.06 sec","logger":"task.stdout"}
{"timestamp":"2026-07-05T08:47:32.587981Z","level":"error","event":"2026-07-05 08:47:32,580 | WARNING | Retrying scripts.api_client.post in 1 seconds as it raised ConnectionError: HTTPConnectionPool(host='host.docker.internal', port=8000): Max retries exceeded with url: /rc (Caused by NewConnectionError(\"HTTPConnection(host='host.docker.internal', port=8000): Failed to establish a new connection: [Errno 101] Network is unreachable\")).","logger":"task.stderr"}
{"timestamp":"2026-07-05T08:47:32.588391Z","level":"error","event":"2026-07-05 08:47:32,581 | WARNING | Retrying scripts.api_client.post in 1 seconds as it raised ConnectionError: HTTPConnectionPool(host='host.docker.internal', port=8000): Max retries exceeded with url: /valuation (Caused by NewConnectionError(\"HTTPConnection(host='host.docker.internal', port=8000): Failed to establish a new connection: [Errno 101] Network is unreachable\")).","logger":"task.stderr"}
{"timestamp":"2026-07-05T08:47:32.588819Z","level":"error","event":"2026-07-05 08:47:32,581 | WARNING | Retrying scripts.api_client.post in 1 seconds as it raised ConnectionError: HTTPConnectionPool(host='host.docker.internal', port=8000): Max retries exceeded with url: /fastag (Caused by NewConnectionError(\"HTTPConnection(host='host.docker.internal', port=8000): Failed to establish a new connection: [Errno 101] Network is unreachable\")).","logger":"task.stderr"}
{"timestamp":"2026-07-05T08:47:32.589213Z","level":"error","event":"2026-07-05 08:47:32,581 | WARNING | Retrying scripts.api_client.post in 1 seconds as it raised ConnectionError: HTTPConnectionPool(host='host.docker.internal', port=8000): Max retries exceeded with url: /vrn (Caused by NewConnectionError(\"HTTPConnection(host='host.docker.internal', port=8000): Failed to establish a new connection: [Errno 101] Network is unreachable\")).","logger":"task.stderr"}
{"timestamp":"2026-07-05T08:47:33.581170Z","level":"error","event":"2026-07-05 08:47:33,580 | INFO | Using environment: staging","logger":"task.stderr"}
{"timestamp":"2026-07-05T08:47:33.583063Z","level":"error","event":"2026-07-05 08:47:33,581 | INFO | Calling URL: http://host.docker.internal:8000/rc","logger":"task.stderr"}
{"timestamp":"2026-07-05T08:47:33.586273Z","level":"error","event":"2026-07-05 08:47:33,582 | INFO | Using environment: staging","logger":"task.stderr"}
{"timestamp":"2026-07-05T08:47:33.586877Z","level":"error","event":"2026-07-05 08:47:33,582 | INFO | Calling URL: http://host.docker.internal:8000/valuation","logger":"task.stderr"}
{"timestamp":"2026-07-05T08:47:33.581086Z","level":"info","event":"Using environment: staging","logger":"scripts.api_client","filename":"api_client.py","lineno":19}
{"timestamp":"2026-07-05T08:47:33.581314Z","level":"info","event":"Calling URL: http://host.docker.internal:8000/rc","logger":"scripts.api_client","filename":"api_client.py","lineno":20}
{"timestamp":"2026-07-05T08:47:33.582567Z","level":"info","event":"Using environment: staging","logger":"scripts.api_client","filename":"api_client.py","lineno":19}
{"timestamp":"2026-07-05T08:47:33.583029Z","level":"info","event":"Calling URL: http://host.docker.internal:8000/valuation","logger":"scripts.api_client","filename":"api_client.py","lineno":20}
{"timestamp":"2026-07-05T08:47:33.583762Z","level":"info","event":"Using environment: staging","logger":"scripts.api_client","filename":"api_client.py","lineno":19}
{"timestamp":"2026-07-05T08:47:33.583894Z","level":"info","event":"Calling URL: http://host.docker.internal:8000/vrn","logger":"scripts.api_client","filename":"api_client.py","lineno":20}
{"timestamp":"2026-07-05T08:47:33.584955Z","level":"info","event":"Using environment: staging","logger":"scripts.api_client","filename":"api_client.py","lineno":19}
{"timestamp":"2026-07-05T08:47:33.585085Z","level":"info","event":"Calling URL: http://host.docker.internal:8000/fastag","logger":"scripts.api_client","filename":"api_client.py","lineno":20}
{"timestamp":"2026-07-05T08:47:33.594941Z","level":"error","event":"2026-07-05 08:47:33,583 | INFO | Using environment: staging","logger":"task.stderr"}
{"timestamp":"2026-07-05T08:47:33.595449Z","level":"error","event":"2026-07-05 08:47:33,583 | INFO | Calling URL: http://host.docker.internal:8000/vrn","logger":"task.stderr"}
{"timestamp":"2026-07-05T08:47:33.595870Z","level":"error","event":"2026-07-05 08:47:33,583 | INFO | Using environment: staging","logger":"task.stderr"}
{"timestamp":"2026-07-05T08:47:33.596319Z","level":"error","event":"2026-07-05 08:47:33,585 | INFO | Calling URL: http://host.docker.internal:8000/fastag","logger":"task.stderr"}
{"timestamp":"2026-07-05T08:47:33.596758Z","level":"error","event":"2026-07-05 08:47:33,593 | WARNING | Retrying scripts.api_client.post in 2 seconds as it raised ConnectionError: HTTPConnectionPool(host='host.docker.internal', port=8000): Max retries exceeded with url: /rc (Caused by NewConnectionError(\"HTTPConnection(host='host.docker.internal', port=8000): Failed to establish a new connection: [Errno 101] Network is unreachable\")).","logger":"task.stderr"}
{"timestamp":"2026-07-05T08:47:33.597220Z","level":"error","event":"2026-07-05 08:47:33,594 | WARNING | Retrying scripts.api_client.post in 2 seconds as it raised ConnectionError: HTTPConnectionPool(host='host.docker.internal', port=8000): Max retries exceeded with url: /fastag (Caused by NewConnectionError(\"HTTPConnection(host='host.docker.internal', port=8000): Failed to establish a new connection: [Errno 101] Network is unreachable\")).","logger":"task.stderr"}
{"timestamp":"2026-07-05T08:47:33.597674Z","level":"error","event":"2026-07-05 08:47:33,594 | WARNING | Retrying scripts.api_client.post in 2 seconds as it raised ConnectionError: HTTPConnectionPool(host='host.docker.internal', port=8000): Max retries exceeded with url: /vrn (Caused by NewConnectionError(\"HTTPConnection(host='host.docker.internal', port=8000): Failed to establish a new connection: [Errno 101] Network is unreachable\")).","logger":"task.stderr"}
{"timestamp":"2026-07-05T08:47:33.593865Z","level":"warning","event":"Retrying scripts.api_client.post in 2 seconds as it raised ConnectionError: HTTPConnectionPool(host='host.docker.internal', port=8000): Max retries exceeded with url: /rc (Caused by NewConnectionError(\"HTTPConnection(host='host.docker.internal', port=8000): Failed to establish a new connection: [Errno 101] Network is unreachable\")).","logger":"scripts.api_client","filename":"before_sleep.py","lineno":64}
{"timestamp":"2026-07-05T08:47:33.594399Z","level":"warning","event":"Retrying scripts.api_client.post in 2 seconds as it raised ConnectionError: HTTPConnectionPool(host='host.docker.internal', port=8000): Max retries exceeded with url: /fastag (Caused by NewConnectionError(\"HTTPConnection(host='host.docker.internal', port=8000): Failed to establish a new connection: [Errno 101] Network is unreachable\")).","logger":"scripts.api_client","filename":"before_sleep.py","lineno":64}
{"timestamp":"2026-07-05T08:47:33.594790Z","level":"warning","event":"Retrying scripts.api_client.post in 2 seconds as it raised ConnectionError: HTTPConnectionPool(host='host.docker.internal', port=8000): Max retries exceeded with url: /vrn (Caused by NewConnectionError(\"HTTPConnection(host='host.docker.internal', port=8000): Failed to establish a new connection: [Errno 101] Network is unreachable\")).","logger":"scripts.api_client","filename":"before_sleep.py","lineno":64}
{"timestamp":"2026-07-05T08:47:33.595149Z","level":"warning","event":"Retrying scripts.api_client.post in 2 seconds as it raised ConnectionError: HTTPConnectionPool(host='host.docker.internal', port=8000): Max retries exceeded with url: /valuation (Caused by NewConnectionError(\"HTTPConnection(host='host.docker.internal', port=8000): Failed to establish a new connection: [Errno 101] Network is unreachable\")).","logger":"scripts.api_client","filename":"before_sleep.py","lineno":64}
{"timestamp":"2026-07-05T08:47:33.600124Z","level":"error","event":"2026-07-05 08:47:33,595 | WARNING | Retrying scripts.api_client.post in 2 seconds as it raised ConnectionError: HTTPConnectionPool(host='host.docker.internal', port=8000): Max retries exceeded with url: /valuation (Caused by NewConnectionError(\"HTTPConnection(host='host.docker.internal', port=8000): Failed to establish a new connection: [Errno 101] Network is unreachable\")).","logger":"task.stderr"}
{"timestamp":"2026-07-05T08:47:35.594487Z","level":"error","event":"2026-07-05 08:47:35,594 | INFO | Using environment: staging","logger":"task.stderr"}
{"timestamp":"2026-07-05T08:47:35.608002Z","level":"error","event":"2026-07-05 08:47:35,594 | INFO | Calling URL: http://host.docker.internal:8000/rc","logger":"task.stderr"}
{"timestamp":"2026-07-05T08:47:35.610115Z","level":"error","event":"2026-07-05 08:47:35,594 | INFO | Using environment: staging","logger":"task.stderr"}
{"timestamp":"2026-07-05T08:47:35.611705Z","level":"error","event":"2026-07-05 08:47:35,596 | INFO | Using environment: staging","logger":"task.stderr"}
{"timestamp":"2026-07-05T08:47:35.612615Z","level":"error","event":"2026-07-05 08:47:35,596 | INFO | Calling URL: http://host.docker.internal:8000/fastag","logger":"task.stderr"}
{"timestamp":"2026-07-05T08:47:35.614114Z","level":"error","event":"2026-07-05 08:47:35,596 | INFO | Using environment: staging","logger":"task.stderr"}
{"timestamp":"2026-07-05T08:47:35.614963Z","level":"error","event":"2026-07-05 08:47:35,597 | INFO | Calling URL: http://host.docker.internal:8000/vrn","logger":"task.stderr"}
{"timestamp":"2026-07-05T08:47:35.615527Z","level":"error","event":"2026-07-05 08:47:35,599 | INFO | Calling URL: http://host.docker.internal:8000/valuation","logger":"task.stderr"}
{"timestamp":"2026-07-05T08:47:35.616142Z","level":"error","event":"2026-07-05 08:47:35,603 | ERROR | RC failed for Vehicle V004: HTTPConnectionPool(host='host.docker.internal', port=8000): Max retries exceeded with url: /rc (Caused by NewConnectionError(\"HTTPConnection(host='host.docker.internal', port=8000): Failed to establish a new connection: [Errno 101] Network is unreachable\"))","logger":"task.stderr"}
{"timestamp":"2026-07-05T08:47:35.616614Z","level":"error","event":"2026-07-05 08:47:35,606 | ERROR | FASTag failed for Vehicle V004: HTTPConnectionPool(host='host.docker.internal', port=8000): Max retries exceeded with url: /fastag (Caused by NewConnectionError(\"HTTPConnection(host='host.docker.internal', port=8000): Failed to establish a new connection: [Errno 101] Network is unreachable\"))","logger":"task.stderr"}
{"timestamp":"2026-07-05T08:47:35.617182Z","level":"error","event":"2026-07-05 08:47:35,606 | ERROR | VRN failed for Vehicle V004: HTTPConnectionPool(host='host.docker.internal', port=8000): Max retries exceeded with url: /vrn (Caused by NewConnectionError(\"HTTPConnection(host='host.docker.internal', port=8000): Failed to establish a new connection: [Errno 101] Network is unreachable\"))","logger":"task.stderr"}
{"timestamp":"2026-07-05T08:47:35.617581Z","level":"error","event":"2026-07-05 08:47:35,607 | ERROR | Valuation failed for Vehicle V004: HTTPConnectionPool(host='host.docker.internal', port=8000): Max retries exceeded with url: /valuation (Caused by NewConnectionError(\"HTTPConnection(host='host.docker.internal', port=8000): Failed to establish a new connection: [Errno 101] Network is unreachable\"))","logger":"task.stderr"}
{"timestamp":"2026-07-05T08:47:35.594424Z","level":"info","event":"Using environment: staging","logger":"scripts.api_client","filename":"api_client.py","lineno":19}
{"timestamp":"2026-07-05T08:47:35.594734Z","level":"info","event":"Calling URL: http://host.docker.internal:8000/rc","logger":"scripts.api_client","filename":"api_client.py","lineno":20}
{"timestamp":"2026-07-05T08:47:35.595234Z","level":"info","event":"Using environment: staging","logger":"scripts.api_client","filename":"api_client.py","lineno":19}
{"timestamp":"2026-07-05T08:47:35.596222Z","level":"info","event":"Calling URL: http://host.docker.internal:8000/fastag","logger":"scripts.api_client","filename":"api_client.py","lineno":20}
{"timestamp":"2026-07-05T08:47:35.596852Z","level":"info","event":"Using environment: staging","logger":"scripts.api_client","filename":"api_client.py","lineno":19}
{"timestamp":"2026-07-05T08:47:35.597157Z","level":"info","event":"Calling URL: http://host.docker.internal:8000/vrn","logger":"scripts.api_client","filename":"api_client.py","lineno":20}
{"timestamp":"2026-07-05T08:47:35.599434Z","level":"info","event":"Using environment: staging","logger":"scripts.api_client","filename":"api_client.py","lineno":19}
{"timestamp":"2026-07-05T08:47:35.599747Z","level":"info","event":"Calling URL: http://host.docker.internal:8000/valuation","logger":"scripts.api_client","filename":"api_client.py","lineno":20}
{"timestamp":"2026-07-05T08:47:35.604853Z","level":"error","event":"RC failed for Vehicle V004: HTTPConnectionPool(host='host.docker.internal', port=8000): Max retries exceeded with url: /rc (Caused by NewConnectionError(\"HTTPConnection(host='host.docker.internal', port=8000): Failed to establish a new connection: [Errno 101] Network is unreachable\"))","logger":"utils.error_handler","try_number":1,"run_id":"manual__2026-07-05T08:47:19.525395+00:00","ti_id":"019f3176-0fdf-7e03-9572-24084c325067","map_index":1,"task_id":"process_batch_task","dag_id":"vehicle_batch_pipeline","filename":"error_handler.py","lineno":7}
{"timestamp":"2026-07-05T08:47:35.606227Z","level":"error","event":"FASTag failed for Vehicle V004: HTTPConnectionPool(host='host.docker.internal', port=8000): Max retries exceeded with url: /fastag (Caused by NewConnectionError(\"HTTPConnection(host='host.docker.internal', port=8000): Failed to establish a new connection: [Errno 101] Network is unreachable\"))","logger":"utils.error_handler","try_number":1,"run_id":"manual__2026-07-05T08:47:19.525395+00:00","ti_id":"019f3176-0fdf-7e03-9572-24084c325067","map_index":1,"task_id":"process_batch_task","dag_id":"vehicle_batch_pipeline","filename":"error_handler.py","lineno":7}
{"timestamp":"2026-07-05T08:47:35.606426Z","level":"error","event":"VRN failed for Vehicle V004: HTTPConnectionPool(host='host.docker.internal', port=8000): Max retries exceeded with url: /vrn (Caused by NewConnectionError(\"HTTPConnection(host='host.docker.internal', port=8000): Failed to establish a new connection: [Errno 101] Network is unreachable\"))","logger":"utils.error_handler","try_number":1,"run_id":"manual__2026-07-05T08:47:19.525395+00:00","ti_id":"019f3176-0fdf-7e03-9572-24084c325067","map_index":1,"task_id":"process_batch_task","dag_id":"vehicle_batch_pipeline","filename":"error_handler.py","lineno":7}
{"timestamp":"2026-07-05T08:47:35.607175Z","level":"error","event":"Valuation failed for Vehicle V004: HTTPConnectionPool(host='host.docker.internal', port=8000): Max retries exceeded with url: /valuation (Caused by NewConnectionError(\"HTTPConnection(host='host.docker.internal', port=8000): Failed to establish a new connection: [Errno 101] Network is unreachable\"))","logger":"utils.error_handler","try_number":1,"run_id":"manual__2026-07-05T08:47:19.525395+00:00","ti_id":"019f3176-0fdf-7e03-9572-24084c325067","map_index":1,"task_id":"process_batch_task","dag_id":"vehicle_batch_pipeline","filename":"error_handler.py","lineno":7}
{"timestamp":"2026-07-05T08:47:35.625654Z","level":"info","event":"V004 processed in 3.03 sec","logger":"task.stdout"}
{"timestamp":"2026-07-05T08:47:35.626416Z","level":"error","event":"2026-07-05 08:47:35,607 | INFO |","logger":"task.stderr"}
{"timestamp":"2026-07-05T08:47:35.626926Z","level":"error","event":"==========================","logger":"task.stderr"}
{"timestamp":"2026-07-05T08:47:35.627353Z","level":"error","event":"Batch Summary","logger":"task.stderr"}
{"timestamp":"2026-07-05T08:47:35.627772Z","level":"error","event":"==========================","logger":"task.stderr"}
{"timestamp":"2026-07-05T08:47:35.628244Z","level":"error","event":"Total Records : 2","logger":"task.stderr"}
{"timestamp":"2026-07-05T08:47:35.628745Z","level":"error","event":"Success : 2","logger":"task.stderr"}
{"timestamp":"2026-07-05T08:47:35.629183Z","level":"error","event":"Failed : 0","logger":"task.stderr"}
{"timestamp":"2026-07-05T08:47:35.629633Z","level":"error","event":"Success Rate : 100.0%","logger":"task.stderr"}
{"timestamp":"2026-07-05T08:47:35.630060Z","level":"error","event":"==========================","logger":"task.stderr"}
{"timestamp":"2026-07-05T08:47:35.607998Z","level":"info","event":"\n==========================\nBatch Summary\n==========================\nTotal Records : 2\nSuccess : 2\nFailed : 0\nSuccess Rate : 100.0%\n==========================","logger":"scripts.process_batch","try_number":1,"run_id":"manual__2026-07-05T08:47:19.525395+00:00","ti_id":"019f3176-0fdf-7e03-9572-24084c325067","map_index":1,"task_id":"process_batch_task","dag_id":"vehicle_batch_pipeline","filename":"process_batch.py","lineno":52}
{"timestamp":"2026-07-05T08:47:35.628949Z","level":"info","event":"Done. Returned value was:    year     brand  ...  status                                              error\n0  2023      Tata  ...  FAILED  HTTPConnectionPool(host='host.docker.internal'...\n1  2022  Mahindra  ...  FAILED  HTTPConnectionPool(host='host.docker.internal'...\n\n[2 rows x 7 columns]","try_number":1,"run_id":"manual__2026-07-05T08:47:19.525395+00:00","ti_id":"019f3176-0fdf-7e03-9572-24084c325067","map_index":1,"task_id":"process_batch_task","dag_id":"vehicle_batch_pipeline","logger":"airflow.task.operators.airflow.providers.standard.decorators.python._PythonDecoratedOperator","filename":"python.py","lineno":233}
{"timestamp":"2026-07-05T08:47:35.629115Z","level":"info","event":"::group::Post Execute","try_number":1,"run_id":"manual__2026-07-05T08:47:19.525395+00:00","ti_id":"019f3176-0fdf-7e03-9572-24084c325067","map_index":1,"task_id":"process_batch_task","dag_id":"vehicle_batch_pipeline","logger":"task","filename":"task_runner.py","lineno":1288}
{"timestamp":"2026-07-05T08:47:35.629349Z","level":"info","event":"Pushing xcom","ti":"RuntimeTaskInstance(id=UUID('019f3176-0fdf-7e03-9572-24084c325067'), task_id='process_batch_task', dag_id='vehicle_batch_pipeline', run_id='manual__2026-07-05T08:47:19.525395+00:00', try_number=1, dag_version_id=UUID('019f2c50-8b66-7475-9dae-822508d85766'), map_index=1, hostname='8e3d505c6688', context_carrier={'traceparent': '00-701adf5e91f68b920103eaf53cc433e6-6b01bf54e19914a4-01'}, task=<Task(_PythonDecoratedOperator): process_batch_task>, bundle_instance=LocalDagBundle(name=dags-folder), max_tries=2, start_date=datetime.datetime(2026, 7, 5, 8, 47, 29, 1097, tzinfo=datetime.timezone.utc), end_date=None, state=<TaskInstanceState.RUNNING: 'running'>, is_mapped=True, rendered_map_index=None, sentry_integration='')","try_number":1,"run_id":"manual__2026-07-05T08:47:19.525395+00:00","ti_id":"019f3176-0fdf-7e03-9572-24084c325067","map_index":1,"task_id":"process_batch_task","dag_id":"vehicle_batch_pipeline","logger":"task","filename":"task_runner.py","lineno":1791}
{"timestamp":"2026-07-05T08:47:35.693006Z","level":"info","event":"Task instance in success state","logger":"task.stdout"}
{"timestamp":"2026-07-05T08:47:35.693665Z","level":"info","event":" Previous state of the Task instance: TaskInstanceState.RUNNING","logger":"task.stdout"}
{"timestamp":"2026-07-05T08:47:35.694292Z","level":"info","event":"Task operator:<Task(_PythonDecoratedOperator): process_batch_task>","logger":"task.stdout"}
{"timestamp":"2026-07-05T08:47:35.693350Z","level":"info","event":"::endgroup::","try_number":1,"run_id":"manual__2026-07-05T08:47:19.525395+00:00","ti_id":"019f3176-0fdf-7e03-9572-24084c325067","map_index":1,"task_id":"process_batch_task","dag_id":"vehicle_batch_pipeline","logger":"task","filename":"task_runner.py","lineno":1896}
