{"timestamp":"2026-07-03T13:07:49.231467Z","level":"info","event":"::group::Pre Execute","logger":"task","filename":"task_runner.py","lineno":1926}
{"timestamp":"2026-07-03T13:07:49.768305Z","level":"info","event":"DAG bundles loaded: dags-folder, example_dags","map_index":2,"ti_id":"019f2817-ad3a-7a39-af2f-ff55bc16890a","task_id":"process_batch_task","try_number":1,"run_id":"manual__2026-07-03T13:07:42.135930+00:00","dag_id":"vehicle_batch_pipeline","logger":"airflow.dag_processing.bundles.manager.DagBundlesManager","filename":"manager.py","lineno":209}
{"timestamp":"2026-07-03T13:07:49.770973Z","level":"info","event":"Filling up the DagBag from /opt/airflow/dags/vehicle_pipeline.py","map_index":2,"ti_id":"019f2817-ad3a-7a39-af2f-ff55bc16890a","task_id":"process_batch_task","try_number":1,"run_id":"manual__2026-07-03T13:07:42.135930+00:00","dag_id":"vehicle_batch_pipeline","logger":"airflow.dag_processing.dagbag.BundleDagBag","filename":"dagbag.py","lineno":469}
{"timestamp":"2026-07-03T13:07:49.938055Z","level":"info","event":"Task instance is in running state","logger":"task.stdout"}
{"timestamp":"2026-07-03T13:07:49.941549Z","level":"info","event":" Previous state of the Task instance: TaskInstanceState.QUEUED","logger":"task.stdout"}
{"timestamp":"2026-07-03T13:07:49.942232Z","level":"info","event":"Current task name:process_batch_task","logger":"task.stdout"}
{"timestamp":"2026-07-03T13:07:49.942709Z","level":"info","event":"Dag name:vehicle_batch_pipeline","logger":"task.stdout"}
{"timestamp":"2026-07-03T13:07:49.938244Z","level":"info","event":"::endgroup::","map_index":2,"ti_id":"019f2817-ad3a-7a39-af2f-ff55bc16890a","task_id":"process_batch_task","try_number":1,"run_id":"manual__2026-07-03T13:07:42.135930+00:00","dag_id":"vehicle_batch_pipeline","logger":"task","filename":"task_runner.py","lineno":1727}
{"timestamp":"2026-07-03T13:07:49.940665Z","level":"info","event":"Processing batch_3.csv","logger":"scripts.process_batch","map_index":2,"ti_id":"019f2817-ad3a-7a39-af2f-ff55bc16890a","task_id":"process_batch_task","try_number":1,"run_id":"manual__2026-07-03T13:07:42.135930+00:00","dag_id":"vehicle_batch_pipeline","filename":"process_batch.py","lineno":13}
{"timestamp":"2026-07-03T13:07:49.944400Z","level":"error","event":"2026-07-03 13:07:49,940 | INFO | Processing batch_3.csv","logger":"task.stderr"}
{"timestamp":"2026-07-03T13:07:49.953739Z","level":"error","event":"2026-07-03 13:07:49,953 | INFO | Rows = 1","logger":"task.stderr"}
{"timestamp":"2026-07-03T13:07:49.953681Z","level":"info","event":"Rows = 1","logger":"scripts.process_batch","map_index":2,"ti_id":"019f2817-ad3a-7a39-af2f-ff55bc16890a","task_id":"process_batch_task","try_number":1,"run_id":"manual__2026-07-03T13:07:42.135930+00:00","dag_id":"vehicle_batch_pipeline","filename":"process_batch.py","lineno":17}
{"timestamp":"2026-07-03T13:07:49.955639Z","level":"error","event":"2026-07-03 13:07:49,955 | INFO | Using environment: production","logger":"task.stderr"}
{"timestamp":"2026-07-03T13:07:49.956385Z","level":"error","event":"2026-07-03 13:07:49,955 | INFO | Calling URL: http://host.docker.internal:8000/rc","logger":"task.stderr"}
{"timestamp":"2026-07-03T13:07:49.955789Z","level":"info","event":"Using environment: production","logger":"scripts.api_client","filename":"api_client.py","lineno":17}
{"timestamp":"2026-07-03T13:07:49.956077Z","level":"info","event":"Calling URL: http://host.docker.internal:8000/rc","logger":"scripts.api_client","filename":"api_client.py","lineno":18}
{"timestamp":"2026-07-03T13:07:49.958733Z","level":"error","event":"2026-07-03 13:07:49,958 | INFO | Using environment: production","logger":"task.stderr"}
{"timestamp":"2026-07-03T13:07:49.959323Z","level":"error","event":"2026-07-03 13:07:49,958 | INFO | Calling URL: http://host.docker.internal:8000/fastag","logger":"task.stderr"}
{"timestamp":"2026-07-03T13:07:49.958688Z","level":"info","event":"Using environment: production","logger":"scripts.api_client","filename":"api_client.py","lineno":17}
{"timestamp":"2026-07-03T13:07:49.958869Z","level":"info","event":"Calling URL: http://host.docker.internal:8000/fastag","logger":"scripts.api_client","filename":"api_client.py","lineno":18}
{"timestamp":"2026-07-03T13:07:49.959605Z","level":"info","event":"Using environment: production","logger":"scripts.api_client","filename":"api_client.py","lineno":17}
{"timestamp":"2026-07-03T13:07:49.959782Z","level":"info","event":"Calling URL: http://host.docker.internal:8000/vrn","logger":"scripts.api_client","filename":"api_client.py","lineno":18}
{"timestamp":"2026-07-03T13:07:49.965377Z","level":"error","event":"2026-07-03 13:07:49,959 | INFO | Using environment: production","logger":"task.stderr"}
{"timestamp":"2026-07-03T13:07:49.966005Z","level":"error","event":"2026-07-03 13:07:49,959 | INFO | Calling URL: http://host.docker.internal:8000/vrn","logger":"task.stderr"}
{"timestamp":"2026-07-03T13:07:49.966779Z","level":"error","event":"2026-07-03 13:07:49,960 | INFO | Using environment: production","logger":"task.stderr"}
{"timestamp":"2026-07-03T13:07:49.967388Z","level":"error","event":"2026-07-03 13:07:49,961 | INFO | Calling URL: http://host.docker.internal:8000/valuation","logger":"task.stderr"}
{"timestamp":"2026-07-03T13:07:49.960918Z","level":"info","event":"Using environment: production","logger":"scripts.api_client","filename":"api_client.py","lineno":17}
{"timestamp":"2026-07-03T13:07:49.961557Z","level":"info","event":"Calling URL: http://host.docker.internal:8000/valuation","logger":"scripts.api_client","filename":"api_client.py","lineno":18}
{"timestamp":"2026-07-03T13:07:50.981629Z","level":"error","event":"2026-07-03 13:07:50,981 | INFO | Using environment: production","logger":"task.stderr"}
{"timestamp":"2026-07-03T13:07:50.983210Z","level":"error","event":"2026-07-03 13:07:50,981 | INFO | Calling URL: http://host.docker.internal:8000/fastag","logger":"task.stderr"}
{"timestamp":"2026-07-03T13:07:50.984509Z","level":"error","event":"2026-07-03 13:07:50,982 | INFO | Using environment: production","logger":"task.stderr"}
{"timestamp":"2026-07-03T13:07:50.985337Z","level":"error","event":"2026-07-03 13:07:50,982 | INFO | Calling URL: http://host.docker.internal:8000/rc","logger":"task.stderr"}
{"timestamp":"2026-07-03T13:07:50.981578Z","level":"info","event":"Using environment: production","logger":"scripts.api_client","filename":"api_client.py","lineno":17}
{"timestamp":"2026-07-03T13:07:50.981747Z","level":"info","event":"Calling URL: http://host.docker.internal:8000/fastag","logger":"scripts.api_client","filename":"api_client.py","lineno":18}
{"timestamp":"2026-07-03T13:07:50.982713Z","level":"info","event":"Using environment: production","logger":"scripts.api_client","filename":"api_client.py","lineno":17}
{"timestamp":"2026-07-03T13:07:50.982827Z","level":"info","event":"Calling URL: http://host.docker.internal:8000/rc","logger":"scripts.api_client","filename":"api_client.py","lineno":18}
{"timestamp":"2026-07-03T13:07:50.984651Z","level":"info","event":"Using environment: production","logger":"scripts.api_client","filename":"api_client.py","lineno":17}
{"timestamp":"2026-07-03T13:07:50.985120Z","level":"info","event":"Using environment: production","logger":"scripts.api_client","filename":"api_client.py","lineno":17}
{"timestamp":"2026-07-03T13:07:50.985668Z","level":"info","event":"Calling URL: http://host.docker.internal:8000/vrn","logger":"scripts.api_client","filename":"api_client.py","lineno":18}
{"timestamp":"2026-07-03T13:07:50.992653Z","level":"error","event":"2026-07-03 13:07:50,984 | INFO | Using environment: production","logger":"task.stderr"}
{"timestamp":"2026-07-03T13:07:50.993616Z","level":"error","event":"2026-07-03 13:07:50,984 | INFO | Using environment: production","logger":"task.stderr"}
{"timestamp":"2026-07-03T13:07:50.994107Z","level":"error","event":"2026-07-03 13:07:50,984 | INFO | Calling URL: http://host.docker.internal:8000/vrn","logger":"task.stderr"}
{"timestamp":"2026-07-03T13:07:50.994717Z","level":"error","event":"2026-07-03 13:07:50,985 | INFO | Calling URL: http://host.docker.internal:8000/valuation","logger":"task.stderr"}
{"timestamp":"2026-07-03T13:07:50.986833Z","level":"info","event":"Calling URL: http://host.docker.internal:8000/valuation","logger":"scripts.api_client","filename":"api_client.py","lineno":18}
{"timestamp":"2026-07-03T13:07:52.989722Z","level":"error","event":"2026-07-03 13:07:52,989 | INFO | Using environment: production","logger":"task.stderr"}
{"timestamp":"2026-07-03T13:07:52.993778Z","level":"error","event":"2026-07-03 13:07:52,989 | INFO | Calling URL: http://host.docker.internal:8000/fastag","logger":"task.stderr"}
{"timestamp":"2026-07-03T13:07:52.995438Z","level":"error","event":"2026-07-03 13:07:52,992 | INFO | Using environment: production","logger":"task.stderr"}
{"timestamp":"2026-07-03T13:07:52.996819Z","level":"error","event":"2026-07-03 13:07:52,992 | INFO | Calling URL: http://host.docker.internal:8000/rc","logger":"task.stderr"}
{"timestamp":"2026-07-03T13:07:52.989497Z","level":"info","event":"Using environment: production","logger":"scripts.api_client","filename":"api_client.py","lineno":17}
{"timestamp":"2026-07-03T13:07:52.989803Z","level":"info","event":"Calling URL: http://host.docker.internal:8000/fastag","logger":"scripts.api_client","filename":"api_client.py","lineno":18}
{"timestamp":"2026-07-03T13:07:52.992173Z","level":"info","event":"Using environment: production","logger":"scripts.api_client","filename":"api_client.py","lineno":17}
{"timestamp":"2026-07-03T13:07:52.992289Z","level":"info","event":"Calling URL: http://host.docker.internal:8000/rc","logger":"scripts.api_client","filename":"api_client.py","lineno":18}
{"timestamp":"2026-07-03T13:07:52.993830Z","level":"info","event":"Using environment: production","logger":"scripts.api_client","filename":"api_client.py","lineno":17}
{"timestamp":"2026-07-03T13:07:52.993935Z","level":"info","event":"Calling URL: http://host.docker.internal:8000/vrn","logger":"scripts.api_client","filename":"api_client.py","lineno":18}
{"timestamp":"2026-07-03T13:07:52.997447Z","level":"info","event":"Using environment: production","logger":"scripts.api_client","filename":"api_client.py","lineno":17}
{"timestamp":"2026-07-03T13:07:53.003080Z","level":"error","event":"2026-07-03 13:07:52,993 | INFO | Using environment: production","logger":"task.stderr"}
{"timestamp":"2026-07-03T13:07:53.003679Z","level":"error","event":"2026-07-03 13:07:52,993 | INFO | Calling URL: http://host.docker.internal:8000/vrn","logger":"task.stderr"}
{"timestamp":"2026-07-03T13:07:53.004199Z","level":"error","event":"2026-07-03 13:07:52,997 | INFO | Using environment: production","logger":"task.stderr"}
{"timestamp":"2026-07-03T13:07:53.004680Z","level":"error","event":"2026-07-03 13:07:52,998 | INFO | Calling URL: http://host.docker.internal:8000/valuation","logger":"task.stderr"}
{"timestamp":"2026-07-03T13:07:52.998529Z","level":"info","event":"Calling URL: http://host.docker.internal:8000/valuation","logger":"scripts.api_client","filename":"api_client.py","lineno":18}
{"timestamp":"2026-07-03T13:07:53.006154Z","level":"error","event":"2026-07-03 13:07:53,004 | ERROR | V005 failed: HTTPConnectionPool(host='host.docker.internal', port=8000): Max retries exceeded with url: /rc (Caused by NewConnectionError(\"HTTPConnection(host='host.docker.internal', port=8000): Failed to establish a new connection: [Errno 101] Network is unreachable\"))","logger":"task.stderr"}
{"timestamp":"2026-07-03T13:07:53.005114Z","level":"error","event":"V005 failed: HTTPConnectionPool(host='host.docker.internal', port=8000): Max retries exceeded with url: /rc (Caused by NewConnectionError(\"HTTPConnection(host='host.docker.internal', port=8000): Failed to establish a new connection: [Errno 101] Network is unreachable\"))","logger":"scripts.process_batch","map_index":2,"ti_id":"019f2817-ad3a-7a39-af2f-ff55bc16890a","task_id":"process_batch_task","try_number":1,"run_id":"manual__2026-07-03T13:07:42.135930+00:00","dag_id":"vehicle_batch_pipeline","filename":"process_batch.py","lineno":29}
{"timestamp":"2026-07-03T13:07:53.025660Z","level":"error","event":"2026-07-03 13:07:53,025 | INFO |","logger":"task.stderr"}
{"timestamp":"2026-07-03T13:07:53.028374Z","level":"error","event":"==========================","logger":"task.stderr"}
{"timestamp":"2026-07-03T13:07:53.029188Z","level":"error","event":"Batch Summary","logger":"task.stderr"}
{"timestamp":"2026-07-03T13:07:53.029832Z","level":"error","event":"==========================","logger":"task.stderr"}
{"timestamp":"2026-07-03T13:07:53.032364Z","level":"error","event":"Total Records : 1","logger":"task.stderr"}
{"timestamp":"2026-07-03T13:07:53.032967Z","level":"error","event":"Success : 0","logger":"task.stderr"}
{"timestamp":"2026-07-03T13:07:53.033573Z","level":"error","event":"Failed : 1","logger":"task.stderr"}
{"timestamp":"2026-07-03T13:07:53.035621Z","level":"error","event":"Success Rate : 0.0%","logger":"task.stderr"}
{"timestamp":"2026-07-03T13:07:53.036978Z","level":"error","event":"==========================","logger":"task.stderr"}
{"timestamp":"2026-07-03T13:07:53.025578Z","level":"info","event":"\n==========================\nBatch Summary\n==========================\nTotal Records : 1\nSuccess : 0\nFailed : 1\nSuccess Rate : 0.0%\n==========================","logger":"scripts.process_batch","map_index":2,"ti_id":"019f2817-ad3a-7a39-af2f-ff55bc16890a","task_id":"process_batch_task","try_number":1,"run_id":"manual__2026-07-03T13:07:42.135930+00:00","dag_id":"vehicle_batch_pipeline","filename":"process_batch.py","lineno":42}
{"timestamp":"2026-07-03T13:07:53.035733Z","level":"info","event":"Done. Returned value was: Empty DataFrame\nColumns: []\nIndex: []","map_index":2,"ti_id":"019f2817-ad3a-7a39-af2f-ff55bc16890a","task_id":"process_batch_task","try_number":1,"run_id":"manual__2026-07-03T13:07:42.135930+00:00","dag_id":"vehicle_batch_pipeline","logger":"airflow.task.operators.airflow.providers.standard.decorators.python._PythonDecoratedOperator","filename":"python.py","lineno":233}
{"timestamp":"2026-07-03T13:07:53.035993Z","level":"info","event":"::group::Post Execute","map_index":2,"ti_id":"019f2817-ad3a-7a39-af2f-ff55bc16890a","task_id":"process_batch_task","try_number":1,"run_id":"manual__2026-07-03T13:07:42.135930+00:00","dag_id":"vehicle_batch_pipeline","logger":"task","filename":"task_runner.py","lineno":1288}
{"timestamp":"2026-07-03T13:07:53.036313Z","level":"info","event":"Pushing xcom","ti":"RuntimeTaskInstance(id=UUID('019f2817-ad3a-7a39-af2f-ff55bc16890a'), task_id='process_batch_task', dag_id='vehicle_batch_pipeline', run_id='manual__2026-07-03T13:07:42.135930+00:00', try_number=1, dag_version_id=UUID('019f2816-76da-7e39-88fb-09ffc304bea2'), map_index=2, hostname='8e3d505c6688', context_carrier={'traceparent': '00-0edc00401b61767f36578b155d86611a-681ebf969cdc205d-01'}, task=<Task(_PythonDecoratedOperator): process_batch_task>, bundle_instance=LocalDagBundle(name=dags-folder), max_tries=2, start_date=datetime.datetime(2026, 7, 3, 13, 7, 49, 164213, tzinfo=datetime.timezone.utc), end_date=None, state=<TaskInstanceState.RUNNING: 'running'>, is_mapped=True, rendered_map_index=None, sentry_integration='')","map_index":2,"ti_id":"019f2817-ad3a-7a39-af2f-ff55bc16890a","task_id":"process_batch_task","try_number":1,"run_id":"manual__2026-07-03T13:07:42.135930+00:00","dag_id":"vehicle_batch_pipeline","logger":"task","filename":"task_runner.py","lineno":1791}
{"timestamp":"2026-07-03T13:07:53.215393Z","level":"info","event":"Task instance in success state","logger":"task.stdout"}
{"timestamp":"2026-07-03T13:07:53.216310Z","level":"info","event":" Previous state of the Task instance: TaskInstanceState.RUNNING","logger":"task.stdout"}
{"timestamp":"2026-07-03T13:07:53.216846Z","level":"info","event":"Task operator:<Task(_PythonDecoratedOperator): process_batch_task>","logger":"task.stdout"}
{"timestamp":"2026-07-03T13:07:53.214739Z","level":"info","event":"::endgroup::","map_index":2,"ti_id":"019f2817-ad3a-7a39-af2f-ff55bc16890a","task_id":"process_batch_task","try_number":1,"run_id":"manual__2026-07-03T13:07:42.135930+00:00","dag_id":"vehicle_batch_pipeline","logger":"task","filename":"task_runner.py","lineno":1896}
