{"timestamp":"2026-07-05T08:42:44.493818Z","level":"info","event":"::group::Pre Execute","logger":"task","filename":"task_runner.py","lineno":1926}
{"timestamp":"2026-07-05T08:42:45.154460Z","level":"info","event":"DAG bundles loaded: dags-folder, example_dags","try_number":1,"dag_id":"vehicle_batch_pipeline","ti_id":"019f3171-959a-72cb-b821-edf68d628995","map_index":2,"task_id":"process_batch_task","run_id":"manual__2026-07-05T08:42:30.376371+00:00","logger":"airflow.dag_processing.bundles.manager.DagBundlesManager","filename":"manager.py","lineno":209}
{"timestamp":"2026-07-05T08:42:45.156487Z","level":"info","event":"Filling up the DagBag from /opt/airflow/dags/vehicle_pipeline.py","try_number":1,"dag_id":"vehicle_batch_pipeline","ti_id":"019f3171-959a-72cb-b821-edf68d628995","map_index":2,"task_id":"process_batch_task","run_id":"manual__2026-07-05T08:42:30.376371+00:00","logger":"airflow.dag_processing.dagbag.BundleDagBag","filename":"dagbag.py","lineno":469}
{"timestamp":"2026-07-05T08:42:45.300523Z","level":"warning","event":"Using Variable.get from `airflow.models` is deprecated.Please use `get` on Variable from sdk(`airflow.sdk.Variable`) instead","category":"UserWarning","filename":"/home/airflow/.local/lib/python3.13/site-packages/airflow/models/variable.py","lineno":159,"try_number":1,"dag_id":"vehicle_batch_pipeline","ti_id":"019f3171-959a-72cb-b821-edf68d628995","map_index":2,"task_id":"process_batch_task","run_id":"manual__2026-07-05T08:42:30.376371+00:00","logger":"py.warnings"}
{"timestamp":"2026-07-05T08:42:45.407421Z","level":"info","event":"Task instance is in running state","logger":"task.stdout"}
{"timestamp":"2026-07-05T08:42:45.412665Z","level":"info","event":" Previous state of the Task instance: TaskInstanceState.QUEUED","logger":"task.stdout"}
{"timestamp":"2026-07-05T08:42:45.413255Z","level":"info","event":"Current task name:process_batch_task","logger":"task.stdout"}
{"timestamp":"2026-07-05T08:42:45.413973Z","level":"info","event":"Dag name:vehicle_batch_pipeline","logger":"task.stdout"}
{"timestamp":"2026-07-05T08:42:45.409225Z","level":"info","event":"::endgroup::","try_number":1,"dag_id":"vehicle_batch_pipeline","ti_id":"019f3171-959a-72cb-b821-edf68d628995","map_index":2,"task_id":"process_batch_task","run_id":"manual__2026-07-05T08:42:30.376371+00:00","logger":"task","filename":"task_runner.py","lineno":1727}
{"timestamp":"2026-07-05T08:42:45.419736Z","level":"error","event":"2026-07-05 08:42:45,419 | INFO | Processing batch_3.csv","logger":"task.stderr"}
{"timestamp":"2026-07-05T08:42:45.421050Z","level":"info","event":"Processing batch_3.csv","logger":"scripts.process_batch","try_number":1,"dag_id":"vehicle_batch_pipeline","ti_id":"019f3171-959a-72cb-b821-edf68d628995","map_index":2,"task_id":"process_batch_task","run_id":"manual__2026-07-05T08:42:30.376371+00:00","filename":"process_batch.py","lineno":14}
{"timestamp":"2026-07-05T08:42:45.440191Z","level":"error","event":"2026-07-05 08:42:45,439 | INFO | Rows = 1","logger":"task.stderr"}
{"timestamp":"2026-07-05T08:42:45.439845Z","level":"info","event":"Rows = 1","logger":"scripts.process_batch","try_number":1,"dag_id":"vehicle_batch_pipeline","ti_id":"019f3171-959a-72cb-b821-edf68d628995","map_index":2,"task_id":"process_batch_task","run_id":"manual__2026-07-05T08:42:30.376371+00:00","filename":"process_batch.py","lineno":18}
{"timestamp":"2026-07-05T08:42:45.440823Z","level":"warning","event":"Using Variable.get from `airflow.models` is deprecated.Please use `get` on Variable from sdk(`airflow.sdk.Variable`) instead","category":"DeprecationWarning","filename":"/home/airflow/.local/lib/python3.13/site-packages/airflow/models/variable.py","lineno":159,"try_number":1,"dag_id":"vehicle_batch_pipeline","ti_id":"019f3171-959a-72cb-b821-edf68d628995","map_index":2,"task_id":"process_batch_task","run_id":"manual__2026-07-05T08:42:30.376371+00:00","logger":"py.warnings"}
{"timestamp":"2026-07-05T08:42:45.474803Z","level":"warning","event":"Skipping masking for a secret as it's too short (<5 chars)","logger":"airflow.sdk._shared.secrets_masker.secrets_masker","try_number":1,"dag_id":"vehicle_batch_pipeline","ti_id":"019f3171-959a-72cb-b821-edf68d628995","map_index":2,"task_id":"process_batch_task","run_id":"manual__2026-07-05T08:42:30.376371+00:00","filename":"secrets_masker.py","lineno":590}
{"timestamp":"2026-07-05T08:42:45.476863Z","level":"warning","event":"Skipping masking for a secret as it's too short (<5 chars)","logger":"airflow._shared.secrets_masker.secrets_masker","try_number":1,"dag_id":"vehicle_batch_pipeline","ti_id":"019f3171-959a-72cb-b821-edf68d628995","map_index":2,"task_id":"process_batch_task","run_id":"manual__2026-07-05T08:42:30.376371+00:00","filename":"secrets_masker.py","lineno":590}
{"timestamp":"2026-07-05T08:42:45.477396Z","level":"info","event":"Valuation Enabled = True","logger":"scripts.process_batch","try_number":1,"dag_id":"vehicle_batch_pipeline","ti_id":"019f3171-959a-72cb-b821-edf68d628995","map_index":2,"task_id":"process_batch_task","run_id":"manual__2026-07-05T08:42:30.376371+00:00","filename":"process_batch.py","lineno":30}
{"timestamp":"2026-07-05T08:42:45.486403Z","level":"error","event":"2026-07-05 08:42:45,477 | INFO | Valuation Enabled = True","logger":"task.stderr"}
{"timestamp":"2026-07-05T08:42:45.487888Z","level":"error","event":"2026-07-05 08:42:45,480 | INFO | Using environment: staging","logger":"task.stderr"}
{"timestamp":"2026-07-05T08:42:45.488418Z","level":"error","event":"2026-07-05 08:42:45,480 | INFO | Calling URL: http://host.docker.internal:8000/rc","logger":"task.stderr"}
{"timestamp":"2026-07-05T08:42:45.480741Z","level":"info","event":"Using environment: staging","logger":"scripts.api_client","filename":"api_client.py","lineno":19}
{"timestamp":"2026-07-05T08:42:45.480909Z","level":"info","event":"Calling URL: http://host.docker.internal:8000/rc","logger":"scripts.api_client","filename":"api_client.py","lineno":20}
{"timestamp":"2026-07-05T08:42:45.486773Z","level":"info","event":"Using environment: staging","logger":"scripts.api_client","filename":"api_client.py","lineno":19}
{"timestamp":"2026-07-05T08:42:45.488139Z","level":"info","event":"Calling URL: http://host.docker.internal:8000/fastag","logger":"scripts.api_client","filename":"api_client.py","lineno":20}
{"timestamp":"2026-07-05T08:42:45.492945Z","level":"error","event":"2026-07-05 08:42:45,485 | INFO | Using environment: staging","logger":"task.stderr"}
{"timestamp":"2026-07-05T08:42:45.493658Z","level":"error","event":"2026-07-05 08:42:45,487 | INFO | Calling URL: http://host.docker.internal:8000/fastag","logger":"task.stderr"}
{"timestamp":"2026-07-05T08:42:45.494914Z","level":"error","event":"2026-07-05 08:42:45,488 | INFO | Using environment: staging","logger":"task.stderr"}
{"timestamp":"2026-07-05T08:42:45.495952Z","level":"error","event":"2026-07-05 08:42:45,489 | INFO | Using environment: staging","logger":"task.stderr"}
{"timestamp":"2026-07-05T08:42:45.497976Z","level":"error","event":"2026-07-05 08:42:45,489 | INFO | Calling URL: http://host.docker.internal:8000/valuation","logger":"task.stderr"}
{"timestamp":"2026-07-05T08:42:45.500191Z","level":"error","event":"2026-07-05 08:42:45,489 | INFO | Calling URL: http://host.docker.internal:8000/vrn","logger":"task.stderr"}
{"timestamp":"2026-07-05T08:42:45.489692Z","level":"info","event":"Using environment: staging","logger":"scripts.api_client","filename":"api_client.py","lineno":19}
{"timestamp":"2026-07-05T08:42:45.489866Z","level":"info","event":"Using environment: staging","logger":"scripts.api_client","filename":"api_client.py","lineno":19}
{"timestamp":"2026-07-05T08:42:45.490467Z","level":"info","event":"Calling URL: http://host.docker.internal:8000/valuation","logger":"scripts.api_client","filename":"api_client.py","lineno":20}
{"timestamp":"2026-07-05T08:42:45.490753Z","level":"info","event":"Calling URL: http://host.docker.internal:8000/vrn","logger":"scripts.api_client","filename":"api_client.py","lineno":20}
{"timestamp":"2026-07-05T08:42:45.512301Z","level":"error","event":"2026-07-05 08:42:45,510 | WARNING | Retrying scripts.api_client.post in 1 seconds as it raised ConnectionError: HTTPConnectionPool(host='host.docker.internal', port=8000): Max retries exceeded with url: /rc (Caused by NewConnectionError(\"HTTPConnection(host='host.docker.internal', port=8000): Failed to establish a new connection: [Errno 101] Network is unreachable\")).","logger":"task.stderr"}
{"timestamp":"2026-07-05T08:42:45.518008Z","level":"error","event":"2026-07-05 08:42:45,511 | WARNING | Retrying scripts.api_client.post in 1 seconds as it raised ConnectionError: HTTPConnectionPool(host='host.docker.internal', port=8000): Max retries exceeded with url: /valuation (Caused by NewConnectionError(\"HTTPConnection(host='host.docker.internal', port=8000): Failed to establish a new connection: [Errno 101] Network is unreachable\")).","logger":"task.stderr"}
{"timestamp":"2026-07-05T08:42:45.522060Z","level":"error","event":"2026-07-05 08:42:45,515 | WARNING | Retrying scripts.api_client.post in 1 seconds as it raised ConnectionError: HTTPConnectionPool(host='host.docker.internal', port=8000): Max retries exceeded with url: /vrn (Caused by NewConnectionError(\"HTTPConnection(host='host.docker.internal', port=8000): Failed to establish a new connection: [Errno 101] Network is unreachable\")).","logger":"task.stderr"}
{"timestamp":"2026-07-05T08:42:45.511595Z","level":"warning","event":"Retrying scripts.api_client.post in 1 seconds as it raised ConnectionError: HTTPConnectionPool(host='host.docker.internal', port=8000): Max retries exceeded with url: /rc (Caused by NewConnectionError(\"HTTPConnection(host='host.docker.internal', port=8000): Failed to establish a new connection: [Errno 101] Network is unreachable\")).","logger":"scripts.api_client","filename":"before_sleep.py","lineno":64}
{"timestamp":"2026-07-05T08:42:45.512446Z","level":"warning","event":"Retrying scripts.api_client.post in 1 seconds as it raised ConnectionError: HTTPConnectionPool(host='host.docker.internal', port=8000): Max retries exceeded with url: /valuation (Caused by NewConnectionError(\"HTTPConnection(host='host.docker.internal', port=8000): Failed to establish a new connection: [Errno 101] Network is unreachable\")).","logger":"scripts.api_client","filename":"before_sleep.py","lineno":64}
{"timestamp":"2026-07-05T08:42:45.515573Z","level":"warning","event":"Retrying scripts.api_client.post in 1 seconds as it raised ConnectionError: HTTPConnectionPool(host='host.docker.internal', port=8000): Max retries exceeded with url: /vrn (Caused by NewConnectionError(\"HTTPConnection(host='host.docker.internal', port=8000): Failed to establish a new connection: [Errno 101] Network is unreachable\")).","logger":"scripts.api_client","filename":"before_sleep.py","lineno":64}
{"timestamp":"2026-07-05T08:42:45.519715Z","level":"warning","event":"Retrying scripts.api_client.post in 1 seconds as it raised ConnectionError: HTTPConnectionPool(host='host.docker.internal', port=8000): Max retries exceeded with url: /fastag (Caused by NewConnectionError(\"HTTPConnection(host='host.docker.internal', port=8000): Failed to establish a new connection: [Errno 101] Network is unreachable\")).","logger":"scripts.api_client","filename":"before_sleep.py","lineno":64}
{"timestamp":"2026-07-05T08:42:45.534151Z","level":"error","event":"2026-07-05 08:42:45,519 | WARNING | Retrying scripts.api_client.post in 1 seconds as it raised ConnectionError: HTTPConnectionPool(host='host.docker.internal', port=8000): Max retries exceeded with url: /fastag (Caused by NewConnectionError(\"HTTPConnection(host='host.docker.internal', port=8000): Failed to establish a new connection: [Errno 101] Network is unreachable\")).","logger":"task.stderr"}
{"timestamp":"2026-07-05T08:42:46.513856Z","level":"error","event":"2026-07-05 08:42:46,512 | INFO | Using environment: staging","logger":"task.stderr"}
{"timestamp":"2026-07-05T08:42:46.514842Z","level":"error","event":"2026-07-05 08:42:46,512 | INFO | Calling URL: http://host.docker.internal:8000/rc","logger":"task.stderr"}
{"timestamp":"2026-07-05T08:42:46.512274Z","level":"info","event":"Using environment: staging","logger":"scripts.api_client","filename":"api_client.py","lineno":19}
{"timestamp":"2026-07-05T08:42:46.512505Z","level":"info","event":"Calling URL: http://host.docker.internal:8000/rc","logger":"scripts.api_client","filename":"api_client.py","lineno":20}
{"timestamp":"2026-07-05T08:42:46.514747Z","level":"info","event":"Using environment: staging","logger":"scripts.api_client","filename":"api_client.py","lineno":19}
{"timestamp":"2026-07-05T08:42:46.514882Z","level":"info","event":"Calling URL: http://host.docker.internal:8000/valuation","logger":"scripts.api_client","filename":"api_client.py","lineno":20}
{"timestamp":"2026-07-05T08:42:46.519447Z","level":"error","event":"2026-07-05 08:42:46,514 | INFO | Using environment: staging","logger":"task.stderr"}
{"timestamp":"2026-07-05T08:42:46.519879Z","level":"error","event":"2026-07-05 08:42:46,514 | INFO | Calling URL: http://host.docker.internal:8000/valuation","logger":"task.stderr"}
{"timestamp":"2026-07-05T08:42:46.520247Z","level":"error","event":"2026-07-05 08:42:46,517 | INFO | Using environment: staging","logger":"task.stderr"}
{"timestamp":"2026-07-05T08:42:46.520612Z","level":"error","event":"2026-07-05 08:42:46,517 | INFO | Calling URL: http://host.docker.internal:8000/vrn","logger":"task.stderr"}
{"timestamp":"2026-07-05T08:42:46.517519Z","level":"info","event":"Using environment: staging","logger":"scripts.api_client","filename":"api_client.py","lineno":19}
{"timestamp":"2026-07-05T08:42:46.517727Z","level":"info","event":"Calling URL: http://host.docker.internal:8000/vrn","logger":"scripts.api_client","filename":"api_client.py","lineno":20}
{"timestamp":"2026-07-05T08:42:46.524836Z","level":"error","event":"2026-07-05 08:42:46,524 | INFO | Using environment: staging","logger":"task.stderr"}
{"timestamp":"2026-07-05T08:42:46.524917Z","level":"info","event":"Using environment: staging","logger":"scripts.api_client","filename":"api_client.py","lineno":19}
{"timestamp":"2026-07-05T08:42:46.526388Z","level":"error","event":"2026-07-05 08:42:46,526 | WARNING | Retrying scripts.api_client.post in 2 seconds as it raised ConnectionError: HTTPConnectionPool(host='host.docker.internal', port=8000): Max retries exceeded with url: /rc (Caused by NewConnectionError(\"HTTPConnection(host='host.docker.internal', port=8000): Failed to establish a new connection: [Errno 101] Network is unreachable\")).","logger":"task.stderr"}
{"timestamp":"2026-07-05T08:42:46.530014Z","level":"error","event":"2026-07-05 08:42:46,527 | INFO | Calling URL: http://host.docker.internal:8000/fastag","logger":"task.stderr"}
{"timestamp":"2026-07-05T08:42:46.528123Z","level":"warning","event":"Retrying scripts.api_client.post in 2 seconds as it raised ConnectionError: HTTPConnectionPool(host='host.docker.internal', port=8000): Max retries exceeded with url: /rc (Caused by NewConnectionError(\"HTTPConnection(host='host.docker.internal', port=8000): Failed to establish a new connection: [Errno 101] Network is unreachable\")).","logger":"scripts.api_client","filename":"before_sleep.py","lineno":64}
{"timestamp":"2026-07-05T08:42:46.528418Z","level":"info","event":"Calling URL: http://host.docker.internal:8000/fastag","logger":"scripts.api_client","filename":"api_client.py","lineno":20}
{"timestamp":"2026-07-05T08:42:46.532900Z","level":"error","event":"2026-07-05 08:42:46,531 | WARNING | Retrying scripts.api_client.post in 2 seconds as it raised ConnectionError: HTTPConnectionPool(host='host.docker.internal', port=8000): Max retries exceeded with url: /valuation (Caused by NewConnectionError(\"HTTPConnection(host='host.docker.internal', port=8000): Failed to establish a new connection: [Errno 101] Network is unreachable\")).","logger":"task.stderr"}
{"timestamp":"2026-07-05T08:42:46.531719Z","level":"warning","event":"Retrying scripts.api_client.post in 2 seconds as it raised ConnectionError: HTTPConnectionPool(host='host.docker.internal', port=8000): Max retries exceeded with url: /valuation (Caused by NewConnectionError(\"HTTPConnection(host='host.docker.internal', port=8000): Failed to establish a new connection: [Errno 101] Network is unreachable\")).","logger":"scripts.api_client","filename":"before_sleep.py","lineno":64}
{"timestamp":"2026-07-05T08:42:46.553379Z","level":"error","event":"2026-07-05 08:42:46,553 | WARNING | Retrying scripts.api_client.post in 2 seconds as it raised ConnectionError: HTTPConnectionPool(host='host.docker.internal', port=8000): Max retries exceeded with url: /fastag (Caused by NewConnectionError(\"HTTPConnection(host='host.docker.internal', port=8000): Failed to establish a new connection: [Errno 101] Network is unreachable\")).","logger":"task.stderr"}
{"timestamp":"2026-07-05T08:42:46.554203Z","level":"error","event":"2026-07-05 08:42:46,553 | WARNING | Retrying scripts.api_client.post in 2 seconds as it raised ConnectionError: HTTPConnectionPool(host='host.docker.internal', port=8000): Max retries exceeded with url: /vrn (Caused by NewConnectionError(\"HTTPConnection(host='host.docker.internal', port=8000): Failed to establish a new connection: [Errno 101] Network is unreachable\")).","logger":"task.stderr"}
{"timestamp":"2026-07-05T08:42:46.553317Z","level":"warning","event":"Retrying scripts.api_client.post in 2 seconds as it raised ConnectionError: HTTPConnectionPool(host='host.docker.internal', port=8000): Max retries exceeded with url: /fastag (Caused by NewConnectionError(\"HTTPConnection(host='host.docker.internal', port=8000): Failed to establish a new connection: [Errno 101] Network is unreachable\")).","logger":"scripts.api_client","filename":"before_sleep.py","lineno":64}
{"timestamp":"2026-07-05T08:42:46.553871Z","level":"warning","event":"Retrying scripts.api_client.post in 2 seconds as it raised ConnectionError: HTTPConnectionPool(host='host.docker.internal', port=8000): Max retries exceeded with url: /vrn (Caused by NewConnectionError(\"HTTPConnection(host='host.docker.internal', port=8000): Failed to establish a new connection: [Errno 101] Network is unreachable\")).","logger":"scripts.api_client","filename":"before_sleep.py","lineno":64}
{"timestamp":"2026-07-05T08:42:48.528921Z","level":"error","event":"2026-07-05 08:42:48,528 | INFO | Using environment: staging","logger":"task.stderr"}
{"timestamp":"2026-07-05T08:42:48.530023Z","level":"error","event":"2026-07-05 08:42:48,528 | INFO | Calling URL: http://host.docker.internal:8000/rc","logger":"task.stderr"}
{"timestamp":"2026-07-05T08:42:48.528831Z","level":"info","event":"Using environment: staging","logger":"scripts.api_client","filename":"api_client.py","lineno":19}
{"timestamp":"2026-07-05T08:42:48.529021Z","level":"info","event":"Calling URL: http://host.docker.internal:8000/rc","logger":"scripts.api_client","filename":"api_client.py","lineno":20}
{"timestamp":"2026-07-05T08:42:48.532221Z","level":"info","event":"Using environment: staging","logger":"scripts.api_client","filename":"api_client.py","lineno":19}
{"timestamp":"2026-07-05T08:42:48.532569Z","level":"info","event":"Calling URL: http://host.docker.internal:8000/valuation","logger":"scripts.api_client","filename":"api_client.py","lineno":20}
{"timestamp":"2026-07-05T08:42:48.536219Z","level":"error","event":"2026-07-05 08:42:48,531 | INFO | Using environment: staging","logger":"task.stderr"}
{"timestamp":"2026-07-05T08:42:48.536855Z","level":"error","event":"2026-07-05 08:42:48,532 | INFO | Calling URL: http://host.docker.internal:8000/valuation","logger":"task.stderr"}
{"timestamp":"2026-07-05T08:42:48.545594Z","level":"error","event":"2026-07-05 08:42:48,545 | ERROR | RC failed for Vehicle V005: HTTPConnectionPool(host='host.docker.internal', port=8000): Max retries exceeded with url: /rc (Caused by NewConnectionError(\"HTTPConnection(host='host.docker.internal', port=8000): Failed to establish a new connection: [Errno 101] Network is unreachable\"))","logger":"task.stderr"}
{"timestamp":"2026-07-05T08:42:48.545540Z","level":"error","event":"RC failed for Vehicle V005: HTTPConnectionPool(host='host.docker.internal', port=8000): Max retries exceeded with url: /rc (Caused by NewConnectionError(\"HTTPConnection(host='host.docker.internal', port=8000): Failed to establish a new connection: [Errno 101] Network is unreachable\"))","logger":"utils.error_handler","try_number":1,"dag_id":"vehicle_batch_pipeline","ti_id":"019f3171-959a-72cb-b821-edf68d628995","map_index":2,"task_id":"process_batch_task","run_id":"manual__2026-07-05T08:42:30.376371+00:00","filename":"error_handler.py","lineno":7}
{"timestamp":"2026-07-05T08:42:48.553745Z","level":"error","event":"2026-07-05 08:42:48,553 | INFO | Using environment: staging","logger":"task.stderr"}
{"timestamp":"2026-07-05T08:42:48.554310Z","level":"error","event":"2026-07-05 08:42:48,553 | INFO | Calling URL: http://host.docker.internal:8000/fastag","logger":"task.stderr"}
{"timestamp":"2026-07-05T08:42:48.553726Z","level":"info","event":"Using environment: staging","logger":"scripts.api_client","filename":"api_client.py","lineno":19}
{"timestamp":"2026-07-05T08:42:48.553860Z","level":"info","event":"Calling URL: http://host.docker.internal:8000/fastag","logger":"scripts.api_client","filename":"api_client.py","lineno":20}
{"timestamp":"2026-07-05T08:42:48.556305Z","level":"error","event":"2026-07-05 08:42:48,554 | INFO | Using environment: staging","logger":"task.stderr"}
{"timestamp":"2026-07-05T08:42:48.556869Z","level":"error","event":"2026-07-05 08:42:48,554 | INFO | Calling URL: http://host.docker.internal:8000/vrn","logger":"task.stderr"}
{"timestamp":"2026-07-05T08:42:48.554829Z","level":"info","event":"Using environment: staging","logger":"scripts.api_client","filename":"api_client.py","lineno":19}
{"timestamp":"2026-07-05T08:42:48.554944Z","level":"info","event":"Calling URL: http://host.docker.internal:8000/vrn","logger":"scripts.api_client","filename":"api_client.py","lineno":20}
{"timestamp":"2026-07-05T08:42:48.559694Z","level":"error","event":"2026-07-05 08:42:48,559 | ERROR | FASTag failed for Vehicle V005: HTTPConnectionPool(host='host.docker.internal', port=8000): Max retries exceeded with url: /fastag (Caused by NewConnectionError(\"HTTPConnection(host='host.docker.internal', port=8000): Failed to establish a new connection: [Errno 101] Network is unreachable\"))","logger":"task.stderr"}
{"timestamp":"2026-07-05T08:42:48.560526Z","level":"error","event":"2026-07-05 08:42:48,559 | ERROR | VRN failed for Vehicle V005: HTTPConnectionPool(host='host.docker.internal', port=8000): Max retries exceeded with url: /vrn (Caused by NewConnectionError(\"HTTPConnection(host='host.docker.internal', port=8000): Failed to establish a new connection: [Errno 101] Network is unreachable\"))","logger":"task.stderr"}
{"timestamp":"2026-07-05T08:42:48.561052Z","level":"error","event":"2026-07-05 08:42:48,559 | ERROR | Valuation failed for Vehicle V005: HTTPConnectionPool(host='host.docker.internal', port=8000): Max retries exceeded with url: /valuation (Caused by NewConnectionError(\"HTTPConnection(host='host.docker.internal', port=8000): Failed to establish a new connection: [Errno 101] Network is unreachable\"))","logger":"task.stderr"}
{"timestamp":"2026-07-05T08:42:48.561612Z","level":"error","event":"2026-07-05 08:42:48,560 | INFO |","logger":"task.stderr"}
{"timestamp":"2026-07-05T08:42:48.562009Z","level":"error","event":"==========================","logger":"task.stderr"}
{"timestamp":"2026-07-05T08:42:48.562397Z","level":"error","event":"Batch Summary","logger":"task.stderr"}
{"timestamp":"2026-07-05T08:42:48.562857Z","level":"error","event":"==========================","logger":"task.stderr"}
{"timestamp":"2026-07-05T08:42:48.563469Z","level":"error","event":"Total Records : 1","logger":"task.stderr"}
{"timestamp":"2026-07-05T08:42:48.563973Z","level":"error","event":"Success : 1","logger":"task.stderr"}
{"timestamp":"2026-07-05T08:42:48.564478Z","level":"error","event":"Failed : 0","logger":"task.stderr"}
{"timestamp":"2026-07-05T08:42:48.564902Z","level":"error","event":"Success Rate : 100.0%","logger":"task.stderr"}
{"timestamp":"2026-07-05T08:42:48.565411Z","level":"error","event":"==========================","logger":"task.stderr"}
{"timestamp":"2026-07-05T08:42:48.559684Z","level":"error","event":"FASTag failed for Vehicle V005: HTTPConnectionPool(host='host.docker.internal', port=8000): Max retries exceeded with url: /fastag (Caused by NewConnectionError(\"HTTPConnection(host='host.docker.internal', port=8000): Failed to establish a new connection: [Errno 101] Network is unreachable\"))","logger":"utils.error_handler","try_number":1,"dag_id":"vehicle_batch_pipeline","ti_id":"019f3171-959a-72cb-b821-edf68d628995","map_index":2,"task_id":"process_batch_task","run_id":"manual__2026-07-05T08:42:30.376371+00:00","filename":"error_handler.py","lineno":7}
{"timestamp":"2026-07-05T08:42:48.559846Z","level":"error","event":"VRN failed for Vehicle V005: HTTPConnectionPool(host='host.docker.internal', port=8000): Max retries exceeded with url: /vrn (Caused by NewConnectionError(\"HTTPConnection(host='host.docker.internal', port=8000): Failed to establish a new connection: [Errno 101] Network is unreachable\"))","logger":"utils.error_handler","try_number":1,"dag_id":"vehicle_batch_pipeline","ti_id":"019f3171-959a-72cb-b821-edf68d628995","map_index":2,"task_id":"process_batch_task","run_id":"manual__2026-07-05T08:42:30.376371+00:00","filename":"error_handler.py","lineno":7}
{"timestamp":"2026-07-05T08:42:48.559951Z","level":"error","event":"Valuation failed for Vehicle V005: HTTPConnectionPool(host='host.docker.internal', port=8000): Max retries exceeded with url: /valuation (Caused by NewConnectionError(\"HTTPConnection(host='host.docker.internal', port=8000): Failed to establish a new connection: [Errno 101] Network is unreachable\"))","logger":"utils.error_handler","try_number":1,"dag_id":"vehicle_batch_pipeline","ti_id":"019f3171-959a-72cb-b821-edf68d628995","map_index":2,"task_id":"process_batch_task","run_id":"manual__2026-07-05T08:42:30.376371+00:00","filename":"error_handler.py","lineno":7}
{"timestamp":"2026-07-05T08:42:48.560528Z","level":"info","event":"\n==========================\nBatch Summary\n==========================\nTotal Records : 1\nSuccess : 1\nFailed : 0\nSuccess Rate : 100.0%\n==========================","logger":"scripts.process_batch","try_number":1,"dag_id":"vehicle_batch_pipeline","ti_id":"019f3171-959a-72cb-b821-edf68d628995","map_index":2,"task_id":"process_batch_task","run_id":"manual__2026-07-05T08:42:30.376371+00:00","filename":"process_batch.py","lineno":52}
{"timestamp":"2026-07-05T08:42:48.567937Z","level":"info","event":"V005 processed in 3.08 sec","logger":"task.stdout"}
{"timestamp":"2026-07-05T08:42:48.569371Z","level":"info","event":"Done. Returned value was:    year  brand  ...  status                                              error\n0  2020  Honda  ...  FAILED  HTTPConnectionPool(host='host.docker.internal'...\n\n[1 rows x 7 columns]","try_number":1,"dag_id":"vehicle_batch_pipeline","ti_id":"019f3171-959a-72cb-b821-edf68d628995","map_index":2,"task_id":"process_batch_task","run_id":"manual__2026-07-05T08:42:30.376371+00:00","logger":"airflow.task.operators.airflow.providers.standard.decorators.python._PythonDecoratedOperator","filename":"python.py","lineno":233}
{"timestamp":"2026-07-05T08:42:48.569570Z","level":"info","event":"::group::Post Execute","try_number":1,"dag_id":"vehicle_batch_pipeline","ti_id":"019f3171-959a-72cb-b821-edf68d628995","map_index":2,"task_id":"process_batch_task","run_id":"manual__2026-07-05T08:42:30.376371+00:00","logger":"task","filename":"task_runner.py","lineno":1288}
{"timestamp":"2026-07-05T08:42:48.569782Z","level":"info","event":"Pushing xcom","ti":"RuntimeTaskInstance(id=UUID('019f3171-959a-72cb-b821-edf68d628995'), task_id='process_batch_task', dag_id='vehicle_batch_pipeline', run_id='manual__2026-07-05T08:42:30.376371+00:00', try_number=1, dag_version_id=UUID('019f2c50-8b66-7475-9dae-822508d85766'), map_index=2, hostname='8e3d505c6688', context_carrier={'traceparent': '00-30f2d44217f21c7d1467952bd7e261d5-573e79f45664c6fb-01'}, task=<Task(_PythonDecoratedOperator): process_batch_task>, bundle_instance=LocalDagBundle(name=dags-folder), max_tries=2, start_date=datetime.datetime(2026, 7, 5, 8, 42, 44, 559896, tzinfo=datetime.timezone.utc), end_date=None, state=<TaskInstanceState.RUNNING: 'running'>, is_mapped=True, rendered_map_index=None, sentry_integration='')","try_number":1,"dag_id":"vehicle_batch_pipeline","ti_id":"019f3171-959a-72cb-b821-edf68d628995","map_index":2,"task_id":"process_batch_task","run_id":"manual__2026-07-05T08:42:30.376371+00:00","logger":"task","filename":"task_runner.py","lineno":1791}
{"timestamp":"2026-07-05T08:42:48.626015Z","level":"info","event":"Task instance in success state","logger":"task.stdout"}
{"timestamp":"2026-07-05T08:42:48.626521Z","level":"info","event":" Previous state of the Task instance: TaskInstanceState.RUNNING","logger":"task.stdout"}
{"timestamp":"2026-07-05T08:42:48.627161Z","level":"info","event":"Task operator:<Task(_PythonDecoratedOperator): process_batch_task>","logger":"task.stdout"}
{"timestamp":"2026-07-05T08:42:48.626424Z","level":"info","event":"::endgroup::","try_number":1,"dag_id":"vehicle_batch_pipeline","ti_id":"019f3171-959a-72cb-b821-edf68d628995","map_index":2,"task_id":"process_batch_task","run_id":"manual__2026-07-05T08:42:30.376371+00:00","logger":"task","filename":"task_runner.py","lineno":1896}
