{"timestamp":"2026-07-05T08:42:35.546579Z","level":"info","event":"::group::Pre Execute","logger":"task","filename":"task_runner.py","lineno":1926}
{"timestamp":"2026-07-05T08:42:35.877787Z","level":"info","event":"DAG bundles loaded: dags-folder, example_dags","map_index":0,"try_number":1,"ti_id":"019f3171-82a8-7e6d-9ca2-927dca743060","run_id":"manual__2026-07-05T08:42:30.376371+00:00","task_id":"process_batch_task","dag_id":"vehicle_batch_pipeline","logger":"airflow.dag_processing.bundles.manager.DagBundlesManager","filename":"manager.py","lineno":209}
{"timestamp":"2026-07-05T08:42:35.879813Z","level":"info","event":"Filling up the DagBag from /opt/airflow/dags/vehicle_pipeline.py","map_index":0,"try_number":1,"ti_id":"019f3171-82a8-7e6d-9ca2-927dca743060","run_id":"manual__2026-07-05T08:42:30.376371+00:00","task_id":"process_batch_task","dag_id":"vehicle_batch_pipeline","logger":"airflow.dag_processing.dagbag.BundleDagBag","filename":"dagbag.py","lineno":469}
{"timestamp":"2026-07-05T08:42:35.981435Z","level":"warning","event":"Using Variable.get from `airflow.models` is deprecated.Please use `get` on Variable from sdk(`airflow.sdk.Variable`) instead","category":"UserWarning","filename":"/home/airflow/.local/lib/python3.13/site-packages/airflow/models/variable.py","lineno":159,"map_index":0,"try_number":1,"ti_id":"019f3171-82a8-7e6d-9ca2-927dca743060","run_id":"manual__2026-07-05T08:42:30.376371+00:00","task_id":"process_batch_task","dag_id":"vehicle_batch_pipeline","logger":"py.warnings"}
{"timestamp":"2026-07-05T08:42:36.014933Z","level":"info","event":"Task instance is in running state","logger":"task.stdout"}
{"timestamp":"2026-07-05T08:42:36.015467Z","level":"info","event":" Previous state of the Task instance: TaskInstanceState.QUEUED","logger":"task.stdout"}
{"timestamp":"2026-07-05T08:42:36.015907Z","level":"info","event":"Current task name:process_batch_task","logger":"task.stdout"}
{"timestamp":"2026-07-05T08:42:36.016364Z","level":"info","event":"Dag name:vehicle_batch_pipeline","logger":"task.stdout"}
{"timestamp":"2026-07-05T08:42:36.015325Z","level":"info","event":"::endgroup::","map_index":0,"try_number":1,"ti_id":"019f3171-82a8-7e6d-9ca2-927dca743060","run_id":"manual__2026-07-05T08:42:30.376371+00:00","task_id":"process_batch_task","dag_id":"vehicle_batch_pipeline","logger":"task","filename":"task_runner.py","lineno":1727}
{"timestamp":"2026-07-05T08:42:36.017128Z","level":"info","event":"Processing batch_1.csv","logger":"scripts.process_batch","map_index":0,"try_number":1,"ti_id":"019f3171-82a8-7e6d-9ca2-927dca743060","run_id":"manual__2026-07-05T08:42:30.376371+00:00","task_id":"process_batch_task","dag_id":"vehicle_batch_pipeline","filename":"process_batch.py","lineno":14}
{"timestamp":"2026-07-05T08:42:36.017936Z","level":"error","event":"2026-07-05 08:42:36,016 | INFO | Processing batch_1.csv","logger":"task.stderr"}
{"timestamp":"2026-07-05T08:42:36.026861Z","level":"error","event":"2026-07-05 08:42:36,026 | INFO | Rows = 2","logger":"task.stderr"}
{"timestamp":"2026-07-05T08:42:36.026814Z","level":"info","event":"Rows = 2","logger":"scripts.process_batch","map_index":0,"try_number":1,"ti_id":"019f3171-82a8-7e6d-9ca2-927dca743060","run_id":"manual__2026-07-05T08:42:30.376371+00:00","task_id":"process_batch_task","dag_id":"vehicle_batch_pipeline","filename":"process_batch.py","lineno":18}
{"timestamp":"2026-07-05T08:42:36.027065Z","level":"warning","event":"Using Variable.get from `airflow.models` is deprecated.Please use `get` on Variable from sdk(`airflow.sdk.Variable`) instead","category":"DeprecationWarning","filename":"/home/airflow/.local/lib/python3.13/site-packages/airflow/models/variable.py","lineno":159,"map_index":0,"try_number":1,"ti_id":"019f3171-82a8-7e6d-9ca2-927dca743060","run_id":"manual__2026-07-05T08:42:30.376371+00:00","task_id":"process_batch_task","dag_id":"vehicle_batch_pipeline","logger":"py.warnings"}
{"timestamp":"2026-07-05T08:42:36.037178Z","level":"warning","event":"Skipping masking for a secret as it's too short (<5 chars)","logger":"airflow._shared.secrets_masker.secrets_masker","map_index":0,"try_number":1,"ti_id":"019f3171-82a8-7e6d-9ca2-927dca743060","run_id":"manual__2026-07-05T08:42:30.376371+00:00","task_id":"process_batch_task","dag_id":"vehicle_batch_pipeline","filename":"secrets_masker.py","lineno":590}
{"timestamp":"2026-07-05T08:42:36.037456Z","level":"info","event":"Valuation Enabled = True","logger":"scripts.process_batch","map_index":0,"try_number":1,"ti_id":"019f3171-82a8-7e6d-9ca2-927dca743060","run_id":"manual__2026-07-05T08:42:30.376371+00:00","task_id":"process_batch_task","dag_id":"vehicle_batch_pipeline","filename":"process_batch.py","lineno":30}
{"timestamp":"2026-07-05T08:42:36.038818Z","level":"error","event":"2026-07-05 08:42:36,037 | INFO | Valuation Enabled = True","logger":"task.stderr"}
{"timestamp":"2026-07-05T08:42:36.039231Z","level":"error","event":"2026-07-05 08:42:36,038 | INFO | Using environment: staging","logger":"task.stderr"}
{"timestamp":"2026-07-05T08:42:36.038749Z","level":"info","event":"Using environment: staging","logger":"scripts.api_client","filename":"api_client.py","lineno":19}
{"timestamp":"2026-07-05T08:42:36.038914Z","level":"info","event":"Calling URL: http://host.docker.internal:8000/rc","logger":"scripts.api_client","filename":"api_client.py","lineno":20}
{"timestamp":"2026-07-05T08:42:36.040704Z","level":"error","event":"2026-07-05 08:42:36,038 | INFO | Calling URL: http://host.docker.internal:8000/rc","logger":"task.stderr"}
{"timestamp":"2026-07-05T08:42:36.040831Z","level":"info","event":"Using environment: staging","logger":"scripts.api_client","filename":"api_client.py","lineno":19}
{"timestamp":"2026-07-05T08:42:36.041000Z","level":"info","event":"Calling URL: http://host.docker.internal:8000/fastag","logger":"scripts.api_client","filename":"api_client.py","lineno":20}
{"timestamp":"2026-07-05T08:42:36.042159Z","level":"error","event":"2026-07-05 08:42:36,040 | INFO | Using environment: staging","logger":"task.stderr"}
{"timestamp":"2026-07-05T08:42:36.042666Z","level":"error","event":"2026-07-05 08:42:36,040 | INFO | Calling URL: http://host.docker.internal:8000/fastag","logger":"task.stderr"}
{"timestamp":"2026-07-05T08:42:36.043576Z","level":"error","event":"2026-07-05 08:42:36,041 | INFO | Using environment: staging","logger":"task.stderr"}
{"timestamp":"2026-07-05T08:42:36.044126Z","level":"error","event":"2026-07-05 08:42:36,041 | INFO | Calling URL: http://host.docker.internal:8000/vrn","logger":"task.stderr"}
{"timestamp":"2026-07-05T08:42:36.041595Z","level":"info","event":"Using environment: staging","logger":"scripts.api_client","filename":"api_client.py","lineno":19}
{"timestamp":"2026-07-05T08:42:36.041754Z","level":"info","event":"Calling URL: http://host.docker.internal:8000/vrn","logger":"scripts.api_client","filename":"api_client.py","lineno":20}
{"timestamp":"2026-07-05T08:42:36.042410Z","level":"info","event":"Using environment: staging","logger":"scripts.api_client","filename":"api_client.py","lineno":19}
{"timestamp":"2026-07-05T08:42:36.042566Z","level":"info","event":"Calling URL: http://host.docker.internal:8000/valuation","logger":"scripts.api_client","filename":"api_client.py","lineno":20}
{"timestamp":"2026-07-05T08:42:36.046504Z","level":"error","event":"2026-07-05 08:42:36,042 | INFO | Using environment: staging","logger":"task.stderr"}
{"timestamp":"2026-07-05T08:42:36.047065Z","level":"error","event":"2026-07-05 08:42:36,042 | INFO | Calling URL: http://host.docker.internal:8000/valuation","logger":"task.stderr"}
{"timestamp":"2026-07-05T08:42:36.052793Z","level":"error","event":"2026-07-05 08:42:36,052 | WARNING | Retrying scripts.api_client.post in 1 seconds as it raised ConnectionError: HTTPConnectionPool(host='host.docker.internal', port=8000): Max retries exceeded with url: /rc (Caused by NewConnectionError(\"HTTPConnection(host='host.docker.internal', port=8000): Failed to establish a new connection: [Errno 101] Network is unreachable\")).","logger":"task.stderr"}
{"timestamp":"2026-07-05T08:42:36.054152Z","level":"error","event":"2026-07-05 08:42:36,053 | WARNING | Retrying scripts.api_client.post in 1 seconds as it raised ConnectionError: HTTPConnectionPool(host='host.docker.internal', port=8000): Max retries exceeded with url: /fastag (Caused by NewConnectionError(\"HTTPConnection(host='host.docker.internal', port=8000): Failed to establish a new connection: [Errno 101] Network is unreachable\")).","logger":"task.stderr"}
{"timestamp":"2026-07-05T08:42:36.054729Z","level":"error","event":"2026-07-05 08:42:36,054 | WARNING | Retrying scripts.api_client.post in 1 seconds as it raised ConnectionError: HTTPConnectionPool(host='host.docker.internal', port=8000): Max retries exceeded with url: /valuation (Caused by NewConnectionError(\"HTTPConnection(host='host.docker.internal', port=8000): Failed to establish a new connection: [Errno 101] Network is unreachable\")).","logger":"task.stderr"}
{"timestamp":"2026-07-05T08:42:36.052744Z","level":"warning","event":"Retrying scripts.api_client.post in 1 seconds as it raised ConnectionError: HTTPConnectionPool(host='host.docker.internal', port=8000): Max retries exceeded with url: /rc (Caused by NewConnectionError(\"HTTPConnection(host='host.docker.internal', port=8000): Failed to establish a new connection: [Errno 101] Network is unreachable\")).","logger":"scripts.api_client","filename":"before_sleep.py","lineno":64}
{"timestamp":"2026-07-05T08:42:36.053541Z","level":"warning","event":"Retrying scripts.api_client.post in 1 seconds as it raised ConnectionError: HTTPConnectionPool(host='host.docker.internal', port=8000): Max retries exceeded with url: /fastag (Caused by NewConnectionError(\"HTTPConnection(host='host.docker.internal', port=8000): Failed to establish a new connection: [Errno 101] Network is unreachable\")).","logger":"scripts.api_client","filename":"before_sleep.py","lineno":64}
{"timestamp":"2026-07-05T08:42:36.054078Z","level":"warning","event":"Retrying scripts.api_client.post in 1 seconds as it raised ConnectionError: HTTPConnectionPool(host='host.docker.internal', port=8000): Max retries exceeded with url: /valuation (Caused by NewConnectionError(\"HTTPConnection(host='host.docker.internal', port=8000): Failed to establish a new connection: [Errno 101] Network is unreachable\")).","logger":"scripts.api_client","filename":"before_sleep.py","lineno":64}
{"timestamp":"2026-07-05T08:42:36.054413Z","level":"warning","event":"Retrying scripts.api_client.post in 1 seconds as it raised ConnectionError: HTTPConnectionPool(host='host.docker.internal', port=8000): Max retries exceeded with url: /vrn (Caused by NewConnectionError(\"HTTPConnection(host='host.docker.internal', port=8000): Failed to establish a new connection: [Errno 101] Network is unreachable\")).","logger":"scripts.api_client","filename":"before_sleep.py","lineno":64}
{"timestamp":"2026-07-05T08:42:36.057578Z","level":"error","event":"2026-07-05 08:42:36,054 | WARNING | Retrying scripts.api_client.post in 1 seconds as it raised ConnectionError: HTTPConnectionPool(host='host.docker.internal', port=8000): Max retries exceeded with url: /vrn (Caused by NewConnectionError(\"HTTPConnection(host='host.docker.internal', port=8000): Failed to establish a new connection: [Errno 101] Network is unreachable\")).","logger":"task.stderr"}
{"timestamp":"2026-07-05T08:42:37.053622Z","level":"error","event":"2026-07-05 08:42:37,053 | INFO | Using environment: staging","logger":"task.stderr"}
{"timestamp":"2026-07-05T08:42:37.055044Z","level":"error","event":"2026-07-05 08:42:37,053 | INFO | Calling URL: http://host.docker.internal:8000/rc","logger":"task.stderr"}
{"timestamp":"2026-07-05T08:42:37.055757Z","level":"error","event":"2026-07-05 08:42:37,054 | INFO | Using environment: staging","logger":"task.stderr"}
{"timestamp":"2026-07-05T08:42:37.056311Z","level":"error","event":"2026-07-05 08:42:37,054 | INFO | Calling URL: http://host.docker.internal:8000/fastag","logger":"task.stderr"}
{"timestamp":"2026-07-05T08:42:37.053543Z","level":"info","event":"Using environment: staging","logger":"scripts.api_client","filename":"api_client.py","lineno":19}
{"timestamp":"2026-07-05T08:42:37.053749Z","level":"info","event":"Calling URL: http://host.docker.internal:8000/rc","logger":"scripts.api_client","filename":"api_client.py","lineno":20}
{"timestamp":"2026-07-05T08:42:37.054254Z","level":"info","event":"Using environment: staging","logger":"scripts.api_client","filename":"api_client.py","lineno":19}
{"timestamp":"2026-07-05T08:42:37.054473Z","level":"info","event":"Calling URL: http://host.docker.internal:8000/fastag","logger":"scripts.api_client","filename":"api_client.py","lineno":20}
{"timestamp":"2026-07-05T08:42:37.056270Z","level":"info","event":"Using environment: staging","logger":"scripts.api_client","filename":"api_client.py","lineno":19}
{"timestamp":"2026-07-05T08:42:37.056537Z","level":"info","event":"Using environment: staging","logger":"scripts.api_client","filename":"api_client.py","lineno":19}
{"timestamp":"2026-07-05T08:42:37.056772Z","level":"info","event":"Calling URL: http://host.docker.internal:8000/vrn","logger":"scripts.api_client","filename":"api_client.py","lineno":20}
{"timestamp":"2026-07-05T08:42:37.061985Z","level":"error","event":"2026-07-05 08:42:37,055 | INFO | Using environment: staging","logger":"task.stderr"}
{"timestamp":"2026-07-05T08:42:37.062510Z","level":"error","event":"2026-07-05 08:42:37,056 | INFO | Using environment: staging","logger":"task.stderr"}
{"timestamp":"2026-07-05T08:42:37.062989Z","level":"error","event":"2026-07-05 08:42:37,056 | INFO | Calling URL: http://host.docker.internal:8000/vrn","logger":"task.stderr"}
{"timestamp":"2026-07-05T08:42:37.063502Z","level":"error","event":"2026-07-05 08:42:37,056 | INFO | Calling URL: http://host.docker.internal:8000/valuation","logger":"task.stderr"}
{"timestamp":"2026-07-05T08:42:37.063975Z","level":"error","event":"2026-07-05 08:42:37,061 | WARNING | Retrying scripts.api_client.post in 2 seconds as it raised ConnectionError: HTTPConnectionPool(host='host.docker.internal', port=8000): Max retries exceeded with url: /rc (Caused by NewConnectionError(\"HTTPConnection(host='host.docker.internal', port=8000): Failed to establish a new connection: [Errno 101] Network is unreachable\")).","logger":"task.stderr"}
{"timestamp":"2026-07-05T08:42:37.057185Z","level":"info","event":"Calling URL: http://host.docker.internal:8000/valuation","logger":"scripts.api_client","filename":"api_client.py","lineno":20}
{"timestamp":"2026-07-05T08:42:37.061761Z","level":"warning","event":"Retrying scripts.api_client.post in 2 seconds as it raised ConnectionError: HTTPConnectionPool(host='host.docker.internal', port=8000): Max retries exceeded with url: /rc (Caused by NewConnectionError(\"HTTPConnection(host='host.docker.internal', port=8000): Failed to establish a new connection: [Errno 101] Network is unreachable\")).","logger":"scripts.api_client","filename":"before_sleep.py","lineno":64}
{"timestamp":"2026-07-05T08:42:37.062503Z","level":"warning","event":"Retrying scripts.api_client.post in 2 seconds as it raised ConnectionError: HTTPConnectionPool(host='host.docker.internal', port=8000): Max retries exceeded with url: /vrn (Caused by NewConnectionError(\"HTTPConnection(host='host.docker.internal', port=8000): Failed to establish a new connection: [Errno 101] Network is unreachable\")).","logger":"scripts.api_client","filename":"before_sleep.py","lineno":64}
{"timestamp":"2026-07-05T08:42:37.062884Z","level":"warning","event":"Retrying scripts.api_client.post in 2 seconds as it raised ConnectionError: HTTPConnectionPool(host='host.docker.internal', port=8000): Max retries exceeded with url: /valuation (Caused by NewConnectionError(\"HTTPConnection(host='host.docker.internal', port=8000): Failed to establish a new connection: [Errno 101] Network is unreachable\")).","logger":"scripts.api_client","filename":"before_sleep.py","lineno":64}
{"timestamp":"2026-07-05T08:42:37.063384Z","level":"warning","event":"Retrying scripts.api_client.post in 2 seconds as it raised ConnectionError: HTTPConnectionPool(host='host.docker.internal', port=8000): Max retries exceeded with url: /fastag (Caused by NewConnectionError(\"HTTPConnection(host='host.docker.internal', port=8000): Failed to establish a new connection: [Errno 101] Network is unreachable\")).","logger":"scripts.api_client","filename":"before_sleep.py","lineno":64}
{"timestamp":"2026-07-05T08:42:37.067132Z","level":"error","event":"2026-07-05 08:42:37,062 | WARNING | Retrying scripts.api_client.post in 2 seconds as it raised ConnectionError: HTTPConnectionPool(host='host.docker.internal', port=8000): Max retries exceeded with url: /vrn (Caused by NewConnectionError(\"HTTPConnection(host='host.docker.internal', port=8000): Failed to establish a new connection: [Errno 101] Network is unreachable\")).","logger":"task.stderr"}
{"timestamp":"2026-07-05T08:42:37.067678Z","level":"error","event":"2026-07-05 08:42:37,062 | WARNING | Retrying scripts.api_client.post in 2 seconds as it raised ConnectionError: HTTPConnectionPool(host='host.docker.internal', port=8000): Max retries exceeded with url: /valuation (Caused by NewConnectionError(\"HTTPConnection(host='host.docker.internal', port=8000): Failed to establish a new connection: [Errno 101] Network is unreachable\")).","logger":"task.stderr"}
{"timestamp":"2026-07-05T08:42:37.068167Z","level":"error","event":"2026-07-05 08:42:37,063 | WARNING | Retrying scripts.api_client.post in 2 seconds as it raised ConnectionError: HTTPConnectionPool(host='host.docker.internal', port=8000): Max retries exceeded with url: /fastag (Caused by NewConnectionError(\"HTTPConnection(host='host.docker.internal', port=8000): Failed to establish a new connection: [Errno 101] Network is unreachable\")).","logger":"task.stderr"}
{"timestamp":"2026-07-05T08:42:39.062415Z","level":"error","event":"2026-07-05 08:42:39,062 | INFO | Using environment: staging","logger":"task.stderr"}
{"timestamp":"2026-07-05T08:42:39.064529Z","level":"error","event":"2026-07-05 08:42:39,062 | INFO | Calling URL: http://host.docker.internal:8000/rc","logger":"task.stderr"}
{"timestamp":"2026-07-05T08:42:39.065306Z","level":"error","event":"2026-07-05 08:42:39,062 | INFO | Using environment: staging","logger":"task.stderr"}
{"timestamp":"2026-07-05T08:42:39.067096Z","level":"error","event":"2026-07-05 08:42:39,063 | INFO | Calling URL: http://host.docker.internal:8000/vrn","logger":"task.stderr"}
{"timestamp":"2026-07-05T08:42:39.067954Z","level":"error","event":"2026-07-05 08:42:39,064 | INFO | Using environment: staging","logger":"task.stderr"}
{"timestamp":"2026-07-05T08:42:39.062342Z","level":"info","event":"Using environment: staging","logger":"scripts.api_client","filename":"api_client.py","lineno":19}
{"timestamp":"2026-07-05T08:42:39.062532Z","level":"info","event":"Calling URL: http://host.docker.internal:8000/rc","logger":"scripts.api_client","filename":"api_client.py","lineno":20}
{"timestamp":"2026-07-05T08:42:39.062952Z","level":"info","event":"Using environment: staging","logger":"scripts.api_client","filename":"api_client.py","lineno":19}
{"timestamp":"2026-07-05T08:42:39.063117Z","level":"info","event":"Calling URL: http://host.docker.internal:8000/vrn","logger":"scripts.api_client","filename":"api_client.py","lineno":20}
{"timestamp":"2026-07-05T08:42:39.064181Z","level":"info","event":"Using environment: staging","logger":"scripts.api_client","filename":"api_client.py","lineno":19}
{"timestamp":"2026-07-05T08:42:39.065076Z","level":"info","event":"Calling URL: http://host.docker.internal:8000/valuation","logger":"scripts.api_client","filename":"api_client.py","lineno":20}
{"timestamp":"2026-07-05T08:42:39.066428Z","level":"info","event":"Using environment: staging","logger":"scripts.api_client","filename":"api_client.py","lineno":19}
{"timestamp":"2026-07-05T08:42:39.066914Z","level":"info","event":"Calling URL: http://host.docker.internal:8000/fastag","logger":"scripts.api_client","filename":"api_client.py","lineno":20}
{"timestamp":"2026-07-05T08:42:39.075280Z","level":"error","event":"2026-07-05 08:42:39,064 | INFO | Calling URL: http://host.docker.internal:8000/valuation","logger":"task.stderr"}
{"timestamp":"2026-07-05T08:42:39.075803Z","level":"error","event":"2026-07-05 08:42:39,064 | INFO | Using environment: staging","logger":"task.stderr"}
{"timestamp":"2026-07-05T08:42:39.076322Z","level":"error","event":"2026-07-05 08:42:39,066 | INFO | Calling URL: http://host.docker.internal:8000/fastag","logger":"task.stderr"}
{"timestamp":"2026-07-05T08:42:39.087346Z","level":"error","event":"2026-07-05 08:42:39,086 | ERROR | RC failed for Vehicle V001: HTTPConnectionPool(host='host.docker.internal', port=8000): Max retries exceeded with url: /rc (Caused by NewConnectionError(\"HTTPConnection(host='host.docker.internal', port=8000): Failed to establish a new connection: [Errno 101] Network is unreachable\"))","logger":"task.stderr"}
{"timestamp":"2026-07-05T08:42:39.088849Z","level":"error","event":"2026-07-05 08:42:39,087 | ERROR | FASTag failed for Vehicle V001: HTTPConnectionPool(host='host.docker.internal', port=8000): Max retries exceeded with url: /fastag (Caused by NewConnectionError(\"HTTPConnection(host='host.docker.internal', port=8000): Failed to establish a new connection: [Errno 101] Network is unreachable\"))","logger":"task.stderr"}
{"timestamp":"2026-07-05T08:42:39.089831Z","level":"error","event":"2026-07-05 08:42:39,087 | ERROR | VRN failed for Vehicle V001: HTTPConnectionPool(host='host.docker.internal', port=8000): Max retries exceeded with url: /vrn (Caused by NewConnectionError(\"HTTPConnection(host='host.docker.internal', port=8000): Failed to establish a new connection: [Errno 101] Network is unreachable\"))","logger":"task.stderr"}
{"timestamp":"2026-07-05T08:42:39.090486Z","level":"error","event":"2026-07-05 08:42:39,087 | ERROR | Valuation failed for Vehicle V001: HTTPConnectionPool(host='host.docker.internal', port=8000): Max retries exceeded with url: /valuation (Caused by NewConnectionError(\"HTTPConnection(host='host.docker.internal', port=8000): Failed to establish a new connection: [Errno 101] Network is unreachable\"))","logger":"task.stderr"}
{"timestamp":"2026-07-05T08:42:39.087233Z","level":"error","event":"RC failed for Vehicle V001: HTTPConnectionPool(host='host.docker.internal', port=8000): Max retries exceeded with url: /rc (Caused by NewConnectionError(\"HTTPConnection(host='host.docker.internal', port=8000): Failed to establish a new connection: [Errno 101] Network is unreachable\"))","logger":"utils.error_handler","map_index":0,"try_number":1,"ti_id":"019f3171-82a8-7e6d-9ca2-927dca743060","run_id":"manual__2026-07-05T08:42:30.376371+00:00","task_id":"process_batch_task","dag_id":"vehicle_batch_pipeline","filename":"error_handler.py","lineno":7}
{"timestamp":"2026-07-05T08:42:39.087658Z","level":"error","event":"FASTag failed for Vehicle V001: HTTPConnectionPool(host='host.docker.internal', port=8000): Max retries exceeded with url: /fastag (Caused by NewConnectionError(\"HTTPConnection(host='host.docker.internal', port=8000): Failed to establish a new connection: [Errno 101] Network is unreachable\"))","logger":"utils.error_handler","map_index":0,"try_number":1,"ti_id":"019f3171-82a8-7e6d-9ca2-927dca743060","run_id":"manual__2026-07-05T08:42:30.376371+00:00","task_id":"process_batch_task","dag_id":"vehicle_batch_pipeline","filename":"error_handler.py","lineno":7}
{"timestamp":"2026-07-05T08:42:39.087817Z","level":"error","event":"VRN failed for Vehicle V001: HTTPConnectionPool(host='host.docker.internal', port=8000): Max retries exceeded with url: /vrn (Caused by NewConnectionError(\"HTTPConnection(host='host.docker.internal', port=8000): Failed to establish a new connection: [Errno 101] Network is unreachable\"))","logger":"utils.error_handler","map_index":0,"try_number":1,"ti_id":"019f3171-82a8-7e6d-9ca2-927dca743060","run_id":"manual__2026-07-05T08:42:30.376371+00:00","task_id":"process_batch_task","dag_id":"vehicle_batch_pipeline","filename":"error_handler.py","lineno":7}
{"timestamp":"2026-07-05T08:42:39.087957Z","level":"error","event":"Valuation failed for Vehicle V001: HTTPConnectionPool(host='host.docker.internal', port=8000): Max retries exceeded with url: /valuation (Caused by NewConnectionError(\"HTTPConnection(host='host.docker.internal', port=8000): Failed to establish a new connection: [Errno 101] Network is unreachable\"))","logger":"utils.error_handler","map_index":0,"try_number":1,"ti_id":"019f3171-82a8-7e6d-9ca2-927dca743060","run_id":"manual__2026-07-05T08:42:30.376371+00:00","task_id":"process_batch_task","dag_id":"vehicle_batch_pipeline","filename":"error_handler.py","lineno":7}
{"timestamp":"2026-07-05T08:42:39.090020Z","level":"info","event":"Using environment: staging","logger":"scripts.api_client","filename":"api_client.py","lineno":19}
{"timestamp":"2026-07-05T08:42:39.090186Z","level":"info","event":"Calling URL: http://host.docker.internal:8000/rc","logger":"scripts.api_client","filename":"api_client.py","lineno":20}
{"timestamp":"2026-07-05T08:42:39.096388Z","level":"error","event":"2026-07-05 08:42:39,089 | INFO | Using environment: staging","logger":"task.stderr"}
{"timestamp":"2026-07-05T08:42:39.096958Z","level":"error","event":"2026-07-05 08:42:39,090 | INFO | Calling URL: http://host.docker.internal:8000/rc","logger":"task.stderr"}
{"timestamp":"2026-07-05T08:42:39.097470Z","level":"error","event":"2026-07-05 08:42:39,090 | INFO | Using environment: staging","logger":"task.stderr"}
{"timestamp":"2026-07-05T08:42:39.097999Z","level":"error","event":"2026-07-05 08:42:39,092 | INFO | Calling URL: http://host.docker.internal:8000/fastag","logger":"task.stderr"}
{"timestamp":"2026-07-05T08:42:39.098489Z","level":"error","event":"2026-07-05 08:42:39,093 | INFO | Using environment: staging","logger":"task.stderr"}
{"timestamp":"2026-07-05T08:42:39.099548Z","level":"error","event":"2026-07-05 08:42:39,093 | INFO | Calling URL: http://host.docker.internal:8000/vrn","logger":"task.stderr"}
{"timestamp":"2026-07-05T08:42:39.101111Z","level":"error","event":"2026-07-05 08:42:39,094 | INFO | Using environment: staging","logger":"task.stderr"}
{"timestamp":"2026-07-05T08:42:39.101823Z","level":"error","event":"2026-07-05 08:42:39,094 | INFO | Calling URL: http://host.docker.internal:8000/valuation","logger":"task.stderr"}
{"timestamp":"2026-07-05T08:42:39.092108Z","level":"info","event":"Using environment: staging","logger":"scripts.api_client","filename":"api_client.py","lineno":19}
{"timestamp":"2026-07-05T08:42:39.093252Z","level":"info","event":"Calling URL: http://host.docker.internal:8000/fastag","logger":"scripts.api_client","filename":"api_client.py","lineno":20}
{"timestamp":"2026-07-05T08:42:39.093731Z","level":"info","event":"Using environment: staging","logger":"scripts.api_client","filename":"api_client.py","lineno":19}
{"timestamp":"2026-07-05T08:42:39.093914Z","level":"info","event":"Calling URL: http://host.docker.internal:8000/vrn","logger":"scripts.api_client","filename":"api_client.py","lineno":20}
{"timestamp":"2026-07-05T08:42:39.094833Z","level":"info","event":"Using environment: staging","logger":"scripts.api_client","filename":"api_client.py","lineno":19}
{"timestamp":"2026-07-05T08:42:39.094959Z","level":"info","event":"Calling URL: http://host.docker.internal:8000/valuation","logger":"scripts.api_client","filename":"api_client.py","lineno":20}
{"timestamp":"2026-07-05T08:42:39.101392Z","level":"warning","event":"Retrying scripts.api_client.post in 1 seconds as it raised ConnectionError: HTTPConnectionPool(host='host.docker.internal', port=8000): Max retries exceeded with url: /rc (Caused by NewConnectionError(\"HTTPConnection(host='host.docker.internal', port=8000): Failed to establish a new connection: [Errno 101] Network is unreachable\")).","logger":"scripts.api_client","filename":"before_sleep.py","lineno":64}
{"timestamp":"2026-07-05T08:42:39.102254Z","level":"warning","event":"Retrying scripts.api_client.post in 1 seconds as it raised ConnectionError: HTTPConnectionPool(host='host.docker.internal', port=8000): Max retries exceeded with url: /fastag (Caused by NewConnectionError(\"HTTPConnection(host='host.docker.internal', port=8000): Failed to establish a new connection: [Errno 101] Network is unreachable\")).","logger":"scripts.api_client","filename":"before_sleep.py","lineno":64}
{"timestamp":"2026-07-05T08:42:39.106462Z","level":"info","event":"V001 processed in 3.05 sec","logger":"task.stdout"}
{"timestamp":"2026-07-05T08:42:39.107007Z","level":"error","event":"2026-07-05 08:42:39,101 | WARNING | Retrying scripts.api_client.post in 1 seconds as it raised ConnectionError: HTTPConnectionPool(host='host.docker.internal', port=8000): Max retries exceeded with url: /rc (Caused by NewConnectionError(\"HTTPConnection(host='host.docker.internal', port=8000): Failed to establish a new connection: [Errno 101] Network is unreachable\")).","logger":"task.stderr"}
{"timestamp":"2026-07-05T08:42:39.107495Z","level":"error","event":"2026-07-05 08:42:39,102 | WARNING | Retrying scripts.api_client.post in 1 seconds as it raised ConnectionError: HTTPConnectionPool(host='host.docker.internal', port=8000): Max retries exceeded with url: /fastag (Caused by NewConnectionError(\"HTTPConnection(host='host.docker.internal', port=8000): Failed to establish a new connection: [Errno 101] Network is unreachable\")).","logger":"task.stderr"}
{"timestamp":"2026-07-05T08:42:39.107988Z","level":"error","event":"2026-07-05 08:42:39,102 | WARNING | Retrying scripts.api_client.post in 1 seconds as it raised ConnectionError: HTTPConnectionPool(host='host.docker.internal', port=8000): Max retries exceeded with url: /valuation (Caused by NewConnectionError(\"HTTPConnection(host='host.docker.internal', port=8000): Failed to establish a new connection: [Errno 101] Network is unreachable\")).","logger":"task.stderr"}
{"timestamp":"2026-07-05T08:42:39.108492Z","level":"error","event":"2026-07-05 08:42:39,103 | WARNING | Retrying scripts.api_client.post in 1 seconds as it raised ConnectionError: HTTPConnectionPool(host='host.docker.internal', port=8000): Max retries exceeded with url: /vrn (Caused by NewConnectionError(\"HTTPConnection(host='host.docker.internal', port=8000): Failed to establish a new connection: [Errno 101] Network is unreachable\")).","logger":"task.stderr"}
{"timestamp":"2026-07-05T08:42:39.102646Z","level":"warning","event":"Retrying scripts.api_client.post in 1 seconds as it raised ConnectionError: HTTPConnectionPool(host='host.docker.internal', port=8000): Max retries exceeded with url: /valuation (Caused by NewConnectionError(\"HTTPConnection(host='host.docker.internal', port=8000): Failed to establish a new connection: [Errno 101] Network is unreachable\")).","logger":"scripts.api_client","filename":"before_sleep.py","lineno":64}
{"timestamp":"2026-07-05T08:42:39.103102Z","level":"warning","event":"Retrying scripts.api_client.post in 1 seconds as it raised ConnectionError: HTTPConnectionPool(host='host.docker.internal', port=8000): Max retries exceeded with url: /vrn (Caused by NewConnectionError(\"HTTPConnection(host='host.docker.internal', port=8000): Failed to establish a new connection: [Errno 101] Network is unreachable\")).","logger":"scripts.api_client","filename":"before_sleep.py","lineno":64}
{"timestamp":"2026-07-05T08:42:40.102049Z","level":"error","event":"2026-07-05 08:42:40,101 | INFO | Using environment: staging","logger":"task.stderr"}
{"timestamp":"2026-07-05T08:42:40.103010Z","level":"error","event":"2026-07-05 08:42:40,102 | INFO | Calling URL: http://host.docker.internal:8000/rc","logger":"task.stderr"}
{"timestamp":"2026-07-05T08:42:40.101960Z","level":"info","event":"Using environment: staging","logger":"scripts.api_client","filename":"api_client.py","lineno":19}
{"timestamp":"2026-07-05T08:42:40.102179Z","level":"info","event":"Calling URL: http://host.docker.internal:8000/rc","logger":"scripts.api_client","filename":"api_client.py","lineno":20}
{"timestamp":"2026-07-05T08:42:40.103370Z","level":"info","event":"Using environment: staging","logger":"scripts.api_client","filename":"api_client.py","lineno":19}
{"timestamp":"2026-07-05T08:42:40.105946Z","level":"error","event":"2026-07-05 08:42:40,103 | INFO | Using environment: staging","logger":"task.stderr"}
{"timestamp":"2026-07-05T08:42:40.106580Z","level":"error","event":"2026-07-05 08:42:40,103 | INFO | Calling URL: http://host.docker.internal:8000/fastag","logger":"task.stderr"}
{"timestamp":"2026-07-05T08:42:40.107113Z","level":"error","event":"2026-07-05 08:42:40,103 | INFO | Using environment: staging","logger":"task.stderr"}
{"timestamp":"2026-07-05T08:42:40.107842Z","level":"error","event":"2026-07-05 08:42:40,103 | INFO | Using environment: staging","logger":"task.stderr"}
{"timestamp":"2026-07-05T08:42:40.108362Z","level":"error","event":"2026-07-05 08:42:40,104 | INFO | Calling URL: http://host.docker.internal:8000/vrn","logger":"task.stderr"}
{"timestamp":"2026-07-05T08:42:40.103551Z","level":"info","event":"Calling URL: http://host.docker.internal:8000/fastag","logger":"scripts.api_client","filename":"api_client.py","lineno":20}
{"timestamp":"2026-07-05T08:42:40.104066Z","level":"info","event":"Using environment: staging","logger":"scripts.api_client","filename":"api_client.py","lineno":19}
{"timestamp":"2026-07-05T08:42:40.105171Z","level":"info","event":"Using environment: staging","logger":"scripts.api_client","filename":"api_client.py","lineno":19}
{"timestamp":"2026-07-05T08:42:40.105572Z","level":"info","event":"Calling URL: http://host.docker.internal:8000/vrn","logger":"scripts.api_client","filename":"api_client.py","lineno":20}
{"timestamp":"2026-07-05T08:42:40.106794Z","level":"info","event":"Calling URL: http://host.docker.internal:8000/valuation","logger":"scripts.api_client","filename":"api_client.py","lineno":20}
{"timestamp":"2026-07-05T08:42:40.112266Z","level":"error","event":"2026-07-05 08:42:40,105 | INFO | Calling URL: http://host.docker.internal:8000/valuation","logger":"task.stderr"}
{"timestamp":"2026-07-05T08:42:40.113381Z","level":"error","event":"2026-07-05 08:42:40,112 | WARNING | Retrying scripts.api_client.post in 2 seconds as it raised ConnectionError: HTTPConnectionPool(host='host.docker.internal', port=8000): Max retries exceeded with url: /fastag (Caused by NewConnectionError(\"HTTPConnection(host='host.docker.internal', port=8000): Failed to establish a new connection: [Errno 101] Network is unreachable\")).","logger":"task.stderr"}
{"timestamp":"2026-07-05T08:42:40.113053Z","level":"warning","event":"Retrying scripts.api_client.post in 2 seconds as it raised ConnectionError: HTTPConnectionPool(host='host.docker.internal', port=8000): Max retries exceeded with url: /fastag (Caused by NewConnectionError(\"HTTPConnection(host='host.docker.internal', port=8000): Failed to establish a new connection: [Errno 101] Network is unreachable\")).","logger":"scripts.api_client","filename":"before_sleep.py","lineno":64}
{"timestamp":"2026-07-05T08:42:40.113615Z","level":"warning","event":"Retrying scripts.api_client.post in 2 seconds as it raised ConnectionError: HTTPConnectionPool(host='host.docker.internal', port=8000): Max retries exceeded with url: /rc (Caused by NewConnectionError(\"HTTPConnection(host='host.docker.internal', port=8000): Failed to establish a new connection: [Errno 101] Network is unreachable\")).","logger":"scripts.api_client","filename":"before_sleep.py","lineno":64}
{"timestamp":"2026-07-05T08:42:40.115561Z","level":"error","event":"2026-07-05 08:42:40,113 | WARNING | Retrying scripts.api_client.post in 2 seconds as it raised ConnectionError: HTTPConnectionPool(host='host.docker.internal', port=8000): Max retries exceeded with url: /rc (Caused by NewConnectionError(\"HTTPConnection(host='host.docker.internal', port=8000): Failed to establish a new connection: [Errno 101] Network is unreachable\")).","logger":"task.stderr"}
{"timestamp":"2026-07-05T08:42:40.116084Z","level":"error","event":"2026-07-05 08:42:40,114 | WARNING | Retrying scripts.api_client.post in 2 seconds as it raised ConnectionError: HTTPConnectionPool(host='host.docker.internal', port=8000): Max retries exceeded with url: /vrn (Caused by NewConnectionError(\"HTTPConnection(host='host.docker.internal', port=8000): Failed to establish a new connection: [Errno 101] Network is unreachable\")).","logger":"task.stderr"}
{"timestamp":"2026-07-05T08:42:40.116591Z","level":"error","event":"2026-07-05 08:42:40,115 | WARNING | Retrying scripts.api_client.post in 2 seconds as it raised ConnectionError: HTTPConnectionPool(host='host.docker.internal', port=8000): Max retries exceeded with url: /valuation (Caused by NewConnectionError(\"HTTPConnection(host='host.docker.internal', port=8000): Failed to establish a new connection: [Errno 101] Network is unreachable\")).","logger":"task.stderr"}
{"timestamp":"2026-07-05T08:42:40.114473Z","level":"warning","event":"Retrying scripts.api_client.post in 2 seconds as it raised ConnectionError: HTTPConnectionPool(host='host.docker.internal', port=8000): Max retries exceeded with url: /vrn (Caused by NewConnectionError(\"HTTPConnection(host='host.docker.internal', port=8000): Failed to establish a new connection: [Errno 101] Network is unreachable\")).","logger":"scripts.api_client","filename":"before_sleep.py","lineno":64}
{"timestamp":"2026-07-05T08:42:40.115454Z","level":"warning","event":"Retrying scripts.api_client.post in 2 seconds as it raised ConnectionError: HTTPConnectionPool(host='host.docker.internal', port=8000): Max retries exceeded with url: /valuation (Caused by NewConnectionError(\"HTTPConnection(host='host.docker.internal', port=8000): Failed to establish a new connection: [Errno 101] Network is unreachable\")).","logger":"scripts.api_client","filename":"before_sleep.py","lineno":64}
{"timestamp":"2026-07-05T08:42:42.115358Z","level":"error","event":"2026-07-05 08:42:42,114 | INFO | Using environment: staging","logger":"task.stderr"}
{"timestamp":"2026-07-05T08:42:42.155431Z","level":"error","event":"2026-07-05 08:42:42,115 | INFO | Calling URL: http://host.docker.internal:8000/vrn","logger":"task.stderr"}
{"timestamp":"2026-07-05T08:42:42.157342Z","level":"error","event":"2026-07-05 08:42:42,116 | INFO | Using environment: staging","logger":"task.stderr"}
{"timestamp":"2026-07-05T08:42:42.157829Z","level":"error","event":"2026-07-05 08:42:42,116 | INFO | Calling URL: http://host.docker.internal:8000/valuation","logger":"task.stderr"}
{"timestamp":"2026-07-05T08:42:42.158289Z","level":"error","event":"2026-07-05 08:42:42,120 | INFO | Using environment: staging","logger":"task.stderr"}
{"timestamp":"2026-07-05T08:42:42.158818Z","level":"error","event":"2026-07-05 08:42:42,120 | INFO | Using environment: staging","logger":"task.stderr"}
{"timestamp":"2026-07-05T08:42:42.159304Z","level":"error","event":"2026-07-05 08:42:42,122 | INFO | Calling URL: http://host.docker.internal:8000/fastag","logger":"task.stderr"}
{"timestamp":"2026-07-05T08:42:42.159786Z","level":"error","event":"2026-07-05 08:42:42,122 | INFO | Calling URL: http://host.docker.internal:8000/rc","logger":"task.stderr"}
{"timestamp":"2026-07-05T08:42:42.160264Z","level":"error","event":"2026-07-05 08:42:42,134 | ERROR | RC failed for Vehicle V002: HTTPConnectionPool(host='host.docker.internal', port=8000): Max retries exceeded with url: /rc (Caused by NewConnectionError(\"HTTPConnection(host='host.docker.internal', port=8000): Failed to establish a new connection: [Errno 101] Network is unreachable\"))","logger":"task.stderr"}
{"timestamp":"2026-07-05T08:42:42.160780Z","level":"error","event":"2026-07-05 08:42:42,138 | ERROR | FASTag failed for Vehicle V002: HTTPConnectionPool(host='host.docker.internal', port=8000): Max retries exceeded with url: /fastag (Caused by NewConnectionError(\"HTTPConnection(host='host.docker.internal', port=8000): Failed to establish a new connection: [Errno 101] Network is unreachable\"))","logger":"task.stderr"}
{"timestamp":"2026-07-05T08:42:42.161195Z","level":"error","event":"2026-07-05 08:42:42,139 | ERROR | VRN failed for Vehicle V002: HTTPConnectionPool(host='host.docker.internal', port=8000): Max retries exceeded with url: /vrn (Caused by NewConnectionError(\"HTTPConnection(host='host.docker.internal', port=8000): Failed to establish a new connection: [Errno 101] Network is unreachable\"))","logger":"task.stderr"}
{"timestamp":"2026-07-05T08:42:42.161622Z","level":"error","event":"2026-07-05 08:42:42,139 | ERROR | Valuation failed for Vehicle V002: HTTPConnectionPool(host='host.docker.internal', port=8000): Max retries exceeded with url: /valuation (Caused by NewConnectionError(\"HTTPConnection(host='host.docker.internal', port=8000): Failed to establish a new connection: [Errno 101] Network is unreachable\"))","logger":"task.stderr"}
{"timestamp":"2026-07-05T08:42:42.168111Z","level":"error","event":"2026-07-05 08:42:42,140 | INFO |","logger":"task.stderr"}
{"timestamp":"2026-07-05T08:42:42.170677Z","level":"error","event":"==========================","logger":"task.stderr"}
{"timestamp":"2026-07-05T08:42:42.172251Z","level":"error","event":"Batch Summary","logger":"task.stderr"}
{"timestamp":"2026-07-05T08:42:42.172759Z","level":"error","event":"==========================","logger":"task.stderr"}
{"timestamp":"2026-07-05T08:42:42.173157Z","level":"error","event":"Total Records : 2","logger":"task.stderr"}
{"timestamp":"2026-07-05T08:42:42.173545Z","level":"error","event":"Success : 2","logger":"task.stderr"}
{"timestamp":"2026-07-05T08:42:42.173977Z","level":"error","event":"Failed : 0","logger":"task.stderr"}
{"timestamp":"2026-07-05T08:42:42.174390Z","level":"error","event":"Success Rate : 100.0%","logger":"task.stderr"}
{"timestamp":"2026-07-05T08:42:42.174825Z","level":"error","event":"==========================","logger":"task.stderr"}
{"timestamp":"2026-07-05T08:42:42.115080Z","level":"info","event":"Using environment: staging","logger":"scripts.api_client","filename":"api_client.py","lineno":19}
{"timestamp":"2026-07-05T08:42:42.115307Z","level":"info","event":"Calling URL: http://host.docker.internal:8000/vrn","logger":"scripts.api_client","filename":"api_client.py","lineno":20}
{"timestamp":"2026-07-05T08:42:42.116641Z","level":"info","event":"Using environment: staging","logger":"scripts.api_client","filename":"api_client.py","lineno":19}
{"timestamp":"2026-07-05T08:42:42.116778Z","level":"info","event":"Calling URL: http://host.docker.internal:8000/valuation","logger":"scripts.api_client","filename":"api_client.py","lineno":20}
{"timestamp":"2026-07-05T08:42:42.120877Z","level":"info","event":"Using environment: staging","logger":"scripts.api_client","filename":"api_client.py","lineno":19}
{"timestamp":"2026-07-05T08:42:42.122227Z","level":"info","event":"Using environment: staging","logger":"scripts.api_client","filename":"api_client.py","lineno":19}
{"timestamp":"2026-07-05T08:42:42.123135Z","level":"info","event":"Calling URL: http://host.docker.internal:8000/fastag","logger":"scripts.api_client","filename":"api_client.py","lineno":20}
{"timestamp":"2026-07-05T08:42:42.124771Z","level":"info","event":"Calling URL: http://host.docker.internal:8000/rc","logger":"scripts.api_client","filename":"api_client.py","lineno":20}
{"timestamp":"2026-07-05T08:42:42.135131Z","level":"error","event":"RC failed for Vehicle V002: HTTPConnectionPool(host='host.docker.internal', port=8000): Max retries exceeded with url: /rc (Caused by NewConnectionError(\"HTTPConnection(host='host.docker.internal', port=8000): Failed to establish a new connection: [Errno 101] Network is unreachable\"))","logger":"utils.error_handler","map_index":0,"try_number":1,"ti_id":"019f3171-82a8-7e6d-9ca2-927dca743060","run_id":"manual__2026-07-05T08:42:30.376371+00:00","task_id":"process_batch_task","dag_id":"vehicle_batch_pipeline","filename":"error_handler.py","lineno":7}
{"timestamp":"2026-07-05T08:42:42.138907Z","level":"error","event":"FASTag failed for Vehicle V002: HTTPConnectionPool(host='host.docker.internal', port=8000): Max retries exceeded with url: /fastag (Caused by NewConnectionError(\"HTTPConnection(host='host.docker.internal', port=8000): Failed to establish a new connection: [Errno 101] Network is unreachable\"))","logger":"utils.error_handler","map_index":0,"try_number":1,"ti_id":"019f3171-82a8-7e6d-9ca2-927dca743060","run_id":"manual__2026-07-05T08:42:30.376371+00:00","task_id":"process_batch_task","dag_id":"vehicle_batch_pipeline","filename":"error_handler.py","lineno":7}
{"timestamp":"2026-07-05T08:42:42.139182Z","level":"error","event":"VRN failed for Vehicle V002: HTTPConnectionPool(host='host.docker.internal', port=8000): Max retries exceeded with url: /vrn (Caused by NewConnectionError(\"HTTPConnection(host='host.docker.internal', port=8000): Failed to establish a new connection: [Errno 101] Network is unreachable\"))","logger":"utils.error_handler","map_index":0,"try_number":1,"ti_id":"019f3171-82a8-7e6d-9ca2-927dca743060","run_id":"manual__2026-07-05T08:42:30.376371+00:00","task_id":"process_batch_task","dag_id":"vehicle_batch_pipeline","filename":"error_handler.py","lineno":7}
{"timestamp":"2026-07-05T08:42:42.139442Z","level":"error","event":"Valuation failed for Vehicle V002: HTTPConnectionPool(host='host.docker.internal', port=8000): Max retries exceeded with url: /valuation (Caused by NewConnectionError(\"HTTPConnection(host='host.docker.internal', port=8000): Failed to establish a new connection: [Errno 101] Network is unreachable\"))","logger":"utils.error_handler","map_index":0,"try_number":1,"ti_id":"019f3171-82a8-7e6d-9ca2-927dca743060","run_id":"manual__2026-07-05T08:42:30.376371+00:00","task_id":"process_batch_task","dag_id":"vehicle_batch_pipeline","filename":"error_handler.py","lineno":7}
{"timestamp":"2026-07-05T08:42:42.183412Z","level":"info","event":"V002 processed in 3.05 sec","logger":"task.stdout"}
{"timestamp":"2026-07-05T08:42:42.140275Z","level":"info","event":"\n==========================\nBatch Summary\n==========================\nTotal Records : 2\nSuccess : 2\nFailed : 0\nSuccess Rate : 100.0%\n==========================","logger":"scripts.process_batch","map_index":0,"try_number":1,"ti_id":"019f3171-82a8-7e6d-9ca2-927dca743060","run_id":"manual__2026-07-05T08:42:30.376371+00:00","task_id":"process_batch_task","dag_id":"vehicle_batch_pipeline","filename":"process_batch.py","lineno":52}
{"timestamp":"2026-07-05T08:42:42.163441Z","level":"info","event":"Done. Returned value was:    year    brand  ...  status                                              error\n0  2022   Toyota  ...  FAILED  HTTPConnectionPool(host='host.docker.internal'...\n1  2021  Hyundai  ...  FAILED  HTTPConnectionPool(host='host.docker.internal'...\n\n[2 rows x 7 columns]","map_index":0,"try_number":1,"ti_id":"019f3171-82a8-7e6d-9ca2-927dca743060","run_id":"manual__2026-07-05T08:42:30.376371+00:00","task_id":"process_batch_task","dag_id":"vehicle_batch_pipeline","logger":"airflow.task.operators.airflow.providers.standard.decorators.python._PythonDecoratedOperator","filename":"python.py","lineno":233}
{"timestamp":"2026-07-05T08:42:42.163629Z","level":"info","event":"::group::Post Execute","map_index":0,"try_number":1,"ti_id":"019f3171-82a8-7e6d-9ca2-927dca743060","run_id":"manual__2026-07-05T08:42:30.376371+00:00","task_id":"process_batch_task","dag_id":"vehicle_batch_pipeline","logger":"task","filename":"task_runner.py","lineno":1288}
{"timestamp":"2026-07-05T08:42:42.163842Z","level":"info","event":"Pushing xcom","ti":"RuntimeTaskInstance(id=UUID('019f3171-82a8-7e6d-9ca2-927dca743060'), task_id='process_batch_task', dag_id='vehicle_batch_pipeline', run_id='manual__2026-07-05T08:42:30.376371+00:00', try_number=1, dag_version_id=UUID('019f2c50-8b66-7475-9dae-822508d85766'), map_index=0, hostname='8e3d505c6688', context_carrier={'traceparent': '00-30f2d44217f21c7d1467952bd7e261d5-573e79f45664c6fb-01'}, task=<Task(_PythonDecoratedOperator): process_batch_task>, bundle_instance=LocalDagBundle(name=dags-folder), max_tries=2, start_date=datetime.datetime(2026, 7, 5, 8, 42, 35, 553288, tzinfo=datetime.timezone.utc), end_date=None, state=<TaskInstanceState.RUNNING: 'running'>, is_mapped=True, rendered_map_index=None, sentry_integration='')","map_index":0,"try_number":1,"ti_id":"019f3171-82a8-7e6d-9ca2-927dca743060","run_id":"manual__2026-07-05T08:42:30.376371+00:00","task_id":"process_batch_task","dag_id":"vehicle_batch_pipeline","logger":"task","filename":"task_runner.py","lineno":1791}
{"timestamp":"2026-07-05T08:42:42.262391Z","level":"info","event":"Task instance in success state","logger":"task.stdout"}
{"timestamp":"2026-07-05T08:42:42.284758Z","level":"info","event":" Previous state of the Task instance: TaskInstanceState.RUNNING","logger":"task.stdout"}
{"timestamp":"2026-07-05T08:42:42.288389Z","level":"info","event":"Task operator:<Task(_PythonDecoratedOperator): process_batch_task>","logger":"task.stdout"}
{"timestamp":"2026-07-05T08:42:42.264634Z","level":"info","event":"::endgroup::","map_index":0,"try_number":1,"ti_id":"019f3171-82a8-7e6d-9ca2-927dca743060","run_id":"manual__2026-07-05T08:42:30.376371+00:00","task_id":"process_batch_task","dag_id":"vehicle_batch_pipeline","logger":"task","filename":"task_runner.py","lineno":1896}
