{"timestamp":"2026-07-02T12:13:27.249204Z","level":"info","event":"::group::Pre Execute","logger":"task","filename":"task_runner.py","lineno":1926}
{"timestamp":"2026-07-02T12:13:27.699699Z","level":"info","event":"DAG bundles loaded: dags-folder, example_dags","task_id":"process_batch_task","ti_id":"019f22bf-87ff-7025-9d16-9c10570a5196","map_index":2,"try_number":1,"run_id":"manual__2026-07-02T12:13:13.625944+00:00","dag_id":"vehicle_batch_pipeline","logger":"airflow.dag_processing.bundles.manager.DagBundlesManager","filename":"manager.py","lineno":209}
{"timestamp":"2026-07-02T12:13:27.702121Z","level":"info","event":"Filling up the DagBag from /opt/airflow/dags/vehicle_pipeline.py","task_id":"process_batch_task","ti_id":"019f22bf-87ff-7025-9d16-9c10570a5196","map_index":2,"try_number":1,"run_id":"manual__2026-07-02T12:13:13.625944+00:00","dag_id":"vehicle_batch_pipeline","logger":"airflow.dag_processing.dagbag.BundleDagBag","filename":"dagbag.py","lineno":469}
{"timestamp":"2026-07-02T12:13:27.864462Z","level":"info","event":"Task instance is in running state","logger":"task.stdout"}
{"timestamp":"2026-07-02T12:13:27.865070Z","level":"info","event":" Previous state of the Task instance: TaskInstanceState.QUEUED","logger":"task.stdout"}
{"timestamp":"2026-07-02T12:13:27.865666Z","level":"info","event":"Current task name:process_batch_task","logger":"task.stdout"}
{"timestamp":"2026-07-02T12:13:27.866205Z","level":"info","event":"Dag name:vehicle_batch_pipeline","logger":"task.stdout"}
{"timestamp":"2026-07-02T12:13:27.865297Z","level":"info","event":"::endgroup::","task_id":"process_batch_task","ti_id":"019f22bf-87ff-7025-9d16-9c10570a5196","map_index":2,"try_number":1,"run_id":"manual__2026-07-02T12:13:13.625944+00:00","dag_id":"vehicle_batch_pipeline","logger":"task","filename":"task_runner.py","lineno":1727}
{"timestamp":"2026-07-02T12:13:27.867199Z","level":"info","event":"Processing batch_3.csv","logger":"scripts.process_batch","task_id":"process_batch_task","ti_id":"019f22bf-87ff-7025-9d16-9c10570a5196","map_index":2,"try_number":1,"run_id":"manual__2026-07-02T12:13:13.625944+00:00","dag_id":"vehicle_batch_pipeline","filename":"process_batch.py","lineno":12}
{"timestamp":"2026-07-02T12:13:27.867956Z","level":"error","event":"2026-07-02 12:13:27,867 | INFO | Processing batch_3.csv","logger":"task.stderr"}
{"timestamp":"2026-07-02T12:13:27.875293Z","level":"error","event":"2026-07-02 12:13:27,875 | INFO | Rows = 1","logger":"task.stderr"}
{"timestamp":"2026-07-02T12:13:27.875246Z","level":"info","event":"Rows = 1","logger":"scripts.process_batch","task_id":"process_batch_task","ti_id":"019f22bf-87ff-7025-9d16-9c10570a5196","map_index":2,"try_number":1,"run_id":"manual__2026-07-02T12:13:13.625944+00:00","dag_id":"vehicle_batch_pipeline","filename":"process_batch.py","lineno":16}
{"timestamp":"2026-07-02T12:13:27.933081Z","level":"info","event":"V005 processed in 0.06 sec","logger":"task.stdout"}
{"timestamp":"2026-07-02T12:13:27.947598Z","level":"info","event":"Done. Returned value was:    year  brand model fuel_type  ... fastag_status  bank blacklisted market_price\n0  2020  Honda  City    Petrol  ...        ACTIVE  HDFC       False       900000\n\n[1 rows x 11 columns]","task_id":"process_batch_task","ti_id":"019f22bf-87ff-7025-9d16-9c10570a5196","map_index":2,"try_number":1,"run_id":"manual__2026-07-02T12:13:13.625944+00:00","dag_id":"vehicle_batch_pipeline","logger":"airflow.task.operators.airflow.providers.standard.decorators.python._PythonDecoratedOperator","filename":"python.py","lineno":233}
{"timestamp":"2026-07-02T12:13:27.947905Z","level":"info","event":"::group::Post Execute","task_id":"process_batch_task","ti_id":"019f22bf-87ff-7025-9d16-9c10570a5196","map_index":2,"try_number":1,"run_id":"manual__2026-07-02T12:13:13.625944+00:00","dag_id":"vehicle_batch_pipeline","logger":"task","filename":"task_runner.py","lineno":1288}
{"timestamp":"2026-07-02T12:13:27.948272Z","level":"info","event":"Pushing xcom","ti":"RuntimeTaskInstance(id=UUID('019f22bf-87ff-7025-9d16-9c10570a5196'), task_id='process_batch_task', dag_id='vehicle_batch_pipeline', run_id='manual__2026-07-02T12:13:13.625944+00:00', try_number=1, dag_version_id=UUID('019f226a-7f03-7411-acb3-c6b416c8a850'), map_index=2, hostname='8e3d505c6688', context_carrier={'traceparent': '00-158703d83aaf2d1c0cc18a9177a6e22d-e068c3249092ba92-01'}, task=<Task(_PythonDecoratedOperator): process_batch_task>, bundle_instance=LocalDagBundle(name=dags-folder), max_tries=0, start_date=datetime.datetime(2026, 7, 2, 12, 13, 27, 303953, tzinfo=datetime.timezone.utc), end_date=None, state=<TaskInstanceState.RUNNING: 'running'>, is_mapped=True, rendered_map_index=None, sentry_integration='')","task_id":"process_batch_task","ti_id":"019f22bf-87ff-7025-9d16-9c10570a5196","map_index":2,"try_number":1,"run_id":"manual__2026-07-02T12:13:13.625944+00:00","dag_id":"vehicle_batch_pipeline","logger":"task","filename":"task_runner.py","lineno":1791}
{"timestamp":"2026-07-02T12:13:28.009883Z","level":"info","event":"Task instance in success state","logger":"task.stdout"}
{"timestamp":"2026-07-02T12:13:28.010931Z","level":"info","event":" Previous state of the Task instance: TaskInstanceState.RUNNING","logger":"task.stdout"}
{"timestamp":"2026-07-02T12:13:28.011545Z","level":"info","event":"Task operator:<Task(_PythonDecoratedOperator): process_batch_task>","logger":"task.stdout"}
{"timestamp":"2026-07-02T12:13:28.008420Z","level":"info","event":"::endgroup::","task_id":"process_batch_task","ti_id":"019f22bf-87ff-7025-9d16-9c10570a5196","map_index":2,"try_number":1,"run_id":"manual__2026-07-02T12:13:13.625944+00:00","dag_id":"vehicle_batch_pipeline","logger":"task","filename":"task_runner.py","lineno":1896}
