{"timestamp":"2026-07-05T08:35:47.482888Z","level":"info","event":"::group::Pre Execute","logger":"task","filename":"task_runner.py","lineno":1926}
{"timestamp":"2026-07-05T08:35:47.903713Z","level":"info","event":"DAG bundles loaded: dags-folder, example_dags","try_number":1,"task_id":"process_batch_task","run_id":"manual__2026-07-05T08:35:36.923947+00:00","ti_id":"019f316b-5ae4-781e-92ba-dba54413ff45","map_index":1,"dag_id":"vehicle_batch_pipeline","logger":"airflow.dag_processing.bundles.manager.DagBundlesManager","filename":"manager.py","lineno":209}
{"timestamp":"2026-07-05T08:35:47.905949Z","level":"info","event":"Filling up the DagBag from /opt/airflow/dags/vehicle_pipeline.py","try_number":1,"task_id":"process_batch_task","run_id":"manual__2026-07-05T08:35:36.923947+00:00","ti_id":"019f316b-5ae4-781e-92ba-dba54413ff45","map_index":1,"dag_id":"vehicle_batch_pipeline","logger":"airflow.dag_processing.dagbag.BundleDagBag","filename":"dagbag.py","lineno":469}
{"timestamp":"2026-07-05T08:35:48.052041Z","level":"info","event":"Task instance is in running state","logger":"task.stdout"}
{"timestamp":"2026-07-05T08:35:48.055822Z","level":"info","event":" Previous state of the Task instance: TaskInstanceState.QUEUED","logger":"task.stdout"}
{"timestamp":"2026-07-05T08:35:48.056494Z","level":"info","event":"Current task name:process_batch_task","logger":"task.stdout"}
{"timestamp":"2026-07-05T08:35:48.057095Z","level":"info","event":"Dag name:vehicle_batch_pipeline","logger":"task.stdout"}
{"timestamp":"2026-07-05T08:35:48.052927Z","level":"info","event":"::endgroup::","try_number":1,"task_id":"process_batch_task","run_id":"manual__2026-07-05T08:35:36.923947+00:00","ti_id":"019f316b-5ae4-781e-92ba-dba54413ff45","map_index":1,"dag_id":"vehicle_batch_pipeline","logger":"task","filename":"task_runner.py","lineno":1727}
{"timestamp":"2026-07-05T08:35:48.055021Z","level":"info","event":"Processing batch_2.csv","logger":"scripts.process_batch","try_number":1,"task_id":"process_batch_task","run_id":"manual__2026-07-05T08:35:36.923947+00:00","ti_id":"019f316b-5ae4-781e-92ba-dba54413ff45","map_index":1,"dag_id":"vehicle_batch_pipeline","filename":"process_batch.py","lineno":14}
{"timestamp":"2026-07-05T08:35:48.059528Z","level":"error","event":"2026-07-05 08:35:48,054 | INFO | Processing batch_2.csv","logger":"task.stderr"}
{"timestamp":"2026-07-05T08:35:48.066081Z","level":"error","event":"2026-07-05 08:35:48,064 | INFO | Rows = 2","logger":"task.stderr"}
{"timestamp":"2026-07-05T08:35:48.064771Z","level":"info","event":"Rows = 2","logger":"scripts.process_batch","try_number":1,"task_id":"process_batch_task","run_id":"manual__2026-07-05T08:35:36.923947+00:00","ti_id":"019f316b-5ae4-781e-92ba-dba54413ff45","map_index":1,"dag_id":"vehicle_batch_pipeline","filename":"process_batch.py","lineno":18}
{"timestamp":"2026-07-05T08:35:48.065230Z","level":"warning","event":"Using Variable.get from `airflow.models` is deprecated.Please use `get` on Variable from sdk(`airflow.sdk.Variable`) instead","category":"DeprecationWarning","filename":"/home/airflow/.local/lib/python3.13/site-packages/airflow/models/variable.py","lineno":159,"try_number":1,"task_id":"process_batch_task","run_id":"manual__2026-07-05T08:35:36.923947+00:00","ti_id":"019f316b-5ae4-781e-92ba-dba54413ff45","map_index":1,"dag_id":"vehicle_batch_pipeline","logger":"py.warnings"}
{"timestamp":"2026-07-05T08:35:48.076392Z","level":"warning","event":"Skipping masking for a secret as it's too short (<5 chars)","logger":"airflow._shared.secrets_masker.secrets_masker","try_number":1,"task_id":"process_batch_task","run_id":"manual__2026-07-05T08:35:36.923947+00:00","ti_id":"019f316b-5ae4-781e-92ba-dba54413ff45","map_index":1,"dag_id":"vehicle_batch_pipeline","filename":"secrets_masker.py","lineno":590}
{"timestamp":"2026-07-05T08:35:48.076665Z","level":"info","event":"Valuation Enabled = True","logger":"scripts.process_batch","try_number":1,"task_id":"process_batch_task","run_id":"manual__2026-07-05T08:35:36.923947+00:00","ti_id":"019f316b-5ae4-781e-92ba-dba54413ff45","map_index":1,"dag_id":"vehicle_batch_pipeline","filename":"process_batch.py","lineno":30}
{"timestamp":"2026-07-05T08:35:48.078250Z","level":"error","event":"2026-07-05 08:35:48,076 | INFO | Valuation Enabled = True","logger":"task.stderr"}
{"timestamp":"2026-07-05T08:35:48.078755Z","level":"error","event":"2026-07-05 08:35:48,078 | INFO | Using environment: staging","logger":"task.stderr"}
{"timestamp":"2026-07-05T08:35:48.078904Z","level":"info","event":"Using environment: staging","logger":"scripts.api_client","filename":"api_client.py","lineno":19}
{"timestamp":"2026-07-05T08:35:48.081213Z","level":"info","event":"Calling URL: http://host.docker.internal:8000/rc","logger":"scripts.api_client","filename":"api_client.py","lineno":20}
{"timestamp":"2026-07-05T08:35:48.085673Z","level":"error","event":"2026-07-05 08:35:48,078 | INFO | Using environment: staging","logger":"task.stderr"}
{"timestamp":"2026-07-05T08:35:48.086164Z","level":"error","event":"2026-07-05 08:35:48,081 | INFO | Calling URL: http://host.docker.internal:8000/rc","logger":"task.stderr"}
{"timestamp":"2026-07-05T08:35:48.088406Z","level":"info","event":"Using environment: staging","logger":"scripts.api_client","filename":"api_client.py","lineno":19}
{"timestamp":"2026-07-05T08:35:48.088649Z","level":"info","event":"Using environment: staging","logger":"scripts.api_client","filename":"api_client.py","lineno":19}
{"timestamp":"2026-07-05T08:35:48.088770Z","level":"info","event":"Calling URL: http://host.docker.internal:8000/vrn","logger":"scripts.api_client","filename":"api_client.py","lineno":20}
{"timestamp":"2026-07-05T08:35:48.090192Z","level":"error","event":"2026-07-05 08:35:48,080 | INFO | Using environment: staging","logger":"task.stderr"}
{"timestamp":"2026-07-05T08:35:48.090704Z","level":"error","event":"2026-07-05 08:35:48,088 | INFO | Calling URL: http://host.docker.internal:8000/vrn","logger":"task.stderr"}
{"timestamp":"2026-07-05T08:35:48.091152Z","level":"error","event":"2026-07-05 08:35:48,089 | INFO | Using environment: staging","logger":"task.stderr"}
{"timestamp":"2026-07-05T08:35:48.091585Z","level":"error","event":"2026-07-05 08:35:48,088 | INFO | Calling URL: http://host.docker.internal:8000/fastag","logger":"task.stderr"}
{"timestamp":"2026-07-05T08:35:48.089113Z","level":"info","event":"Using environment: staging","logger":"scripts.api_client","filename":"api_client.py","lineno":19}
{"timestamp":"2026-07-05T08:35:48.098104Z","level":"error","event":"2026-07-05 08:35:48,097 | INFO | Calling URL: http://host.docker.internal:8000/valuation","logger":"task.stderr"}
{"timestamp":"2026-07-05T08:35:48.103755Z","level":"info","event":"Calling URL: http://host.docker.internal:8000/fastag","logger":"scripts.api_client","filename":"api_client.py","lineno":20}
{"timestamp":"2026-07-05T08:35:48.105817Z","level":"info","event":"Calling URL: http://host.docker.internal:8000/valuation","logger":"scripts.api_client","filename":"api_client.py","lineno":20}
{"timestamp":"2026-07-05T08:35:48.143449Z","level":"error","event":"2026-07-05 08:35:48,142 | WARNING | Retrying scripts.api_client.post in 1 seconds as it raised ConnectionError: HTTPConnectionPool(host='host.docker.internal', port=8000): Max retries exceeded with url: /rc (Caused by NewConnectionError(\"HTTPConnection(host='host.docker.internal', port=8000): Failed to establish a new connection: [Errno 101] Network is unreachable\")).","logger":"task.stderr"}
{"timestamp":"2026-07-05T08:35:48.144313Z","level":"error","event":"2026-07-05 08:35:48,143 | WARNING | Retrying scripts.api_client.post in 1 seconds as it raised ConnectionError: HTTPConnectionPool(host='host.docker.internal', port=8000): Max retries exceeded with url: /valuation (Caused by NewConnectionError(\"HTTPConnection(host='host.docker.internal', port=8000): Failed to establish a new connection: [Errno 101] Network is unreachable\")).","logger":"task.stderr"}
{"timestamp":"2026-07-05T08:35:48.144842Z","level":"error","event":"2026-07-05 08:35:48,143 | WARNING | Retrying scripts.api_client.post in 1 seconds as it raised ConnectionError: HTTPConnectionPool(host='host.docker.internal', port=8000): Max retries exceeded with url: /vrn (Caused by NewConnectionError(\"HTTPConnection(host='host.docker.internal', port=8000): Failed to establish a new connection: [Errno 101] Network is unreachable\")).","logger":"task.stderr"}
{"timestamp":"2026-07-05T08:35:48.145352Z","level":"error","event":"2026-07-05 08:35:48,143 | WARNING | Retrying scripts.api_client.post in 1 seconds as it raised ConnectionError: HTTPConnectionPool(host='host.docker.internal', port=8000): Max retries exceeded with url: /fastag (Caused by NewConnectionError(\"HTTPConnection(host='host.docker.internal', port=8000): Failed to establish a new connection: [Errno 101] Network is unreachable\")).","logger":"task.stderr"}
{"timestamp":"2026-07-05T08:35:48.143638Z","level":"warning","event":"Retrying scripts.api_client.post in 1 seconds as it raised ConnectionError: HTTPConnectionPool(host='host.docker.internal', port=8000): Max retries exceeded with url: /rc (Caused by NewConnectionError(\"HTTPConnection(host='host.docker.internal', port=8000): Failed to establish a new connection: [Errno 101] Network is unreachable\")).","logger":"scripts.api_client","filename":"before_sleep.py","lineno":64}
{"timestamp":"2026-07-05T08:35:48.143942Z","level":"warning","event":"Retrying scripts.api_client.post in 1 seconds as it raised ConnectionError: HTTPConnectionPool(host='host.docker.internal', port=8000): Max retries exceeded with url: /valuation (Caused by NewConnectionError(\"HTTPConnection(host='host.docker.internal', port=8000): Failed to establish a new connection: [Errno 101] Network is unreachable\")).","logger":"scripts.api_client","filename":"before_sleep.py","lineno":64}
{"timestamp":"2026-07-05T08:35:48.144025Z","level":"warning","event":"Retrying scripts.api_client.post in 1 seconds as it raised ConnectionError: HTTPConnectionPool(host='host.docker.internal', port=8000): Max retries exceeded with url: /vrn (Caused by NewConnectionError(\"HTTPConnection(host='host.docker.internal', port=8000): Failed to establish a new connection: [Errno 101] Network is unreachable\")).","logger":"scripts.api_client","filename":"before_sleep.py","lineno":64}
{"timestamp":"2026-07-05T08:35:48.144093Z","level":"warning","event":"Retrying scripts.api_client.post in 1 seconds as it raised ConnectionError: HTTPConnectionPool(host='host.docker.internal', port=8000): Max retries exceeded with url: /fastag (Caused by NewConnectionError(\"HTTPConnection(host='host.docker.internal', port=8000): Failed to establish a new connection: [Errno 101] Network is unreachable\")).","logger":"scripts.api_client","filename":"before_sleep.py","lineno":64}
{"timestamp":"2026-07-05T08:35:49.144389Z","level":"error","event":"2026-07-05 08:35:49,144 | INFO | Using environment: staging","logger":"task.stderr"}
{"timestamp":"2026-07-05T08:35:49.149901Z","level":"error","event":"2026-07-05 08:35:49,144 | INFO | Calling URL: http://host.docker.internal:8000/rc","logger":"task.stderr"}
{"timestamp":"2026-07-05T08:35:49.150662Z","level":"error","event":"2026-07-05 08:35:49,144 | INFO | Using environment: staging","logger":"task.stderr"}
{"timestamp":"2026-07-05T08:35:49.151621Z","level":"error","event":"2026-07-05 08:35:49,144 | INFO | Using environment: staging","logger":"task.stderr"}
{"timestamp":"2026-07-05T08:35:49.153122Z","level":"error","event":"2026-07-05 08:35:49,144 | INFO | Using environment: staging","logger":"task.stderr"}
{"timestamp":"2026-07-05T08:35:49.153660Z","level":"error","event":"2026-07-05 08:35:49,145 | INFO | Calling URL: http://host.docker.internal:8000/valuation","logger":"task.stderr"}
{"timestamp":"2026-07-05T08:35:49.154100Z","level":"error","event":"2026-07-05 08:35:49,145 | INFO | Calling URL: http://host.docker.internal:8000/vrn","logger":"task.stderr"}
{"timestamp":"2026-07-05T08:35:49.155460Z","level":"error","event":"2026-07-05 08:35:49,145 | INFO | Calling URL: http://host.docker.internal:8000/fastag","logger":"task.stderr"}
{"timestamp":"2026-07-05T08:35:49.144805Z","level":"info","event":"Using environment: staging","logger":"scripts.api_client","filename":"api_client.py","lineno":19}
{"timestamp":"2026-07-05T08:35:49.144979Z","level":"info","event":"Calling URL: http://host.docker.internal:8000/rc","logger":"scripts.api_client","filename":"api_client.py","lineno":20}
{"timestamp":"2026-07-05T08:35:49.145297Z","level":"info","event":"Using environment: staging","logger":"scripts.api_client","filename":"api_client.py","lineno":19}
{"timestamp":"2026-07-05T08:35:49.145396Z","level":"info","event":"Using environment: staging","logger":"scripts.api_client","filename":"api_client.py","lineno":19}
{"timestamp":"2026-07-05T08:35:49.145532Z","level":"info","event":"Using environment: staging","logger":"scripts.api_client","filename":"api_client.py","lineno":19}
{"timestamp":"2026-07-05T08:35:49.145616Z","level":"info","event":"Calling URL: http://host.docker.internal:8000/valuation","logger":"scripts.api_client","filename":"api_client.py","lineno":20}
{"timestamp":"2026-07-05T08:35:49.146630Z","level":"info","event":"Calling URL: http://host.docker.internal:8000/vrn","logger":"scripts.api_client","filename":"api_client.py","lineno":20}
{"timestamp":"2026-07-05T08:35:49.147512Z","level":"info","event":"Calling URL: http://host.docker.internal:8000/fastag","logger":"scripts.api_client","filename":"api_client.py","lineno":20}
{"timestamp":"2026-07-05T08:35:49.155070Z","level":"warning","event":"Retrying scripts.api_client.post in 2 seconds as it raised ConnectionError: HTTPConnectionPool(host='host.docker.internal', port=8000): Max retries exceeded with url: /fastag (Caused by NewConnectionError(\"HTTPConnection(host='host.docker.internal', port=8000): Failed to establish a new connection: [Errno 101] Network is unreachable\")).","logger":"scripts.api_client","filename":"before_sleep.py","lineno":64}
{"timestamp":"2026-07-05T08:35:49.155376Z","level":"warning","event":"Retrying scripts.api_client.post in 2 seconds as it raised ConnectionError: HTTPConnectionPool(host='host.docker.internal', port=8000): Max retries exceeded with url: /rc (Caused by NewConnectionError(\"HTTPConnection(host='host.docker.internal', port=8000): Failed to establish a new connection: [Errno 101] Network is unreachable\")).","logger":"scripts.api_client","filename":"before_sleep.py","lineno":64}
{"timestamp":"2026-07-05T08:35:49.155775Z","level":"warning","event":"Retrying scripts.api_client.post in 2 seconds as it raised ConnectionError: HTTPConnectionPool(host='host.docker.internal', port=8000): Max retries exceeded with url: /valuation (Caused by NewConnectionError(\"HTTPConnection(host='host.docker.internal', port=8000): Failed to establish a new connection: [Errno 101] Network is unreachable\")).","logger":"scripts.api_client","filename":"before_sleep.py","lineno":64}
{"timestamp":"2026-07-05T08:35:49.161051Z","level":"error","event":"2026-07-05 08:35:49,154 | WARNING | Retrying scripts.api_client.post in 2 seconds as it raised ConnectionError: HTTPConnectionPool(host='host.docker.internal', port=8000): Max retries exceeded with url: /fastag (Caused by NewConnectionError(\"HTTPConnection(host='host.docker.internal', port=8000): Failed to establish a new connection: [Errno 101] Network is unreachable\")).","logger":"task.stderr"}
{"timestamp":"2026-07-05T08:35:49.161538Z","level":"error","event":"2026-07-05 08:35:49,155 | WARNING | Retrying scripts.api_client.post in 2 seconds as it raised ConnectionError: HTTPConnectionPool(host='host.docker.internal', port=8000): Max retries exceeded with url: /rc (Caused by NewConnectionError(\"HTTPConnection(host='host.docker.internal', port=8000): Failed to establish a new connection: [Errno 101] Network is unreachable\")).","logger":"task.stderr"}
{"timestamp":"2026-07-05T08:35:49.162012Z","level":"error","event":"2026-07-05 08:35:49,155 | WARNING | Retrying scripts.api_client.post in 2 seconds as it raised ConnectionError: HTTPConnectionPool(host='host.docker.internal', port=8000): Max retries exceeded with url: /valuation (Caused by NewConnectionError(\"HTTPConnection(host='host.docker.internal', port=8000): Failed to establish a new connection: [Errno 101] Network is unreachable\")).","logger":"task.stderr"}
{"timestamp":"2026-07-05T08:35:49.162534Z","level":"error","event":"2026-07-05 08:35:49,156 | WARNING | Retrying scripts.api_client.post in 2 seconds as it raised ConnectionError: HTTPConnectionPool(host='host.docker.internal', port=8000): Max retries exceeded with url: /vrn (Caused by NewConnectionError(\"HTTPConnection(host='host.docker.internal', port=8000): Failed to establish a new connection: [Errno 101] Network is unreachable\")).","logger":"task.stderr"}
{"timestamp":"2026-07-05T08:35:49.156313Z","level":"warning","event":"Retrying scripts.api_client.post in 2 seconds as it raised ConnectionError: HTTPConnectionPool(host='host.docker.internal', port=8000): Max retries exceeded with url: /vrn (Caused by NewConnectionError(\"HTTPConnection(host='host.docker.internal', port=8000): Failed to establish a new connection: [Errno 101] Network is unreachable\")).","logger":"scripts.api_client","filename":"before_sleep.py","lineno":64}
{"timestamp":"2026-07-05T08:35:51.151499Z","level":"error","event":"2026-07-05 08:35:51,150 | INFO | Using environment: staging","logger":"task.stderr"}
{"timestamp":"2026-07-05T08:35:51.152268Z","level":"error","event":"2026-07-05 08:35:51,151 | INFO | Calling URL: http://host.docker.internal:8000/fastag","logger":"task.stderr"}
{"timestamp":"2026-07-05T08:35:51.150853Z","level":"info","event":"Using environment: staging","logger":"scripts.api_client","filename":"api_client.py","lineno":19}
{"timestamp":"2026-07-05T08:35:51.151079Z","level":"info","event":"Calling URL: http://host.docker.internal:8000/fastag","logger":"scripts.api_client","filename":"api_client.py","lineno":20}
{"timestamp":"2026-07-05T08:35:51.151486Z","level":"info","event":"Using environment: staging","logger":"scripts.api_client","filename":"api_client.py","lineno":19}
{"timestamp":"2026-07-05T08:35:51.151708Z","level":"info","event":"Calling URL: http://host.docker.internal:8000/rc","logger":"scripts.api_client","filename":"api_client.py","lineno":20}
{"timestamp":"2026-07-05T08:35:51.157112Z","level":"error","event":"2026-07-05 08:35:51,151 | INFO | Using environment: staging","logger":"task.stderr"}
{"timestamp":"2026-07-05T08:35:51.160489Z","level":"error","event":"2026-07-05 08:35:51,151 | INFO | Calling URL: http://host.docker.internal:8000/rc","logger":"task.stderr"}
{"timestamp":"2026-07-05T08:35:51.161529Z","level":"error","event":"2026-07-05 08:35:51,151 | INFO | Using environment: staging","logger":"task.stderr"}
{"timestamp":"2026-07-05T08:35:51.162107Z","level":"error","event":"2026-07-05 08:35:51,151 | INFO | Using environment: staging","logger":"task.stderr"}
{"timestamp":"2026-07-05T08:35:51.162867Z","level":"error","event":"2026-07-05 08:35:51,152 | INFO | Calling URL: http://host.docker.internal:8000/valuation","logger":"task.stderr"}
{"timestamp":"2026-07-05T08:35:51.163535Z","level":"error","event":"2026-07-05 08:35:51,156 | INFO | Calling URL: http://host.docker.internal:8000/vrn","logger":"task.stderr"}
{"timestamp":"2026-07-05T08:35:51.152837Z","level":"info","event":"Using environment: staging","logger":"scripts.api_client","filename":"api_client.py","lineno":19}
{"timestamp":"2026-07-05T08:35:51.152952Z","level":"info","event":"Calling URL: http://host.docker.internal:8000/valuation","logger":"scripts.api_client","filename":"api_client.py","lineno":20}
{"timestamp":"2026-07-05T08:35:51.156003Z","level":"info","event":"Using environment: staging","logger":"scripts.api_client","filename":"api_client.py","lineno":19}
{"timestamp":"2026-07-05T08:35:51.156292Z","level":"info","event":"Calling URL: http://host.docker.internal:8000/vrn","logger":"scripts.api_client","filename":"api_client.py","lineno":20}
{"timestamp":"2026-07-05T08:35:51.179147Z","level":"error","event":"2026-07-05 08:35:51,178 | ERROR | RC failed for Vehicle V003: HTTPConnectionPool(host='host.docker.internal', port=8000): Max retries exceeded with url: /rc (Caused by NewConnectionError(\"HTTPConnection(host='host.docker.internal', port=8000): Failed to establish a new connection: [Errno 101] Network is unreachable\"))","logger":"task.stderr"}
{"timestamp":"2026-07-05T08:35:51.180005Z","level":"error","event":"2026-07-05 08:35:51,179 | ERROR | FASTag failed for Vehicle V003: HTTPConnectionPool(host='host.docker.internal', port=8000): Max retries exceeded with url: /fastag (Caused by NewConnectionError(\"HTTPConnection(host='host.docker.internal', port=8000): Failed to establish a new connection: [Errno 101] Network is unreachable\"))","logger":"task.stderr"}
{"timestamp":"2026-07-05T08:35:51.181142Z","level":"error","event":"2026-07-05 08:35:51,179 | ERROR | VRN failed for Vehicle V003: HTTPConnectionPool(host='host.docker.internal', port=8000): Max retries exceeded with url: /vrn (Caused by NewConnectionError(\"HTTPConnection(host='host.docker.internal', port=8000): Failed to establish a new connection: [Errno 101] Network is unreachable\"))","logger":"task.stderr"}
{"timestamp":"2026-07-05T08:35:51.181602Z","level":"error","event":"2026-07-05 08:35:51,179 | ERROR | Valuation failed for Vehicle V003: HTTPConnectionPool(host='host.docker.internal', port=8000): Max retries exceeded with url: /valuation (Caused by NewConnectionError(\"HTTPConnection(host='host.docker.internal', port=8000): Failed to establish a new connection: [Errno 101] Network is unreachable\"))","logger":"task.stderr"}
{"timestamp":"2026-07-05T08:35:51.179087Z","level":"error","event":"RC failed for Vehicle V003: HTTPConnectionPool(host='host.docker.internal', port=8000): Max retries exceeded with url: /rc (Caused by NewConnectionError(\"HTTPConnection(host='host.docker.internal', port=8000): Failed to establish a new connection: [Errno 101] Network is unreachable\"))","logger":"utils.error_handler","try_number":1,"task_id":"process_batch_task","run_id":"manual__2026-07-05T08:35:36.923947+00:00","ti_id":"019f316b-5ae4-781e-92ba-dba54413ff45","map_index":1,"dag_id":"vehicle_batch_pipeline","filename":"error_handler.py","lineno":7}
{"timestamp":"2026-07-05T08:35:51.179340Z","level":"error","event":"FASTag failed for Vehicle V003: HTTPConnectionPool(host='host.docker.internal', port=8000): Max retries exceeded with url: /fastag (Caused by NewConnectionError(\"HTTPConnection(host='host.docker.internal', port=8000): Failed to establish a new connection: [Errno 101] Network is unreachable\"))","logger":"utils.error_handler","try_number":1,"task_id":"process_batch_task","run_id":"manual__2026-07-05T08:35:36.923947+00:00","ti_id":"019f316b-5ae4-781e-92ba-dba54413ff45","map_index":1,"dag_id":"vehicle_batch_pipeline","filename":"error_handler.py","lineno":7}
{"timestamp":"2026-07-05T08:35:51.179472Z","level":"error","event":"VRN failed for Vehicle V003: HTTPConnectionPool(host='host.docker.internal', port=8000): Max retries exceeded with url: /vrn (Caused by NewConnectionError(\"HTTPConnection(host='host.docker.internal', port=8000): Failed to establish a new connection: [Errno 101] Network is unreachable\"))","logger":"utils.error_handler","try_number":1,"task_id":"process_batch_task","run_id":"manual__2026-07-05T08:35:36.923947+00:00","ti_id":"019f316b-5ae4-781e-92ba-dba54413ff45","map_index":1,"dag_id":"vehicle_batch_pipeline","filename":"error_handler.py","lineno":7}
{"timestamp":"2026-07-05T08:35:51.179597Z","level":"error","event":"Valuation failed for Vehicle V003: HTTPConnectionPool(host='host.docker.internal', port=8000): Max retries exceeded with url: /valuation (Caused by NewConnectionError(\"HTTPConnection(host='host.docker.internal', port=8000): Failed to establish a new connection: [Errno 101] Network is unreachable\"))","logger":"utils.error_handler","try_number":1,"task_id":"process_batch_task","run_id":"manual__2026-07-05T08:35:36.923947+00:00","ti_id":"019f316b-5ae4-781e-92ba-dba54413ff45","map_index":1,"dag_id":"vehicle_batch_pipeline","filename":"error_handler.py","lineno":7}
{"timestamp":"2026-07-05T08:35:51.184489Z","level":"info","event":"V003 processed in 3.11 sec","logger":"task.stdout"}
{"timestamp":"2026-07-05T08:35:51.186060Z","level":"error","event":"2026-07-05 08:35:51,185 | INFO | Using environment: staging","logger":"task.stderr"}
{"timestamp":"2026-07-05T08:35:51.186789Z","level":"error","event":"2026-07-05 08:35:51,186 | INFO | Calling URL: http://host.docker.internal:8000/rc","logger":"task.stderr"}
{"timestamp":"2026-07-05T08:35:51.186289Z","level":"info","event":"Using environment: staging","logger":"scripts.api_client","filename":"api_client.py","lineno":19}
{"timestamp":"2026-07-05T08:35:51.186554Z","level":"info","event":"Calling URL: http://host.docker.internal:8000/rc","logger":"scripts.api_client","filename":"api_client.py","lineno":20}
{"timestamp":"2026-07-05T08:35:51.191551Z","level":"error","event":"2026-07-05 08:35:51,187 | INFO | Using environment: staging","logger":"task.stderr"}
{"timestamp":"2026-07-05T08:35:51.194021Z","level":"error","event":"2026-07-05 08:35:51,189 | INFO | Using environment: staging","logger":"task.stderr"}
{"timestamp":"2026-07-05T08:35:51.196460Z","level":"error","event":"2026-07-05 08:35:51,192 | INFO | Using environment: staging","logger":"task.stderr"}
{"timestamp":"2026-07-05T08:35:51.198015Z","level":"error","event":"2026-07-05 08:35:51,192 | INFO | Calling URL: http://host.docker.internal:8000/fastag","logger":"task.stderr"}
{"timestamp":"2026-07-05T08:35:51.198880Z","level":"error","event":"2026-07-05 08:35:51,193 | INFO | Calling URL: http://host.docker.internal:8000/valuation","logger":"task.stderr"}
{"timestamp":"2026-07-05T08:35:51.189536Z","level":"info","event":"Using environment: staging","logger":"scripts.api_client","filename":"api_client.py","lineno":19}
{"timestamp":"2026-07-05T08:35:51.192957Z","level":"info","event":"Calling URL: http://host.docker.internal:8000/fastag","logger":"scripts.api_client","filename":"api_client.py","lineno":20}
{"timestamp":"2026-07-05T08:35:51.193315Z","level":"info","event":"Using environment: staging","logger":"scripts.api_client","filename":"api_client.py","lineno":19}
{"timestamp":"2026-07-05T08:35:51.195119Z","level":"info","event":"Using environment: staging","logger":"scripts.api_client","filename":"api_client.py","lineno":19}
{"timestamp":"2026-07-05T08:35:51.196235Z","level":"info","event":"Calling URL: http://host.docker.internal:8000/valuation","logger":"scripts.api_client","filename":"api_client.py","lineno":20}
{"timestamp":"2026-07-05T08:35:51.197490Z","level":"warning","event":"Retrying scripts.api_client.post in 1 seconds as it raised ConnectionError: HTTPConnectionPool(host='host.docker.internal', port=8000): Max retries exceeded with url: /rc (Caused by NewConnectionError(\"HTTPConnection(host='host.docker.internal', port=8000): Failed to establish a new connection: [Errno 101] Network is unreachable\")).","logger":"scripts.api_client","filename":"before_sleep.py","lineno":64}
{"timestamp":"2026-07-05T08:35:51.197752Z","level":"info","event":"Calling URL: http://host.docker.internal:8000/vrn","logger":"scripts.api_client","filename":"api_client.py","lineno":20}
{"timestamp":"2026-07-05T08:35:51.210367Z","level":"error","event":"2026-07-05 08:35:51,196 | WARNING | Retrying scripts.api_client.post in 1 seconds as it raised ConnectionError: HTTPConnectionPool(host='host.docker.internal', port=8000): Max retries exceeded with url: /rc (Caused by NewConnectionError(\"HTTPConnection(host='host.docker.internal', port=8000): Failed to establish a new connection: [Errno 101] Network is unreachable\")).","logger":"task.stderr"}
{"timestamp":"2026-07-05T08:35:51.210943Z","level":"error","event":"2026-07-05 08:35:51,195 | INFO | Calling URL: http://host.docker.internal:8000/vrn","logger":"task.stderr"}
{"timestamp":"2026-07-05T08:35:51.211598Z","level":"error","event":"2026-07-05 08:35:51,205 | WARNING | Retrying scripts.api_client.post in 1 seconds as it raised ConnectionError: HTTPConnectionPool(host='host.docker.internal', port=8000): Max retries exceeded with url: /fastag (Caused by NewConnectionError(\"HTTPConnection(host='host.docker.internal', port=8000): Failed to establish a new connection: [Errno 101] Network is unreachable\")).","logger":"task.stderr"}
{"timestamp":"2026-07-05T08:35:51.211976Z","level":"error","event":"2026-07-05 08:35:51,208 | WARNING | Retrying scripts.api_client.post in 1 seconds as it raised ConnectionError: HTTPConnectionPool(host='host.docker.internal', port=8000): Max retries exceeded with url: /valuation (Caused by NewConnectionError(\"HTTPConnection(host='host.docker.internal', port=8000): Failed to establish a new connection: [Errno 101] Network is unreachable\")).","logger":"task.stderr"}
{"timestamp":"2026-07-05T08:35:51.205954Z","level":"warning","event":"Retrying scripts.api_client.post in 1 seconds as it raised ConnectionError: HTTPConnectionPool(host='host.docker.internal', port=8000): Max retries exceeded with url: /fastag (Caused by NewConnectionError(\"HTTPConnection(host='host.docker.internal', port=8000): Failed to establish a new connection: [Errno 101] Network is unreachable\")).","logger":"scripts.api_client","filename":"before_sleep.py","lineno":64}
{"timestamp":"2026-07-05T08:35:51.208675Z","level":"warning","event":"Retrying scripts.api_client.post in 1 seconds as it raised ConnectionError: HTTPConnectionPool(host='host.docker.internal', port=8000): Max retries exceeded with url: /valuation (Caused by NewConnectionError(\"HTTPConnection(host='host.docker.internal', port=8000): Failed to establish a new connection: [Errno 101] Network is unreachable\")).","logger":"scripts.api_client","filename":"before_sleep.py","lineno":64}
{"timestamp":"2026-07-05T08:35:51.212311Z","level":"warning","event":"Retrying scripts.api_client.post in 1 seconds as it raised ConnectionError: HTTPConnectionPool(host='host.docker.internal', port=8000): Max retries exceeded with url: /vrn (Caused by NewConnectionError(\"HTTPConnection(host='host.docker.internal', port=8000): Failed to establish a new connection: [Errno 101] Network is unreachable\")).","logger":"scripts.api_client","filename":"before_sleep.py","lineno":64}
{"timestamp":"2026-07-05T08:35:51.214055Z","level":"error","event":"2026-07-05 08:35:51,212 | WARNING | Retrying scripts.api_client.post in 1 seconds as it raised ConnectionError: HTTPConnectionPool(host='host.docker.internal', port=8000): Max retries exceeded with url: /vrn (Caused by NewConnectionError(\"HTTPConnection(host='host.docker.internal', port=8000): Failed to establish a new connection: [Errno 101] Network is unreachable\")).","logger":"task.stderr"}
{"timestamp":"2026-07-05T08:35:52.198198Z","level":"error","event":"2026-07-05 08:35:52,197 | INFO | Using environment: staging","logger":"task.stderr"}
{"timestamp":"2026-07-05T08:35:52.199251Z","level":"error","event":"2026-07-05 08:35:52,198 | INFO | Calling URL: http://host.docker.internal:8000/rc","logger":"task.stderr"}
{"timestamp":"2026-07-05T08:35:52.198142Z","level":"info","event":"Using environment: staging","logger":"scripts.api_client","filename":"api_client.py","lineno":19}
{"timestamp":"2026-07-05T08:35:52.198357Z","level":"info","event":"Calling URL: http://host.docker.internal:8000/rc","logger":"scripts.api_client","filename":"api_client.py","lineno":20}
{"timestamp":"2026-07-05T08:35:52.203957Z","level":"error","event":"2026-07-05 08:35:52,203 | WARNING | Retrying scripts.api_client.post in 2 seconds as it raised ConnectionError: HTTPConnectionPool(host='host.docker.internal', port=8000): Max retries exceeded with url: /rc (Caused by NewConnectionError(\"HTTPConnection(host='host.docker.internal', port=8000): Failed to establish a new connection: [Errno 101] Network is unreachable\")).","logger":"task.stderr"}
{"timestamp":"2026-07-05T08:35:52.203920Z","level":"warning","event":"Retrying scripts.api_client.post in 2 seconds as it raised ConnectionError: HTTPConnectionPool(host='host.docker.internal', port=8000): Max retries exceeded with url: /rc (Caused by NewConnectionError(\"HTTPConnection(host='host.docker.internal', port=8000): Failed to establish a new connection: [Errno 101] Network is unreachable\")).","logger":"scripts.api_client","filename":"before_sleep.py","lineno":64}
{"timestamp":"2026-07-05T08:35:52.206445Z","level":"error","event":"2026-07-05 08:35:52,206 | INFO | Using environment: staging","logger":"task.stderr"}
{"timestamp":"2026-07-05T08:35:52.208030Z","level":"error","event":"2026-07-05 08:35:52,206 | INFO | Calling URL: http://host.docker.internal:8000/fastag","logger":"task.stderr"}
{"timestamp":"2026-07-05T08:35:52.206423Z","level":"info","event":"Using environment: staging","logger":"scripts.api_client","filename":"api_client.py","lineno":19}
{"timestamp":"2026-07-05T08:35:52.206572Z","level":"info","event":"Calling URL: http://host.docker.internal:8000/fastag","logger":"scripts.api_client","filename":"api_client.py","lineno":20}
{"timestamp":"2026-07-05T08:35:52.209791Z","level":"error","event":"2026-07-05 08:35:52,208 | INFO | Using environment: staging","logger":"task.stderr"}
{"timestamp":"2026-07-05T08:35:52.210310Z","level":"error","event":"2026-07-05 08:35:52,209 | INFO | Calling URL: http://host.docker.internal:8000/valuation","logger":"task.stderr"}
{"timestamp":"2026-07-05T08:35:52.209057Z","level":"info","event":"Using environment: staging","logger":"scripts.api_client","filename":"api_client.py","lineno":19}
{"timestamp":"2026-07-05T08:35:52.209215Z","level":"info","event":"Calling URL: http://host.docker.internal:8000/valuation","logger":"scripts.api_client","filename":"api_client.py","lineno":20}
{"timestamp":"2026-07-05T08:35:52.213428Z","level":"error","event":"2026-07-05 08:35:52,213 | WARNING | Retrying scripts.api_client.post in 2 seconds as it raised ConnectionError: HTTPConnectionPool(host='host.docker.internal', port=8000): Max retries exceeded with url: /fastag (Caused by NewConnectionError(\"HTTPConnection(host='host.docker.internal', port=8000): Failed to establish a new connection: [Errno 101] Network is unreachable\")).","logger":"task.stderr"}
{"timestamp":"2026-07-05T08:35:52.215274Z","level":"error","event":"2026-07-05 08:35:52,213 | INFO | Using environment: staging","logger":"task.stderr"}
{"timestamp":"2026-07-05T08:35:52.215861Z","level":"error","event":"2026-07-05 08:35:52,213 | INFO | Calling URL: http://host.docker.internal:8000/vrn","logger":"task.stderr"}
{"timestamp":"2026-07-05T08:35:52.216407Z","level":"error","event":"2026-07-05 08:35:52,214 | WARNING | Retrying scripts.api_client.post in 2 seconds as it raised ConnectionError: HTTPConnectionPool(host='host.docker.internal', port=8000): Max retries exceeded with url: /valuation (Caused by NewConnectionError(\"HTTPConnection(host='host.docker.internal', port=8000): Failed to establish a new connection: [Errno 101] Network is unreachable\")).","logger":"task.stderr"}
{"timestamp":"2026-07-05T08:35:52.213533Z","level":"warning","event":"Retrying scripts.api_client.post in 2 seconds as it raised ConnectionError: HTTPConnectionPool(host='host.docker.internal', port=8000): Max retries exceeded with url: /fastag (Caused by NewConnectionError(\"HTTPConnection(host='host.docker.internal', port=8000): Failed to establish a new connection: [Errno 101] Network is unreachable\")).","logger":"scripts.api_client","filename":"before_sleep.py","lineno":64}
{"timestamp":"2026-07-05T08:35:52.213799Z","level":"info","event":"Using environment: staging","logger":"scripts.api_client","filename":"api_client.py","lineno":19}
{"timestamp":"2026-07-05T08:35:52.213966Z","level":"info","event":"Calling URL: http://host.docker.internal:8000/vrn","logger":"scripts.api_client","filename":"api_client.py","lineno":20}
{"timestamp":"2026-07-05T08:35:52.215050Z","level":"warning","event":"Retrying scripts.api_client.post in 2 seconds as it raised ConnectionError: HTTPConnectionPool(host='host.docker.internal', port=8000): Max retries exceeded with url: /valuation (Caused by NewConnectionError(\"HTTPConnection(host='host.docker.internal', port=8000): Failed to establish a new connection: [Errno 101] Network is unreachable\")).","logger":"scripts.api_client","filename":"before_sleep.py","lineno":64}
{"timestamp":"2026-07-05T08:35:52.218696Z","level":"error","event":"2026-07-05 08:35:52,217 | WARNING | Retrying scripts.api_client.post in 2 seconds as it raised ConnectionError: HTTPConnectionPool(host='host.docker.internal', port=8000): Max retries exceeded with url: /vrn (Caused by NewConnectionError(\"HTTPConnection(host='host.docker.internal', port=8000): Failed to establish a new connection: [Errno 101] Network is unreachable\")).","logger":"task.stderr"}
{"timestamp":"2026-07-05T08:35:52.217901Z","level":"warning","event":"Retrying scripts.api_client.post in 2 seconds as it raised ConnectionError: HTTPConnectionPool(host='host.docker.internal', port=8000): Max retries exceeded with url: /vrn (Caused by NewConnectionError(\"HTTPConnection(host='host.docker.internal', port=8000): Failed to establish a new connection: [Errno 101] Network is unreachable\")).","logger":"scripts.api_client","filename":"before_sleep.py","lineno":64}
{"timestamp":"2026-07-05T08:35:54.204788Z","level":"error","event":"2026-07-05 08:35:54,204 | INFO | Using environment: staging","logger":"task.stderr"}
{"timestamp":"2026-07-05T08:35:54.241080Z","level":"error","event":"2026-07-05 08:35:54,204 | INFO | Calling URL: http://host.docker.internal:8000/rc","logger":"task.stderr"}
{"timestamp":"2026-07-05T08:35:54.241732Z","level":"error","event":"2026-07-05 08:35:54,211 | ERROR | RC failed for Vehicle V004: HTTPConnectionPool(host='host.docker.internal', port=8000): Max retries exceeded with url: /rc (Caused by NewConnectionError(\"HTTPConnection(host='host.docker.internal', port=8000): Failed to establish a new connection: [Errno 101] Network is unreachable\"))","logger":"task.stderr"}
{"timestamp":"2026-07-05T08:35:54.242147Z","level":"error","event":"2026-07-05 08:35:54,213 | INFO | Using environment: staging","logger":"task.stderr"}
{"timestamp":"2026-07-05T08:35:54.242626Z","level":"error","event":"2026-07-05 08:35:54,213 | INFO | Calling URL: http://host.docker.internal:8000/fastag","logger":"task.stderr"}
{"timestamp":"2026-07-05T08:35:54.243039Z","level":"error","event":"2026-07-05 08:35:54,215 | INFO | Using environment: staging","logger":"task.stderr"}
{"timestamp":"2026-07-05T08:35:54.243857Z","level":"error","event":"2026-07-05 08:35:54,215 | INFO | Calling URL: http://host.docker.internal:8000/valuation","logger":"task.stderr"}
{"timestamp":"2026-07-05T08:35:54.244390Z","level":"error","event":"2026-07-05 08:35:54,218 | INFO | Using environment: staging","logger":"task.stderr"}
{"timestamp":"2026-07-05T08:35:54.244895Z","level":"error","event":"2026-07-05 08:35:54,218 | ERROR | FASTag failed for Vehicle V004: HTTPConnectionPool(host='host.docker.internal', port=8000): Max retries exceeded with url: /fastag (Caused by NewConnectionError(\"HTTPConnection(host='host.docker.internal', port=8000): Failed to establish a new connection: [Errno 101] Network is unreachable\"))","logger":"task.stderr"}
{"timestamp":"2026-07-05T08:35:54.245321Z","level":"error","event":"2026-07-05 08:35:54,218 | INFO | Calling URL: http://host.docker.internal:8000/vrn","logger":"task.stderr"}
{"timestamp":"2026-07-05T08:35:54.245735Z","level":"error","event":"2026-07-05 08:35:54,227 | ERROR | VRN failed for Vehicle V004: HTTPConnectionPool(host='host.docker.internal', port=8000): Max retries exceeded with url: /vrn (Caused by NewConnectionError(\"HTTPConnection(host='host.docker.internal', port=8000): Failed to establish a new connection: [Errno 101] Network is unreachable\"))","logger":"task.stderr"}
{"timestamp":"2026-07-05T08:35:54.246154Z","level":"error","event":"2026-07-05 08:35:54,227 | ERROR | Valuation failed for Vehicle V004: HTTPConnectionPool(host='host.docker.internal', port=8000): Max retries exceeded with url: /valuation (Caused by NewConnectionError(\"HTTPConnection(host='host.docker.internal', port=8000): Failed to establish a new connection: [Errno 101] Network is unreachable\"))","logger":"task.stderr"}
{"timestamp":"2026-07-05T08:35:54.246589Z","level":"error","event":"2026-07-05 08:35:54,228 | INFO |","logger":"task.stderr"}
{"timestamp":"2026-07-05T08:35:54.247036Z","level":"error","event":"==========================","logger":"task.stderr"}
{"timestamp":"2026-07-05T08:35:54.247466Z","level":"error","event":"Batch Summary","logger":"task.stderr"}
{"timestamp":"2026-07-05T08:35:54.247858Z","level":"error","event":"==========================","logger":"task.stderr"}
{"timestamp":"2026-07-05T08:35:54.248249Z","level":"error","event":"Total Records : 2","logger":"task.stderr"}
{"timestamp":"2026-07-05T08:35:54.248626Z","level":"error","event":"Success : 2","logger":"task.stderr"}
{"timestamp":"2026-07-05T08:35:54.249025Z","level":"error","event":"Failed : 0","logger":"task.stderr"}
{"timestamp":"2026-07-05T08:35:54.249414Z","level":"error","event":"Success Rate : 100.0%","logger":"task.stderr"}
{"timestamp":"2026-07-05T08:35:54.249801Z","level":"error","event":"==========================","logger":"task.stderr"}
{"timestamp":"2026-07-05T08:35:54.204627Z","level":"info","event":"Using environment: staging","logger":"scripts.api_client","filename":"api_client.py","lineno":19}
{"timestamp":"2026-07-05T08:35:54.204846Z","level":"info","event":"Calling URL: http://host.docker.internal:8000/rc","logger":"scripts.api_client","filename":"api_client.py","lineno":20}
{"timestamp":"2026-07-05T08:35:54.211207Z","level":"error","event":"RC failed for Vehicle V004: HTTPConnectionPool(host='host.docker.internal', port=8000): Max retries exceeded with url: /rc (Caused by NewConnectionError(\"HTTPConnection(host='host.docker.internal', port=8000): Failed to establish a new connection: [Errno 101] Network is unreachable\"))","logger":"utils.error_handler","try_number":1,"task_id":"process_batch_task","run_id":"manual__2026-07-05T08:35:36.923947+00:00","ti_id":"019f316b-5ae4-781e-92ba-dba54413ff45","map_index":1,"dag_id":"vehicle_batch_pipeline","filename":"error_handler.py","lineno":7}
{"timestamp":"2026-07-05T08:35:54.213866Z","level":"info","event":"Using environment: staging","logger":"scripts.api_client","filename":"api_client.py","lineno":19}
{"timestamp":"2026-07-05T08:35:54.214001Z","level":"info","event":"Calling URL: http://host.docker.internal:8000/fastag","logger":"scripts.api_client","filename":"api_client.py","lineno":20}
{"timestamp":"2026-07-05T08:35:54.215319Z","level":"info","event":"Using environment: staging","logger":"scripts.api_client","filename":"api_client.py","lineno":19}
{"timestamp":"2026-07-05T08:35:54.215417Z","level":"info","event":"Calling URL: http://host.docker.internal:8000/valuation","logger":"scripts.api_client","filename":"api_client.py","lineno":20}
{"timestamp":"2026-07-05T08:35:54.218366Z","level":"info","event":"Using environment: staging","logger":"scripts.api_client","filename":"api_client.py","lineno":19}
{"timestamp":"2026-07-05T08:35:54.218589Z","level":"error","event":"FASTag failed for Vehicle V004: HTTPConnectionPool(host='host.docker.internal', port=8000): Max retries exceeded with url: /fastag (Caused by NewConnectionError(\"HTTPConnection(host='host.docker.internal', port=8000): Failed to establish a new connection: [Errno 101] Network is unreachable\"))","logger":"utils.error_handler","try_number":1,"task_id":"process_batch_task","run_id":"manual__2026-07-05T08:35:36.923947+00:00","ti_id":"019f316b-5ae4-781e-92ba-dba54413ff45","map_index":1,"dag_id":"vehicle_batch_pipeline","filename":"error_handler.py","lineno":7}
{"timestamp":"2026-07-05T08:35:54.218790Z","level":"info","event":"Calling URL: http://host.docker.internal:8000/vrn","logger":"scripts.api_client","filename":"api_client.py","lineno":20}
{"timestamp":"2026-07-05T08:35:54.227771Z","level":"error","event":"VRN failed for Vehicle V004: HTTPConnectionPool(host='host.docker.internal', port=8000): Max retries exceeded with url: /vrn (Caused by NewConnectionError(\"HTTPConnection(host='host.docker.internal', port=8000): Failed to establish a new connection: [Errno 101] Network is unreachable\"))","logger":"utils.error_handler","try_number":1,"task_id":"process_batch_task","run_id":"manual__2026-07-05T08:35:36.923947+00:00","ti_id":"019f316b-5ae4-781e-92ba-dba54413ff45","map_index":1,"dag_id":"vehicle_batch_pipeline","filename":"error_handler.py","lineno":7}
{"timestamp":"2026-07-05T08:35:54.228043Z","level":"error","event":"Valuation failed for Vehicle V004: HTTPConnectionPool(host='host.docker.internal', port=8000): Max retries exceeded with url: /valuation (Caused by NewConnectionError(\"HTTPConnection(host='host.docker.internal', port=8000): Failed to establish a new connection: [Errno 101] Network is unreachable\"))","logger":"utils.error_handler","try_number":1,"task_id":"process_batch_task","run_id":"manual__2026-07-05T08:35:36.923947+00:00","ti_id":"019f316b-5ae4-781e-92ba-dba54413ff45","map_index":1,"dag_id":"vehicle_batch_pipeline","filename":"error_handler.py","lineno":7}
{"timestamp":"2026-07-05T08:35:54.255668Z","level":"info","event":"V004 processed in 3.05 sec","logger":"task.stdout"}
{"timestamp":"2026-07-05T08:35:54.228786Z","level":"info","event":"\n==========================\nBatch Summary\n==========================\nTotal Records : 2\nSuccess : 2\nFailed : 0\nSuccess Rate : 100.0%\n==========================","logger":"scripts.process_batch","try_number":1,"task_id":"process_batch_task","run_id":"manual__2026-07-05T08:35:36.923947+00:00","ti_id":"019f316b-5ae4-781e-92ba-dba54413ff45","map_index":1,"dag_id":"vehicle_batch_pipeline","filename":"process_batch.py","lineno":52}
{"timestamp":"2026-07-05T08:35:54.255743Z","level":"info","event":"Done. Returned value was:    year     brand  ...  status                                              error\n0  2023      Tata  ...  FAILED  HTTPConnectionPool(host='host.docker.internal'...\n1  2022  Mahindra  ...  FAILED  HTTPConnectionPool(host='host.docker.internal'...\n\n[2 rows x 7 columns]","try_number":1,"task_id":"process_batch_task","run_id":"manual__2026-07-05T08:35:36.923947+00:00","ti_id":"019f316b-5ae4-781e-92ba-dba54413ff45","map_index":1,"dag_id":"vehicle_batch_pipeline","logger":"airflow.task.operators.airflow.providers.standard.decorators.python._PythonDecoratedOperator","filename":"python.py","lineno":233}
{"timestamp":"2026-07-05T08:35:54.256007Z","level":"info","event":"::group::Post Execute","try_number":1,"task_id":"process_batch_task","run_id":"manual__2026-07-05T08:35:36.923947+00:00","ti_id":"019f316b-5ae4-781e-92ba-dba54413ff45","map_index":1,"dag_id":"vehicle_batch_pipeline","logger":"task","filename":"task_runner.py","lineno":1288}
{"timestamp":"2026-07-05T08:35:54.256208Z","level":"info","event":"Pushing xcom","ti":"RuntimeTaskInstance(id=UUID('019f316b-5ae4-781e-92ba-dba54413ff45'), task_id='process_batch_task', dag_id='vehicle_batch_pipeline', run_id='manual__2026-07-05T08:35:36.923947+00:00', try_number=1, dag_version_id=UUID('019f2c50-8b66-7475-9dae-822508d85766'), map_index=1, hostname='8e3d505c6688', context_carrier={'traceparent': '00-c04e1c7b7a2f296b349d094ca6db8d8c-e4c7b71eebedb890-01'}, task=<Task(_PythonDecoratedOperator): process_batch_task>, bundle_instance=LocalDagBundle(name=dags-folder), max_tries=2, start_date=datetime.datetime(2026, 7, 5, 8, 35, 47, 477935, tzinfo=datetime.timezone.utc), end_date=None, state=<TaskInstanceState.RUNNING: 'running'>, is_mapped=True, rendered_map_index=None, sentry_integration='')","try_number":1,"task_id":"process_batch_task","run_id":"manual__2026-07-05T08:35:36.923947+00:00","ti_id":"019f316b-5ae4-781e-92ba-dba54413ff45","map_index":1,"dag_id":"vehicle_batch_pipeline","logger":"task","filename":"task_runner.py","lineno":1791}
{"timestamp":"2026-07-05T08:35:54.382259Z","level":"info","event":"Task instance in success state","logger":"task.stdout"}
{"timestamp":"2026-07-05T08:35:54.383291Z","level":"info","event":" Previous state of the Task instance: TaskInstanceState.RUNNING","logger":"task.stdout"}
{"timestamp":"2026-07-05T08:35:54.388302Z","level":"info","event":"Task operator:<Task(_PythonDecoratedOperator): process_batch_task>","logger":"task.stdout"}
{"timestamp":"2026-07-05T08:35:54.382780Z","level":"info","event":"::endgroup::","try_number":1,"task_id":"process_batch_task","run_id":"manual__2026-07-05T08:35:36.923947+00:00","ti_id":"019f316b-5ae4-781e-92ba-dba54413ff45","map_index":1,"dag_id":"vehicle_batch_pipeline","logger":"task","filename":"task_runner.py","lineno":1896}
