{"timestamp":"2026-07-02T10:29:42.698470Z","level":"info","event":"::group::Pre Execute","logger":"task","filename":"task_runner.py","lineno":1926}
{"timestamp":"2026-07-02T10:29:42.998364Z","level":"info","event":"DAG bundles loaded: dags-folder, example_dags","dag_id":"vehicle_batch_pipeline","run_id":"manual__2026-07-02T10:29:35.852051+00:00","try_number":1,"map_index":-1,"task_id":"clean_csv","ti_id":"019f2260-7a34-73cc-a0f5-58075ac334c7","logger":"airflow.dag_processing.bundles.manager.DagBundlesManager","filename":"manager.py","lineno":209}
{"timestamp":"2026-07-02T10:29:43.000221Z","level":"info","event":"Filling up the DagBag from /opt/airflow/dags/vehicle_pipeline.py","dag_id":"vehicle_batch_pipeline","run_id":"manual__2026-07-02T10:29:35.852051+00:00","try_number":1,"map_index":-1,"task_id":"clean_csv","ti_id":"019f2260-7a34-73cc-a0f5-58075ac334c7","logger":"airflow.dag_processing.dagbag.BundleDagBag","filename":"dagbag.py","lineno":469}
{"timestamp":"2026-07-02T10:29:43.140092Z","level":"info","event":"Task instance is in running state","logger":"task.stdout"}
{"timestamp":"2026-07-02T10:29:43.140709Z","level":"info","event":" Previous state of the Task instance: TaskInstanceState.QUEUED","logger":"task.stdout"}
{"timestamp":"2026-07-02T10:29:43.141169Z","level":"info","event":"Current task name:clean_csv","logger":"task.stdout"}
{"timestamp":"2026-07-02T10:29:43.141625Z","level":"info","event":"Dag name:vehicle_batch_pipeline","logger":"task.stdout"}
{"timestamp":"2026-07-02T10:29:43.137397Z","level":"info","event":"::endgroup::","dag_id":"vehicle_batch_pipeline","run_id":"manual__2026-07-02T10:29:35.852051+00:00","try_number":1,"map_index":-1,"task_id":"clean_csv","ti_id":"019f2260-7a34-73cc-a0f5-58075ac334c7","logger":"task","filename":"task_runner.py","lineno":1727}
{"timestamp":"2026-07-02T10:29:43.145392Z","level":"error","event":"2026-07-02 10:29:43,145 | INFO | Rows after cleaning: 5","logger":"task.stderr"}
{"timestamp":"2026-07-02T10:29:43.146071Z","level":"error","event":"2026-07-02 10:29:43,145 | INFO | ==================================================","logger":"task.stderr"}
{"timestamp":"2026-07-02T10:29:43.146577Z","level":"error","event":"2026-07-02 10:29:43,145 | INFO | Vehicle Data Preview","logger":"task.stderr"}
{"timestamp":"2026-07-02T10:29:43.147011Z","level":"error","event":"2026-07-02 10:29:43,145 | INFO | ==================================================","logger":"task.stderr"}
{"timestamp":"2026-07-02T10:29:43.147511Z","level":"error","event":"2026-07-02 10:29:43,145 | INFO | Rows : 5","logger":"task.stderr"}
{"timestamp":"2026-07-02T10:29:43.147912Z","level":"error","event":"2026-07-02 10:29:43,146 | INFO | Columns : ['vehicle_id', 'brand', 'model', 'year', 'fuel_type']","logger":"task.stderr"}
{"timestamp":"2026-07-02T10:29:43.145399Z","level":"info","event":"Rows after cleaning: 5","logger":"unusual_prefix_0c07c951a0536f1f9ade82c88099125392a8ad1a_vehicle_pipeline","dag_id":"vehicle_batch_pipeline","run_id":"manual__2026-07-02T10:29:35.852051+00:00","try_number":1,"map_index":-1,"task_id":"clean_csv","ti_id":"019f2260-7a34-73cc-a0f5-58075ac334c7","filename":"vehicle_pipeline.py","lineno":49}
{"timestamp":"2026-07-02T10:29:43.145586Z","level":"info","event":"==================================================","logger":"unusual_prefix_0c07c951a0536f1f9ade82c88099125392a8ad1a_vehicle_pipeline","dag_id":"vehicle_batch_pipeline","run_id":"manual__2026-07-02T10:29:35.852051+00:00","try_number":1,"map_index":-1,"task_id":"clean_csv","ti_id":"019f2260-7a34-73cc-a0f5-58075ac334c7","filename":"vehicle_pipeline.py","lineno":50}
{"timestamp":"2026-07-02T10:29:43.145713Z","level":"info","event":"Vehicle Data Preview","logger":"unusual_prefix_0c07c951a0536f1f9ade82c88099125392a8ad1a_vehicle_pipeline","dag_id":"vehicle_batch_pipeline","run_id":"manual__2026-07-02T10:29:35.852051+00:00","try_number":1,"map_index":-1,"task_id":"clean_csv","ti_id":"019f2260-7a34-73cc-a0f5-58075ac334c7","filename":"vehicle_pipeline.py","lineno":51}
{"timestamp":"2026-07-02T10:29:43.145856Z","level":"info","event":"==================================================","logger":"unusual_prefix_0c07c951a0536f1f9ade82c88099125392a8ad1a_vehicle_pipeline","dag_id":"vehicle_batch_pipeline","run_id":"manual__2026-07-02T10:29:35.852051+00:00","try_number":1,"map_index":-1,"task_id":"clean_csv","ti_id":"019f2260-7a34-73cc-a0f5-58075ac334c7","filename":"vehicle_pipeline.py","lineno":52}
{"timestamp":"2026-07-02T10:29:43.145950Z","level":"info","event":"Rows : 5","logger":"unusual_prefix_0c07c951a0536f1f9ade82c88099125392a8ad1a_vehicle_pipeline","dag_id":"vehicle_batch_pipeline","run_id":"manual__2026-07-02T10:29:35.852051+00:00","try_number":1,"map_index":-1,"task_id":"clean_csv","ti_id":"019f2260-7a34-73cc-a0f5-58075ac334c7","filename":"vehicle_pipeline.py","lineno":53}
{"timestamp":"2026-07-02T10:29:43.146060Z","level":"info","event":"Columns : ['vehicle_id', 'brand', 'model', 'year', 'fuel_type']","logger":"unusual_prefix_0c07c951a0536f1f9ade82c88099125392a8ad1a_vehicle_pipeline","dag_id":"vehicle_batch_pipeline","run_id":"manual__2026-07-02T10:29:35.852051+00:00","try_number":1,"map_index":-1,"task_id":"clean_csv","ti_id":"019f2260-7a34-73cc-a0f5-58075ac334c7","filename":"vehicle_pipeline.py","lineno":54}
{"timestamp":"2026-07-02T10:29:43.151339Z","level":"error","event":"2026-07-02 10:29:43,146 | INFO |   vehicle_id     brand     model  year fuel_type","logger":"task.stderr"}
{"timestamp":"2026-07-02T10:29:43.151759Z","level":"error","event":"0       V001    Toyota  Fortuner  2022    Diesel","logger":"task.stderr"}
{"timestamp":"2026-07-02T10:29:43.152137Z","level":"error","event":"1       V002   Hyundai     Creta  2021    Petrol","logger":"task.stderr"}
{"timestamp":"2026-07-02T10:29:43.152558Z","level":"error","event":"2       V003      Tata     Nexon  2023  Electric","logger":"task.stderr"}
{"timestamp":"2026-07-02T10:29:43.152947Z","level":"error","event":"3       V004  Mahindra    XUV700  2022    Diesel","logger":"task.stderr"}
{"timestamp":"2026-07-02T10:29:43.153344Z","level":"error","event":"4       V005     Honda      City  2020    Petrol","logger":"task.stderr"}
{"timestamp":"2026-07-02T10:29:43.153527Z","level":"info","event":"  vehicle_id     brand     model  year fuel_type\n0       V001    Toyota  Fortuner  2022    Diesel\n1       V002   Hyundai     Creta  2021    Petrol\n2       V003      Tata     Nexon  2023  Electric\n3       V004  Mahindra    XUV700  2022    Diesel\n4       V005     Honda      City  2020    Petrol","logger":"unusual_prefix_0c07c951a0536f1f9ade82c88099125392a8ad1a_vehicle_pipeline","dag_id":"vehicle_batch_pipeline","run_id":"manual__2026-07-02T10:29:35.852051+00:00","try_number":1,"map_index":-1,"task_id":"clean_csv","ti_id":"019f2260-7a34-73cc-a0f5-58075ac334c7","filename":"vehicle_pipeline.py","lineno":55}
{"timestamp":"2026-07-02T10:29:43.156855Z","level":"info","event":"Done. Returned value was:   vehicle_id     brand     model  year fuel_type\n0       V001    Toyota  Fortuner  2022    Diesel\n1       V002   Hyundai     Creta  2021    Petrol\n2       V003      Tata     Nexon  2023  Electric\n3       V004  Mahindra    XUV700  2022    Diesel\n4       V005     Honda      City  2020    Petrol","dag_id":"vehicle_batch_pipeline","run_id":"manual__2026-07-02T10:29:35.852051+00:00","try_number":1,"map_index":-1,"task_id":"clean_csv","ti_id":"019f2260-7a34-73cc-a0f5-58075ac334c7","logger":"airflow.task.operators.airflow.providers.standard.decorators.python._PythonDecoratedOperator","filename":"python.py","lineno":233}
{"timestamp":"2026-07-02T10:29:43.156990Z","level":"info","event":"::group::Post Execute","dag_id":"vehicle_batch_pipeline","run_id":"manual__2026-07-02T10:29:35.852051+00:00","try_number":1,"map_index":-1,"task_id":"clean_csv","ti_id":"019f2260-7a34-73cc-a0f5-58075ac334c7","logger":"task","filename":"task_runner.py","lineno":1288}
{"timestamp":"2026-07-02T10:29:43.157175Z","level":"info","event":"Pushing xcom","ti":"RuntimeTaskInstance(id=UUID('019f2260-7a34-73cc-a0f5-58075ac334c7'), task_id='clean_csv', dag_id='vehicle_batch_pipeline', run_id='manual__2026-07-02T10:29:35.852051+00:00', try_number=1, dag_version_id=UUID('019f222e-6949-7013-adc3-a38d3a0a290d'), map_index=-1, hostname='8e3d505c6688', context_carrier={'traceparent': '00-dbfd86808626888d4b1b8a7887113532-a86a5e82e99a2457-01'}, task=<Task(_PythonDecoratedOperator): clean_csv>, bundle_instance=LocalDagBundle(name=dags-folder), max_tries=0, start_date=datetime.datetime(2026, 7, 2, 10, 29, 42, 705331, tzinfo=datetime.timezone.utc), end_date=None, state=<TaskInstanceState.RUNNING: 'running'>, is_mapped=False, rendered_map_index=None, sentry_integration='')","dag_id":"vehicle_batch_pipeline","run_id":"manual__2026-07-02T10:29:35.852051+00:00","try_number":1,"map_index":-1,"task_id":"clean_csv","ti_id":"019f2260-7a34-73cc-a0f5-58075ac334c7","logger":"task","filename":"task_runner.py","lineno":1791}
{"timestamp":"2026-07-02T10:29:43.186718Z","level":"info","event":"Task instance in success state","logger":"task.stdout"}
{"timestamp":"2026-07-02T10:29:43.187479Z","level":"info","event":" Previous state of the Task instance: TaskInstanceState.RUNNING","logger":"task.stdout"}
{"timestamp":"2026-07-02T10:29:43.188046Z","level":"info","event":"Task operator:<Task(_PythonDecoratedOperator): clean_csv>","logger":"task.stdout"}
{"timestamp":"2026-07-02T10:29:43.186990Z","level":"info","event":"::endgroup::","dag_id":"vehicle_batch_pipeline","run_id":"manual__2026-07-02T10:29:35.852051+00:00","try_number":1,"map_index":-1,"task_id":"clean_csv","ti_id":"019f2260-7a34-73cc-a0f5-58075ac334c7","logger":"task","filename":"task_runner.py","lineno":1896}
