{"timestamp":"2026-07-04T09:31:32.329600Z","level":"info","event":"::group::Pre Execute","logger":"task","filename":"task_runner.py","lineno":1926}
{"timestamp":"2026-07-04T09:31:33.074890Z","level":"info","event":"DAG bundles loaded: dags-folder, example_dags","try_number":1,"ti_id":"019f2c78-01c2-7be6-8d6a-0f33ed54bfc4","run_id":"manual__2026-07-04T09:31:09.369543+00:00","task_id":"process_batch_task","dag_id":"vehicle_batch_pipeline","map_index":1,"logger":"airflow.dag_processing.bundles.manager.DagBundlesManager","filename":"manager.py","lineno":209}
{"timestamp":"2026-07-04T09:31:33.077756Z","level":"info","event":"Filling up the DagBag from /opt/airflow/dags/vehicle_pipeline.py","try_number":1,"ti_id":"019f2c78-01c2-7be6-8d6a-0f33ed54bfc4","run_id":"manual__2026-07-04T09:31:09.369543+00:00","task_id":"process_batch_task","dag_id":"vehicle_batch_pipeline","map_index":1,"logger":"airflow.dag_processing.dagbag.BundleDagBag","filename":"dagbag.py","lineno":469}
{"timestamp":"2026-07-04T09:31:33.271382Z","level":"info","event":"Task instance is in running state","logger":"task.stdout"}
{"timestamp":"2026-07-04T09:31:33.272287Z","level":"info","event":" Previous state of the Task instance: TaskInstanceState.QUEUED","logger":"task.stdout"}
{"timestamp":"2026-07-04T09:31:33.272956Z","level":"info","event":"Current task name:process_batch_task","logger":"task.stdout"}
{"timestamp":"2026-07-04T09:31:33.273605Z","level":"info","event":"Dag name:vehicle_batch_pipeline","logger":"task.stdout"}
{"timestamp":"2026-07-04T09:31:33.267774Z","level":"info","event":"::endgroup::","try_number":1,"ti_id":"019f2c78-01c2-7be6-8d6a-0f33ed54bfc4","run_id":"manual__2026-07-04T09:31:09.369543+00:00","task_id":"process_batch_task","dag_id":"vehicle_batch_pipeline","map_index":1,"logger":"task","filename":"task_runner.py","lineno":1727}
{"timestamp":"2026-07-04T09:31:33.270374Z","level":"info","event":"Processing batch_2.csv","logger":"scripts.process_batch","try_number":1,"ti_id":"019f2c78-01c2-7be6-8d6a-0f33ed54bfc4","run_id":"manual__2026-07-04T09:31:09.369543+00:00","task_id":"process_batch_task","dag_id":"vehicle_batch_pipeline","map_index":1,"filename":"process_batch.py","lineno":14}
{"timestamp":"2026-07-04T09:31:33.292103Z","level":"error","event":"2026-07-04 09:31:33,270 | INFO | Processing batch_2.csv","logger":"task.stderr"}
{"timestamp":"2026-07-04T09:31:33.322992Z","level":"error","event":"2026-07-04 09:31:33,321 | INFO | Rows = 2","logger":"task.stderr"}
{"timestamp":"2026-07-04T09:31:33.321770Z","level":"info","event":"Rows = 2","logger":"scripts.process_batch","try_number":1,"ti_id":"019f2c78-01c2-7be6-8d6a-0f33ed54bfc4","run_id":"manual__2026-07-04T09:31:09.369543+00:00","task_id":"process_batch_task","dag_id":"vehicle_batch_pipeline","map_index":1,"filename":"process_batch.py","lineno":18}
{"timestamp":"2026-07-04T09:31:33.322407Z","level":"warning","event":"Using Variable.get from `airflow.models` is deprecated.Please use `get` on Variable from sdk(`airflow.sdk.Variable`) instead","category":"DeprecationWarning","filename":"/home/airflow/.local/lib/python3.13/site-packages/airflow/models/variable.py","lineno":159,"try_number":1,"ti_id":"019f2c78-01c2-7be6-8d6a-0f33ed54bfc4","run_id":"manual__2026-07-04T09:31:09.369543+00:00","task_id":"process_batch_task","dag_id":"vehicle_batch_pipeline","map_index":1,"logger":"py.warnings"}
{"timestamp":"2026-07-04T09:31:33.360014Z","level":"warning","event":"Skipping masking for a secret as it's too short (<5 chars)","logger":"airflow.sdk._shared.secrets_masker.secrets_masker","try_number":1,"ti_id":"019f2c78-01c2-7be6-8d6a-0f33ed54bfc4","run_id":"manual__2026-07-04T09:31:09.369543+00:00","task_id":"process_batch_task","dag_id":"vehicle_batch_pipeline","map_index":1,"filename":"secrets_masker.py","lineno":590}
{"timestamp":"2026-07-04T09:31:33.361072Z","level":"warning","event":"Skipping masking for a secret as it's too short (<5 chars)","logger":"airflow._shared.secrets_masker.secrets_masker","try_number":1,"ti_id":"019f2c78-01c2-7be6-8d6a-0f33ed54bfc4","run_id":"manual__2026-07-04T09:31:09.369543+00:00","task_id":"process_batch_task","dag_id":"vehicle_batch_pipeline","map_index":1,"filename":"secrets_masker.py","lineno":590}
{"timestamp":"2026-07-04T09:31:33.361344Z","level":"info","event":"Valuation Enabled = True","logger":"scripts.process_batch","try_number":1,"ti_id":"019f2c78-01c2-7be6-8d6a-0f33ed54bfc4","run_id":"manual__2026-07-04T09:31:09.369543+00:00","task_id":"process_batch_task","dag_id":"vehicle_batch_pipeline","map_index":1,"filename":"process_batch.py","lineno":30}
{"timestamp":"2026-07-04T09:31:33.365217Z","level":"info","event":"Using environment: staging","logger":"scripts.api_client","filename":"api_client.py","lineno":19}
{"timestamp":"2026-07-04T09:31:33.367726Z","level":"error","event":"2026-07-04 09:31:33,361 | INFO | Valuation Enabled = True","logger":"task.stderr"}
{"timestamp":"2026-07-04T09:31:33.371532Z","level":"error","event":"2026-07-04 09:31:33,364 | INFO | Using environment: staging","logger":"task.stderr"}
{"timestamp":"2026-07-04T09:31:33.372340Z","level":"error","event":"2026-07-04 09:31:33,365 | INFO | Using environment: staging","logger":"task.stderr"}
{"timestamp":"2026-07-04T09:31:33.372810Z","level":"error","event":"2026-07-04 09:31:33,366 | INFO | Calling URL: http://host.docker.internal:8000/rc","logger":"task.stderr"}
{"timestamp":"2026-07-04T09:31:33.366413Z","level":"info","event":"Using environment: staging","logger":"scripts.api_client","filename":"api_client.py","lineno":19}
{"timestamp":"2026-07-04T09:31:33.367951Z","level":"info","event":"Calling URL: http://host.docker.internal:8000/rc","logger":"scripts.api_client","filename":"api_client.py","lineno":20}
{"timestamp":"2026-07-04T09:31:33.376438Z","level":"error","event":"2026-07-04 09:31:33,366 | INFO | Calling URL: http://host.docker.internal:8000/fastag","logger":"task.stderr"}
{"timestamp":"2026-07-04T09:31:33.376482Z","level":"info","event":"Calling URL: http://host.docker.internal:8000/fastag","logger":"scripts.api_client","filename":"api_client.py","lineno":20}
{"timestamp":"2026-07-04T09:31:33.377750Z","level":"error","event":"2026-07-04 09:31:33,377 | INFO | Using environment: staging","logger":"task.stderr"}
{"timestamp":"2026-07-04T09:31:33.379475Z","level":"error","event":"2026-07-04 09:31:33,378 | INFO | Calling URL: http://host.docker.internal:8000/vrn","logger":"task.stderr"}
{"timestamp":"2026-07-04T09:31:33.377802Z","level":"info","event":"Using environment: staging","logger":"scripts.api_client","filename":"api_client.py","lineno":19}
{"timestamp":"2026-07-04T09:31:33.378214Z","level":"info","event":"Calling URL: http://host.docker.internal:8000/vrn","logger":"scripts.api_client","filename":"api_client.py","lineno":20}
{"timestamp":"2026-07-04T09:31:33.388640Z","level":"error","event":"2026-07-04 09:31:33,388 | INFO | Using environment: staging","logger":"task.stderr"}
{"timestamp":"2026-07-04T09:31:33.396333Z","level":"info","event":"Using environment: staging","logger":"scripts.api_client","filename":"api_client.py","lineno":19}
{"timestamp":"2026-07-04T09:31:33.408784Z","level":"error","event":"2026-07-04 09:31:33,408 | INFO | Calling URL: http://host.docker.internal:8000/valuation","logger":"task.stderr"}
{"timestamp":"2026-07-04T09:31:33.408716Z","level":"info","event":"Calling URL: http://host.docker.internal:8000/valuation","logger":"scripts.api_client","filename":"api_client.py","lineno":20}
{"timestamp":"2026-07-04T09:31:33.448263Z","level":"error","event":"2026-07-04 09:31:33,447 | WARNING | Retrying scripts.api_client.post in 1 seconds as it raised ConnectionError: HTTPConnectionPool(host='host.docker.internal', port=8000): Max retries exceeded with url: /fastag (Caused by NewConnectionError(\"HTTPConnection(host='host.docker.internal', port=8000): Failed to establish a new connection: [Errno 101] Network is unreachable\")).","logger":"task.stderr"}
{"timestamp":"2026-07-04T09:31:33.448373Z","level":"warning","event":"Retrying scripts.api_client.post in 1 seconds as it raised ConnectionError: HTTPConnectionPool(host='host.docker.internal', port=8000): Max retries exceeded with url: /fastag (Caused by NewConnectionError(\"HTTPConnection(host='host.docker.internal', port=8000): Failed to establish a new connection: [Errno 101] Network is unreachable\")).","logger":"scripts.api_client","filename":"before_sleep.py","lineno":64}
{"timestamp":"2026-07-04T09:31:33.450231Z","level":"warning","event":"Retrying scripts.api_client.post in 1 seconds as it raised ConnectionError: HTTPConnectionPool(host='host.docker.internal', port=8000): Max retries exceeded with url: /vrn (Caused by NewConnectionError(\"HTTPConnection(host='host.docker.internal', port=8000): Failed to establish a new connection: [Errno 101] Network is unreachable\")).","logger":"scripts.api_client","filename":"before_sleep.py","lineno":64}
{"timestamp":"2026-07-04T09:31:33.450784Z","level":"warning","event":"Retrying scripts.api_client.post in 1 seconds as it raised ConnectionError: HTTPConnectionPool(host='host.docker.internal', port=8000): Max retries exceeded with url: /valuation (Caused by NewConnectionError(\"HTTPConnection(host='host.docker.internal', port=8000): Failed to establish a new connection: [Errno 101] Network is unreachable\")).","logger":"scripts.api_client","filename":"before_sleep.py","lineno":64}
{"timestamp":"2026-07-04T09:31:33.450983Z","level":"warning","event":"Retrying scripts.api_client.post in 1 seconds as it raised ConnectionError: HTTPConnectionPool(host='host.docker.internal', port=8000): Max retries exceeded with url: /rc (Caused by NewConnectionError(\"HTTPConnection(host='host.docker.internal', port=8000): Failed to establish a new connection: [Errno 101] Network is unreachable\")).","logger":"scripts.api_client","filename":"before_sleep.py","lineno":64}
{"timestamp":"2026-07-04T09:31:33.459197Z","level":"error","event":"2026-07-04 09:31:33,448 | WARNING | Retrying scripts.api_client.post in 1 seconds as it raised ConnectionError: HTTPConnectionPool(host='host.docker.internal', port=8000): Max retries exceeded with url: /vrn (Caused by NewConnectionError(\"HTTPConnection(host='host.docker.internal', port=8000): Failed to establish a new connection: [Errno 101] Network is unreachable\")).","logger":"task.stderr"}
{"timestamp":"2026-07-04T09:31:33.463359Z","level":"error","event":"2026-07-04 09:31:33,447 | WARNING | Retrying scripts.api_client.post in 1 seconds as it raised ConnectionError: HTTPConnectionPool(host='host.docker.internal', port=8000): Max retries exceeded with url: /valuation (Caused by NewConnectionError(\"HTTPConnection(host='host.docker.internal', port=8000): Failed to establish a new connection: [Errno 101] Network is unreachable\")).","logger":"task.stderr"}
{"timestamp":"2026-07-04T09:31:33.464242Z","level":"error","event":"2026-07-04 09:31:33,449 | WARNING | Retrying scripts.api_client.post in 1 seconds as it raised ConnectionError: HTTPConnectionPool(host='host.docker.internal', port=8000): Max retries exceeded with url: /rc (Caused by NewConnectionError(\"HTTPConnection(host='host.docker.internal', port=8000): Failed to establish a new connection: [Errno 101] Network is unreachable\")).","logger":"task.stderr"}
{"timestamp":"2026-07-04T09:31:34.455394Z","level":"error","event":"2026-07-04 09:31:34,450 | INFO | Using environment: staging","logger":"task.stderr"}
{"timestamp":"2026-07-04T09:31:34.463529Z","level":"error","event":"2026-07-04 09:31:34,451 | INFO | Calling URL: http://host.docker.internal:8000/fastag","logger":"task.stderr"}
{"timestamp":"2026-07-04T09:31:34.464245Z","level":"error","event":"2026-07-04 09:31:34,453 | INFO | Using environment: staging","logger":"task.stderr"}
{"timestamp":"2026-07-04T09:31:34.465021Z","level":"error","event":"2026-07-04 09:31:34,454 | INFO | Calling URL: http://host.docker.internal:8000/vrn","logger":"task.stderr"}
{"timestamp":"2026-07-04T09:31:34.450817Z","level":"info","event":"Using environment: staging","logger":"scripts.api_client","filename":"api_client.py","lineno":19}
{"timestamp":"2026-07-04T09:31:34.451141Z","level":"info","event":"Calling URL: http://host.docker.internal:8000/fastag","logger":"scripts.api_client","filename":"api_client.py","lineno":20}
{"timestamp":"2026-07-04T09:31:34.454029Z","level":"info","event":"Using environment: staging","logger":"scripts.api_client","filename":"api_client.py","lineno":19}
{"timestamp":"2026-07-04T09:31:34.454197Z","level":"info","event":"Calling URL: http://host.docker.internal:8000/vrn","logger":"scripts.api_client","filename":"api_client.py","lineno":20}
{"timestamp":"2026-07-04T09:31:34.456128Z","level":"info","event":"Using environment: staging","logger":"scripts.api_client","filename":"api_client.py","lineno":19}
{"timestamp":"2026-07-04T09:31:34.456248Z","level":"info","event":"Calling URL: http://host.docker.internal:8000/valuation","logger":"scripts.api_client","filename":"api_client.py","lineno":20}
{"timestamp":"2026-07-04T09:31:34.457675Z","level":"info","event":"Using environment: staging","logger":"scripts.api_client","filename":"api_client.py","lineno":19}
{"timestamp":"2026-07-04T09:31:34.457841Z","level":"info","event":"Calling URL: http://host.docker.internal:8000/rc","logger":"scripts.api_client","filename":"api_client.py","lineno":20}
{"timestamp":"2026-07-04T09:31:34.471723Z","level":"error","event":"2026-07-04 09:31:34,456 | INFO | Using environment: staging","logger":"task.stderr"}
{"timestamp":"2026-07-04T09:31:34.472474Z","level":"error","event":"2026-07-04 09:31:34,456 | INFO | Calling URL: http://host.docker.internal:8000/valuation","logger":"task.stderr"}
{"timestamp":"2026-07-04T09:31:34.472983Z","level":"error","event":"2026-07-04 09:31:34,457 | INFO | Using environment: staging","logger":"task.stderr"}
{"timestamp":"2026-07-04T09:31:34.473503Z","level":"error","event":"2026-07-04 09:31:34,457 | INFO | Calling URL: http://host.docker.internal:8000/rc","logger":"task.stderr"}
{"timestamp":"2026-07-04T09:31:34.473941Z","level":"error","event":"2026-07-04 09:31:34,467 | WARNING | Retrying scripts.api_client.post in 2 seconds as it raised ConnectionError: HTTPConnectionPool(host='host.docker.internal', port=8000): Max retries exceeded with url: /valuation (Caused by NewConnectionError(\"HTTPConnection(host='host.docker.internal', port=8000): Failed to establish a new connection: [Errno 101] Network is unreachable\")).","logger":"task.stderr"}
{"timestamp":"2026-07-04T09:31:34.474624Z","level":"error","event":"2026-07-04 09:31:34,469 | WARNING | Retrying scripts.api_client.post in 2 seconds as it raised ConnectionError: HTTPConnectionPool(host='host.docker.internal', port=8000): Max retries exceeded with url: /vrn (Caused by NewConnectionError(\"HTTPConnection(host='host.docker.internal', port=8000): Failed to establish a new connection: [Errno 101] Network is unreachable\")).","logger":"task.stderr"}
{"timestamp":"2026-07-04T09:31:34.467900Z","level":"warning","event":"Retrying scripts.api_client.post in 2 seconds as it raised ConnectionError: HTTPConnectionPool(host='host.docker.internal', port=8000): Max retries exceeded with url: /valuation (Caused by NewConnectionError(\"HTTPConnection(host='host.docker.internal', port=8000): Failed to establish a new connection: [Errno 101] Network is unreachable\")).","logger":"scripts.api_client","filename":"before_sleep.py","lineno":64}
{"timestamp":"2026-07-04T09:31:34.470135Z","level":"warning","event":"Retrying scripts.api_client.post in 2 seconds as it raised ConnectionError: HTTPConnectionPool(host='host.docker.internal', port=8000): Max retries exceeded with url: /vrn (Caused by NewConnectionError(\"HTTPConnection(host='host.docker.internal', port=8000): Failed to establish a new connection: [Errno 101] Network is unreachable\")).","logger":"scripts.api_client","filename":"before_sleep.py","lineno":64}
{"timestamp":"2026-07-04T09:31:34.473400Z","level":"warning","event":"Retrying scripts.api_client.post in 2 seconds as it raised ConnectionError: HTTPConnectionPool(host='host.docker.internal', port=8000): Max retries exceeded with url: /fastag (Caused by NewConnectionError(\"HTTPConnection(host='host.docker.internal', port=8000): Failed to establish a new connection: [Errno 101] Network is unreachable\")).","logger":"scripts.api_client","filename":"before_sleep.py","lineno":64}
{"timestamp":"2026-07-04T09:31:34.483290Z","level":"error","event":"2026-07-04 09:31:34,473 | WARNING | Retrying scripts.api_client.post in 2 seconds as it raised ConnectionError: HTTPConnectionPool(host='host.docker.internal', port=8000): Max retries exceeded with url: /fastag (Caused by NewConnectionError(\"HTTPConnection(host='host.docker.internal', port=8000): Failed to establish a new connection: [Errno 101] Network is unreachable\")).","logger":"task.stderr"}
{"timestamp":"2026-07-04T09:31:34.484163Z","level":"error","event":"2026-07-04 09:31:34,482 | WARNING | Retrying scripts.api_client.post in 2 seconds as it raised ConnectionError: HTTPConnectionPool(host='host.docker.internal', port=8000): Max retries exceeded with url: /rc (Caused by NewConnectionError(\"HTTPConnection(host='host.docker.internal', port=8000): Failed to establish a new connection: [Errno 101] Network is unreachable\")).","logger":"task.stderr"}
{"timestamp":"2026-07-04T09:31:34.482312Z","level":"warning","event":"Retrying scripts.api_client.post in 2 seconds as it raised ConnectionError: HTTPConnectionPool(host='host.docker.internal', port=8000): Max retries exceeded with url: /rc (Caused by NewConnectionError(\"HTTPConnection(host='host.docker.internal', port=8000): Failed to establish a new connection: [Errno 101] Network is unreachable\")).","logger":"scripts.api_client","filename":"before_sleep.py","lineno":64}
{"timestamp":"2026-07-04T09:31:37.421569Z","level":"error","event":"2026-07-04 09:31:36,544 | INFO | Using environment: staging","logger":"task.stderr"}
{"timestamp":"2026-07-04T09:31:37.842202Z","level":"error","event":"2026-07-04 09:31:36,544 | INFO | Calling URL: http://host.docker.internal:8000/valuation","logger":"task.stderr"}
{"timestamp":"2026-07-04T09:31:37.844735Z","level":"error","event":"2026-07-04 09:31:36,545 | INFO | Using environment: staging","logger":"task.stderr"}
{"timestamp":"2026-07-04T09:31:37.845487Z","level":"error","event":"2026-07-04 09:31:36,545 | INFO | Calling URL: http://host.docker.internal:8000/rc","logger":"task.stderr"}
{"timestamp":"2026-07-04T09:31:37.846221Z","level":"error","event":"2026-07-04 09:31:36,546 | INFO | Using environment: staging","logger":"task.stderr"}
{"timestamp":"2026-07-04T09:31:37.847004Z","level":"error","event":"2026-07-04 09:31:36,546 | INFO | Calling URL: http://host.docker.internal:8000/fastag","logger":"task.stderr"}
{"timestamp":"2026-07-04T09:31:37.847451Z","level":"error","event":"2026-07-04 09:31:36,547 | INFO | Using environment: staging","logger":"task.stderr"}
{"timestamp":"2026-07-04T09:31:37.848363Z","level":"error","event":"2026-07-04 09:31:36,547 | INFO | Calling URL: http://host.docker.internal:8000/vrn","logger":"task.stderr"}
{"timestamp":"2026-07-04T09:31:36.544423Z","level":"info","event":"Using environment: staging","logger":"scripts.api_client","filename":"api_client.py","lineno":19}
{"timestamp":"2026-07-04T09:31:36.544577Z","level":"info","event":"Calling URL: http://host.docker.internal:8000/valuation","logger":"scripts.api_client","filename":"api_client.py","lineno":20}
{"timestamp":"2026-07-04T09:31:36.545563Z","level":"info","event":"Using environment: staging","logger":"scripts.api_client","filename":"api_client.py","lineno":19}
{"timestamp":"2026-07-04T09:31:36.545660Z","level":"info","event":"Calling URL: http://host.docker.internal:8000/rc","logger":"scripts.api_client","filename":"api_client.py","lineno":20}
{"timestamp":"2026-07-04T09:31:36.546349Z","level":"info","event":"Using environment: staging","logger":"scripts.api_client","filename":"api_client.py","lineno":19}
{"timestamp":"2026-07-04T09:31:36.546436Z","level":"info","event":"Calling URL: http://host.docker.internal:8000/fastag","logger":"scripts.api_client","filename":"api_client.py","lineno":20}
{"timestamp":"2026-07-04T09:31:36.547075Z","level":"info","event":"Using environment: staging","logger":"scripts.api_client","filename":"api_client.py","lineno":19}
{"timestamp":"2026-07-04T09:31:36.547162Z","level":"info","event":"Calling URL: http://host.docker.internal:8000/vrn","logger":"scripts.api_client","filename":"api_client.py","lineno":20}
{"timestamp":"2026-07-04T09:31:38.291367Z","level":"error","event":"2026-07-04 09:31:38,268 | ERROR | RC failed for Vehicle V003: HTTPConnectionPool(host='host.docker.internal', port=8000): Max retries exceeded with url: /rc (Caused by NewConnectionError(\"HTTPConnection(host='host.docker.internal', port=8000): Failed to establish a new connection: [Errno 101] Network is unreachable\"))","logger":"task.stderr"}
{"timestamp":"2026-07-04T09:31:38.297511Z","level":"error","event":"2026-07-04 09:31:38,269 | ERROR | FASTag failed for Vehicle V003: HTTPConnectionPool(host='host.docker.internal', port=8000): Max retries exceeded with url: /fastag (Caused by NewConnectionError(\"HTTPConnection(host='host.docker.internal', port=8000): Failed to establish a new connection: [Errno 101] Network is unreachable\"))","logger":"task.stderr"}
{"timestamp":"2026-07-04T09:31:38.300755Z","level":"error","event":"2026-07-04 09:31:38,269 | ERROR | VRN failed for Vehicle V003: HTTPConnectionPool(host='host.docker.internal', port=8000): Max retries exceeded with url: /vrn (Caused by NewConnectionError(\"HTTPConnection(host='host.docker.internal', port=8000): Failed to establish a new connection: [Errno 101] Network is unreachable\"))","logger":"task.stderr"}
{"timestamp":"2026-07-04T09:31:38.301426Z","level":"error","event":"2026-07-04 09:31:38,270 | ERROR | Valuation failed for Vehicle V003: HTTPConnectionPool(host='host.docker.internal', port=8000): Max retries exceeded with url: /valuation (Caused by NewConnectionError(\"HTTPConnection(host='host.docker.internal', port=8000): Failed to establish a new connection: [Errno 101] Network is unreachable\"))","logger":"task.stderr"}
{"timestamp":"2026-07-04T09:31:38.303014Z","level":"error","event":"2026-07-04 09:31:38,279 | INFO | Using environment: staging","logger":"task.stderr"}
{"timestamp":"2026-07-04T09:31:38.303769Z","level":"error","event":"2026-07-04 09:31:38,280 | INFO | Calling URL: http://host.docker.internal:8000/rc","logger":"task.stderr"}
{"timestamp":"2026-07-04T09:31:38.269159Z","level":"error","event":"RC failed for Vehicle V003: HTTPConnectionPool(host='host.docker.internal', port=8000): Max retries exceeded with url: /rc (Caused by NewConnectionError(\"HTTPConnection(host='host.docker.internal', port=8000): Failed to establish a new connection: [Errno 101] Network is unreachable\"))","logger":"utils.error_handler","try_number":1,"ti_id":"019f2c78-01c2-7be6-8d6a-0f33ed54bfc4","run_id":"manual__2026-07-04T09:31:09.369543+00:00","task_id":"process_batch_task","dag_id":"vehicle_batch_pipeline","map_index":1,"filename":"error_handler.py","lineno":7}
{"timestamp":"2026-07-04T09:31:38.269751Z","level":"error","event":"FASTag failed for Vehicle V003: HTTPConnectionPool(host='host.docker.internal', port=8000): Max retries exceeded with url: /fastag (Caused by NewConnectionError(\"HTTPConnection(host='host.docker.internal', port=8000): Failed to establish a new connection: [Errno 101] Network is unreachable\"))","logger":"utils.error_handler","try_number":1,"ti_id":"019f2c78-01c2-7be6-8d6a-0f33ed54bfc4","run_id":"manual__2026-07-04T09:31:09.369543+00:00","task_id":"process_batch_task","dag_id":"vehicle_batch_pipeline","map_index":1,"filename":"error_handler.py","lineno":7}
{"timestamp":"2026-07-04T09:31:38.269945Z","level":"error","event":"VRN failed for Vehicle V003: HTTPConnectionPool(host='host.docker.internal', port=8000): Max retries exceeded with url: /vrn (Caused by NewConnectionError(\"HTTPConnection(host='host.docker.internal', port=8000): Failed to establish a new connection: [Errno 101] Network is unreachable\"))","logger":"utils.error_handler","try_number":1,"ti_id":"019f2c78-01c2-7be6-8d6a-0f33ed54bfc4","run_id":"manual__2026-07-04T09:31:09.369543+00:00","task_id":"process_batch_task","dag_id":"vehicle_batch_pipeline","map_index":1,"filename":"error_handler.py","lineno":7}
{"timestamp":"2026-07-04T09:31:38.270104Z","level":"error","event":"Valuation failed for Vehicle V003: HTTPConnectionPool(host='host.docker.internal', port=8000): Max retries exceeded with url: /valuation (Caused by NewConnectionError(\"HTTPConnection(host='host.docker.internal', port=8000): Failed to establish a new connection: [Errno 101] Network is unreachable\"))","logger":"utils.error_handler","try_number":1,"ti_id":"019f2c78-01c2-7be6-8d6a-0f33ed54bfc4","run_id":"manual__2026-07-04T09:31:09.369543+00:00","task_id":"process_batch_task","dag_id":"vehicle_batch_pipeline","map_index":1,"filename":"error_handler.py","lineno":7}
{"timestamp":"2026-07-04T09:31:38.279930Z","level":"info","event":"Using environment: staging","logger":"scripts.api_client","filename":"api_client.py","lineno":19}
{"timestamp":"2026-07-04T09:31:38.280114Z","level":"info","event":"Calling URL: http://host.docker.internal:8000/rc","logger":"scripts.api_client","filename":"api_client.py","lineno":20}
{"timestamp":"2026-07-04T09:31:38.307528Z","level":"info","event":"Using environment: staging","logger":"scripts.api_client","filename":"api_client.py","lineno":19}
{"timestamp":"2026-07-04T09:31:38.327609Z","level":"info","event":"V003 processed in 4.91 sec","logger":"task.stdout"}
{"timestamp":"2026-07-04T09:31:38.328578Z","level":"error","event":"2026-07-04 09:31:38,293 | INFO | Using environment: staging","logger":"task.stderr"}
{"timestamp":"2026-07-04T09:31:38.329264Z","level":"error","event":"2026-07-04 09:31:38,307 | INFO | Using environment: staging","logger":"task.stderr"}
{"timestamp":"2026-07-04T09:31:38.330481Z","level":"error","event":"2026-07-04 09:31:38,308 | INFO | Using environment: staging","logger":"task.stderr"}
{"timestamp":"2026-07-04T09:31:38.332947Z","level":"error","event":"2026-07-04 09:31:38,310 | INFO | Calling URL: http://host.docker.internal:8000/fastag","logger":"task.stderr"}
{"timestamp":"2026-07-04T09:31:38.339872Z","level":"error","event":"2026-07-04 09:31:38,311 | INFO | Calling URL: http://host.docker.internal:8000/vrn","logger":"task.stderr"}
{"timestamp":"2026-07-04T09:31:38.340679Z","level":"error","event":"2026-07-04 09:31:38,311 | INFO | Calling URL: http://host.docker.internal:8000/valuation","logger":"task.stderr"}
{"timestamp":"2026-07-04T09:31:38.311106Z","level":"info","event":"Using environment: staging","logger":"scripts.api_client","filename":"api_client.py","lineno":19}
{"timestamp":"2026-07-04T09:31:38.311476Z","level":"info","event":"Using environment: staging","logger":"scripts.api_client","filename":"api_client.py","lineno":19}
{"timestamp":"2026-07-04T09:31:38.311743Z","level":"info","event":"Calling URL: http://host.docker.internal:8000/fastag","logger":"scripts.api_client","filename":"api_client.py","lineno":20}
{"timestamp":"2026-07-04T09:31:38.314574Z","level":"info","event":"Calling URL: http://host.docker.internal:8000/vrn","logger":"scripts.api_client","filename":"api_client.py","lineno":20}
{"timestamp":"2026-07-04T09:31:38.315885Z","level":"info","event":"Calling URL: http://host.docker.internal:8000/valuation","logger":"scripts.api_client","filename":"api_client.py","lineno":20}
{"timestamp":"2026-07-04T09:31:38.332621Z","level":"warning","event":"Retrying scripts.api_client.post in 1 seconds as it raised ConnectionError: HTTPConnectionPool(host='host.docker.internal', port=8000): Max retries exceeded with url: /rc (Caused by NewConnectionError(\"HTTPConnection(host='host.docker.internal', port=8000): Failed to establish a new connection: [Errno 101] Network is unreachable\")).","logger":"scripts.api_client","filename":"before_sleep.py","lineno":64}
{"timestamp":"2026-07-04T09:31:38.337760Z","level":"warning","event":"Retrying scripts.api_client.post in 1 seconds as it raised ConnectionError: HTTPConnectionPool(host='host.docker.internal', port=8000): Max retries exceeded with url: /fastag (Caused by NewConnectionError(\"HTTPConnection(host='host.docker.internal', port=8000): Failed to establish a new connection: [Errno 101] Network is unreachable\")).","logger":"scripts.api_client","filename":"before_sleep.py","lineno":64}
{"timestamp":"2026-07-04T09:31:38.338375Z","level":"warning","event":"Retrying scripts.api_client.post in 1 seconds as it raised ConnectionError: HTTPConnectionPool(host='host.docker.internal', port=8000): Max retries exceeded with url: /vrn (Caused by NewConnectionError(\"HTTPConnection(host='host.docker.internal', port=8000): Failed to establish a new connection: [Errno 101] Network is unreachable\")).","logger":"scripts.api_client","filename":"before_sleep.py","lineno":64}
{"timestamp":"2026-07-04T09:31:38.364442Z","level":"error","event":"2026-07-04 09:31:38,325 | WARNING | Retrying scripts.api_client.post in 1 seconds as it raised ConnectionError: HTTPConnectionPool(host='host.docker.internal', port=8000): Max retries exceeded with url: /rc (Caused by NewConnectionError(\"HTTPConnection(host='host.docker.internal', port=8000): Failed to establish a new connection: [Errno 101] Network is unreachable\")).","logger":"task.stderr"}
{"timestamp":"2026-07-04T09:31:38.366587Z","level":"error","event":"2026-07-04 09:31:38,333 | WARNING | Retrying scripts.api_client.post in 1 seconds as it raised ConnectionError: HTTPConnectionPool(host='host.docker.internal', port=8000): Max retries exceeded with url: /fastag (Caused by NewConnectionError(\"HTTPConnection(host='host.docker.internal', port=8000): Failed to establish a new connection: [Errno 101] Network is unreachable\")).","logger":"task.stderr"}
{"timestamp":"2026-07-04T09:31:38.367171Z","level":"error","event":"2026-07-04 09:31:38,336 | WARNING | Retrying scripts.api_client.post in 1 seconds as it raised ConnectionError: HTTPConnectionPool(host='host.docker.internal', port=8000): Max retries exceeded with url: /vrn (Caused by NewConnectionError(\"HTTPConnection(host='host.docker.internal', port=8000): Failed to establish a new connection: [Errno 101] Network is unreachable\")).","logger":"task.stderr"}
{"timestamp":"2026-07-04T09:31:38.367628Z","level":"error","event":"2026-07-04 09:31:38,342 | WARNING | Retrying scripts.api_client.post in 1 seconds as it raised ConnectionError: HTTPConnectionPool(host='host.docker.internal', port=8000): Max retries exceeded with url: /valuation (Caused by NewConnectionError(\"HTTPConnection(host='host.docker.internal', port=8000): Failed to establish a new connection: [Errno 101] Network is unreachable\")).","logger":"task.stderr"}
{"timestamp":"2026-07-04T09:31:38.342348Z","level":"warning","event":"Retrying scripts.api_client.post in 1 seconds as it raised ConnectionError: HTTPConnectionPool(host='host.docker.internal', port=8000): Max retries exceeded with url: /valuation (Caused by NewConnectionError(\"HTTPConnection(host='host.docker.internal', port=8000): Failed to establish a new connection: [Errno 101] Network is unreachable\")).","logger":"scripts.api_client","filename":"before_sleep.py","lineno":64}
{"timestamp":"2026-07-04T09:31:39.319007Z","level":"error","event":"2026-07-04 09:31:39,318 | INFO | Using environment: staging","logger":"task.stderr"}
{"timestamp":"2026-07-04T09:31:39.324136Z","level":"error","event":"2026-07-04 09:31:39,319 | INFO | Calling URL: http://host.docker.internal:8000/rc","logger":"task.stderr"}
{"timestamp":"2026-07-04T09:31:39.318914Z","level":"info","event":"Using environment: staging","logger":"scripts.api_client","filename":"api_client.py","lineno":19}
{"timestamp":"2026-07-04T09:31:39.319191Z","level":"info","event":"Calling URL: http://host.docker.internal:8000/rc","logger":"scripts.api_client","filename":"api_client.py","lineno":20}
{"timestamp":"2026-07-04T09:31:39.333872Z","level":"error","event":"2026-07-04 09:31:39,326 | INFO | Using environment: staging","logger":"task.stderr"}
{"timestamp":"2026-07-04T09:31:39.343076Z","level":"error","event":"2026-07-04 09:31:39,328 | INFO | Calling URL: http://host.docker.internal:8000/fastag","logger":"task.stderr"}
{"timestamp":"2026-07-04T09:31:39.345639Z","level":"error","event":"2026-07-04 09:31:39,328 | INFO | Using environment: staging","logger":"task.stderr"}
{"timestamp":"2026-07-04T09:31:39.350568Z","level":"error","event":"2026-07-04 09:31:39,328 | INFO | Using environment: staging","logger":"task.stderr"}
{"timestamp":"2026-07-04T09:31:39.352141Z","level":"error","event":"2026-07-04 09:31:39,330 | INFO | Calling URL: http://host.docker.internal:8000/vrn","logger":"task.stderr"}
{"timestamp":"2026-07-04T09:31:39.327790Z","level":"info","event":"Using environment: staging","logger":"scripts.api_client","filename":"api_client.py","lineno":19}
{"timestamp":"2026-07-04T09:31:39.328252Z","level":"info","event":"Calling URL: http://host.docker.internal:8000/fastag","logger":"scripts.api_client","filename":"api_client.py","lineno":20}
{"timestamp":"2026-07-04T09:31:39.329974Z","level":"info","event":"Using environment: staging","logger":"scripts.api_client","filename":"api_client.py","lineno":19}
{"timestamp":"2026-07-04T09:31:39.330960Z","level":"info","event":"Calling URL: http://host.docker.internal:8000/vrn","logger":"scripts.api_client","filename":"api_client.py","lineno":20}
{"timestamp":"2026-07-04T09:31:39.334419Z","level":"info","event":"Using environment: staging","logger":"scripts.api_client","filename":"api_client.py","lineno":19}
{"timestamp":"2026-07-04T09:31:39.334844Z","level":"info","event":"Calling URL: http://host.docker.internal:8000/valuation","logger":"scripts.api_client","filename":"api_client.py","lineno":20}
{"timestamp":"2026-07-04T09:31:39.341439Z","level":"warning","event":"Retrying scripts.api_client.post in 2 seconds as it raised ConnectionError: HTTPConnectionPool(host='host.docker.internal', port=8000): Max retries exceeded with url: /rc (Caused by NewConnectionError(\"HTTPConnection(host='host.docker.internal', port=8000): Failed to establish a new connection: [Errno 101] Network is unreachable\")).","logger":"scripts.api_client","filename":"before_sleep.py","lineno":64}
{"timestamp":"2026-07-04T09:31:39.350141Z","level":"warning","event":"Retrying scripts.api_client.post in 2 seconds as it raised ConnectionError: HTTPConnectionPool(host='host.docker.internal', port=8000): Max retries exceeded with url: /valuation (Caused by NewConnectionError(\"HTTPConnection(host='host.docker.internal', port=8000): Failed to establish a new connection: [Errno 101] Network is unreachable\")).","logger":"scripts.api_client","filename":"before_sleep.py","lineno":64}
{"timestamp":"2026-07-04T09:31:39.352587Z","level":"warning","event":"Retrying scripts.api_client.post in 2 seconds as it raised ConnectionError: HTTPConnectionPool(host='host.docker.internal', port=8000): Max retries exceeded with url: /vrn (Caused by NewConnectionError(\"HTTPConnection(host='host.docker.internal', port=8000): Failed to establish a new connection: [Errno 101] Network is unreachable\")).","logger":"scripts.api_client","filename":"before_sleep.py","lineno":64}
{"timestamp":"2026-07-04T09:31:39.352805Z","level":"warning","event":"Retrying scripts.api_client.post in 2 seconds as it raised ConnectionError: HTTPConnectionPool(host='host.docker.internal', port=8000): Max retries exceeded with url: /fastag (Caused by NewConnectionError(\"HTTPConnection(host='host.docker.internal', port=8000): Failed to establish a new connection: [Errno 101] Network is unreachable\")).","logger":"scripts.api_client","filename":"before_sleep.py","lineno":64}
{"timestamp":"2026-07-04T09:31:39.400070Z","level":"error","event":"2026-07-04 09:31:39,334 | INFO | Calling URL: http://host.docker.internal:8000/valuation","logger":"task.stderr"}
{"timestamp":"2026-07-04T09:31:39.401360Z","level":"error","event":"2026-07-04 09:31:39,341 | WARNING | Retrying scripts.api_client.post in 2 seconds as it raised ConnectionError: HTTPConnectionPool(host='host.docker.internal', port=8000): Max retries exceeded with url: /rc (Caused by NewConnectionError(\"HTTPConnection(host='host.docker.internal', port=8000): Failed to establish a new connection: [Errno 101] Network is unreachable\")).","logger":"task.stderr"}
{"timestamp":"2026-07-04T09:31:39.402331Z","level":"error","event":"2026-07-04 09:31:39,349 | WARNING | Retrying scripts.api_client.post in 2 seconds as it raised ConnectionError: HTTPConnectionPool(host='host.docker.internal', port=8000): Max retries exceeded with url: /valuation (Caused by NewConnectionError(\"HTTPConnection(host='host.docker.internal', port=8000): Failed to establish a new connection: [Errno 101] Network is unreachable\")).","logger":"task.stderr"}
{"timestamp":"2026-07-04T09:31:39.402869Z","level":"error","event":"2026-07-04 09:31:39,351 | WARNING | Retrying scripts.api_client.post in 2 seconds as it raised ConnectionError: HTTPConnectionPool(host='host.docker.internal', port=8000): Max retries exceeded with url: /vrn (Caused by NewConnectionError(\"HTTPConnection(host='host.docker.internal', port=8000): Failed to establish a new connection: [Errno 101] Network is unreachable\")).","logger":"task.stderr"}
{"timestamp":"2026-07-04T09:31:39.403808Z","level":"error","event":"2026-07-04 09:31:39,352 | WARNING | Retrying scripts.api_client.post in 2 seconds as it raised ConnectionError: HTTPConnectionPool(host='host.docker.internal', port=8000): Max retries exceeded with url: /fastag (Caused by NewConnectionError(\"HTTPConnection(host='host.docker.internal', port=8000): Failed to establish a new connection: [Errno 101] Network is unreachable\")).","logger":"task.stderr"}
{"timestamp":"2026-07-04T09:31:41.343343Z","level":"error","event":"2026-07-04 09:31:41,341 | INFO | Using environment: staging","logger":"task.stderr"}
{"timestamp":"2026-07-04T09:31:41.344804Z","level":"error","event":"2026-07-04 09:31:41,342 | INFO | Calling URL: http://host.docker.internal:8000/rc","logger":"task.stderr"}
{"timestamp":"2026-07-04T09:31:41.341958Z","level":"info","event":"Using environment: staging","logger":"scripts.api_client","filename":"api_client.py","lineno":19}
{"timestamp":"2026-07-04T09:31:41.342116Z","level":"info","event":"Calling URL: http://host.docker.internal:8000/rc","logger":"scripts.api_client","filename":"api_client.py","lineno":20}
{"timestamp":"2026-07-04T09:31:41.352827Z","level":"error","event":"2026-07-04 09:31:41,350 | INFO | Using environment: staging","logger":"task.stderr"}
{"timestamp":"2026-07-04T09:31:41.355761Z","level":"error","event":"2026-07-04 09:31:41,350 | INFO | Calling URL: http://host.docker.internal:8000/valuation","logger":"task.stderr"}
{"timestamp":"2026-07-04T09:31:41.357017Z","level":"error","event":"2026-07-04 09:31:41,352 | ERROR | RC failed for Vehicle V004: HTTPConnectionPool(host='host.docker.internal', port=8000): Max retries exceeded with url: /rc (Caused by NewConnectionError(\"HTTPConnection(host='host.docker.internal', port=8000): Failed to establish a new connection: [Errno 101] Network is unreachable\"))","logger":"task.stderr"}
{"timestamp":"2026-07-04T09:31:41.350612Z","level":"info","event":"Using environment: staging","logger":"scripts.api_client","filename":"api_client.py","lineno":19}
{"timestamp":"2026-07-04T09:31:41.350797Z","level":"info","event":"Calling URL: http://host.docker.internal:8000/valuation","logger":"scripts.api_client","filename":"api_client.py","lineno":20}
{"timestamp":"2026-07-04T09:31:41.352154Z","level":"error","event":"RC failed for Vehicle V004: HTTPConnectionPool(host='host.docker.internal', port=8000): Max retries exceeded with url: /rc (Caused by NewConnectionError(\"HTTPConnection(host='host.docker.internal', port=8000): Failed to establish a new connection: [Errno 101] Network is unreachable\"))","logger":"utils.error_handler","try_number":1,"ti_id":"019f2c78-01c2-7be6-8d6a-0f33ed54bfc4","run_id":"manual__2026-07-04T09:31:09.369543+00:00","task_id":"process_batch_task","dag_id":"vehicle_batch_pipeline","map_index":1,"filename":"error_handler.py","lineno":7}
{"timestamp":"2026-07-04T09:31:41.352950Z","level":"info","event":"Using environment: staging","logger":"scripts.api_client","filename":"api_client.py","lineno":19}
{"timestamp":"2026-07-04T09:31:41.353746Z","level":"info","event":"Using environment: staging","logger":"scripts.api_client","filename":"api_client.py","lineno":19}
{"timestamp":"2026-07-04T09:31:41.353926Z","level":"info","event":"Calling URL: http://host.docker.internal:8000/vrn","logger":"scripts.api_client","filename":"api_client.py","lineno":20}
{"timestamp":"2026-07-04T09:31:41.354955Z","level":"info","event":"Calling URL: http://host.docker.internal:8000/fastag","logger":"scripts.api_client","filename":"api_client.py","lineno":20}
{"timestamp":"2026-07-04T09:31:41.371438Z","level":"error","event":"2026-07-04 09:31:41,352 | INFO | Using environment: staging","logger":"task.stderr"}
{"timestamp":"2026-07-04T09:31:41.372184Z","level":"error","event":"2026-07-04 09:31:41,353 | INFO | Using environment: staging","logger":"task.stderr"}
{"timestamp":"2026-07-04T09:31:41.373203Z","level":"error","event":"2026-07-04 09:31:41,353 | INFO | Calling URL: http://host.docker.internal:8000/vrn","logger":"task.stderr"}
{"timestamp":"2026-07-04T09:31:41.374219Z","level":"error","event":"2026-07-04 09:31:41,353 | INFO | Calling URL: http://host.docker.internal:8000/fastag","logger":"task.stderr"}
{"timestamp":"2026-07-04T09:31:41.377486Z","level":"error","event":"2026-07-04 09:31:41,376 | ERROR | FASTag failed for Vehicle V004: HTTPConnectionPool(host='host.docker.internal', port=8000): Max retries exceeded with url: /fastag (Caused by NewConnectionError(\"HTTPConnection(host='host.docker.internal', port=8000): Failed to establish a new connection: [Errno 101] Network is unreachable\"))","logger":"task.stderr"}
{"timestamp":"2026-07-04T09:31:41.378124Z","level":"error","event":"2026-07-04 09:31:41,377 | ERROR | VRN failed for Vehicle V004: HTTPConnectionPool(host='host.docker.internal', port=8000): Max retries exceeded with url: /vrn (Caused by NewConnectionError(\"HTTPConnection(host='host.docker.internal', port=8000): Failed to establish a new connection: [Errno 101] Network is unreachable\"))","logger":"task.stderr"}
{"timestamp":"2026-07-04T09:31:41.378653Z","level":"error","event":"2026-07-04 09:31:41,377 | ERROR | Valuation failed for Vehicle V004: HTTPConnectionPool(host='host.docker.internal', port=8000): Max retries exceeded with url: /valuation (Caused by NewConnectionError(\"HTTPConnection(host='host.docker.internal', port=8000): Failed to establish a new connection: [Errno 101] Network is unreachable\"))","logger":"task.stderr"}
{"timestamp":"2026-07-04T09:31:41.376867Z","level":"error","event":"FASTag failed for Vehicle V004: HTTPConnectionPool(host='host.docker.internal', port=8000): Max retries exceeded with url: /fastag (Caused by NewConnectionError(\"HTTPConnection(host='host.docker.internal', port=8000): Failed to establish a new connection: [Errno 101] Network is unreachable\"))","logger":"utils.error_handler","try_number":1,"ti_id":"019f2c78-01c2-7be6-8d6a-0f33ed54bfc4","run_id":"manual__2026-07-04T09:31:09.369543+00:00","task_id":"process_batch_task","dag_id":"vehicle_batch_pipeline","map_index":1,"filename":"error_handler.py","lineno":7}
{"timestamp":"2026-07-04T09:31:41.377131Z","level":"error","event":"VRN failed for Vehicle V004: HTTPConnectionPool(host='host.docker.internal', port=8000): Max retries exceeded with url: /vrn (Caused by NewConnectionError(\"HTTPConnection(host='host.docker.internal', port=8000): Failed to establish a new connection: [Errno 101] Network is unreachable\"))","logger":"utils.error_handler","try_number":1,"ti_id":"019f2c78-01c2-7be6-8d6a-0f33ed54bfc4","run_id":"manual__2026-07-04T09:31:09.369543+00:00","task_id":"process_batch_task","dag_id":"vehicle_batch_pipeline","map_index":1,"filename":"error_handler.py","lineno":7}
{"timestamp":"2026-07-04T09:31:41.377315Z","level":"error","event":"Valuation failed for Vehicle V004: HTTPConnectionPool(host='host.docker.internal', port=8000): Max retries exceeded with url: /valuation (Caused by NewConnectionError(\"HTTPConnection(host='host.docker.internal', port=8000): Failed to establish a new connection: [Errno 101] Network is unreachable\"))","logger":"utils.error_handler","try_number":1,"ti_id":"019f2c78-01c2-7be6-8d6a-0f33ed54bfc4","run_id":"manual__2026-07-04T09:31:09.369543+00:00","task_id":"process_batch_task","dag_id":"vehicle_batch_pipeline","map_index":1,"filename":"error_handler.py","lineno":7}
{"timestamp":"2026-07-04T09:31:41.378295Z","level":"info","event":"\n==========================\nBatch Summary\n==========================\nTotal Records : 2\nSuccess : 2\nFailed : 0\nSuccess Rate : 100.0%\n==========================","logger":"scripts.process_batch","try_number":1,"ti_id":"019f2c78-01c2-7be6-8d6a-0f33ed54bfc4","run_id":"manual__2026-07-04T09:31:09.369543+00:00","task_id":"process_batch_task","dag_id":"vehicle_batch_pipeline","map_index":1,"filename":"process_batch.py","lineno":52}
{"timestamp":"2026-07-04T09:31:41.381177Z","level":"error","event":"2026-07-04 09:31:41,378 | INFO |","logger":"task.stderr"}
{"timestamp":"2026-07-04T09:31:41.381654Z","level":"error","event":"==========================","logger":"task.stderr"}
{"timestamp":"2026-07-04T09:31:41.382062Z","level":"error","event":"Batch Summary","logger":"task.stderr"}
{"timestamp":"2026-07-04T09:31:41.382469Z","level":"error","event":"==========================","logger":"task.stderr"}
{"timestamp":"2026-07-04T09:31:41.382841Z","level":"error","event":"Total Records : 2","logger":"task.stderr"}
{"timestamp":"2026-07-04T09:31:41.383248Z","level":"error","event":"Success : 2","logger":"task.stderr"}
{"timestamp":"2026-07-04T09:31:41.383594Z","level":"error","event":"Failed : 0","logger":"task.stderr"}
{"timestamp":"2026-07-04T09:31:41.384266Z","level":"error","event":"Success Rate : 100.0%","logger":"task.stderr"}
{"timestamp":"2026-07-04T09:31:41.384752Z","level":"error","event":"==========================","logger":"task.stderr"}
{"timestamp":"2026-07-04T09:31:41.385189Z","level":"info","event":"V004 processed in 3.12 sec","logger":"task.stdout"}
{"timestamp":"2026-07-04T09:31:41.415439Z","level":"info","event":"Done. Returned value was:    year     brand  ...  status                                              error\n0  2023      Tata  ...  FAILED  HTTPConnectionPool(host='host.docker.internal'...\n1  2022  Mahindra  ...  FAILED  HTTPConnectionPool(host='host.docker.internal'...\n\n[2 rows x 7 columns]","try_number":1,"ti_id":"019f2c78-01c2-7be6-8d6a-0f33ed54bfc4","run_id":"manual__2026-07-04T09:31:09.369543+00:00","task_id":"process_batch_task","dag_id":"vehicle_batch_pipeline","map_index":1,"logger":"airflow.task.operators.airflow.providers.standard.decorators.python._PythonDecoratedOperator","filename":"python.py","lineno":233}
{"timestamp":"2026-07-04T09:31:41.415904Z","level":"info","event":"::group::Post Execute","try_number":1,"ti_id":"019f2c78-01c2-7be6-8d6a-0f33ed54bfc4","run_id":"manual__2026-07-04T09:31:09.369543+00:00","task_id":"process_batch_task","dag_id":"vehicle_batch_pipeline","map_index":1,"logger":"task","filename":"task_runner.py","lineno":1288}
{"timestamp":"2026-07-04T09:31:41.416194Z","level":"info","event":"Pushing xcom","ti":"RuntimeTaskInstance(id=UUID('019f2c78-01c2-7be6-8d6a-0f33ed54bfc4'), task_id='process_batch_task', dag_id='vehicle_batch_pipeline', run_id='manual__2026-07-04T09:31:09.369543+00:00', try_number=1, dag_version_id=UUID('019f2c50-8b66-7475-9dae-822508d85766'), map_index=1, hostname='8e3d505c6688', context_carrier={'traceparent': '00-b3024bdf642cc8ace36054c31d783d42-c938b64527bae9f7-01'}, task=<Task(_PythonDecoratedOperator): process_batch_task>, bundle_instance=LocalDagBundle(name=dags-folder), max_tries=2, start_date=datetime.datetime(2026, 7, 4, 9, 31, 32, 304074, tzinfo=datetime.timezone.utc), end_date=None, state=<TaskInstanceState.RUNNING: 'running'>, is_mapped=True, rendered_map_index=None, sentry_integration='')","try_number":1,"ti_id":"019f2c78-01c2-7be6-8d6a-0f33ed54bfc4","run_id":"manual__2026-07-04T09:31:09.369543+00:00","task_id":"process_batch_task","dag_id":"vehicle_batch_pipeline","map_index":1,"logger":"task","filename":"task_runner.py","lineno":1791}
{"timestamp":"2026-07-04T09:31:41.668506Z","level":"info","event":"Task instance in success state","logger":"task.stdout"}
{"timestamp":"2026-07-04T09:31:41.677219Z","level":"info","event":" Previous state of the Task instance: TaskInstanceState.RUNNING","logger":"task.stdout"}
{"timestamp":"2026-07-04T09:31:41.678223Z","level":"info","event":"Task operator:<Task(_PythonDecoratedOperator): process_batch_task>","logger":"task.stdout"}
{"timestamp":"2026-07-04T09:31:41.667428Z","level":"info","event":"::endgroup::","try_number":1,"ti_id":"019f2c78-01c2-7be6-8d6a-0f33ed54bfc4","run_id":"manual__2026-07-04T09:31:09.369543+00:00","task_id":"process_batch_task","dag_id":"vehicle_batch_pipeline","map_index":1,"logger":"task","filename":"task_runner.py","lineno":1896}
