{"timestamp":"2026-07-03T14:58:52.775917Z","level":"info","event":"::group::Pre Execute","logger":"task","filename":"task_runner.py","lineno":1926}
{"timestamp":"2026-07-03T14:58:53.194547Z","level":"info","event":"DAG bundles loaded: dags-folder, example_dags","try_number":1,"dag_id":"vehicle_batch_pipeline","map_index":2,"run_id":"manual__2026-07-03T14:58:48.909969+00:00","task_id":"process_batch_task","ti_id":"019f287d-5d59-7810-b30b-b6c6a16d59c8","logger":"airflow.dag_processing.bundles.manager.DagBundlesManager","filename":"manager.py","lineno":209}
{"timestamp":"2026-07-03T14:58:53.196251Z","level":"info","event":"Filling up the DagBag from /opt/airflow/dags/vehicle_pipeline.py","try_number":1,"dag_id":"vehicle_batch_pipeline","map_index":2,"run_id":"manual__2026-07-03T14:58:48.909969+00:00","task_id":"process_batch_task","ti_id":"019f287d-5d59-7810-b30b-b6c6a16d59c8","logger":"airflow.dag_processing.dagbag.BundleDagBag","filename":"dagbag.py","lineno":469}
{"timestamp":"2026-07-03T14:58:53.354725Z","level":"info","event":"Task instance is in running state","logger":"task.stdout"}
{"timestamp":"2026-07-03T14:58:53.355557Z","level":"info","event":" Previous state of the Task instance: TaskInstanceState.QUEUED","logger":"task.stdout"}
{"timestamp":"2026-07-03T14:58:53.356351Z","level":"info","event":"Current task name:process_batch_task","logger":"task.stdout"}
{"timestamp":"2026-07-03T14:58:53.356797Z","level":"info","event":"Dag name:vehicle_batch_pipeline","logger":"task.stdout"}
{"timestamp":"2026-07-03T14:58:53.355308Z","level":"info","event":"::endgroup::","try_number":1,"dag_id":"vehicle_batch_pipeline","map_index":2,"run_id":"manual__2026-07-03T14:58:48.909969+00:00","task_id":"process_batch_task","ti_id":"019f287d-5d59-7810-b30b-b6c6a16d59c8","logger":"task","filename":"task_runner.py","lineno":1727}
{"timestamp":"2026-07-03T14:58:53.357727Z","level":"error","event":"2026-07-03 14:58:53,357 | INFO | Processing batch_3.csv","logger":"task.stderr"}
{"timestamp":"2026-07-03T14:58:53.357650Z","level":"info","event":"Processing batch_3.csv","logger":"scripts.process_batch","try_number":1,"dag_id":"vehicle_batch_pipeline","map_index":2,"run_id":"manual__2026-07-03T14:58:48.909969+00:00","task_id":"process_batch_task","ti_id":"019f287d-5d59-7810-b30b-b6c6a16d59c8","filename":"process_batch.py","lineno":13}
{"timestamp":"2026-07-03T14:58:53.368046Z","level":"error","event":"2026-07-03 14:58:53,367 | INFO | Rows = 1","logger":"task.stderr"}
{"timestamp":"2026-07-03T14:58:53.368003Z","level":"info","event":"Rows = 1","logger":"scripts.process_batch","try_number":1,"dag_id":"vehicle_batch_pipeline","map_index":2,"run_id":"manual__2026-07-03T14:58:48.909969+00:00","task_id":"process_batch_task","ti_id":"019f287d-5d59-7810-b30b-b6c6a16d59c8","filename":"process_batch.py","lineno":17}
{"timestamp":"2026-07-03T14:58:53.371338Z","level":"error","event":"2026-07-03 14:58:53,369 | INFO | Using environment: production","logger":"task.stderr"}
{"timestamp":"2026-07-03T14:58:53.372060Z","level":"error","event":"2026-07-03 14:58:53,369 | INFO | Calling URL: http://host.docker.internal:8000/rc","logger":"task.stderr"}
{"timestamp":"2026-07-03T14:58:53.369771Z","level":"info","event":"Using environment: production","logger":"scripts.api_client","filename":"api_client.py","lineno":19}
{"timestamp":"2026-07-03T14:58:53.369959Z","level":"info","event":"Calling URL: http://host.docker.internal:8000/rc","logger":"scripts.api_client","filename":"api_client.py","lineno":20}
{"timestamp":"2026-07-03T14:58:53.376260Z","level":"error","event":"2026-07-03 14:58:53,376 | INFO | Using environment: production","logger":"task.stderr"}
{"timestamp":"2026-07-03T14:58:53.378840Z","level":"error","event":"2026-07-03 14:58:53,376 | INFO | Calling URL: http://host.docker.internal:8000/fastag","logger":"task.stderr"}
{"timestamp":"2026-07-03T14:58:53.376288Z","level":"info","event":"Using environment: production","logger":"scripts.api_client","filename":"api_client.py","lineno":19}
{"timestamp":"2026-07-03T14:58:53.376519Z","level":"info","event":"Calling URL: http://host.docker.internal:8000/fastag","logger":"scripts.api_client","filename":"api_client.py","lineno":20}
{"timestamp":"2026-07-03T14:58:53.379374Z","level":"info","event":"Using environment: production","logger":"scripts.api_client","filename":"api_client.py","lineno":19}
{"timestamp":"2026-07-03T14:58:53.382929Z","level":"error","event":"2026-07-03 14:58:53,379 | INFO | Using environment: production","logger":"task.stderr"}
{"timestamp":"2026-07-03T14:58:53.384896Z","level":"error","event":"2026-07-03 14:58:53,379 | INFO | Calling URL: http://host.docker.internal:8000/vrn","logger":"task.stderr"}
{"timestamp":"2026-07-03T14:58:53.387351Z","level":"error","event":"2026-07-03 14:58:53,380 | INFO | Using environment: production","logger":"task.stderr"}
{"timestamp":"2026-07-03T14:58:53.379711Z","level":"info","event":"Calling URL: http://host.docker.internal:8000/vrn","logger":"scripts.api_client","filename":"api_client.py","lineno":20}
{"timestamp":"2026-07-03T14:58:53.383419Z","level":"info","event":"Using environment: production","logger":"scripts.api_client","filename":"api_client.py","lineno":19}
{"timestamp":"2026-07-03T14:58:53.383850Z","level":"info","event":"Calling URL: http://host.docker.internal:8000/valuation","logger":"scripts.api_client","filename":"api_client.py","lineno":20}
{"timestamp":"2026-07-03T14:58:53.390414Z","level":"error","event":"2026-07-03 14:58:53,383 | INFO | Calling URL: http://host.docker.internal:8000/valuation","logger":"task.stderr"}
{"timestamp":"2026-07-03T14:58:53.390867Z","level":"error","event":"2026-07-03 14:58:53,389 | WARNING | Retrying scripts.api_client.post in 1 seconds as it raised ConnectionError: HTTPConnectionPool(host='host.docker.internal', port=8000): Max retries exceeded with url: /rc (Caused by NewConnectionError(\"HTTPConnection(host='host.docker.internal', port=8000): Failed to establish a new connection: [Errno 101] Network is unreachable\")).","logger":"task.stderr"}
{"timestamp":"2026-07-03T14:58:53.391869Z","level":"error","event":"2026-07-03 14:58:53,391 | WARNING | Retrying scripts.api_client.post in 1 seconds as it raised ConnectionError: HTTPConnectionPool(host='host.docker.internal', port=8000): Max retries exceeded with url: /fastag (Caused by NewConnectionError(\"HTTPConnection(host='host.docker.internal', port=8000): Failed to establish a new connection: [Errno 101] Network is unreachable\")).","logger":"task.stderr"}
{"timestamp":"2026-07-03T14:58:53.390071Z","level":"warning","event":"Retrying scripts.api_client.post in 1 seconds as it raised ConnectionError: HTTPConnectionPool(host='host.docker.internal', port=8000): Max retries exceeded with url: /rc (Caused by NewConnectionError(\"HTTPConnection(host='host.docker.internal', port=8000): Failed to establish a new connection: [Errno 101] Network is unreachable\")).","logger":"scripts.api_client","filename":"before_sleep.py","lineno":64}
{"timestamp":"2026-07-03T14:58:53.391688Z","level":"warning","event":"Retrying scripts.api_client.post in 1 seconds as it raised ConnectionError: HTTPConnectionPool(host='host.docker.internal', port=8000): Max retries exceeded with url: /fastag (Caused by NewConnectionError(\"HTTPConnection(host='host.docker.internal', port=8000): Failed to establish a new connection: [Errno 101] Network is unreachable\")).","logger":"scripts.api_client","filename":"before_sleep.py","lineno":64}
{"timestamp":"2026-07-03T14:58:53.393684Z","level":"error","event":"2026-07-03 14:58:53,393 | WARNING | Retrying scripts.api_client.post in 1 seconds as it raised ConnectionError: HTTPConnectionPool(host='host.docker.internal', port=8000): Max retries exceeded with url: /valuation (Caused by NewConnectionError(\"HTTPConnection(host='host.docker.internal', port=8000): Failed to establish a new connection: [Errno 101] Network is unreachable\")).","logger":"task.stderr"}
{"timestamp":"2026-07-03T14:58:53.393325Z","level":"warning","event":"Retrying scripts.api_client.post in 1 seconds as it raised ConnectionError: HTTPConnectionPool(host='host.docker.internal', port=8000): Max retries exceeded with url: /valuation (Caused by NewConnectionError(\"HTTPConnection(host='host.docker.internal', port=8000): Failed to establish a new connection: [Errno 101] Network is unreachable\")).","logger":"scripts.api_client","filename":"before_sleep.py","lineno":64}
{"timestamp":"2026-07-03T14:58:53.393751Z","level":"warning","event":"Retrying scripts.api_client.post in 1 seconds as it raised ConnectionError: HTTPConnectionPool(host='host.docker.internal', port=8000): Max retries exceeded with url: /vrn (Caused by NewConnectionError(\"HTTPConnection(host='host.docker.internal', port=8000): Failed to establish a new connection: [Errno 101] Network is unreachable\")).","logger":"scripts.api_client","filename":"before_sleep.py","lineno":64}
{"timestamp":"2026-07-03T14:58:53.395243Z","level":"error","event":"2026-07-03 14:58:53,393 | WARNING | Retrying scripts.api_client.post in 1 seconds as it raised ConnectionError: HTTPConnectionPool(host='host.docker.internal', port=8000): Max retries exceeded with url: /vrn (Caused by NewConnectionError(\"HTTPConnection(host='host.docker.internal', port=8000): Failed to establish a new connection: [Errno 101] Network is unreachable\")).","logger":"task.stderr"}
{"timestamp":"2026-07-03T14:58:54.397864Z","level":"error","event":"2026-07-03 14:58:54,391 | INFO | Using environment: production","logger":"task.stderr"}
{"timestamp":"2026-07-03T14:58:54.398729Z","level":"error","event":"2026-07-03 14:58:54,392 | INFO | Calling URL: http://host.docker.internal:8000/rc","logger":"task.stderr"}
{"timestamp":"2026-07-03T14:58:54.399571Z","level":"error","event":"2026-07-03 14:58:54,394 | INFO | Using environment: production","logger":"task.stderr"}
{"timestamp":"2026-07-03T14:58:54.400060Z","level":"error","event":"2026-07-03 14:58:54,394 | INFO | Calling URL: http://host.docker.internal:8000/vrn","logger":"task.stderr"}
{"timestamp":"2026-07-03T14:58:54.392218Z","level":"info","event":"Using environment: production","logger":"scripts.api_client","filename":"api_client.py","lineno":19}
{"timestamp":"2026-07-03T14:58:54.392546Z","level":"info","event":"Calling URL: http://host.docker.internal:8000/rc","logger":"scripts.api_client","filename":"api_client.py","lineno":20}
{"timestamp":"2026-07-03T14:58:54.394413Z","level":"info","event":"Using environment: production","logger":"scripts.api_client","filename":"api_client.py","lineno":19}
{"timestamp":"2026-07-03T14:58:54.394568Z","level":"info","event":"Calling URL: http://host.docker.internal:8000/vrn","logger":"scripts.api_client","filename":"api_client.py","lineno":20}
{"timestamp":"2026-07-03T14:58:54.407121Z","level":"error","event":"2026-07-03 14:58:54,401 | INFO | Using environment: production","logger":"task.stderr"}
{"timestamp":"2026-07-03T14:58:54.407917Z","level":"error","event":"2026-07-03 14:58:54,402 | INFO | Calling URL: http://host.docker.internal:8000/fastag","logger":"task.stderr"}
{"timestamp":"2026-07-03T14:58:54.408789Z","level":"error","event":"2026-07-03 14:58:54,404 | INFO | Using environment: production","logger":"task.stderr"}
{"timestamp":"2026-07-03T14:58:54.409562Z","level":"error","event":"2026-07-03 14:58:54,405 | INFO | Calling URL: http://host.docker.internal:8000/valuation","logger":"task.stderr"}
{"timestamp":"2026-07-03T14:58:54.410043Z","level":"error","event":"2026-07-03 14:58:54,406 | WARNING | Retrying scripts.api_client.post in 2 seconds as it raised ConnectionError: HTTPConnectionPool(host='host.docker.internal', port=8000): Max retries exceeded with url: /rc (Caused by NewConnectionError(\"HTTPConnection(host='host.docker.internal', port=8000): Failed to establish a new connection: [Errno 101] Network is unreachable\")).","logger":"task.stderr"}
{"timestamp":"2026-07-03T14:58:54.401935Z","level":"info","event":"Using environment: production","logger":"scripts.api_client","filename":"api_client.py","lineno":19}
{"timestamp":"2026-07-03T14:58:54.402202Z","level":"info","event":"Calling URL: http://host.docker.internal:8000/fastag","logger":"scripts.api_client","filename":"api_client.py","lineno":20}
{"timestamp":"2026-07-03T14:58:54.404873Z","level":"info","event":"Using environment: production","logger":"scripts.api_client","filename":"api_client.py","lineno":19}
{"timestamp":"2026-07-03T14:58:54.405921Z","level":"info","event":"Calling URL: http://host.docker.internal:8000/valuation","logger":"scripts.api_client","filename":"api_client.py","lineno":20}
{"timestamp":"2026-07-03T14:58:54.407835Z","level":"warning","event":"Retrying scripts.api_client.post in 2 seconds as it raised ConnectionError: HTTPConnectionPool(host='host.docker.internal', port=8000): Max retries exceeded with url: /rc (Caused by NewConnectionError(\"HTTPConnection(host='host.docker.internal', port=8000): Failed to establish a new connection: [Errno 101] Network is unreachable\")).","logger":"scripts.api_client","filename":"before_sleep.py","lineno":64}
{"timestamp":"2026-07-03T14:58:54.410061Z","level":"warning","event":"Retrying scripts.api_client.post in 2 seconds as it raised ConnectionError: HTTPConnectionPool(host='host.docker.internal', port=8000): Max retries exceeded with url: /vrn (Caused by NewConnectionError(\"HTTPConnection(host='host.docker.internal', port=8000): Failed to establish a new connection: [Errno 101] Network is unreachable\")).","logger":"scripts.api_client","filename":"before_sleep.py","lineno":64}
{"timestamp":"2026-07-03T14:58:54.414185Z","level":"error","event":"2026-07-03 14:58:54,409 | WARNING | Retrying scripts.api_client.post in 2 seconds as it raised ConnectionError: HTTPConnectionPool(host='host.docker.internal', port=8000): Max retries exceeded with url: /vrn (Caused by NewConnectionError(\"HTTPConnection(host='host.docker.internal', port=8000): Failed to establish a new connection: [Errno 101] Network is unreachable\")).","logger":"task.stderr"}
{"timestamp":"2026-07-03T14:58:54.414713Z","level":"error","event":"2026-07-03 14:58:54,409 | WARNING | Retrying scripts.api_client.post in 2 seconds as it raised ConnectionError: HTTPConnectionPool(host='host.docker.internal', port=8000): Max retries exceeded with url: /fastag (Caused by NewConnectionError(\"HTTPConnection(host='host.docker.internal', port=8000): Failed to establish a new connection: [Errno 101] Network is unreachable\")).","logger":"task.stderr"}
{"timestamp":"2026-07-03T14:58:54.415214Z","level":"error","event":"2026-07-03 14:58:54,411 | WARNING | Retrying scripts.api_client.post in 2 seconds as it raised ConnectionError: HTTPConnectionPool(host='host.docker.internal', port=8000): Max retries exceeded with url: /valuation (Caused by NewConnectionError(\"HTTPConnection(host='host.docker.internal', port=8000): Failed to establish a new connection: [Errno 101] Network is unreachable\")).","logger":"task.stderr"}
{"timestamp":"2026-07-03T14:58:54.410475Z","level":"warning","event":"Retrying scripts.api_client.post in 2 seconds as it raised ConnectionError: HTTPConnectionPool(host='host.docker.internal', port=8000): Max retries exceeded with url: /fastag (Caused by NewConnectionError(\"HTTPConnection(host='host.docker.internal', port=8000): Failed to establish a new connection: [Errno 101] Network is unreachable\")).","logger":"scripts.api_client","filename":"before_sleep.py","lineno":64}
{"timestamp":"2026-07-03T14:58:54.411947Z","level":"warning","event":"Retrying scripts.api_client.post in 2 seconds as it raised ConnectionError: HTTPConnectionPool(host='host.docker.internal', port=8000): Max retries exceeded with url: /valuation (Caused by NewConnectionError(\"HTTPConnection(host='host.docker.internal', port=8000): Failed to establish a new connection: [Errno 101] Network is unreachable\")).","logger":"scripts.api_client","filename":"before_sleep.py","lineno":64}
{"timestamp":"2026-07-03T14:58:56.408631Z","level":"error","event":"2026-07-03 14:58:56,408 | INFO | Using environment: production","logger":"task.stderr"}
{"timestamp":"2026-07-03T14:58:56.413387Z","level":"error","event":"2026-07-03 14:58:56,408 | INFO | Calling URL: http://host.docker.internal:8000/rc","logger":"task.stderr"}
{"timestamp":"2026-07-03T14:58:56.408554Z","level":"info","event":"Using environment: production","logger":"scripts.api_client","filename":"api_client.py","lineno":19}
{"timestamp":"2026-07-03T14:58:56.408791Z","level":"info","event":"Calling URL: http://host.docker.internal:8000/rc","logger":"scripts.api_client","filename":"api_client.py","lineno":20}
{"timestamp":"2026-07-03T14:58:56.414423Z","level":"info","event":"Using environment: production","logger":"scripts.api_client","filename":"api_client.py","lineno":19}
{"timestamp":"2026-07-03T14:58:56.418206Z","level":"error","event":"2026-07-03 14:58:56,413 | INFO | Using environment: production","logger":"task.stderr"}
{"timestamp":"2026-07-03T14:58:56.419120Z","level":"error","event":"2026-07-03 14:58:56,413 | INFO | Using environment: production","logger":"task.stderr"}
{"timestamp":"2026-07-03T14:58:56.422481Z","level":"error","event":"2026-07-03 14:58:56,413 | INFO | Using environment: production","logger":"task.stderr"}
{"timestamp":"2026-07-03T14:58:56.424244Z","level":"error","event":"2026-07-03 14:58:56,419 | INFO | Calling URL: http://host.docker.internal:8000/vrn","logger":"task.stderr"}
{"timestamp":"2026-07-03T14:58:56.426526Z","level":"error","event":"2026-07-03 14:58:56,421 | INFO | Calling URL: http://host.docker.internal:8000/valuation","logger":"task.stderr"}
{"timestamp":"2026-07-03T14:58:56.419690Z","level":"info","event":"Using environment: production","logger":"scripts.api_client","filename":"api_client.py","lineno":19}
{"timestamp":"2026-07-03T14:58:56.426217Z","level":"info","event":"Using environment: production","logger":"scripts.api_client","filename":"api_client.py","lineno":19}
{"timestamp":"2026-07-03T14:58:56.427163Z","level":"info","event":"Calling URL: http://host.docker.internal:8000/vrn","logger":"scripts.api_client","filename":"api_client.py","lineno":20}
{"timestamp":"2026-07-03T14:58:56.431580Z","level":"error","event":"2026-07-03 14:58:56,426 | INFO | Calling URL: http://host.docker.internal:8000/fastag","logger":"task.stderr"}
{"timestamp":"2026-07-03T14:58:56.428706Z","level":"info","event":"Calling URL: http://host.docker.internal:8000/valuation","logger":"scripts.api_client","filename":"api_client.py","lineno":20}
{"timestamp":"2026-07-03T14:58:56.430652Z","level":"info","event":"Calling URL: http://host.docker.internal:8000/fastag","logger":"scripts.api_client","filename":"api_client.py","lineno":20}
{"timestamp":"2026-07-03T14:58:56.456045Z","level":"error","event":"2026-07-03 14:58:56,455 | ERROR | RC failed for Vehicle V005: HTTPConnectionPool(host='host.docker.internal', port=8000): Max retries exceeded with url: /rc (Caused by NewConnectionError(\"HTTPConnection(host='host.docker.internal', port=8000): Failed to establish a new connection: [Errno 101] Network is unreachable\"))","logger":"task.stderr"}
{"timestamp":"2026-07-03T14:58:56.459238Z","level":"error","event":"2026-07-03 14:58:56,457 | ERROR | FASTag failed for Vehicle V005: HTTPConnectionPool(host='host.docker.internal', port=8000): Max retries exceeded with url: /fastag (Caused by NewConnectionError(\"HTTPConnection(host='host.docker.internal', port=8000): Failed to establish a new connection: [Errno 101] Network is unreachable\"))","logger":"task.stderr"}
{"timestamp":"2026-07-03T14:58:56.460604Z","level":"error","event":"2026-07-03 14:58:56,458 | ERROR | VRN failed for Vehicle V005: HTTPConnectionPool(host='host.docker.internal', port=8000): Max retries exceeded with url: /vrn (Caused by NewConnectionError(\"HTTPConnection(host='host.docker.internal', port=8000): Failed to establish a new connection: [Errno 101] Network is unreachable\"))","logger":"task.stderr"}
{"timestamp":"2026-07-03T14:58:56.457273Z","level":"error","event":"RC failed for Vehicle V005: HTTPConnectionPool(host='host.docker.internal', port=8000): Max retries exceeded with url: /rc (Caused by NewConnectionError(\"HTTPConnection(host='host.docker.internal', port=8000): Failed to establish a new connection: [Errno 101] Network is unreachable\"))","logger":"utils.error_handler","try_number":1,"dag_id":"vehicle_batch_pipeline","map_index":2,"run_id":"manual__2026-07-03T14:58:48.909969+00:00","task_id":"process_batch_task","ti_id":"019f287d-5d59-7810-b30b-b6c6a16d59c8","filename":"error_handler.py","lineno":7}
{"timestamp":"2026-07-03T14:58:56.457982Z","level":"error","event":"FASTag failed for Vehicle V005: HTTPConnectionPool(host='host.docker.internal', port=8000): Max retries exceeded with url: /fastag (Caused by NewConnectionError(\"HTTPConnection(host='host.docker.internal', port=8000): Failed to establish a new connection: [Errno 101] Network is unreachable\"))","logger":"utils.error_handler","try_number":1,"dag_id":"vehicle_batch_pipeline","map_index":2,"run_id":"manual__2026-07-03T14:58:48.909969+00:00","task_id":"process_batch_task","ti_id":"019f287d-5d59-7810-b30b-b6c6a16d59c8","filename":"error_handler.py","lineno":7}
{"timestamp":"2026-07-03T14:58:56.459396Z","level":"error","event":"VRN failed for Vehicle V005: HTTPConnectionPool(host='host.docker.internal', port=8000): Max retries exceeded with url: /vrn (Caused by NewConnectionError(\"HTTPConnection(host='host.docker.internal', port=8000): Failed to establish a new connection: [Errno 101] Network is unreachable\"))","logger":"utils.error_handler","try_number":1,"dag_id":"vehicle_batch_pipeline","map_index":2,"run_id":"manual__2026-07-03T14:58:48.909969+00:00","task_id":"process_batch_task","ti_id":"019f287d-5d59-7810-b30b-b6c6a16d59c8","filename":"error_handler.py","lineno":7}
{"timestamp":"2026-07-03T14:58:56.459642Z","level":"error","event":"Valuation failed for Vehicle V005: HTTPConnectionPool(host='host.docker.internal', port=8000): Max retries exceeded with url: /valuation (Caused by NewConnectionError(\"HTTPConnection(host='host.docker.internal', port=8000): Failed to establish a new connection: [Errno 101] Network is unreachable\"))","logger":"utils.error_handler","try_number":1,"dag_id":"vehicle_batch_pipeline","map_index":2,"run_id":"manual__2026-07-03T14:58:48.909969+00:00","task_id":"process_batch_task","ti_id":"019f287d-5d59-7810-b30b-b6c6a16d59c8","filename":"error_handler.py","lineno":7}
{"timestamp":"2026-07-03T14:58:56.469223Z","level":"error","event":"2026-07-03 14:58:56,459 | ERROR | Valuation failed for Vehicle V005: HTTPConnectionPool(host='host.docker.internal', port=8000): Max retries exceeded with url: /valuation (Caused by NewConnectionError(\"HTTPConnection(host='host.docker.internal', port=8000): Failed to establish a new connection: [Errno 101] Network is unreachable\"))","logger":"task.stderr"}
{"timestamp":"2026-07-03T14:58:56.470003Z","level":"error","event":"2026-07-03 14:58:56,461 | INFO |","logger":"task.stderr"}
{"timestamp":"2026-07-03T14:58:56.470920Z","level":"error","event":"==========================","logger":"task.stderr"}
{"timestamp":"2026-07-03T14:58:56.472048Z","level":"error","event":"Batch Summary","logger":"task.stderr"}
{"timestamp":"2026-07-03T14:58:56.472640Z","level":"error","event":"==========================","logger":"task.stderr"}
{"timestamp":"2026-07-03T14:58:56.473210Z","level":"error","event":"Total Records : 1","logger":"task.stderr"}
{"timestamp":"2026-07-03T14:58:56.473808Z","level":"error","event":"Success : 1","logger":"task.stderr"}
{"timestamp":"2026-07-03T14:58:56.474447Z","level":"error","event":"Failed : 0","logger":"task.stderr"}
{"timestamp":"2026-07-03T14:58:56.475150Z","level":"error","event":"Success Rate : 100.0%","logger":"task.stderr"}
{"timestamp":"2026-07-03T14:58:56.475748Z","level":"error","event":"==========================","logger":"task.stderr"}
{"timestamp":"2026-07-03T14:58:56.462125Z","level":"info","event":"\n==========================\nBatch Summary\n==========================\nTotal Records : 1\nSuccess : 1\nFailed : 0\nSuccess Rate : 100.0%\n==========================","logger":"scripts.process_batch","try_number":1,"dag_id":"vehicle_batch_pipeline","map_index":2,"run_id":"manual__2026-07-03T14:58:48.909969+00:00","task_id":"process_batch_task","ti_id":"019f287d-5d59-7810-b30b-b6c6a16d59c8","filename":"process_batch.py","lineno":42}
{"timestamp":"2026-07-03T14:58:56.477388Z","level":"info","event":"V005 processed in 3.09 sec","logger":"task.stdout"}
{"timestamp":"2026-07-03T14:58:56.490781Z","level":"info","event":"Done. Returned value was:    year  brand  ...  status                                              error\n0  2020  Honda  ...  FAILED  HTTPConnectionPool(host='host.docker.internal'...\n\n[1 rows x 7 columns]","try_number":1,"dag_id":"vehicle_batch_pipeline","map_index":2,"run_id":"manual__2026-07-03T14:58:48.909969+00:00","task_id":"process_batch_task","ti_id":"019f287d-5d59-7810-b30b-b6c6a16d59c8","logger":"airflow.task.operators.airflow.providers.standard.decorators.python._PythonDecoratedOperator","filename":"python.py","lineno":233}
{"timestamp":"2026-07-03T14:58:56.491070Z","level":"info","event":"::group::Post Execute","try_number":1,"dag_id":"vehicle_batch_pipeline","map_index":2,"run_id":"manual__2026-07-03T14:58:48.909969+00:00","task_id":"process_batch_task","ti_id":"019f287d-5d59-7810-b30b-b6c6a16d59c8","logger":"task","filename":"task_runner.py","lineno":1288}
{"timestamp":"2026-07-03T14:58:56.491718Z","level":"info","event":"Pushing xcom","ti":"RuntimeTaskInstance(id=UUID('019f287d-5d59-7810-b30b-b6c6a16d59c8'), task_id='process_batch_task', dag_id='vehicle_batch_pipeline', run_id='manual__2026-07-03T14:58:48.909969+00:00', try_number=1, dag_version_id=UUID('019f2816-76da-7e39-88fb-09ffc304bea2'), map_index=2, hostname='8e3d505c6688', context_carrier={'traceparent': '00-2661bc0dcc95bf779e9fc27fe2cfaba7-cc733ca20c20816e-01'}, task=<Task(_PythonDecoratedOperator): process_batch_task>, bundle_instance=LocalDagBundle(name=dags-folder), max_tries=2, start_date=datetime.datetime(2026, 7, 3, 14, 58, 52, 757161, tzinfo=datetime.timezone.utc), end_date=None, state=<TaskInstanceState.RUNNING: 'running'>, is_mapped=True, rendered_map_index=None, sentry_integration='')","try_number":1,"dag_id":"vehicle_batch_pipeline","map_index":2,"run_id":"manual__2026-07-03T14:58:48.909969+00:00","task_id":"process_batch_task","ti_id":"019f287d-5d59-7810-b30b-b6c6a16d59c8","logger":"task","filename":"task_runner.py","lineno":1791}
{"timestamp":"2026-07-03T14:58:56.563614Z","level":"info","event":"Task instance in success state","logger":"task.stdout"}
{"timestamp":"2026-07-03T14:58:56.564586Z","level":"info","event":" Previous state of the Task instance: TaskInstanceState.RUNNING","logger":"task.stdout"}
{"timestamp":"2026-07-03T14:58:56.565281Z","level":"info","event":"Task operator:<Task(_PythonDecoratedOperator): process_batch_task>","logger":"task.stdout"}
{"timestamp":"2026-07-03T14:58:56.564055Z","level":"info","event":"::endgroup::","try_number":1,"dag_id":"vehicle_batch_pipeline","map_index":2,"run_id":"manual__2026-07-03T14:58:48.909969+00:00","task_id":"process_batch_task","ti_id":"019f287d-5d59-7810-b30b-b6c6a16d59c8","logger":"task","filename":"task_runner.py","lineno":1896}
