{"timestamp":"2026-07-03T13:07:48.664219Z","level":"info","event":"::group::Pre Execute","logger":"task","filename":"task_runner.py","lineno":1926}
{"timestamp":"2026-07-03T13:07:49.108606Z","level":"info","event":"DAG bundles loaded: dags-folder, example_dags","task_id":"process_batch_task","dag_id":"vehicle_batch_pipeline","ti_id":"019f2817-ad23-738c-94b6-73d4c1c0a38c","run_id":"manual__2026-07-03T13:07:42.135930+00:00","try_number":1,"map_index":1,"logger":"airflow.dag_processing.bundles.manager.DagBundlesManager","filename":"manager.py","lineno":209}
{"timestamp":"2026-07-03T13:07:49.115036Z","level":"info","event":"Filling up the DagBag from /opt/airflow/dags/vehicle_pipeline.py","task_id":"process_batch_task","dag_id":"vehicle_batch_pipeline","ti_id":"019f2817-ad23-738c-94b6-73d4c1c0a38c","run_id":"manual__2026-07-03T13:07:42.135930+00:00","try_number":1,"map_index":1,"logger":"airflow.dag_processing.dagbag.BundleDagBag","filename":"dagbag.py","lineno":469}
{"timestamp":"2026-07-03T13:07:49.324489Z","level":"info","event":"Task instance is in running state","logger":"task.stdout"}
{"timestamp":"2026-07-03T13:07:49.325076Z","level":"info","event":" Previous state of the Task instance: TaskInstanceState.QUEUED","logger":"task.stdout"}
{"timestamp":"2026-07-03T13:07:49.325590Z","level":"info","event":"Current task name:process_batch_task","logger":"task.stdout"}
{"timestamp":"2026-07-03T13:07:49.326043Z","level":"info","event":"Dag name:vehicle_batch_pipeline","logger":"task.stdout"}
{"timestamp":"2026-07-03T13:07:49.322193Z","level":"info","event":"::endgroup::","task_id":"process_batch_task","dag_id":"vehicle_batch_pipeline","ti_id":"019f2817-ad23-738c-94b6-73d4c1c0a38c","run_id":"manual__2026-07-03T13:07:42.135930+00:00","try_number":1,"map_index":1,"logger":"task","filename":"task_runner.py","lineno":1727}
{"timestamp":"2026-07-03T13:07:49.323972Z","level":"info","event":"Processing batch_2.csv","logger":"scripts.process_batch","task_id":"process_batch_task","dag_id":"vehicle_batch_pipeline","ti_id":"019f2817-ad23-738c-94b6-73d4c1c0a38c","run_id":"manual__2026-07-03T13:07:42.135930+00:00","try_number":1,"map_index":1,"filename":"process_batch.py","lineno":13}
{"timestamp":"2026-07-03T13:07:49.329042Z","level":"error","event":"2026-07-03 13:07:49,323 | INFO | Processing batch_2.csv","logger":"task.stderr"}
{"timestamp":"2026-07-03T13:07:49.337953Z","level":"error","event":"2026-07-03 13:07:49,337 | INFO | Rows = 2","logger":"task.stderr"}
{"timestamp":"2026-07-03T13:07:49.337724Z","level":"info","event":"Rows = 2","logger":"scripts.process_batch","task_id":"process_batch_task","dag_id":"vehicle_batch_pipeline","ti_id":"019f2817-ad23-738c-94b6-73d4c1c0a38c","run_id":"manual__2026-07-03T13:07:42.135930+00:00","try_number":1,"map_index":1,"filename":"process_batch.py","lineno":17}
{"timestamp":"2026-07-03T13:07:49.344841Z","level":"error","event":"2026-07-03 13:07:49,344 | INFO | Using environment: production","logger":"task.stderr"}
{"timestamp":"2026-07-03T13:07:49.346408Z","level":"error","event":"2026-07-03 13:07:49,345 | INFO | Calling URL: http://host.docker.internal:8000/rc","logger":"task.stderr"}
{"timestamp":"2026-07-03T13:07:49.345465Z","level":"info","event":"Using environment: production","logger":"scripts.api_client","filename":"api_client.py","lineno":17}
{"timestamp":"2026-07-03T13:07:49.345648Z","level":"info","event":"Calling URL: http://host.docker.internal:8000/rc","logger":"scripts.api_client","filename":"api_client.py","lineno":18}
{"timestamp":"2026-07-03T13:07:49.351631Z","level":"error","event":"2026-07-03 13:07:49,351 | INFO | Using environment: production","logger":"task.stderr"}
{"timestamp":"2026-07-03T13:07:49.354606Z","level":"info","event":"Using environment: production","logger":"scripts.api_client","filename":"api_client.py","lineno":17}
{"timestamp":"2026-07-03T13:07:49.357803Z","level":"info","event":"Calling URL: http://host.docker.internal:8000/fastag","logger":"scripts.api_client","filename":"api_client.py","lineno":18}
{"timestamp":"2026-07-03T13:07:49.359534Z","level":"error","event":"2026-07-03 13:07:49,356 | INFO | Calling URL: http://host.docker.internal:8000/fastag","logger":"task.stderr"}
{"timestamp":"2026-07-03T13:07:49.360108Z","level":"error","event":"2026-07-03 13:07:49,356 | INFO | Using environment: production","logger":"task.stderr"}
{"timestamp":"2026-07-03T13:07:49.360728Z","level":"error","event":"2026-07-03 13:07:49,359 | INFO | Calling URL: http://host.docker.internal:8000/vrn","logger":"task.stderr"}
{"timestamp":"2026-07-03T13:07:49.359311Z","level":"info","event":"Using environment: production","logger":"scripts.api_client","filename":"api_client.py","lineno":17}
{"timestamp":"2026-07-03T13:07:49.359476Z","level":"info","event":"Calling URL: http://host.docker.internal:8000/vrn","logger":"scripts.api_client","filename":"api_client.py","lineno":18}
{"timestamp":"2026-07-03T13:07:49.360491Z","level":"info","event":"Using environment: production","logger":"scripts.api_client","filename":"api_client.py","lineno":17}
{"timestamp":"2026-07-03T13:07:49.360703Z","level":"info","event":"Calling URL: http://host.docker.internal:8000/valuation","logger":"scripts.api_client","filename":"api_client.py","lineno":18}
{"timestamp":"2026-07-03T13:07:49.365927Z","level":"error","event":"2026-07-03 13:07:49,360 | INFO | Using environment: production","logger":"task.stderr"}
{"timestamp":"2026-07-03T13:07:49.368851Z","level":"error","event":"2026-07-03 13:07:49,360 | INFO | Calling URL: http://host.docker.internal:8000/valuation","logger":"task.stderr"}
{"timestamp":"2026-07-03T13:07:50.472089Z","level":"error","event":"2026-07-03 13:07:50,471 | INFO | Using environment: production","logger":"task.stderr"}
{"timestamp":"2026-07-03T13:07:50.473091Z","level":"error","event":"2026-07-03 13:07:50,472 | INFO | Calling URL: http://host.docker.internal:8000/rc","logger":"task.stderr"}
{"timestamp":"2026-07-03T13:07:50.471972Z","level":"info","event":"Using environment: production","logger":"scripts.api_client","filename":"api_client.py","lineno":17}
{"timestamp":"2026-07-03T13:07:50.472290Z","level":"info","event":"Calling URL: http://host.docker.internal:8000/rc","logger":"scripts.api_client","filename":"api_client.py","lineno":18}
{"timestamp":"2026-07-03T13:07:50.475011Z","level":"error","event":"2026-07-03 13:07:50,473 | INFO | Using environment: production","logger":"task.stderr"}
{"timestamp":"2026-07-03T13:07:50.475619Z","level":"error","event":"2026-07-03 13:07:50,474 | INFO | Calling URL: http://host.docker.internal:8000/vrn","logger":"task.stderr"}
{"timestamp":"2026-07-03T13:07:50.476723Z","level":"error","event":"2026-07-03 13:07:50,474 | INFO | Using environment: production","logger":"task.stderr"}
{"timestamp":"2026-07-03T13:07:50.473958Z","level":"info","event":"Using environment: production","logger":"scripts.api_client","filename":"api_client.py","lineno":17}
{"timestamp":"2026-07-03T13:07:50.474316Z","level":"info","event":"Calling URL: http://host.docker.internal:8000/vrn","logger":"scripts.api_client","filename":"api_client.py","lineno":18}
{"timestamp":"2026-07-03T13:07:50.474740Z","level":"info","event":"Using environment: production","logger":"scripts.api_client","filename":"api_client.py","lineno":17}
{"timestamp":"2026-07-03T13:07:50.475055Z","level":"info","event":"Using environment: production","logger":"scripts.api_client","filename":"api_client.py","lineno":17}
{"timestamp":"2026-07-03T13:07:50.475173Z","level":"info","event":"Calling URL: http://host.docker.internal:8000/valuation","logger":"scripts.api_client","filename":"api_client.py","lineno":18}
{"timestamp":"2026-07-03T13:07:50.476532Z","level":"info","event":"Calling URL: http://host.docker.internal:8000/fastag","logger":"scripts.api_client","filename":"api_client.py","lineno":18}
{"timestamp":"2026-07-03T13:07:50.482152Z","level":"error","event":"2026-07-03 13:07:50,474 | INFO | Using environment: production","logger":"task.stderr"}
{"timestamp":"2026-07-03T13:07:50.482716Z","level":"error","event":"2026-07-03 13:07:50,475 | INFO | Calling URL: http://host.docker.internal:8000/valuation","logger":"task.stderr"}
{"timestamp":"2026-07-03T13:07:50.483268Z","level":"error","event":"2026-07-03 13:07:50,474 | INFO | Calling URL: http://host.docker.internal:8000/fastag","logger":"task.stderr"}
{"timestamp":"2026-07-03T13:07:52.481199Z","level":"error","event":"2026-07-03 13:07:52,480 | INFO | Using environment: production","logger":"task.stderr"}
{"timestamp":"2026-07-03T13:07:52.482785Z","level":"error","event":"2026-07-03 13:07:52,480 | INFO | Using environment: production","logger":"task.stderr"}
{"timestamp":"2026-07-03T13:07:52.484706Z","level":"error","event":"2026-07-03 13:07:52,480 | INFO | Using environment: production","logger":"task.stderr"}
{"timestamp":"2026-07-03T13:07:52.486262Z","level":"error","event":"2026-07-03 13:07:52,481 | INFO | Calling URL: http://host.docker.internal:8000/rc","logger":"task.stderr"}
{"timestamp":"2026-07-03T13:07:52.487396Z","level":"error","event":"2026-07-03 13:07:52,481 | INFO | Using environment: production","logger":"task.stderr"}
{"timestamp":"2026-07-03T13:07:52.488078Z","level":"error","event":"2026-07-03 13:07:52,481 | INFO | Calling URL: http://host.docker.internal:8000/valuation","logger":"task.stderr"}
{"timestamp":"2026-07-03T13:07:52.488977Z","level":"error","event":"2026-07-03 13:07:52,481 | INFO | Calling URL: http://host.docker.internal:8000/vrn","logger":"task.stderr"}
{"timestamp":"2026-07-03T13:07:52.489770Z","level":"error","event":"2026-07-03 13:07:52,482 | INFO | Calling URL: http://host.docker.internal:8000/fastag","logger":"task.stderr"}
{"timestamp":"2026-07-03T13:07:52.480855Z","level":"info","event":"Using environment: production","logger":"scripts.api_client","filename":"api_client.py","lineno":17}
{"timestamp":"2026-07-03T13:07:52.481382Z","level":"info","event":"Using environment: production","logger":"scripts.api_client","filename":"api_client.py","lineno":17}
{"timestamp":"2026-07-03T13:07:52.481757Z","level":"info","event":"Using environment: production","logger":"scripts.api_client","filename":"api_client.py","lineno":17}
{"timestamp":"2026-07-03T13:07:52.481944Z","level":"info","event":"Calling URL: http://host.docker.internal:8000/rc","logger":"scripts.api_client","filename":"api_client.py","lineno":18}
{"timestamp":"2026-07-03T13:07:52.482344Z","level":"info","event":"Using environment: production","logger":"scripts.api_client","filename":"api_client.py","lineno":17}
{"timestamp":"2026-07-03T13:07:52.482553Z","level":"info","event":"Calling URL: http://host.docker.internal:8000/valuation","logger":"scripts.api_client","filename":"api_client.py","lineno":18}
{"timestamp":"2026-07-03T13:07:52.485070Z","level":"info","event":"Calling URL: http://host.docker.internal:8000/vrn","logger":"scripts.api_client","filename":"api_client.py","lineno":18}
{"timestamp":"2026-07-03T13:07:52.485974Z","level":"info","event":"Calling URL: http://host.docker.internal:8000/fastag","logger":"scripts.api_client","filename":"api_client.py","lineno":18}
{"timestamp":"2026-07-03T13:07:52.498902Z","level":"error","event":"2026-07-03 13:07:52,493 | ERROR | V003 failed: HTTPConnectionPool(host='host.docker.internal', port=8000): Max retries exceeded with url: /rc (Caused by NewConnectionError(\"HTTPConnection(host='host.docker.internal', port=8000): Failed to establish a new connection: [Errno 101] Network is unreachable\"))","logger":"task.stderr"}
{"timestamp":"2026-07-03T13:07:52.500265Z","level":"error","event":"2026-07-03 13:07:52,495 | INFO | Using environment: production","logger":"task.stderr"}
{"timestamp":"2026-07-03T13:07:52.501052Z","level":"error","event":"2026-07-03 13:07:52,495 | INFO | Calling URL: http://host.docker.internal:8000/rc","logger":"task.stderr"}
{"timestamp":"2026-07-03T13:07:52.501566Z","level":"error","event":"2026-07-03 13:07:52,496 | INFO | Using environment: production","logger":"task.stderr"}
{"timestamp":"2026-07-03T13:07:52.502184Z","level":"error","event":"2026-07-03 13:07:52,496 | INFO | Calling URL: http://host.docker.internal:8000/fastag","logger":"task.stderr"}
{"timestamp":"2026-07-03T13:07:52.493684Z","level":"error","event":"V003 failed: HTTPConnectionPool(host='host.docker.internal', port=8000): Max retries exceeded with url: /rc (Caused by NewConnectionError(\"HTTPConnection(host='host.docker.internal', port=8000): Failed to establish a new connection: [Errno 101] Network is unreachable\"))","logger":"scripts.process_batch","task_id":"process_batch_task","dag_id":"vehicle_batch_pipeline","ti_id":"019f2817-ad23-738c-94b6-73d4c1c0a38c","run_id":"manual__2026-07-03T13:07:42.135930+00:00","try_number":1,"map_index":1,"filename":"process_batch.py","lineno":29}
{"timestamp":"2026-07-03T13:07:52.495360Z","level":"info","event":"Using environment: production","logger":"scripts.api_client","filename":"api_client.py","lineno":17}
{"timestamp":"2026-07-03T13:07:52.495818Z","level":"info","event":"Calling URL: http://host.docker.internal:8000/rc","logger":"scripts.api_client","filename":"api_client.py","lineno":18}
{"timestamp":"2026-07-03T13:07:52.496283Z","level":"info","event":"Using environment: production","logger":"scripts.api_client","filename":"api_client.py","lineno":17}
{"timestamp":"2026-07-03T13:07:52.496440Z","level":"info","event":"Calling URL: http://host.docker.internal:8000/fastag","logger":"scripts.api_client","filename":"api_client.py","lineno":18}
{"timestamp":"2026-07-03T13:07:52.499860Z","level":"info","event":"Using environment: production","logger":"scripts.api_client","filename":"api_client.py","lineno":17}
{"timestamp":"2026-07-03T13:07:52.500811Z","level":"info","event":"Using environment: production","logger":"scripts.api_client","filename":"api_client.py","lineno":17}
{"timestamp":"2026-07-03T13:07:52.501040Z","level":"info","event":"Calling URL: http://host.docker.internal:8000/vrn","logger":"scripts.api_client","filename":"api_client.py","lineno":18}
{"timestamp":"2026-07-03T13:07:52.502911Z","level":"info","event":"Calling URL: http://host.docker.internal:8000/valuation","logger":"scripts.api_client","filename":"api_client.py","lineno":18}
{"timestamp":"2026-07-03T13:07:52.509621Z","level":"error","event":"2026-07-03 13:07:52,499 | INFO | Using environment: production","logger":"task.stderr"}
{"timestamp":"2026-07-03T13:07:52.510141Z","level":"error","event":"2026-07-03 13:07:52,500 | INFO | Using environment: production","logger":"task.stderr"}
{"timestamp":"2026-07-03T13:07:52.510620Z","level":"error","event":"2026-07-03 13:07:52,500 | INFO | Calling URL: http://host.docker.internal:8000/vrn","logger":"task.stderr"}
{"timestamp":"2026-07-03T13:07:52.511365Z","level":"error","event":"2026-07-03 13:07:52,500 | INFO | Calling URL: http://host.docker.internal:8000/valuation","logger":"task.stderr"}
{"timestamp":"2026-07-03T13:07:53.503261Z","level":"error","event":"2026-07-03 13:07:53,502 | INFO | Using environment: production","logger":"task.stderr"}
{"timestamp":"2026-07-03T13:07:53.504056Z","level":"error","event":"2026-07-03 13:07:53,503 | INFO | Calling URL: http://host.docker.internal:8000/rc","logger":"task.stderr"}
{"timestamp":"2026-07-03T13:07:53.503168Z","level":"info","event":"Using environment: production","logger":"scripts.api_client","filename":"api_client.py","lineno":17}
{"timestamp":"2026-07-03T13:07:53.503331Z","level":"info","event":"Calling URL: http://host.docker.internal:8000/rc","logger":"scripts.api_client","filename":"api_client.py","lineno":18}
{"timestamp":"2026-07-03T13:07:53.504604Z","level":"info","event":"Using environment: production","logger":"scripts.api_client","filename":"api_client.py","lineno":17}
{"timestamp":"2026-07-03T13:07:53.504729Z","level":"info","event":"Calling URL: http://host.docker.internal:8000/fastag","logger":"scripts.api_client","filename":"api_client.py","lineno":18}
{"timestamp":"2026-07-03T13:07:53.507587Z","level":"error","event":"2026-07-03 13:07:53,504 | INFO | Using environment: production","logger":"task.stderr"}
{"timestamp":"2026-07-03T13:07:53.508043Z","level":"error","event":"2026-07-03 13:07:53,504 | INFO | Calling URL: http://host.docker.internal:8000/fastag","logger":"task.stderr"}
{"timestamp":"2026-07-03T13:07:53.508557Z","level":"error","event":"2026-07-03 13:07:53,506 | INFO | Using environment: production","logger":"task.stderr"}
{"timestamp":"2026-07-03T13:07:53.509640Z","level":"error","event":"2026-07-03 13:07:53,507 | INFO | Calling URL: http://host.docker.internal:8000/vrn","logger":"task.stderr"}
{"timestamp":"2026-07-03T13:07:53.507186Z","level":"info","event":"Using environment: production","logger":"scripts.api_client","filename":"api_client.py","lineno":17}
{"timestamp":"2026-07-03T13:07:53.507383Z","level":"info","event":"Calling URL: http://host.docker.internal:8000/vrn","logger":"scripts.api_client","filename":"api_client.py","lineno":18}
{"timestamp":"2026-07-03T13:07:53.507757Z","level":"info","event":"Using environment: production","logger":"scripts.api_client","filename":"api_client.py","lineno":17}
{"timestamp":"2026-07-03T13:07:53.507876Z","level":"info","event":"Calling URL: http://host.docker.internal:8000/valuation","logger":"scripts.api_client","filename":"api_client.py","lineno":18}
{"timestamp":"2026-07-03T13:07:53.512934Z","level":"error","event":"2026-07-03 13:07:53,507 | INFO | Using environment: production","logger":"task.stderr"}
{"timestamp":"2026-07-03T13:07:53.513511Z","level":"error","event":"2026-07-03 13:07:53,507 | INFO | Calling URL: http://host.docker.internal:8000/valuation","logger":"task.stderr"}
{"timestamp":"2026-07-03T13:07:55.511317Z","level":"error","event":"2026-07-03 13:07:55,510 | INFO | Using environment: production","logger":"task.stderr"}
{"timestamp":"2026-07-03T13:07:55.529224Z","level":"error","event":"2026-07-03 13:07:55,511 | INFO | Using environment: production","logger":"task.stderr"}
{"timestamp":"2026-07-03T13:07:55.530128Z","level":"error","event":"2026-07-03 13:07:55,511 | INFO | Calling URL: http://host.docker.internal:8000/rc","logger":"task.stderr"}
{"timestamp":"2026-07-03T13:07:55.530670Z","level":"error","event":"2026-07-03 13:07:55,512 | INFO | Calling URL: http://host.docker.internal:8000/fastag","logger":"task.stderr"}
{"timestamp":"2026-07-03T13:07:55.531159Z","level":"error","event":"2026-07-03 13:07:55,515 | INFO | Using environment: production","logger":"task.stderr"}
{"timestamp":"2026-07-03T13:07:55.531610Z","level":"error","event":"2026-07-03 13:07:55,515 | INFO | Using environment: production","logger":"task.stderr"}
{"timestamp":"2026-07-03T13:07:55.532015Z","level":"error","event":"2026-07-03 13:07:55,519 | INFO | Calling URL: http://host.docker.internal:8000/vrn","logger":"task.stderr"}
{"timestamp":"2026-07-03T13:07:55.532449Z","level":"error","event":"2026-07-03 13:07:55,516 | INFO | Calling URL: http://host.docker.internal:8000/valuation","logger":"task.stderr"}
{"timestamp":"2026-07-03T13:07:55.532897Z","level":"error","event":"2026-07-03 13:07:55,525 | ERROR | V004 failed: HTTPConnectionPool(host='host.docker.internal', port=8000): Max retries exceeded with url: /rc (Caused by NewConnectionError(\"HTTPConnection(host='host.docker.internal', port=8000): Failed to establish a new connection: [Errno 101] Network is unreachable\"))","logger":"task.stderr"}
{"timestamp":"2026-07-03T13:07:55.511265Z","level":"info","event":"Using environment: production","logger":"scripts.api_client","filename":"api_client.py","lineno":17}
{"timestamp":"2026-07-03T13:07:55.512072Z","level":"info","event":"Using environment: production","logger":"scripts.api_client","filename":"api_client.py","lineno":17}
{"timestamp":"2026-07-03T13:07:55.512329Z","level":"info","event":"Calling URL: http://host.docker.internal:8000/rc","logger":"scripts.api_client","filename":"api_client.py","lineno":18}
{"timestamp":"2026-07-03T13:07:55.512747Z","level":"info","event":"Calling URL: http://host.docker.internal:8000/fastag","logger":"scripts.api_client","filename":"api_client.py","lineno":18}
{"timestamp":"2026-07-03T13:07:55.515977Z","level":"info","event":"Using environment: production","logger":"scripts.api_client","filename":"api_client.py","lineno":17}
{"timestamp":"2026-07-03T13:07:55.519348Z","level":"info","event":"Using environment: production","logger":"scripts.api_client","filename":"api_client.py","lineno":17}
{"timestamp":"2026-07-03T13:07:55.519582Z","level":"info","event":"Calling URL: http://host.docker.internal:8000/vrn","logger":"scripts.api_client","filename":"api_client.py","lineno":18}
{"timestamp":"2026-07-03T13:07:55.520660Z","level":"info","event":"Calling URL: http://host.docker.internal:8000/valuation","logger":"scripts.api_client","filename":"api_client.py","lineno":18}
{"timestamp":"2026-07-03T13:07:55.525446Z","level":"error","event":"V004 failed: HTTPConnectionPool(host='host.docker.internal', port=8000): Max retries exceeded with url: /rc (Caused by NewConnectionError(\"HTTPConnection(host='host.docker.internal', port=8000): Failed to establish a new connection: [Errno 101] Network is unreachable\"))","logger":"scripts.process_batch","task_id":"process_batch_task","dag_id":"vehicle_batch_pipeline","ti_id":"019f2817-ad23-738c-94b6-73d4c1c0a38c","run_id":"manual__2026-07-03T13:07:42.135930+00:00","try_number":1,"map_index":1,"filename":"process_batch.py","lineno":29}
{"timestamp":"2026-07-03T13:07:55.537462Z","level":"error","event":"2026-07-03 13:07:55,534 | INFO |","logger":"task.stderr"}
{"timestamp":"2026-07-03T13:07:55.537903Z","level":"error","event":"==========================","logger":"task.stderr"}
{"timestamp":"2026-07-03T13:07:55.538341Z","level":"error","event":"Batch Summary","logger":"task.stderr"}
{"timestamp":"2026-07-03T13:07:55.538750Z","level":"error","event":"==========================","logger":"task.stderr"}
{"timestamp":"2026-07-03T13:07:55.539168Z","level":"error","event":"Total Records : 2","logger":"task.stderr"}
{"timestamp":"2026-07-03T13:07:55.539576Z","level":"error","event":"Success : 0","logger":"task.stderr"}
{"timestamp":"2026-07-03T13:07:55.539948Z","level":"error","event":"Failed : 2","logger":"task.stderr"}
{"timestamp":"2026-07-03T13:07:55.540381Z","level":"error","event":"Success Rate : 0.0%","logger":"task.stderr"}
{"timestamp":"2026-07-03T13:07:55.540806Z","level":"error","event":"==========================","logger":"task.stderr"}
{"timestamp":"2026-07-03T13:07:55.534854Z","level":"info","event":"\n==========================\nBatch Summary\n==========================\nTotal Records : 2\nSuccess : 0\nFailed : 2\nSuccess Rate : 0.0%\n==========================","logger":"scripts.process_batch","task_id":"process_batch_task","dag_id":"vehicle_batch_pipeline","ti_id":"019f2817-ad23-738c-94b6-73d4c1c0a38c","run_id":"manual__2026-07-03T13:07:42.135930+00:00","try_number":1,"map_index":1,"filename":"process_batch.py","lineno":42}
{"timestamp":"2026-07-03T13:07:55.538602Z","level":"info","event":"Done. Returned value was: Empty DataFrame\nColumns: []\nIndex: []","task_id":"process_batch_task","dag_id":"vehicle_batch_pipeline","ti_id":"019f2817-ad23-738c-94b6-73d4c1c0a38c","run_id":"manual__2026-07-03T13:07:42.135930+00:00","try_number":1,"map_index":1,"logger":"airflow.task.operators.airflow.providers.standard.decorators.python._PythonDecoratedOperator","filename":"python.py","lineno":233}
{"timestamp":"2026-07-03T13:07:55.538809Z","level":"info","event":"::group::Post Execute","task_id":"process_batch_task","dag_id":"vehicle_batch_pipeline","ti_id":"019f2817-ad23-738c-94b6-73d4c1c0a38c","run_id":"manual__2026-07-03T13:07:42.135930+00:00","try_number":1,"map_index":1,"logger":"task","filename":"task_runner.py","lineno":1288}
{"timestamp":"2026-07-03T13:07:55.539075Z","level":"info","event":"Pushing xcom","ti":"RuntimeTaskInstance(id=UUID('019f2817-ad23-738c-94b6-73d4c1c0a38c'), task_id='process_batch_task', dag_id='vehicle_batch_pipeline', run_id='manual__2026-07-03T13:07:42.135930+00:00', try_number=1, dag_version_id=UUID('019f2816-76da-7e39-88fb-09ffc304bea2'), map_index=1, hostname='8e3d505c6688', context_carrier={'traceparent': '00-0edc00401b61767f36578b155d86611a-681ebf969cdc205d-01'}, task=<Task(_PythonDecoratedOperator): process_batch_task>, bundle_instance=LocalDagBundle(name=dags-folder), max_tries=2, start_date=datetime.datetime(2026, 7, 3, 13, 7, 48, 667429, tzinfo=datetime.timezone.utc), end_date=None, state=<TaskInstanceState.RUNNING: 'running'>, is_mapped=True, rendered_map_index=None, sentry_integration='')","task_id":"process_batch_task","dag_id":"vehicle_batch_pipeline","ti_id":"019f2817-ad23-738c-94b6-73d4c1c0a38c","run_id":"manual__2026-07-03T13:07:42.135930+00:00","try_number":1,"map_index":1,"logger":"task","filename":"task_runner.py","lineno":1791}
{"timestamp":"2026-07-03T13:07:55.598282Z","level":"info","event":"Task instance in success state","logger":"task.stdout"}
{"timestamp":"2026-07-03T13:07:55.599750Z","level":"info","event":" Previous state of the Task instance: TaskInstanceState.RUNNING","logger":"task.stdout"}
{"timestamp":"2026-07-03T13:07:55.601096Z","level":"info","event":"Task operator:<Task(_PythonDecoratedOperator): process_batch_task>","logger":"task.stdout"}
{"timestamp":"2026-07-03T13:07:55.597616Z","level":"info","event":"::endgroup::","task_id":"process_batch_task","dag_id":"vehicle_batch_pipeline","ti_id":"019f2817-ad23-738c-94b6-73d4c1c0a38c","run_id":"manual__2026-07-03T13:07:42.135930+00:00","try_number":1,"map_index":1,"logger":"task","filename":"task_runner.py","lineno":1896}
