{"timestamp":"2026-07-03T12:52:55.641443Z","level":"info","event":"::group::Pre Execute","logger":"task","filename":"task_runner.py","lineno":1926}
{"timestamp":"2026-07-03T12:52:56.416321Z","level":"info","event":"DAG bundles loaded: dags-folder, example_dags","try_number":1,"dag_id":"vehicle_batch_pipeline","map_index":0,"run_id":"manual__2026-07-03T12:52:48.971549+00:00","task_id":"process_batch_task","ti_id":"019f2809-f516-7d8f-9457-02c89b7a659e","logger":"airflow.dag_processing.bundles.manager.DagBundlesManager","filename":"manager.py","lineno":209}
{"timestamp":"2026-07-03T12:52:56.418268Z","level":"info","event":"Filling up the DagBag from /opt/airflow/dags/vehicle_pipeline.py","try_number":1,"dag_id":"vehicle_batch_pipeline","map_index":0,"run_id":"manual__2026-07-03T12:52:48.971549+00:00","task_id":"process_batch_task","ti_id":"019f2809-f516-7d8f-9457-02c89b7a659e","logger":"airflow.dag_processing.dagbag.BundleDagBag","filename":"dagbag.py","lineno":469}
{"timestamp":"2026-07-03T12:52:56.615764Z","level":"info","event":"Task instance is in running state","logger":"task.stdout"}
{"timestamp":"2026-07-03T12:52:56.616307Z","level":"info","event":" Previous state of the Task instance: TaskInstanceState.QUEUED","logger":"task.stdout"}
{"timestamp":"2026-07-03T12:52:56.616889Z","level":"info","event":"Current task name:process_batch_task","logger":"task.stdout"}
{"timestamp":"2026-07-03T12:52:56.617272Z","level":"info","event":"Dag name:vehicle_batch_pipeline","logger":"task.stdout"}
{"timestamp":"2026-07-03T12:52:56.614650Z","level":"info","event":"::endgroup::","try_number":1,"dag_id":"vehicle_batch_pipeline","map_index":0,"run_id":"manual__2026-07-03T12:52:48.971549+00:00","task_id":"process_batch_task","ti_id":"019f2809-f516-7d8f-9457-02c89b7a659e","logger":"task","filename":"task_runner.py","lineno":1727}
{"timestamp":"2026-07-03T12:52:56.616957Z","level":"info","event":"Processing batch_1.csv","logger":"scripts.process_batch","try_number":1,"dag_id":"vehicle_batch_pipeline","map_index":0,"run_id":"manual__2026-07-03T12:52:48.971549+00:00","task_id":"process_batch_task","ti_id":"019f2809-f516-7d8f-9457-02c89b7a659e","filename":"process_batch.py","lineno":13}
{"timestamp":"2026-07-03T12:52:56.618810Z","level":"error","event":"2026-07-03 12:52:56,616 | INFO | Processing batch_1.csv","logger":"task.stderr"}
{"timestamp":"2026-07-03T12:52:56.626542Z","level":"error","event":"2026-07-03 12:52:56,626 | INFO | Rows = 2","logger":"task.stderr"}
{"timestamp":"2026-07-03T12:52:56.626780Z","level":"info","event":"Rows = 2","logger":"scripts.process_batch","try_number":1,"dag_id":"vehicle_batch_pipeline","map_index":0,"run_id":"manual__2026-07-03T12:52:48.971549+00:00","task_id":"process_batch_task","ti_id":"019f2809-f516-7d8f-9457-02c89b7a659e","filename":"process_batch.py","lineno":17}
{"timestamp":"2026-07-03T12:53:00.132802Z","level":"error","event":"2026-07-03 12:53:00,132 | ERROR | V001 failed: HTTPConnectionPool(host='host.docker.internal', port=8000): Max retries exceeded with url: /api/rc (Caused by NewConnectionError(\"HTTPConnection(host='host.docker.internal', port=8000): Failed to establish a new connection: [Errno 101] Network is unreachable\"))","logger":"task.stderr"}
{"timestamp":"2026-07-03T12:53:00.132711Z","level":"error","event":"V001 failed: HTTPConnectionPool(host='host.docker.internal', port=8000): Max retries exceeded with url: /api/rc (Caused by NewConnectionError(\"HTTPConnection(host='host.docker.internal', port=8000): Failed to establish a new connection: [Errno 101] Network is unreachable\"))","logger":"scripts.process_batch","try_number":1,"dag_id":"vehicle_batch_pipeline","map_index":0,"run_id":"manual__2026-07-03T12:52:48.971549+00:00","task_id":"process_batch_task","ti_id":"019f2809-f516-7d8f-9457-02c89b7a659e","filename":"process_batch.py","lineno":29}
{"timestamp":"2026-07-03T12:53:03.251090Z","level":"error","event":"2026-07-03 12:53:03,250 | ERROR | V002 failed: HTTPConnectionPool(host='host.docker.internal', port=8000): Max retries exceeded with url: /api/rc (Caused by NewConnectionError(\"HTTPConnection(host='host.docker.internal', port=8000): Failed to establish a new connection: [Errno 101] Network is unreachable\"))","logger":"task.stderr"}
{"timestamp":"2026-07-03T12:53:03.250746Z","level":"error","event":"V002 failed: HTTPConnectionPool(host='host.docker.internal', port=8000): Max retries exceeded with url: /api/rc (Caused by NewConnectionError(\"HTTPConnection(host='host.docker.internal', port=8000): Failed to establish a new connection: [Errno 101] Network is unreachable\"))","logger":"scripts.process_batch","try_number":1,"dag_id":"vehicle_batch_pipeline","map_index":0,"run_id":"manual__2026-07-03T12:52:48.971549+00:00","task_id":"process_batch_task","ti_id":"019f2809-f516-7d8f-9457-02c89b7a659e","filename":"process_batch.py","lineno":29}
{"timestamp":"2026-07-03T12:53:03.261623Z","level":"error","event":"2026-07-03 12:53:03,260 | INFO |","logger":"task.stderr"}
{"timestamp":"2026-07-03T12:53:03.266417Z","level":"error","event":"==========================","logger":"task.stderr"}
{"timestamp":"2026-07-03T12:53:03.267047Z","level":"error","event":"Batch Summary","logger":"task.stderr"}
{"timestamp":"2026-07-03T12:53:03.269792Z","level":"error","event":"==========================","logger":"task.stderr"}
{"timestamp":"2026-07-03T12:53:03.270236Z","level":"error","event":"Total Records : 2","logger":"task.stderr"}
{"timestamp":"2026-07-03T12:53:03.270566Z","level":"error","event":"Success : 0","logger":"task.stderr"}
{"timestamp":"2026-07-03T12:53:03.271537Z","level":"error","event":"Failed : 2","logger":"task.stderr"}
{"timestamp":"2026-07-03T12:53:03.272272Z","level":"error","event":"Success Rate : 0.0%","logger":"task.stderr"}
{"timestamp":"2026-07-03T12:53:03.272664Z","level":"error","event":"==========================","logger":"task.stderr"}
{"timestamp":"2026-07-03T12:53:03.261037Z","level":"info","event":"\n==========================\nBatch Summary\n==========================\nTotal Records : 2\nSuccess : 0\nFailed : 2\nSuccess Rate : 0.0%\n==========================","logger":"scripts.process_batch","try_number":1,"dag_id":"vehicle_batch_pipeline","map_index":0,"run_id":"manual__2026-07-03T12:52:48.971549+00:00","task_id":"process_batch_task","ti_id":"019f2809-f516-7d8f-9457-02c89b7a659e","filename":"process_batch.py","lineno":42}
{"timestamp":"2026-07-03T12:53:03.264044Z","level":"info","event":"Done. Returned value was: Empty DataFrame\nColumns: []\nIndex: []","try_number":1,"dag_id":"vehicle_batch_pipeline","map_index":0,"run_id":"manual__2026-07-03T12:52:48.971549+00:00","task_id":"process_batch_task","ti_id":"019f2809-f516-7d8f-9457-02c89b7a659e","logger":"airflow.task.operators.airflow.providers.standard.decorators.python._PythonDecoratedOperator","filename":"python.py","lineno":233}
{"timestamp":"2026-07-03T12:53:03.264222Z","level":"info","event":"::group::Post Execute","try_number":1,"dag_id":"vehicle_batch_pipeline","map_index":0,"run_id":"manual__2026-07-03T12:52:48.971549+00:00","task_id":"process_batch_task","ti_id":"019f2809-f516-7d8f-9457-02c89b7a659e","logger":"task","filename":"task_runner.py","lineno":1288}
{"timestamp":"2026-07-03T12:53:03.264456Z","level":"info","event":"Pushing xcom","ti":"RuntimeTaskInstance(id=UUID('019f2809-f516-7d8f-9457-02c89b7a659e'), task_id='process_batch_task', dag_id='vehicle_batch_pipeline', run_id='manual__2026-07-03T12:52:48.971549+00:00', try_number=1, dag_version_id=UUID('019f22c5-c59c-7188-9004-bdbae84ffd51'), map_index=0, hostname='8e3d505c6688', context_carrier={'traceparent': '00-3e03db2b8ceed56bf956598e398b0275-a9b5054d50fbb8c2-01'}, task=<Task(_PythonDecoratedOperator): process_batch_task>, bundle_instance=LocalDagBundle(name=dags-folder), max_tries=2, start_date=datetime.datetime(2026, 7, 3, 12, 52, 55, 579276, tzinfo=datetime.timezone.utc), end_date=None, state=<TaskInstanceState.RUNNING: 'running'>, is_mapped=True, rendered_map_index=None, sentry_integration='')","try_number":1,"dag_id":"vehicle_batch_pipeline","map_index":0,"run_id":"manual__2026-07-03T12:52:48.971549+00:00","task_id":"process_batch_task","ti_id":"019f2809-f516-7d8f-9457-02c89b7a659e","logger":"task","filename":"task_runner.py","lineno":1791}
{"timestamp":"2026-07-03T12:53:03.325849Z","level":"info","event":"Task instance in success state","logger":"task.stdout"}
{"timestamp":"2026-07-03T12:53:03.329902Z","level":"info","event":" Previous state of the Task instance: TaskInstanceState.RUNNING","logger":"task.stdout"}
{"timestamp":"2026-07-03T12:53:03.333954Z","level":"info","event":"Task operator:<Task(_PythonDecoratedOperator): process_batch_task>","logger":"task.stdout"}
{"timestamp":"2026-07-03T12:53:03.325108Z","level":"info","event":"::endgroup::","try_number":1,"dag_id":"vehicle_batch_pipeline","map_index":0,"run_id":"manual__2026-07-03T12:52:48.971549+00:00","task_id":"process_batch_task","ti_id":"019f2809-f516-7d8f-9457-02c89b7a659e","logger":"task","filename":"task_runner.py","lineno":1896}
