{"timestamp":"2026-07-05T08:38:53.566335Z","level":"info","event":"::group::Pre Execute","logger":"task","filename":"task_runner.py","lineno":1926}
{"timestamp":"2026-07-05T08:38:53.999158Z","level":"info","event":"DAG bundles loaded: dags-folder, example_dags","dag_id":"vehicle_batch_pipeline","ti_id":"019f316e-1532-702c-8be2-d14e69fdb3ea","try_number":1,"task_id":"process_batch_task","map_index":2,"run_id":"manual__2026-07-05T08:38:41.160385+00:00","logger":"airflow.dag_processing.bundles.manager.DagBundlesManager","filename":"manager.py","lineno":209}
{"timestamp":"2026-07-05T08:38:54.000736Z","level":"info","event":"Filling up the DagBag from /opt/airflow/dags/vehicle_pipeline.py","dag_id":"vehicle_batch_pipeline","ti_id":"019f316e-1532-702c-8be2-d14e69fdb3ea","try_number":1,"task_id":"process_batch_task","map_index":2,"run_id":"manual__2026-07-05T08:38:41.160385+00:00","logger":"airflow.dag_processing.dagbag.BundleDagBag","filename":"dagbag.py","lineno":469}
{"timestamp":"2026-07-05T08:38:54.123608Z","level":"warning","event":"Using Variable.get from `airflow.models` is deprecated.Please use `get` on Variable from sdk(`airflow.sdk.Variable`) instead","category":"UserWarning","filename":"/home/airflow/.local/lib/python3.13/site-packages/airflow/models/variable.py","lineno":159,"dag_id":"vehicle_batch_pipeline","ti_id":"019f316e-1532-702c-8be2-d14e69fdb3ea","try_number":1,"task_id":"process_batch_task","map_index":2,"run_id":"manual__2026-07-05T08:38:41.160385+00:00","logger":"py.warnings"}
{"timestamp":"2026-07-05T08:38:54.166373Z","level":"info","event":"Task instance is in running state","logger":"task.stdout"}
{"timestamp":"2026-07-05T08:38:54.167363Z","level":"info","event":" Previous state of the Task instance: TaskInstanceState.QUEUED","logger":"task.stdout"}
{"timestamp":"2026-07-05T08:38:54.167880Z","level":"info","event":"Current task name:process_batch_task","logger":"task.stdout"}
{"timestamp":"2026-07-05T08:38:54.168380Z","level":"info","event":"Dag name:vehicle_batch_pipeline","logger":"task.stdout"}
{"timestamp":"2026-07-05T08:38:54.166887Z","level":"info","event":"::endgroup::","dag_id":"vehicle_batch_pipeline","ti_id":"019f316e-1532-702c-8be2-d14e69fdb3ea","try_number":1,"task_id":"process_batch_task","map_index":2,"run_id":"manual__2026-07-05T08:38:41.160385+00:00","logger":"task","filename":"task_runner.py","lineno":1727}
{"timestamp":"2026-07-05T08:38:54.168963Z","level":"info","event":"Processing batch_3.csv","logger":"scripts.process_batch","dag_id":"vehicle_batch_pipeline","ti_id":"019f316e-1532-702c-8be2-d14e69fdb3ea","try_number":1,"task_id":"process_batch_task","map_index":2,"run_id":"manual__2026-07-05T08:38:41.160385+00:00","filename":"process_batch.py","lineno":14}
{"timestamp":"2026-07-05T08:38:54.170264Z","level":"error","event":"2026-07-05 08:38:54,168 | INFO | Processing batch_3.csv","logger":"task.stderr"}
{"timestamp":"2026-07-05T08:38:54.182367Z","level":"error","event":"2026-07-05 08:38:54,182 | INFO | Rows = 1","logger":"task.stderr"}
{"timestamp":"2026-07-05T08:38:54.182318Z","level":"info","event":"Rows = 1","logger":"scripts.process_batch","dag_id":"vehicle_batch_pipeline","ti_id":"019f316e-1532-702c-8be2-d14e69fdb3ea","try_number":1,"task_id":"process_batch_task","map_index":2,"run_id":"manual__2026-07-05T08:38:41.160385+00:00","filename":"process_batch.py","lineno":18}
{"timestamp":"2026-07-05T08:38:54.182625Z","level":"warning","event":"Using Variable.get from `airflow.models` is deprecated.Please use `get` on Variable from sdk(`airflow.sdk.Variable`) instead","category":"DeprecationWarning","filename":"/home/airflow/.local/lib/python3.13/site-packages/airflow/models/variable.py","lineno":159,"dag_id":"vehicle_batch_pipeline","ti_id":"019f316e-1532-702c-8be2-d14e69fdb3ea","try_number":1,"task_id":"process_batch_task","map_index":2,"run_id":"manual__2026-07-05T08:38:41.160385+00:00","logger":"py.warnings"}
{"timestamp":"2026-07-05T08:38:54.195383Z","level":"warning","event":"Skipping masking for a secret as it's too short (<5 chars)","logger":"airflow._shared.secrets_masker.secrets_masker","dag_id":"vehicle_batch_pipeline","ti_id":"019f316e-1532-702c-8be2-d14e69fdb3ea","try_number":1,"task_id":"process_batch_task","map_index":2,"run_id":"manual__2026-07-05T08:38:41.160385+00:00","filename":"secrets_masker.py","lineno":590}
{"timestamp":"2026-07-05T08:38:54.195734Z","level":"info","event":"Valuation Enabled = True","logger":"scripts.process_batch","dag_id":"vehicle_batch_pipeline","ti_id":"019f316e-1532-702c-8be2-d14e69fdb3ea","try_number":1,"task_id":"process_batch_task","map_index":2,"run_id":"manual__2026-07-05T08:38:41.160385+00:00","filename":"process_batch.py","lineno":30}
{"timestamp":"2026-07-05T08:38:54.199863Z","level":"error","event":"2026-07-05 08:38:54,195 | INFO | Valuation Enabled = True","logger":"task.stderr"}
{"timestamp":"2026-07-05T08:38:54.200397Z","level":"error","event":"2026-07-05 08:38:54,197 | INFO | Using environment: staging","logger":"task.stderr"}
{"timestamp":"2026-07-05T08:38:54.200906Z","level":"error","event":"2026-07-05 08:38:54,197 | INFO | Calling URL: http://host.docker.internal:8000/rc","logger":"task.stderr"}
{"timestamp":"2026-07-05T08:38:54.197131Z","level":"info","event":"Using environment: staging","logger":"scripts.api_client","filename":"api_client.py","lineno":19}
{"timestamp":"2026-07-05T08:38:54.197386Z","level":"info","event":"Calling URL: http://host.docker.internal:8000/rc","logger":"scripts.api_client","filename":"api_client.py","lineno":20}
{"timestamp":"2026-07-05T08:38:54.200046Z","level":"info","event":"Using environment: staging","logger":"scripts.api_client","filename":"api_client.py","lineno":19}
{"timestamp":"2026-07-05T08:38:54.200270Z","level":"info","event":"Calling URL: http://host.docker.internal:8000/fastag","logger":"scripts.api_client","filename":"api_client.py","lineno":20}
{"timestamp":"2026-07-05T08:38:54.200997Z","level":"info","event":"Using environment: staging","logger":"scripts.api_client","filename":"api_client.py","lineno":19}
{"timestamp":"2026-07-05T08:38:54.201177Z","level":"info","event":"Calling URL: http://host.docker.internal:8000/vrn","logger":"scripts.api_client","filename":"api_client.py","lineno":20}
{"timestamp":"2026-07-05T08:38:54.204488Z","level":"error","event":"2026-07-05 08:38:54,199 | INFO | Using environment: staging","logger":"task.stderr"}
{"timestamp":"2026-07-05T08:38:54.205094Z","level":"error","event":"2026-07-05 08:38:54,200 | INFO | Calling URL: http://host.docker.internal:8000/fastag","logger":"task.stderr"}
{"timestamp":"2026-07-05T08:38:54.205584Z","level":"error","event":"2026-07-05 08:38:54,200 | INFO | Using environment: staging","logger":"task.stderr"}
{"timestamp":"2026-07-05T08:38:54.206204Z","level":"error","event":"2026-07-05 08:38:54,201 | INFO | Calling URL: http://host.docker.internal:8000/vrn","logger":"task.stderr"}
{"timestamp":"2026-07-05T08:38:54.206876Z","level":"error","event":"2026-07-05 08:38:54,202 | INFO | Using environment: staging","logger":"task.stderr"}
{"timestamp":"2026-07-05T08:38:54.207444Z","level":"error","event":"2026-07-05 08:38:54,202 | INFO | Calling URL: http://host.docker.internal:8000/valuation","logger":"task.stderr"}
{"timestamp":"2026-07-05T08:38:54.202128Z","level":"info","event":"Using environment: staging","logger":"scripts.api_client","filename":"api_client.py","lineno":19}
{"timestamp":"2026-07-05T08:38:54.202393Z","level":"info","event":"Calling URL: http://host.docker.internal:8000/valuation","logger":"scripts.api_client","filename":"api_client.py","lineno":20}
{"timestamp":"2026-07-05T08:38:54.214018Z","level":"error","event":"2026-07-05 08:38:54,213 | WARNING | Retrying scripts.api_client.post in 1 seconds as it raised ConnectionError: HTTPConnectionPool(host='host.docker.internal', port=8000): Max retries exceeded with url: /rc (Caused by NewConnectionError(\"HTTPConnection(host='host.docker.internal', port=8000): Failed to establish a new connection: [Errno 101] Network is unreachable\")).","logger":"task.stderr"}
{"timestamp":"2026-07-05T08:38:54.214975Z","level":"error","event":"2026-07-05 08:38:54,214 | WARNING | Retrying scripts.api_client.post in 1 seconds as it raised ConnectionError: HTTPConnectionPool(host='host.docker.internal', port=8000): Max retries exceeded with url: /fastag (Caused by NewConnectionError(\"HTTPConnection(host='host.docker.internal', port=8000): Failed to establish a new connection: [Errno 101] Network is unreachable\")).","logger":"task.stderr"}
{"timestamp":"2026-07-05T08:38:54.213988Z","level":"warning","event":"Retrying scripts.api_client.post in 1 seconds as it raised ConnectionError: HTTPConnectionPool(host='host.docker.internal', port=8000): Max retries exceeded with url: /rc (Caused by NewConnectionError(\"HTTPConnection(host='host.docker.internal', port=8000): Failed to establish a new connection: [Errno 101] Network is unreachable\")).","logger":"scripts.api_client","filename":"before_sleep.py","lineno":64}
{"timestamp":"2026-07-05T08:38:54.214937Z","level":"warning","event":"Retrying scripts.api_client.post in 1 seconds as it raised ConnectionError: HTTPConnectionPool(host='host.docker.internal', port=8000): Max retries exceeded with url: /fastag (Caused by NewConnectionError(\"HTTPConnection(host='host.docker.internal', port=8000): Failed to establish a new connection: [Errno 101] Network is unreachable\")).","logger":"scripts.api_client","filename":"before_sleep.py","lineno":64}
{"timestamp":"2026-07-05T08:38:54.216613Z","level":"error","event":"2026-07-05 08:38:54,215 | WARNING | Retrying scripts.api_client.post in 1 seconds as it raised ConnectionError: HTTPConnectionPool(host='host.docker.internal', port=8000): Max retries exceeded with url: /valuation (Caused by NewConnectionError(\"HTTPConnection(host='host.docker.internal', port=8000): Failed to establish a new connection: [Errno 101] Network is unreachable\")).","logger":"task.stderr"}
{"timestamp":"2026-07-05T08:38:54.217095Z","level":"error","event":"2026-07-05 08:38:54,215 | WARNING | Retrying scripts.api_client.post in 1 seconds as it raised ConnectionError: HTTPConnectionPool(host='host.docker.internal', port=8000): Max retries exceeded with url: /vrn (Caused by NewConnectionError(\"HTTPConnection(host='host.docker.internal', port=8000): Failed to establish a new connection: [Errno 101] Network is unreachable\")).","logger":"task.stderr"}
{"timestamp":"2026-07-05T08:38:54.215571Z","level":"warning","event":"Retrying scripts.api_client.post in 1 seconds as it raised ConnectionError: HTTPConnectionPool(host='host.docker.internal', port=8000): Max retries exceeded with url: /valuation (Caused by NewConnectionError(\"HTTPConnection(host='host.docker.internal', port=8000): Failed to establish a new connection: [Errno 101] Network is unreachable\")).","logger":"scripts.api_client","filename":"before_sleep.py","lineno":64}
{"timestamp":"2026-07-05T08:38:54.215750Z","level":"warning","event":"Retrying scripts.api_client.post in 1 seconds as it raised ConnectionError: HTTPConnectionPool(host='host.docker.internal', port=8000): Max retries exceeded with url: /vrn (Caused by NewConnectionError(\"HTTPConnection(host='host.docker.internal', port=8000): Failed to establish a new connection: [Errno 101] Network is unreachable\")).","logger":"scripts.api_client","filename":"before_sleep.py","lineno":64}
{"timestamp":"2026-07-05T08:38:55.215991Z","level":"error","event":"2026-07-05 08:38:55,214 | INFO | Using environment: staging","logger":"task.stderr"}
{"timestamp":"2026-07-05T08:38:55.224926Z","level":"error","event":"2026-07-05 08:38:55,222 | INFO | Using environment: staging","logger":"task.stderr"}
{"timestamp":"2026-07-05T08:38:55.225627Z","level":"error","event":"2026-07-05 08:38:55,222 | INFO | Using environment: staging","logger":"task.stderr"}
{"timestamp":"2026-07-05T08:38:55.226152Z","level":"error","event":"2026-07-05 08:38:55,222 | INFO | Calling URL: http://host.docker.internal:8000/rc","logger":"task.stderr"}
{"timestamp":"2026-07-05T08:38:55.226579Z","level":"error","event":"2026-07-05 08:38:55,222 | INFO | Using environment: staging","logger":"task.stderr"}
{"timestamp":"2026-07-05T08:38:55.227229Z","level":"error","event":"2026-07-05 08:38:55,224 | INFO | Calling URL: http://host.docker.internal:8000/fastag","logger":"task.stderr"}
{"timestamp":"2026-07-05T08:38:55.229935Z","level":"error","event":"2026-07-05 08:38:55,223 | INFO | Calling URL: http://host.docker.internal:8000/vrn","logger":"task.stderr"}
{"timestamp":"2026-07-05T08:38:55.218611Z","level":"info","event":"Using environment: staging","logger":"scripts.api_client","filename":"api_client.py","lineno":19}
{"timestamp":"2026-07-05T08:38:55.223071Z","level":"info","event":"Using environment: staging","logger":"scripts.api_client","filename":"api_client.py","lineno":19}
{"timestamp":"2026-07-05T08:38:55.223432Z","level":"info","event":"Using environment: staging","logger":"scripts.api_client","filename":"api_client.py","lineno":19}
{"timestamp":"2026-07-05T08:38:55.223684Z","level":"info","event":"Calling URL: http://host.docker.internal:8000/rc","logger":"scripts.api_client","filename":"api_client.py","lineno":20}
{"timestamp":"2026-07-05T08:38:55.224402Z","level":"info","event":"Using environment: staging","logger":"scripts.api_client","filename":"api_client.py","lineno":19}
{"timestamp":"2026-07-05T08:38:55.224551Z","level":"info","event":"Calling URL: http://host.docker.internal:8000/fastag","logger":"scripts.api_client","filename":"api_client.py","lineno":20}
{"timestamp":"2026-07-05T08:38:55.228446Z","level":"info","event":"Calling URL: http://host.docker.internal:8000/vrn","logger":"scripts.api_client","filename":"api_client.py","lineno":20}
{"timestamp":"2026-07-05T08:38:55.235555Z","level":"error","event":"2026-07-05 08:38:55,223 | INFO | Calling URL: http://host.docker.internal:8000/valuation","logger":"task.stderr"}
{"timestamp":"2026-07-05T08:38:55.232488Z","level":"info","event":"Calling URL: http://host.docker.internal:8000/valuation","logger":"scripts.api_client","filename":"api_client.py","lineno":20}
{"timestamp":"2026-07-05T08:38:55.238472Z","level":"error","event":"2026-07-05 08:38:55,237 | WARNING | Retrying scripts.api_client.post in 2 seconds as it raised ConnectionError: HTTPConnectionPool(host='host.docker.internal', port=8000): Max retries exceeded with url: /rc (Caused by NewConnectionError(\"HTTPConnection(host='host.docker.internal', port=8000): Failed to establish a new connection: [Errno 101] Network is unreachable\")).","logger":"task.stderr"}
{"timestamp":"2026-07-05T08:38:55.239537Z","level":"warning","event":"Retrying scripts.api_client.post in 2 seconds as it raised ConnectionError: HTTPConnectionPool(host='host.docker.internal', port=8000): Max retries exceeded with url: /rc (Caused by NewConnectionError(\"HTTPConnection(host='host.docker.internal', port=8000): Failed to establish a new connection: [Errno 101] Network is unreachable\")).","logger":"scripts.api_client","filename":"before_sleep.py","lineno":64}
{"timestamp":"2026-07-05T08:38:55.240281Z","level":"warning","event":"Retrying scripts.api_client.post in 2 seconds as it raised ConnectionError: HTTPConnectionPool(host='host.docker.internal', port=8000): Max retries exceeded with url: /vrn (Caused by NewConnectionError(\"HTTPConnection(host='host.docker.internal', port=8000): Failed to establish a new connection: [Errno 101] Network is unreachable\")).","logger":"scripts.api_client","filename":"before_sleep.py","lineno":64}
{"timestamp":"2026-07-05T08:38:55.240429Z","level":"warning","event":"Retrying scripts.api_client.post in 2 seconds as it raised ConnectionError: HTTPConnectionPool(host='host.docker.internal', port=8000): Max retries exceeded with url: /fastag (Caused by NewConnectionError(\"HTTPConnection(host='host.docker.internal', port=8000): Failed to establish a new connection: [Errno 101] Network is unreachable\")).","logger":"scripts.api_client","filename":"before_sleep.py","lineno":64}
{"timestamp":"2026-07-05T08:38:55.242353Z","level":"error","event":"2026-07-05 08:38:55,239 | WARNING | Retrying scripts.api_client.post in 2 seconds as it raised ConnectionError: HTTPConnectionPool(host='host.docker.internal', port=8000): Max retries exceeded with url: /vrn (Caused by NewConnectionError(\"HTTPConnection(host='host.docker.internal', port=8000): Failed to establish a new connection: [Errno 101] Network is unreachable\")).","logger":"task.stderr"}
{"timestamp":"2026-07-05T08:38:55.243294Z","level":"error","event":"2026-07-05 08:38:55,238 | WARNING | Retrying scripts.api_client.post in 2 seconds as it raised ConnectionError: HTTPConnectionPool(host='host.docker.internal', port=8000): Max retries exceeded with url: /fastag (Caused by NewConnectionError(\"HTTPConnection(host='host.docker.internal', port=8000): Failed to establish a new connection: [Errno 101] Network is unreachable\")).","logger":"task.stderr"}
{"timestamp":"2026-07-05T08:38:55.243727Z","level":"warning","event":"Retrying scripts.api_client.post in 2 seconds as it raised ConnectionError: HTTPConnectionPool(host='host.docker.internal', port=8000): Max retries exceeded with url: /valuation (Caused by NewConnectionError(\"HTTPConnection(host='host.docker.internal', port=8000): Failed to establish a new connection: [Errno 101] Network is unreachable\")).","logger":"scripts.api_client","filename":"before_sleep.py","lineno":64}
{"timestamp":"2026-07-05T08:38:55.246375Z","level":"error","event":"2026-07-05 08:38:55,243 | WARNING | Retrying scripts.api_client.post in 2 seconds as it raised ConnectionError: HTTPConnectionPool(host='host.docker.internal', port=8000): Max retries exceeded with url: /valuation (Caused by NewConnectionError(\"HTTPConnection(host='host.docker.internal', port=8000): Failed to establish a new connection: [Errno 101] Network is unreachable\")).","logger":"task.stderr"}
{"timestamp":"2026-07-05T08:38:57.240488Z","level":"error","event":"2026-07-05 08:38:57,240 | INFO | Using environment: staging","logger":"task.stderr"}
{"timestamp":"2026-07-05T08:38:57.241750Z","level":"error","event":"2026-07-05 08:38:57,240 | INFO | Using environment: staging","logger":"task.stderr"}
{"timestamp":"2026-07-05T08:38:57.242278Z","level":"error","event":"2026-07-05 08:38:57,241 | INFO | Using environment: staging","logger":"task.stderr"}
{"timestamp":"2026-07-05T08:38:57.242711Z","level":"error","event":"2026-07-05 08:38:57,241 | INFO | Calling URL: http://host.docker.internal:8000/rc","logger":"task.stderr"}
{"timestamp":"2026-07-05T08:38:57.240312Z","level":"info","event":"Using environment: staging","logger":"scripts.api_client","filename":"api_client.py","lineno":19}
{"timestamp":"2026-07-05T08:38:57.241364Z","level":"info","event":"Using environment: staging","logger":"scripts.api_client","filename":"api_client.py","lineno":19}
{"timestamp":"2026-07-05T08:38:57.241523Z","level":"info","event":"Using environment: staging","logger":"scripts.api_client","filename":"api_client.py","lineno":19}
{"timestamp":"2026-07-05T08:38:57.241715Z","level":"info","event":"Calling URL: http://host.docker.internal:8000/rc","logger":"scripts.api_client","filename":"api_client.py","lineno":20}
{"timestamp":"2026-07-05T08:38:57.242217Z","level":"info","event":"Calling URL: http://host.docker.internal:8000/vrn","logger":"scripts.api_client","filename":"api_client.py","lineno":20}
{"timestamp":"2026-07-05T08:38:57.248389Z","level":"error","event":"2026-07-05 08:38:57,241 | INFO | Calling URL: http://host.docker.internal:8000/vrn","logger":"task.stderr"}
{"timestamp":"2026-07-05T08:38:57.248918Z","level":"error","event":"2026-07-05 08:38:57,241 | INFO | Calling URL: http://host.docker.internal:8000/fastag","logger":"task.stderr"}
{"timestamp":"2026-07-05T08:38:57.249427Z","level":"error","event":"2026-07-05 08:38:57,245 | INFO | Using environment: staging","logger":"task.stderr"}
{"timestamp":"2026-07-05T08:38:57.250036Z","level":"error","event":"2026-07-05 08:38:57,245 | INFO | Calling URL: http://host.docker.internal:8000/valuation","logger":"task.stderr"}
{"timestamp":"2026-07-05T08:38:57.243284Z","level":"info","event":"Calling URL: http://host.docker.internal:8000/fastag","logger":"scripts.api_client","filename":"api_client.py","lineno":20}
{"timestamp":"2026-07-05T08:38:57.245302Z","level":"info","event":"Using environment: staging","logger":"scripts.api_client","filename":"api_client.py","lineno":19}
{"timestamp":"2026-07-05T08:38:57.245488Z","level":"info","event":"Calling URL: http://host.docker.internal:8000/valuation","logger":"scripts.api_client","filename":"api_client.py","lineno":20}
{"timestamp":"2026-07-05T08:38:57.261623Z","level":"error","event":"2026-07-05 08:38:57,261 | ERROR | RC failed for Vehicle V005: HTTPConnectionPool(host='host.docker.internal', port=8000): Max retries exceeded with url: /rc (Caused by NewConnectionError(\"HTTPConnection(host='host.docker.internal', port=8000): Failed to establish a new connection: [Errno 101] Network is unreachable\"))","logger":"task.stderr"}
{"timestamp":"2026-07-05T08:38:57.262593Z","level":"error","event":"2026-07-05 08:38:57,261 | ERROR | FASTag failed for Vehicle V005: HTTPConnectionPool(host='host.docker.internal', port=8000): Max retries exceeded with url: /fastag (Caused by NewConnectionError(\"HTTPConnection(host='host.docker.internal', port=8000): Failed to establish a new connection: [Errno 101] Network is unreachable\"))","logger":"task.stderr"}
{"timestamp":"2026-07-05T08:38:57.263397Z","level":"error","event":"2026-07-05 08:38:57,261 | ERROR | VRN failed for Vehicle V005: HTTPConnectionPool(host='host.docker.internal', port=8000): Max retries exceeded with url: /vrn (Caused by NewConnectionError(\"HTTPConnection(host='host.docker.internal', port=8000): Failed to establish a new connection: [Errno 101] Network is unreachable\"))","logger":"task.stderr"}
{"timestamp":"2026-07-05T08:38:57.263956Z","level":"error","event":"2026-07-05 08:38:57,262 | ERROR | Valuation failed for Vehicle V005: HTTPConnectionPool(host='host.docker.internal', port=8000): Max retries exceeded with url: /valuation (Caused by NewConnectionError(\"HTTPConnection(host='host.docker.internal', port=8000): Failed to establish a new connection: [Errno 101] Network is unreachable\"))","logger":"task.stderr"}
{"timestamp":"2026-07-05T08:38:57.261572Z","level":"error","event":"RC failed for Vehicle V005: HTTPConnectionPool(host='host.docker.internal', port=8000): Max retries exceeded with url: /rc (Caused by NewConnectionError(\"HTTPConnection(host='host.docker.internal', port=8000): Failed to establish a new connection: [Errno 101] Network is unreachable\"))","logger":"utils.error_handler","dag_id":"vehicle_batch_pipeline","ti_id":"019f316e-1532-702c-8be2-d14e69fdb3ea","try_number":1,"task_id":"process_batch_task","map_index":2,"run_id":"manual__2026-07-05T08:38:41.160385+00:00","filename":"error_handler.py","lineno":7}
{"timestamp":"2026-07-05T08:38:57.261833Z","level":"error","event":"FASTag failed for Vehicle V005: HTTPConnectionPool(host='host.docker.internal', port=8000): Max retries exceeded with url: /fastag (Caused by NewConnectionError(\"HTTPConnection(host='host.docker.internal', port=8000): Failed to establish a new connection: [Errno 101] Network is unreachable\"))","logger":"utils.error_handler","dag_id":"vehicle_batch_pipeline","ti_id":"019f316e-1532-702c-8be2-d14e69fdb3ea","try_number":1,"task_id":"process_batch_task","map_index":2,"run_id":"manual__2026-07-05T08:38:41.160385+00:00","filename":"error_handler.py","lineno":7}
{"timestamp":"2026-07-05T08:38:57.261973Z","level":"error","event":"VRN failed for Vehicle V005: HTTPConnectionPool(host='host.docker.internal', port=8000): Max retries exceeded with url: /vrn (Caused by NewConnectionError(\"HTTPConnection(host='host.docker.internal', port=8000): Failed to establish a new connection: [Errno 101] Network is unreachable\"))","logger":"utils.error_handler","dag_id":"vehicle_batch_pipeline","ti_id":"019f316e-1532-702c-8be2-d14e69fdb3ea","try_number":1,"task_id":"process_batch_task","map_index":2,"run_id":"manual__2026-07-05T08:38:41.160385+00:00","filename":"error_handler.py","lineno":7}
{"timestamp":"2026-07-05T08:38:57.262213Z","level":"error","event":"Valuation failed for Vehicle V005: HTTPConnectionPool(host='host.docker.internal', port=8000): Max retries exceeded with url: /valuation (Caused by NewConnectionError(\"HTTPConnection(host='host.docker.internal', port=8000): Failed to establish a new connection: [Errno 101] Network is unreachable\"))","logger":"utils.error_handler","dag_id":"vehicle_batch_pipeline","ti_id":"019f316e-1532-702c-8be2-d14e69fdb3ea","try_number":1,"task_id":"process_batch_task","map_index":2,"run_id":"manual__2026-07-05T08:38:41.160385+00:00","filename":"error_handler.py","lineno":7}
{"timestamp":"2026-07-05T08:38:57.263204Z","level":"info","event":"\n==========================\nBatch Summary\n==========================\nTotal Records : 1\nSuccess : 1\nFailed : 0\nSuccess Rate : 100.0%\n==========================","logger":"scripts.process_batch","dag_id":"vehicle_batch_pipeline","ti_id":"019f316e-1532-702c-8be2-d14e69fdb3ea","try_number":1,"task_id":"process_batch_task","map_index":2,"run_id":"manual__2026-07-05T08:38:41.160385+00:00","filename":"process_batch.py","lineno":52}
{"timestamp":"2026-07-05T08:38:57.267917Z","level":"error","event":"2026-07-05 08:38:57,263 | INFO |","logger":"task.stderr"}
{"timestamp":"2026-07-05T08:38:57.268499Z","level":"error","event":"==========================","logger":"task.stderr"}
{"timestamp":"2026-07-05T08:38:57.269149Z","level":"error","event":"Batch Summary","logger":"task.stderr"}
{"timestamp":"2026-07-05T08:38:57.269796Z","level":"error","event":"==========================","logger":"task.stderr"}
{"timestamp":"2026-07-05T08:38:57.270389Z","level":"error","event":"Total Records : 1","logger":"task.stderr"}
{"timestamp":"2026-07-05T08:38:57.270947Z","level":"error","event":"Success : 1","logger":"task.stderr"}
{"timestamp":"2026-07-05T08:38:57.271513Z","level":"error","event":"Failed : 0","logger":"task.stderr"}
{"timestamp":"2026-07-05T08:38:57.272053Z","level":"error","event":"Success Rate : 100.0%","logger":"task.stderr"}
{"timestamp":"2026-07-05T08:38:57.272590Z","level":"error","event":"==========================","logger":"task.stderr"}
{"timestamp":"2026-07-05T08:38:57.273268Z","level":"info","event":"V005 processed in 3.07 sec","logger":"task.stdout"}
{"timestamp":"2026-07-05T08:38:57.277322Z","level":"info","event":"Done. Returned value was:    year  brand  ...  status                                              error\n0  2020  Honda  ...  FAILED  HTTPConnectionPool(host='host.docker.internal'...\n\n[1 rows x 7 columns]","dag_id":"vehicle_batch_pipeline","ti_id":"019f316e-1532-702c-8be2-d14e69fdb3ea","try_number":1,"task_id":"process_batch_task","map_index":2,"run_id":"manual__2026-07-05T08:38:41.160385+00:00","logger":"airflow.task.operators.airflow.providers.standard.decorators.python._PythonDecoratedOperator","filename":"python.py","lineno":233}
{"timestamp":"2026-07-05T08:38:57.277589Z","level":"info","event":"::group::Post Execute","dag_id":"vehicle_batch_pipeline","ti_id":"019f316e-1532-702c-8be2-d14e69fdb3ea","try_number":1,"task_id":"process_batch_task","map_index":2,"run_id":"manual__2026-07-05T08:38:41.160385+00:00","logger":"task","filename":"task_runner.py","lineno":1288}
{"timestamp":"2026-07-05T08:38:57.277868Z","level":"info","event":"Pushing xcom","ti":"RuntimeTaskInstance(id=UUID('019f316e-1532-702c-8be2-d14e69fdb3ea'), task_id='process_batch_task', dag_id='vehicle_batch_pipeline', run_id='manual__2026-07-05T08:38:41.160385+00:00', try_number=1, dag_version_id=UUID('019f2c50-8b66-7475-9dae-822508d85766'), map_index=2, hostname='8e3d505c6688', context_carrier={'traceparent': '00-f9175081f92388b05a0512d887344f28-8819783102a3a331-01'}, task=<Task(_PythonDecoratedOperator): process_batch_task>, bundle_instance=LocalDagBundle(name=dags-folder), max_tries=2, start_date=datetime.datetime(2026, 7, 5, 8, 38, 53, 578462, tzinfo=datetime.timezone.utc), end_date=None, state=<TaskInstanceState.RUNNING: 'running'>, is_mapped=True, rendered_map_index=None, sentry_integration='')","dag_id":"vehicle_batch_pipeline","ti_id":"019f316e-1532-702c-8be2-d14e69fdb3ea","try_number":1,"task_id":"process_batch_task","map_index":2,"run_id":"manual__2026-07-05T08:38:41.160385+00:00","logger":"task","filename":"task_runner.py","lineno":1791}
{"timestamp":"2026-07-05T08:38:57.413442Z","level":"info","event":"Task instance in success state","logger":"task.stdout"}
{"timestamp":"2026-07-05T08:38:57.414459Z","level":"info","event":" Previous state of the Task instance: TaskInstanceState.RUNNING","logger":"task.stdout"}
{"timestamp":"2026-07-05T08:38:57.418939Z","level":"info","event":"Task operator:<Task(_PythonDecoratedOperator): process_batch_task>","logger":"task.stdout"}
{"timestamp":"2026-07-05T08:38:57.414125Z","level":"info","event":"::endgroup::","dag_id":"vehicle_batch_pipeline","ti_id":"019f316e-1532-702c-8be2-d14e69fdb3ea","try_number":1,"task_id":"process_batch_task","map_index":2,"run_id":"manual__2026-07-05T08:38:41.160385+00:00","logger":"task","filename":"task_runner.py","lineno":1896}
