{"timestamp":"2026-07-02T12:13:25.677876Z","level":"info","event":"::group::Pre Execute","logger":"task","filename":"task_runner.py","lineno":1926}
{"timestamp":"2026-07-02T12:13:26.024918Z","level":"info","event":"DAG bundles loaded: dags-folder, example_dags","map_index":0,"ti_id":"019f22bf-5ad0-787f-86ed-38bc64949c29","try_number":1,"run_id":"manual__2026-07-02T12:13:13.625944+00:00","task_id":"process_batch_task","dag_id":"vehicle_batch_pipeline","logger":"airflow.dag_processing.bundles.manager.DagBundlesManager","filename":"manager.py","lineno":209}
{"timestamp":"2026-07-02T12:13:26.027729Z","level":"info","event":"Filling up the DagBag from /opt/airflow/dags/vehicle_pipeline.py","map_index":0,"ti_id":"019f22bf-5ad0-787f-86ed-38bc64949c29","try_number":1,"run_id":"manual__2026-07-02T12:13:13.625944+00:00","task_id":"process_batch_task","dag_id":"vehicle_batch_pipeline","logger":"airflow.dag_processing.dagbag.BundleDagBag","filename":"dagbag.py","lineno":469}
{"timestamp":"2026-07-02T12:13:26.184552Z","level":"info","event":"Task instance is in running state","logger":"task.stdout"}
{"timestamp":"2026-07-02T12:13:26.185252Z","level":"info","event":" Previous state of the Task instance: TaskInstanceState.QUEUED","logger":"task.stdout"}
{"timestamp":"2026-07-02T12:13:26.187032Z","level":"info","event":"Current task name:process_batch_task","logger":"task.stdout"}
{"timestamp":"2026-07-02T12:13:26.187514Z","level":"info","event":"Dag name:vehicle_batch_pipeline","logger":"task.stdout"}
{"timestamp":"2026-07-02T12:13:26.184504Z","level":"info","event":"::endgroup::","map_index":0,"ti_id":"019f22bf-5ad0-787f-86ed-38bc64949c29","try_number":1,"run_id":"manual__2026-07-02T12:13:13.625944+00:00","task_id":"process_batch_task","dag_id":"vehicle_batch_pipeline","logger":"task","filename":"task_runner.py","lineno":1727}
{"timestamp":"2026-07-02T12:13:26.186426Z","level":"info","event":"Processing batch_1.csv","logger":"scripts.process_batch","map_index":0,"ti_id":"019f22bf-5ad0-787f-86ed-38bc64949c29","try_number":1,"run_id":"manual__2026-07-02T12:13:13.625944+00:00","task_id":"process_batch_task","dag_id":"vehicle_batch_pipeline","filename":"process_batch.py","lineno":12}
{"timestamp":"2026-07-02T12:13:26.189852Z","level":"error","event":"2026-07-02 12:13:26,186 | INFO | Processing batch_1.csv","logger":"task.stderr"}
{"timestamp":"2026-07-02T12:13:26.199209Z","level":"error","event":"2026-07-02 12:13:26,199 | INFO | Rows = 2","logger":"task.stderr"}
{"timestamp":"2026-07-02T12:13:26.199165Z","level":"info","event":"Rows = 2","logger":"scripts.process_batch","map_index":0,"ti_id":"019f22bf-5ad0-787f-86ed-38bc64949c29","try_number":1,"run_id":"manual__2026-07-02T12:13:13.625944+00:00","task_id":"process_batch_task","dag_id":"vehicle_batch_pipeline","filename":"process_batch.py","lineno":16}
{"timestamp":"2026-07-02T12:13:26.764558Z","level":"info","event":"V001 processed in 0.56 sec","logger":"task.stdout"}
{"timestamp":"2026-07-02T12:13:26.886872Z","level":"info","event":"V002 processed in 0.12 sec","logger":"task.stdout"}
{"timestamp":"2026-07-02T12:13:27.018651Z","level":"info","event":"Done. Returned value was:    year    brand     model  ...  bank blacklisted market_price\n0  2022   Toyota  Fortuner  ...  HDFC       False      1100000\n1  2021  Hyundai     Creta  ...  HDFC       False      1000000\n\n[2 rows x 11 columns]","map_index":0,"ti_id":"019f22bf-5ad0-787f-86ed-38bc64949c29","try_number":1,"run_id":"manual__2026-07-02T12:13:13.625944+00:00","task_id":"process_batch_task","dag_id":"vehicle_batch_pipeline","logger":"airflow.task.operators.airflow.providers.standard.decorators.python._PythonDecoratedOperator","filename":"python.py","lineno":233}
{"timestamp":"2026-07-02T12:13:27.018892Z","level":"info","event":"::group::Post Execute","map_index":0,"ti_id":"019f22bf-5ad0-787f-86ed-38bc64949c29","try_number":1,"run_id":"manual__2026-07-02T12:13:13.625944+00:00","task_id":"process_batch_task","dag_id":"vehicle_batch_pipeline","logger":"task","filename":"task_runner.py","lineno":1288}
{"timestamp":"2026-07-02T12:13:27.019095Z","level":"info","event":"Pushing xcom","ti":"RuntimeTaskInstance(id=UUID('019f22bf-5ad0-787f-86ed-38bc64949c29'), task_id='process_batch_task', dag_id='vehicle_batch_pipeline', run_id='manual__2026-07-02T12:13:13.625944+00:00', try_number=1, dag_version_id=UUID('019f226a-7f03-7411-acb3-c6b416c8a850'), map_index=0, hostname='8e3d505c6688', context_carrier={'traceparent': '00-158703d83aaf2d1c0cc18a9177a6e22d-e068c3249092ba92-01'}, task=<Task(_PythonDecoratedOperator): process_batch_task>, bundle_instance=LocalDagBundle(name=dags-folder), max_tries=0, start_date=datetime.datetime(2026, 7, 2, 12, 13, 25, 690840, tzinfo=datetime.timezone.utc), end_date=None, state=<TaskInstanceState.RUNNING: 'running'>, is_mapped=True, rendered_map_index=None, sentry_integration='')","map_index":0,"ti_id":"019f22bf-5ad0-787f-86ed-38bc64949c29","try_number":1,"run_id":"manual__2026-07-02T12:13:13.625944+00:00","task_id":"process_batch_task","dag_id":"vehicle_batch_pipeline","logger":"task","filename":"task_runner.py","lineno":1791}
{"timestamp":"2026-07-02T12:13:27.290119Z","level":"info","event":"Task instance in success state","logger":"task.stdout"}
{"timestamp":"2026-07-02T12:13:27.291271Z","level":"info","event":" Previous state of the Task instance: TaskInstanceState.RUNNING","logger":"task.stdout"}
{"timestamp":"2026-07-02T12:13:27.292234Z","level":"info","event":"Task operator:<Task(_PythonDecoratedOperator): process_batch_task>","logger":"task.stdout"}
{"timestamp":"2026-07-02T12:13:27.288584Z","level":"info","event":"::endgroup::","map_index":0,"ti_id":"019f22bf-5ad0-787f-86ed-38bc64949c29","try_number":1,"run_id":"manual__2026-07-02T12:13:13.625944+00:00","task_id":"process_batch_task","dag_id":"vehicle_batch_pipeline","logger":"task","filename":"task_runner.py","lineno":1896}
