{"timestamp":"2026-07-04T08:50:14.324841Z","level":"info","event":"::group::Pre Execute","logger":"task","filename":"task_runner.py","lineno":1926}
{"timestamp":"2026-07-04T08:50:14.697480Z","level":"info","event":"DAG bundles loaded: dags-folder, example_dags","try_number":1,"run_id":"manual__2026-07-04T08:49:58.860431+00:00","dag_id":"vehicle_batch_pipeline","ti_id":"019f2c51-fe94-7cd2-8174-cf6796a5458d","task_id":"process_batch_task","map_index":0,"logger":"airflow.dag_processing.bundles.manager.DagBundlesManager","filename":"manager.py","lineno":209}
{"timestamp":"2026-07-04T08:50:14.699200Z","level":"info","event":"Filling up the DagBag from /opt/airflow/dags/vehicle_pipeline.py","try_number":1,"run_id":"manual__2026-07-04T08:49:58.860431+00:00","dag_id":"vehicle_batch_pipeline","ti_id":"019f2c51-fe94-7cd2-8174-cf6796a5458d","task_id":"process_batch_task","map_index":0,"logger":"airflow.dag_processing.dagbag.BundleDagBag","filename":"dagbag.py","lineno":469}
{"timestamp":"2026-07-04T08:50:14.841136Z","level":"info","event":"Task instance is in running state","logger":"task.stdout"}
{"timestamp":"2026-07-04T08:50:14.842502Z","level":"info","event":" Previous state of the Task instance: TaskInstanceState.QUEUED","logger":"task.stdout"}
{"timestamp":"2026-07-04T08:50:14.843190Z","level":"info","event":"Current task name:process_batch_task","logger":"task.stdout"}
{"timestamp":"2026-07-04T08:50:14.843755Z","level":"info","event":"Dag name:vehicle_batch_pipeline","logger":"task.stdout"}
{"timestamp":"2026-07-04T08:50:14.842071Z","level":"info","event":"::endgroup::","try_number":1,"run_id":"manual__2026-07-04T08:49:58.860431+00:00","dag_id":"vehicle_batch_pipeline","ti_id":"019f2c51-fe94-7cd2-8174-cf6796a5458d","task_id":"process_batch_task","map_index":0,"logger":"task","filename":"task_runner.py","lineno":1727}
{"timestamp":"2026-07-04T08:50:14.844628Z","level":"info","event":"Processing batch_1.csv","logger":"scripts.process_batch","try_number":1,"run_id":"manual__2026-07-04T08:49:58.860431+00:00","dag_id":"vehicle_batch_pipeline","ti_id":"019f2c51-fe94-7cd2-8174-cf6796a5458d","task_id":"process_batch_task","map_index":0,"filename":"process_batch.py","lineno":13}
{"timestamp":"2026-07-04T08:50:14.845482Z","level":"error","event":"2026-07-04 08:50:14,844 | INFO | Processing batch_1.csv","logger":"task.stderr"}
{"timestamp":"2026-07-04T08:50:14.853862Z","level":"error","event":"2026-07-04 08:50:14,853 | INFO | Rows = 2","logger":"task.stderr"}
{"timestamp":"2026-07-04T08:50:14.853820Z","level":"info","event":"Rows = 2","logger":"scripts.process_batch","try_number":1,"run_id":"manual__2026-07-04T08:49:58.860431+00:00","dag_id":"vehicle_batch_pipeline","ti_id":"019f2c51-fe94-7cd2-8174-cf6796a5458d","task_id":"process_batch_task","map_index":0,"filename":"process_batch.py","lineno":17}
{"timestamp":"2026-07-04T08:50:14.855444Z","level":"error","event":"2026-07-04 08:50:14,855 | INFO | Using environment: staging","logger":"task.stderr"}
{"timestamp":"2026-07-04T08:50:14.857103Z","level":"error","event":"2026-07-04 08:50:14,855 | INFO | Calling URL: http://host.docker.internal:8000/rc","logger":"task.stderr"}
{"timestamp":"2026-07-04T08:50:14.855419Z","level":"info","event":"Using environment: staging","logger":"scripts.api_client","filename":"api_client.py","lineno":19}
{"timestamp":"2026-07-04T08:50:14.855582Z","level":"info","event":"Calling URL: http://host.docker.internal:8000/rc","logger":"scripts.api_client","filename":"api_client.py","lineno":20}
{"timestamp":"2026-07-04T08:50:14.860468Z","level":"error","event":"2026-07-04 08:50:14,858 | INFO | Using environment: staging","logger":"task.stderr"}
{"timestamp":"2026-07-04T08:50:14.861039Z","level":"error","event":"2026-07-04 08:50:14,859 | INFO | Calling URL: http://host.docker.internal:8000/fastag","logger":"task.stderr"}
{"timestamp":"2026-07-04T08:50:14.861593Z","level":"error","event":"2026-07-04 08:50:14,859 | INFO | Using environment: staging","logger":"task.stderr"}
{"timestamp":"2026-07-04T08:50:14.862082Z","level":"error","event":"2026-07-04 08:50:14,860 | INFO | Calling URL: http://host.docker.internal:8000/vrn","logger":"task.stderr"}
{"timestamp":"2026-07-04T08:50:14.859110Z","level":"info","event":"Using environment: staging","logger":"scripts.api_client","filename":"api_client.py","lineno":19}
{"timestamp":"2026-07-04T08:50:14.859443Z","level":"info","event":"Calling URL: http://host.docker.internal:8000/fastag","logger":"scripts.api_client","filename":"api_client.py","lineno":20}
{"timestamp":"2026-07-04T08:50:14.860100Z","level":"info","event":"Using environment: staging","logger":"scripts.api_client","filename":"api_client.py","lineno":19}
{"timestamp":"2026-07-04T08:50:14.860624Z","level":"info","event":"Calling URL: http://host.docker.internal:8000/vrn","logger":"scripts.api_client","filename":"api_client.py","lineno":20}
{"timestamp":"2026-07-04T08:50:14.861728Z","level":"info","event":"Using environment: staging","logger":"scripts.api_client","filename":"api_client.py","lineno":19}
{"timestamp":"2026-07-04T08:50:14.861914Z","level":"info","event":"Calling URL: http://host.docker.internal:8000/valuation","logger":"scripts.api_client","filename":"api_client.py","lineno":20}
{"timestamp":"2026-07-04T08:50:14.865572Z","level":"error","event":"2026-07-04 08:50:14,861 | INFO | Using environment: staging","logger":"task.stderr"}
{"timestamp":"2026-07-04T08:50:14.866079Z","level":"error","event":"2026-07-04 08:50:14,861 | INFO | Calling URL: http://host.docker.internal:8000/valuation","logger":"task.stderr"}
{"timestamp":"2026-07-04T08:50:14.952835Z","level":"error","event":"2026-07-04 08:50:14,952 | WARNING | Retrying scripts.api_client.post in 1 seconds as it raised ConnectionError: HTTPConnectionPool(host='host.docker.internal', port=8000): Max retries exceeded with url: /rc (Caused by NewConnectionError(\"HTTPConnection(host='host.docker.internal', port=8000): Failed to establish a new connection: [Errno 101] Network is unreachable\")).","logger":"task.stderr"}
{"timestamp":"2026-07-04T08:50:14.953581Z","level":"warning","event":"Retrying scripts.api_client.post in 1 seconds as it raised ConnectionError: HTTPConnectionPool(host='host.docker.internal', port=8000): Max retries exceeded with url: /rc (Caused by NewConnectionError(\"HTTPConnection(host='host.docker.internal', port=8000): Failed to establish a new connection: [Errno 101] Network is unreachable\")).","logger":"scripts.api_client","filename":"before_sleep.py","lineno":64}
{"timestamp":"2026-07-04T08:50:14.954062Z","level":"warning","event":"Retrying scripts.api_client.post in 1 seconds as it raised ConnectionError: HTTPConnectionPool(host='host.docker.internal', port=8000): Max retries exceeded with url: /vrn (Caused by NewConnectionError(\"HTTPConnection(host='host.docker.internal', port=8000): Failed to establish a new connection: [Errno 101] Network is unreachable\")).","logger":"scripts.api_client","filename":"before_sleep.py","lineno":64}
{"timestamp":"2026-07-04T08:50:14.954205Z","level":"warning","event":"Retrying scripts.api_client.post in 1 seconds as it raised ConnectionError: HTTPConnectionPool(host='host.docker.internal', port=8000): Max retries exceeded with url: /fastag (Caused by NewConnectionError(\"HTTPConnection(host='host.docker.internal', port=8000): Failed to establish a new connection: [Errno 101] Network is unreachable\")).","logger":"scripts.api_client","filename":"before_sleep.py","lineno":64}
{"timestamp":"2026-07-04T08:50:14.954380Z","level":"warning","event":"Retrying scripts.api_client.post in 1 seconds as it raised ConnectionError: HTTPConnectionPool(host='host.docker.internal', port=8000): Max retries exceeded with url: /valuation (Caused by NewConnectionError(\"HTTPConnection(host='host.docker.internal', port=8000): Failed to establish a new connection: [Errno 101] Network is unreachable\")).","logger":"scripts.api_client","filename":"before_sleep.py","lineno":64}
{"timestamp":"2026-07-04T08:50:14.960436Z","level":"error","event":"2026-07-04 08:50:14,952 | WARNING | Retrying scripts.api_client.post in 1 seconds as it raised ConnectionError: HTTPConnectionPool(host='host.docker.internal', port=8000): Max retries exceeded with url: /vrn (Caused by NewConnectionError(\"HTTPConnection(host='host.docker.internal', port=8000): Failed to establish a new connection: [Errno 101] Network is unreachable\")).","logger":"task.stderr"}
{"timestamp":"2026-07-04T08:50:14.960977Z","level":"error","event":"2026-07-04 08:50:14,953 | WARNING | Retrying scripts.api_client.post in 1 seconds as it raised ConnectionError: HTTPConnectionPool(host='host.docker.internal', port=8000): Max retries exceeded with url: /fastag (Caused by NewConnectionError(\"HTTPConnection(host='host.docker.internal', port=8000): Failed to establish a new connection: [Errno 101] Network is unreachable\")).","logger":"task.stderr"}
{"timestamp":"2026-07-04T08:50:14.961437Z","level":"error","event":"2026-07-04 08:50:14,953 | WARNING | Retrying scripts.api_client.post in 1 seconds as it raised ConnectionError: HTTPConnectionPool(host='host.docker.internal', port=8000): Max retries exceeded with url: /valuation (Caused by NewConnectionError(\"HTTPConnection(host='host.docker.internal', port=8000): Failed to establish a new connection: [Errno 101] Network is unreachable\")).","logger":"task.stderr"}
{"timestamp":"2026-07-04T08:50:15.954580Z","level":"error","event":"2026-07-04 08:50:15,954 | INFO | Using environment: staging","logger":"task.stderr"}
{"timestamp":"2026-07-04T08:50:15.955357Z","level":"error","event":"2026-07-04 08:50:15,954 | INFO | Using environment: staging","logger":"task.stderr"}
{"timestamp":"2026-07-04T08:50:15.956762Z","level":"error","event":"2026-07-04 08:50:15,954 | INFO | Calling URL: http://host.docker.internal:8000/rc","logger":"task.stderr"}
{"timestamp":"2026-07-04T08:50:15.957243Z","level":"error","event":"2026-07-04 08:50:15,954 | INFO | Using environment: staging","logger":"task.stderr"}
{"timestamp":"2026-07-04T08:50:15.954357Z","level":"info","event":"Using environment: staging","logger":"scripts.api_client","filename":"api_client.py","lineno":19}
{"timestamp":"2026-07-04T08:50:15.954694Z","level":"info","event":"Using environment: staging","logger":"scripts.api_client","filename":"api_client.py","lineno":19}
{"timestamp":"2026-07-04T08:50:15.954909Z","level":"info","event":"Calling URL: http://host.docker.internal:8000/rc","logger":"scripts.api_client","filename":"api_client.py","lineno":20}
{"timestamp":"2026-07-04T08:50:15.955242Z","level":"info","event":"Using environment: staging","logger":"scripts.api_client","filename":"api_client.py","lineno":19}
{"timestamp":"2026-07-04T08:50:15.955534Z","level":"info","event":"Calling URL: http://host.docker.internal:8000/vrn","logger":"scripts.api_client","filename":"api_client.py","lineno":20}
{"timestamp":"2026-07-04T08:50:15.957390Z","level":"info","event":"Calling URL: http://host.docker.internal:8000/fastag","logger":"scripts.api_client","filename":"api_client.py","lineno":20}
{"timestamp":"2026-07-04T08:50:15.962841Z","level":"error","event":"2026-07-04 08:50:15,954 | INFO | Calling URL: http://host.docker.internal:8000/vrn","logger":"task.stderr"}
{"timestamp":"2026-07-04T08:50:15.963549Z","level":"error","event":"2026-07-04 08:50:15,955 | INFO | Calling URL: http://host.docker.internal:8000/fastag","logger":"task.stderr"}
{"timestamp":"2026-07-04T08:50:15.964220Z","level":"error","event":"2026-07-04 08:50:15,955 | INFO | Using environment: staging","logger":"task.stderr"}
{"timestamp":"2026-07-04T08:50:15.964883Z","level":"error","event":"2026-07-04 08:50:15,959 | INFO | Calling URL: http://host.docker.internal:8000/valuation","logger":"task.stderr"}
{"timestamp":"2026-07-04T08:50:15.958829Z","level":"info","event":"Using environment: staging","logger":"scripts.api_client","filename":"api_client.py","lineno":19}
{"timestamp":"2026-07-04T08:50:15.959104Z","level":"info","event":"Calling URL: http://host.docker.internal:8000/valuation","logger":"scripts.api_client","filename":"api_client.py","lineno":20}
{"timestamp":"2026-07-04T08:50:15.963495Z","level":"warning","event":"Retrying scripts.api_client.post in 2 seconds as it raised ConnectionError: HTTPConnectionPool(host='host.docker.internal', port=8000): Max retries exceeded with url: /rc (Caused by NewConnectionError(\"HTTPConnection(host='host.docker.internal', port=8000): Failed to establish a new connection: [Errno 101] Network is unreachable\")).","logger":"scripts.api_client","filename":"before_sleep.py","lineno":64}
{"timestamp":"2026-07-04T08:50:15.964419Z","level":"warning","event":"Retrying scripts.api_client.post in 2 seconds as it raised ConnectionError: HTTPConnectionPool(host='host.docker.internal', port=8000): Max retries exceeded with url: /vrn (Caused by NewConnectionError(\"HTTPConnection(host='host.docker.internal', port=8000): Failed to establish a new connection: [Errno 101] Network is unreachable\")).","logger":"scripts.api_client","filename":"before_sleep.py","lineno":64}
{"timestamp":"2026-07-04T08:50:15.964916Z","level":"warning","event":"Retrying scripts.api_client.post in 2 seconds as it raised ConnectionError: HTTPConnectionPool(host='host.docker.internal', port=8000): Max retries exceeded with url: /valuation (Caused by NewConnectionError(\"HTTPConnection(host='host.docker.internal', port=8000): Failed to establish a new connection: [Errno 101] Network is unreachable\")).","logger":"scripts.api_client","filename":"before_sleep.py","lineno":64}
{"timestamp":"2026-07-04T08:50:15.965055Z","level":"warning","event":"Retrying scripts.api_client.post in 2 seconds as it raised ConnectionError: HTTPConnectionPool(host='host.docker.internal', port=8000): Max retries exceeded with url: /fastag (Caused by NewConnectionError(\"HTTPConnection(host='host.docker.internal', port=8000): Failed to establish a new connection: [Errno 101] Network is unreachable\")).","logger":"scripts.api_client","filename":"before_sleep.py","lineno":64}
{"timestamp":"2026-07-04T08:50:15.968611Z","level":"error","event":"2026-07-04 08:50:15,963 | WARNING | Retrying scripts.api_client.post in 2 seconds as it raised ConnectionError: HTTPConnectionPool(host='host.docker.internal', port=8000): Max retries exceeded with url: /rc (Caused by NewConnectionError(\"HTTPConnection(host='host.docker.internal', port=8000): Failed to establish a new connection: [Errno 101] Network is unreachable\")).","logger":"task.stderr"}
{"timestamp":"2026-07-04T08:50:15.969037Z","level":"error","event":"2026-07-04 08:50:15,963 | WARNING | Retrying scripts.api_client.post in 2 seconds as it raised ConnectionError: HTTPConnectionPool(host='host.docker.internal', port=8000): Max retries exceeded with url: /vrn (Caused by NewConnectionError(\"HTTPConnection(host='host.docker.internal', port=8000): Failed to establish a new connection: [Errno 101] Network is unreachable\")).","logger":"task.stderr"}
{"timestamp":"2026-07-04T08:50:15.969476Z","level":"error","event":"2026-07-04 08:50:15,964 | WARNING | Retrying scripts.api_client.post in 2 seconds as it raised ConnectionError: HTTPConnectionPool(host='host.docker.internal', port=8000): Max retries exceeded with url: /valuation (Caused by NewConnectionError(\"HTTPConnection(host='host.docker.internal', port=8000): Failed to establish a new connection: [Errno 101] Network is unreachable\")).","logger":"task.stderr"}
{"timestamp":"2026-07-04T08:50:15.969931Z","level":"error","event":"2026-07-04 08:50:15,964 | WARNING | Retrying scripts.api_client.post in 2 seconds as it raised ConnectionError: HTTPConnectionPool(host='host.docker.internal', port=8000): Max retries exceeded with url: /fastag (Caused by NewConnectionError(\"HTTPConnection(host='host.docker.internal', port=8000): Failed to establish a new connection: [Errno 101] Network is unreachable\")).","logger":"task.stderr"}
{"timestamp":"2026-07-04T08:50:17.964571Z","level":"error","event":"2026-07-04 08:50:17,964 | INFO | Using environment: staging","logger":"task.stderr"}
{"timestamp":"2026-07-04T08:50:17.965900Z","level":"error","event":"2026-07-04 08:50:17,964 | INFO | Calling URL: http://host.docker.internal:8000/rc","logger":"task.stderr"}
{"timestamp":"2026-07-04T08:50:17.967157Z","level":"error","event":"2026-07-04 08:50:17,965 | INFO | Using environment: staging","logger":"task.stderr"}
{"timestamp":"2026-07-04T08:50:17.964496Z","level":"info","event":"Using environment: staging","logger":"scripts.api_client","filename":"api_client.py","lineno":19}
{"timestamp":"2026-07-04T08:50:17.964719Z","level":"info","event":"Calling URL: http://host.docker.internal:8000/rc","logger":"scripts.api_client","filename":"api_client.py","lineno":20}
{"timestamp":"2026-07-04T08:50:17.966218Z","level":"info","event":"Using environment: staging","logger":"scripts.api_client","filename":"api_client.py","lineno":19}
{"timestamp":"2026-07-04T08:50:17.966483Z","level":"info","event":"Calling URL: http://host.docker.internal:8000/vrn","logger":"scripts.api_client","filename":"api_client.py","lineno":20}
{"timestamp":"2026-07-04T08:50:17.971641Z","level":"error","event":"2026-07-04 08:50:17,966 | INFO | Calling URL: http://host.docker.internal:8000/vrn","logger":"task.stderr"}
{"timestamp":"2026-07-04T08:50:17.973836Z","level":"error","event":"2026-07-04 08:50:17,967 | INFO | Using environment: staging","logger":"task.stderr"}
{"timestamp":"2026-07-04T08:50:17.974634Z","level":"error","event":"2026-07-04 08:50:17,969 | INFO | Using environment: staging","logger":"task.stderr"}
{"timestamp":"2026-07-04T08:50:17.975926Z","level":"error","event":"2026-07-04 08:50:17,970 | INFO | Calling URL: http://host.docker.internal:8000/valuation","logger":"task.stderr"}
{"timestamp":"2026-07-04T08:50:17.970221Z","level":"info","event":"Using environment: staging","logger":"scripts.api_client","filename":"api_client.py","lineno":19}
{"timestamp":"2026-07-04T08:50:17.970785Z","level":"info","event":"Using environment: staging","logger":"scripts.api_client","filename":"api_client.py","lineno":19}
{"timestamp":"2026-07-04T08:50:17.971104Z","level":"info","event":"Calling URL: http://host.docker.internal:8000/valuation","logger":"scripts.api_client","filename":"api_client.py","lineno":20}
{"timestamp":"2026-07-04T08:50:17.972785Z","level":"info","event":"Calling URL: http://host.docker.internal:8000/fastag","logger":"scripts.api_client","filename":"api_client.py","lineno":20}
{"timestamp":"2026-07-04T08:50:17.980659Z","level":"error","event":"2026-07-04 08:50:17,970 | INFO | Calling URL: http://host.docker.internal:8000/fastag","logger":"task.stderr"}
{"timestamp":"2026-07-04T08:50:18.001468Z","level":"error","event":"2026-07-04 08:50:18,001 | ERROR | RC failed for Vehicle V001: HTTPConnectionPool(host='host.docker.internal', port=8000): Max retries exceeded with url: /rc (Caused by NewConnectionError(\"HTTPConnection(host='host.docker.internal', port=8000): Failed to establish a new connection: [Errno 101] Network is unreachable\"))","logger":"task.stderr"}
{"timestamp":"2026-07-04T08:50:18.002891Z","level":"error","event":"2026-07-04 08:50:18,001 | ERROR | FASTag failed for Vehicle V001: HTTPConnectionPool(host='host.docker.internal', port=8000): Max retries exceeded with url: /fastag (Caused by NewConnectionError(\"HTTPConnection(host='host.docker.internal', port=8000): Failed to establish a new connection: [Errno 101] Network is unreachable\"))","logger":"task.stderr"}
{"timestamp":"2026-07-04T08:50:18.003672Z","level":"error","event":"2026-07-04 08:50:18,001 | ERROR | VRN failed for Vehicle V001: HTTPConnectionPool(host='host.docker.internal', port=8000): Max retries exceeded with url: /vrn (Caused by NewConnectionError(\"HTTPConnection(host='host.docker.internal', port=8000): Failed to establish a new connection: [Errno 101] Network is unreachable\"))","logger":"task.stderr"}
{"timestamp":"2026-07-04T08:50:18.004213Z","level":"error","event":"2026-07-04 08:50:18,001 | ERROR | Valuation failed for Vehicle V001: HTTPConnectionPool(host='host.docker.internal', port=8000): Max retries exceeded with url: /valuation (Caused by NewConnectionError(\"HTTPConnection(host='host.docker.internal', port=8000): Failed to establish a new connection: [Errno 101] Network is unreachable\"))","logger":"task.stderr"}
{"timestamp":"2026-07-04T08:50:18.001361Z","level":"error","event":"RC failed for Vehicle V001: HTTPConnectionPool(host='host.docker.internal', port=8000): Max retries exceeded with url: /rc (Caused by NewConnectionError(\"HTTPConnection(host='host.docker.internal', port=8000): Failed to establish a new connection: [Errno 101] Network is unreachable\"))","logger":"utils.error_handler","try_number":1,"run_id":"manual__2026-07-04T08:49:58.860431+00:00","dag_id":"vehicle_batch_pipeline","ti_id":"019f2c51-fe94-7cd2-8174-cf6796a5458d","task_id":"process_batch_task","map_index":0,"filename":"error_handler.py","lineno":7}
{"timestamp":"2026-07-04T08:50:18.001716Z","level":"error","event":"FASTag failed for Vehicle V001: HTTPConnectionPool(host='host.docker.internal', port=8000): Max retries exceeded with url: /fastag (Caused by NewConnectionError(\"HTTPConnection(host='host.docker.internal', port=8000): Failed to establish a new connection: [Errno 101] Network is unreachable\"))","logger":"utils.error_handler","try_number":1,"run_id":"manual__2026-07-04T08:49:58.860431+00:00","dag_id":"vehicle_batch_pipeline","ti_id":"019f2c51-fe94-7cd2-8174-cf6796a5458d","task_id":"process_batch_task","map_index":0,"filename":"error_handler.py","lineno":7}
{"timestamp":"2026-07-04T08:50:18.001870Z","level":"error","event":"VRN failed for Vehicle V001: HTTPConnectionPool(host='host.docker.internal', port=8000): Max retries exceeded with url: /vrn (Caused by NewConnectionError(\"HTTPConnection(host='host.docker.internal', port=8000): Failed to establish a new connection: [Errno 101] Network is unreachable\"))","logger":"utils.error_handler","try_number":1,"run_id":"manual__2026-07-04T08:49:58.860431+00:00","dag_id":"vehicle_batch_pipeline","ti_id":"019f2c51-fe94-7cd2-8174-cf6796a5458d","task_id":"process_batch_task","map_index":0,"filename":"error_handler.py","lineno":7}
{"timestamp":"2026-07-04T08:50:18.001990Z","level":"error","event":"Valuation failed for Vehicle V001: HTTPConnectionPool(host='host.docker.internal', port=8000): Max retries exceeded with url: /valuation (Caused by NewConnectionError(\"HTTPConnection(host='host.docker.internal', port=8000): Failed to establish a new connection: [Errno 101] Network is unreachable\"))","logger":"utils.error_handler","try_number":1,"run_id":"manual__2026-07-04T08:49:58.860431+00:00","dag_id":"vehicle_batch_pipeline","ti_id":"019f2c51-fe94-7cd2-8174-cf6796a5458d","task_id":"process_batch_task","map_index":0,"filename":"error_handler.py","lineno":7}
{"timestamp":"2026-07-04T08:50:18.024456Z","level":"error","event":"2026-07-04 08:50:18,004 | INFO | Using environment: staging","logger":"task.stderr"}
{"timestamp":"2026-07-04T08:50:18.026402Z","level":"error","event":"2026-07-04 08:50:18,004 | INFO | Using environment: staging","logger":"task.stderr"}
{"timestamp":"2026-07-04T08:50:18.027307Z","level":"error","event":"2026-07-04 08:50:18,005 | INFO | Calling URL: http://host.docker.internal:8000/rc","logger":"task.stderr"}
{"timestamp":"2026-07-04T08:50:18.028017Z","level":"error","event":"2026-07-04 08:50:18,005 | INFO | Using environment: staging","logger":"task.stderr"}
{"timestamp":"2026-07-04T08:50:18.028786Z","level":"error","event":"2026-07-04 08:50:18,005 | INFO | Calling URL: http://host.docker.internal:8000/fastag","logger":"task.stderr"}
{"timestamp":"2026-07-04T08:50:18.029406Z","level":"error","event":"2026-07-04 08:50:18,012 | INFO | Calling URL: http://host.docker.internal:8000/vrn","logger":"task.stderr"}
{"timestamp":"2026-07-04T08:50:18.030076Z","level":"error","event":"2026-07-04 08:50:18,012 | INFO | Using environment: staging","logger":"task.stderr"}
{"timestamp":"2026-07-04T08:50:18.030776Z","level":"error","event":"2026-07-04 08:50:18,020 | INFO | Calling URL: http://host.docker.internal:8000/valuation","logger":"task.stderr"}
{"timestamp":"2026-07-04T08:50:18.004874Z","level":"info","event":"Using environment: staging","logger":"scripts.api_client","filename":"api_client.py","lineno":19}
{"timestamp":"2026-07-04T08:50:18.005309Z","level":"info","event":"Using environment: staging","logger":"scripts.api_client","filename":"api_client.py","lineno":19}
{"timestamp":"2026-07-04T08:50:18.006148Z","level":"info","event":"Calling URL: http://host.docker.internal:8000/rc","logger":"scripts.api_client","filename":"api_client.py","lineno":20}
{"timestamp":"2026-07-04T08:50:18.011600Z","level":"info","event":"Using environment: staging","logger":"scripts.api_client","filename":"api_client.py","lineno":19}
{"timestamp":"2026-07-04T08:50:18.013037Z","level":"info","event":"Calling URL: http://host.docker.internal:8000/fastag","logger":"scripts.api_client","filename":"api_client.py","lineno":20}
{"timestamp":"2026-07-04T08:50:18.016043Z","level":"info","event":"Calling URL: http://host.docker.internal:8000/vrn","logger":"scripts.api_client","filename":"api_client.py","lineno":20}
{"timestamp":"2026-07-04T08:50:18.019396Z","level":"info","event":"Using environment: staging","logger":"scripts.api_client","filename":"api_client.py","lineno":19}
{"timestamp":"2026-07-04T08:50:18.020511Z","level":"info","event":"Calling URL: http://host.docker.internal:8000/valuation","logger":"scripts.api_client","filename":"api_client.py","lineno":20}
{"timestamp":"2026-07-04T08:50:18.025485Z","level":"warning","event":"Retrying scripts.api_client.post in 1 seconds as it raised ConnectionError: HTTPConnectionPool(host='host.docker.internal', port=8000): Max retries exceeded with url: /rc (Caused by NewConnectionError(\"HTTPConnection(host='host.docker.internal', port=8000): Failed to establish a new connection: [Errno 101] Network is unreachable\")).","logger":"scripts.api_client","filename":"before_sleep.py","lineno":64}
{"timestamp":"2026-07-04T08:50:18.027685Z","level":"warning","event":"Retrying scripts.api_client.post in 1 seconds as it raised ConnectionError: HTTPConnectionPool(host='host.docker.internal', port=8000): Max retries exceeded with url: /vrn (Caused by NewConnectionError(\"HTTPConnection(host='host.docker.internal', port=8000): Failed to establish a new connection: [Errno 101] Network is unreachable\")).","logger":"scripts.api_client","filename":"before_sleep.py","lineno":64}
{"timestamp":"2026-07-04T08:50:18.028359Z","level":"warning","event":"Retrying scripts.api_client.post in 1 seconds as it raised ConnectionError: HTTPConnectionPool(host='host.docker.internal', port=8000): Max retries exceeded with url: /fastag (Caused by NewConnectionError(\"HTTPConnection(host='host.docker.internal', port=8000): Failed to establish a new connection: [Errno 101] Network is unreachable\")).","logger":"scripts.api_client","filename":"before_sleep.py","lineno":64}
{"timestamp":"2026-07-04T08:50:18.030921Z","level":"warning","event":"Retrying scripts.api_client.post in 1 seconds as it raised ConnectionError: HTTPConnectionPool(host='host.docker.internal', port=8000): Max retries exceeded with url: /valuation (Caused by NewConnectionError(\"HTTPConnection(host='host.docker.internal', port=8000): Failed to establish a new connection: [Errno 101] Network is unreachable\")).","logger":"scripts.api_client","filename":"before_sleep.py","lineno":64}
{"timestamp":"2026-07-04T08:50:18.037449Z","level":"info","event":"V001 processed in 3.15 sec","logger":"task.stdout"}
{"timestamp":"2026-07-04T08:50:18.038149Z","level":"error","event":"2026-07-04 08:50:18,024 | WARNING | Retrying scripts.api_client.post in 1 seconds as it raised ConnectionError: HTTPConnectionPool(host='host.docker.internal', port=8000): Max retries exceeded with url: /rc (Caused by NewConnectionError(\"HTTPConnection(host='host.docker.internal', port=8000): Failed to establish a new connection: [Errno 101] Network is unreachable\")).","logger":"task.stderr"}
{"timestamp":"2026-07-04T08:50:18.038609Z","level":"error","event":"2026-07-04 08:50:18,027 | WARNING | Retrying scripts.api_client.post in 1 seconds as it raised ConnectionError: HTTPConnectionPool(host='host.docker.internal', port=8000): Max retries exceeded with url: /vrn (Caused by NewConnectionError(\"HTTPConnection(host='host.docker.internal', port=8000): Failed to establish a new connection: [Errno 101] Network is unreachable\")).","logger":"task.stderr"}
{"timestamp":"2026-07-04T08:50:18.039165Z","level":"error","event":"2026-07-04 08:50:18,027 | WARNING | Retrying scripts.api_client.post in 1 seconds as it raised ConnectionError: HTTPConnectionPool(host='host.docker.internal', port=8000): Max retries exceeded with url: /fastag (Caused by NewConnectionError(\"HTTPConnection(host='host.docker.internal', port=8000): Failed to establish a new connection: [Errno 101] Network is unreachable\")).","logger":"task.stderr"}
{"timestamp":"2026-07-04T08:50:18.039757Z","level":"error","event":"2026-07-04 08:50:18,030 | WARNING | Retrying scripts.api_client.post in 1 seconds as it raised ConnectionError: HTTPConnectionPool(host='host.docker.internal', port=8000): Max retries exceeded with url: /valuation (Caused by NewConnectionError(\"HTTPConnection(host='host.docker.internal', port=8000): Failed to establish a new connection: [Errno 101] Network is unreachable\")).","logger":"task.stderr"}
{"timestamp":"2026-07-04T08:50:19.027020Z","level":"error","event":"2026-07-04 08:50:19,026 | INFO | Using environment: staging","logger":"task.stderr"}
{"timestamp":"2026-07-04T08:50:19.027954Z","level":"error","event":"2026-07-04 08:50:19,027 | INFO | Calling URL: http://host.docker.internal:8000/rc","logger":"task.stderr"}
{"timestamp":"2026-07-04T08:50:19.026937Z","level":"info","event":"Using environment: staging","logger":"scripts.api_client","filename":"api_client.py","lineno":19}
{"timestamp":"2026-07-04T08:50:19.027176Z","level":"info","event":"Calling URL: http://host.docker.internal:8000/rc","logger":"scripts.api_client","filename":"api_client.py","lineno":20}
{"timestamp":"2026-07-04T08:50:19.028369Z","level":"info","event":"Using environment: staging","logger":"scripts.api_client","filename":"api_client.py","lineno":19}
{"timestamp":"2026-07-04T08:50:19.028486Z","level":"info","event":"Calling URL: http://host.docker.internal:8000/vrn","logger":"scripts.api_client","filename":"api_client.py","lineno":20}
{"timestamp":"2026-07-04T08:50:19.032531Z","level":"error","event":"2026-07-04 08:50:19,028 | INFO | Using environment: staging","logger":"task.stderr"}
{"timestamp":"2026-07-04T08:50:19.033112Z","level":"error","event":"2026-07-04 08:50:19,028 | INFO | Calling URL: http://host.docker.internal:8000/vrn","logger":"task.stderr"}
{"timestamp":"2026-07-04T08:50:19.033957Z","level":"error","event":"2026-07-04 08:50:19,029 | INFO | Using environment: staging","logger":"task.stderr"}
{"timestamp":"2026-07-04T08:50:19.034485Z","level":"error","event":"2026-07-04 08:50:19,029 | INFO | Calling URL: http://host.docker.internal:8000/fastag","logger":"task.stderr"}
{"timestamp":"2026-07-04T08:50:19.035047Z","level":"error","event":"2026-07-04 08:50:19,031 | INFO | Using environment: staging","logger":"task.stderr"}
{"timestamp":"2026-07-04T08:50:19.035531Z","level":"error","event":"2026-07-04 08:50:19,031 | INFO | Calling URL: http://host.docker.internal:8000/valuation","logger":"task.stderr"}
{"timestamp":"2026-07-04T08:50:19.029590Z","level":"info","event":"Using environment: staging","logger":"scripts.api_client","filename":"api_client.py","lineno":19}
{"timestamp":"2026-07-04T08:50:19.029866Z","level":"info","event":"Calling URL: http://host.docker.internal:8000/fastag","logger":"scripts.api_client","filename":"api_client.py","lineno":20}
{"timestamp":"2026-07-04T08:50:19.031300Z","level":"info","event":"Using environment: staging","logger":"scripts.api_client","filename":"api_client.py","lineno":19}
{"timestamp":"2026-07-04T08:50:19.031467Z","level":"info","event":"Calling URL: http://host.docker.internal:8000/valuation","logger":"scripts.api_client","filename":"api_client.py","lineno":20}
{"timestamp":"2026-07-04T08:50:19.033455Z","level":"warning","event":"Retrying scripts.api_client.post in 2 seconds as it raised ConnectionError: HTTPConnectionPool(host='host.docker.internal', port=8000): Max retries exceeded with url: /rc (Caused by NewConnectionError(\"HTTPConnection(host='host.docker.internal', port=8000): Failed to establish a new connection: [Errno 101] Network is unreachable\")).","logger":"scripts.api_client","filename":"before_sleep.py","lineno":64}
{"timestamp":"2026-07-04T08:50:19.033854Z","level":"warning","event":"Retrying scripts.api_client.post in 2 seconds as it raised ConnectionError: HTTPConnectionPool(host='host.docker.internal', port=8000): Max retries exceeded with url: /vrn (Caused by NewConnectionError(\"HTTPConnection(host='host.docker.internal', port=8000): Failed to establish a new connection: [Errno 101] Network is unreachable\")).","logger":"scripts.api_client","filename":"before_sleep.py","lineno":64}
{"timestamp":"2026-07-04T08:50:19.034398Z","level":"warning","event":"Retrying scripts.api_client.post in 2 seconds as it raised ConnectionError: HTTPConnectionPool(host='host.docker.internal', port=8000): Max retries exceeded with url: /fastag (Caused by NewConnectionError(\"HTTPConnection(host='host.docker.internal', port=8000): Failed to establish a new connection: [Errno 101] Network is unreachable\")).","logger":"scripts.api_client","filename":"before_sleep.py","lineno":64}
{"timestamp":"2026-07-04T08:50:19.036155Z","level":"warning","event":"Retrying scripts.api_client.post in 2 seconds as it raised ConnectionError: HTTPConnectionPool(host='host.docker.internal', port=8000): Max retries exceeded with url: /valuation (Caused by NewConnectionError(\"HTTPConnection(host='host.docker.internal', port=8000): Failed to establish a new connection: [Errno 101] Network is unreachable\")).","logger":"scripts.api_client","filename":"before_sleep.py","lineno":64}
{"timestamp":"2026-07-04T08:50:19.040302Z","level":"error","event":"2026-07-04 08:50:19,033 | WARNING | Retrying scripts.api_client.post in 2 seconds as it raised ConnectionError: HTTPConnectionPool(host='host.docker.internal', port=8000): Max retries exceeded with url: /rc (Caused by NewConnectionError(\"HTTPConnection(host='host.docker.internal', port=8000): Failed to establish a new connection: [Errno 101] Network is unreachable\")).","logger":"task.stderr"}
{"timestamp":"2026-07-04T08:50:19.040734Z","level":"error","event":"2026-07-04 08:50:19,033 | WARNING | Retrying scripts.api_client.post in 2 seconds as it raised ConnectionError: HTTPConnectionPool(host='host.docker.internal', port=8000): Max retries exceeded with url: /vrn (Caused by NewConnectionError(\"HTTPConnection(host='host.docker.internal', port=8000): Failed to establish a new connection: [Errno 101] Network is unreachable\")).","logger":"task.stderr"}
{"timestamp":"2026-07-04T08:50:19.041167Z","level":"error","event":"2026-07-04 08:50:19,034 | WARNING | Retrying scripts.api_client.post in 2 seconds as it raised ConnectionError: HTTPConnectionPool(host='host.docker.internal', port=8000): Max retries exceeded with url: /fastag (Caused by NewConnectionError(\"HTTPConnection(host='host.docker.internal', port=8000): Failed to establish a new connection: [Errno 101] Network is unreachable\")).","logger":"task.stderr"}
{"timestamp":"2026-07-04T08:50:19.041760Z","level":"error","event":"2026-07-04 08:50:19,036 | WARNING | Retrying scripts.api_client.post in 2 seconds as it raised ConnectionError: HTTPConnectionPool(host='host.docker.internal', port=8000): Max retries exceeded with url: /valuation (Caused by NewConnectionError(\"HTTPConnection(host='host.docker.internal', port=8000): Failed to establish a new connection: [Errno 101] Network is unreachable\")).","logger":"task.stderr"}
{"timestamp":"2026-07-04T08:50:21.034279Z","level":"error","event":"2026-07-04 08:50:21,033 | INFO | Using environment: staging","logger":"task.stderr"}
{"timestamp":"2026-07-04T08:50:21.048778Z","level":"error","event":"2026-07-04 08:50:21,034 | INFO | Using environment: staging","logger":"task.stderr"}
{"timestamp":"2026-07-04T08:50:21.052714Z","level":"error","event":"2026-07-04 08:50:21,034 | INFO | Calling URL: http://host.docker.internal:8000/rc","logger":"task.stderr"}
{"timestamp":"2026-07-04T08:50:21.053241Z","level":"error","event":"2026-07-04 08:50:21,034 | INFO | Calling URL: http://host.docker.internal:8000/vrn","logger":"task.stderr"}
{"timestamp":"2026-07-04T08:50:21.054063Z","level":"error","event":"2026-07-04 08:50:21,037 | INFO | Using environment: staging","logger":"task.stderr"}
{"timestamp":"2026-07-04T08:50:21.054649Z","level":"error","event":"2026-07-04 08:50:21,037 | INFO | Using environment: staging","logger":"task.stderr"}
{"timestamp":"2026-07-04T08:50:21.055303Z","level":"error","event":"2026-07-04 08:50:21,037 | INFO | Calling URL: http://host.docker.internal:8000/valuation","logger":"task.stderr"}
{"timestamp":"2026-07-04T08:50:21.055814Z","level":"error","event":"2026-07-04 08:50:21,038 | INFO | Calling URL: http://host.docker.internal:8000/fastag","logger":"task.stderr"}
{"timestamp":"2026-07-04T08:50:21.056227Z","level":"error","event":"2026-07-04 08:50:21,041 | ERROR | RC failed for Vehicle V002: HTTPConnectionPool(host='host.docker.internal', port=8000): Max retries exceeded with url: /rc (Caused by NewConnectionError(\"HTTPConnection(host='host.docker.internal', port=8000): Failed to establish a new connection: [Errno 101] Network is unreachable\"))","logger":"task.stderr"}
{"timestamp":"2026-07-04T08:50:21.056666Z","level":"error","event":"2026-07-04 08:50:21,045 | ERROR | FASTag failed for Vehicle V002: HTTPConnectionPool(host='host.docker.internal', port=8000): Max retries exceeded with url: /fastag (Caused by NewConnectionError(\"HTTPConnection(host='host.docker.internal', port=8000): Failed to establish a new connection: [Errno 101] Network is unreachable\"))","logger":"task.stderr"}
{"timestamp":"2026-07-04T08:50:21.057051Z","level":"error","event":"2026-07-04 08:50:21,045 | ERROR | VRN failed for Vehicle V002: HTTPConnectionPool(host='host.docker.internal', port=8000): Max retries exceeded with url: /vrn (Caused by NewConnectionError(\"HTTPConnection(host='host.docker.internal', port=8000): Failed to establish a new connection: [Errno 101] Network is unreachable\"))","logger":"task.stderr"}
{"timestamp":"2026-07-04T08:50:21.057441Z","level":"error","event":"2026-07-04 08:50:21,045 | ERROR | Valuation failed for Vehicle V002: HTTPConnectionPool(host='host.docker.internal', port=8000): Max retries exceeded with url: /valuation (Caused by NewConnectionError(\"HTTPConnection(host='host.docker.internal', port=8000): Failed to establish a new connection: [Errno 101] Network is unreachable\"))","logger":"task.stderr"}
{"timestamp":"2026-07-04T08:50:21.057854Z","level":"error","event":"2026-07-04 08:50:21,046 | INFO |","logger":"task.stderr"}
{"timestamp":"2026-07-04T08:50:21.058262Z","level":"error","event":"==========================","logger":"task.stderr"}
{"timestamp":"2026-07-04T08:50:21.058789Z","level":"error","event":"Batch Summary","logger":"task.stderr"}
{"timestamp":"2026-07-04T08:50:21.059310Z","level":"error","event":"==========================","logger":"task.stderr"}
{"timestamp":"2026-07-04T08:50:21.060684Z","level":"error","event":"Total Records : 2","logger":"task.stderr"}
{"timestamp":"2026-07-04T08:50:21.061202Z","level":"error","event":"Success : 2","logger":"task.stderr"}
{"timestamp":"2026-07-04T08:50:21.062005Z","level":"error","event":"Failed : 0","logger":"task.stderr"}
{"timestamp":"2026-07-04T08:50:21.062643Z","level":"error","event":"Success Rate : 100.0%","logger":"task.stderr"}
{"timestamp":"2026-07-04T08:50:21.063286Z","level":"error","event":"==========================","logger":"task.stderr"}
{"timestamp":"2026-07-04T08:50:21.034331Z","level":"info","event":"Using environment: staging","logger":"scripts.api_client","filename":"api_client.py","lineno":19}
{"timestamp":"2026-07-04T08:50:21.034685Z","level":"info","event":"Using environment: staging","logger":"scripts.api_client","filename":"api_client.py","lineno":19}
{"timestamp":"2026-07-04T08:50:21.035018Z","level":"info","event":"Calling URL: http://host.docker.internal:8000/rc","logger":"scripts.api_client","filename":"api_client.py","lineno":20}
{"timestamp":"2026-07-04T08:50:21.036231Z","level":"info","event":"Calling URL: http://host.docker.internal:8000/vrn","logger":"scripts.api_client","filename":"api_client.py","lineno":20}
{"timestamp":"2026-07-04T08:50:21.037730Z","level":"info","event":"Using environment: staging","logger":"scripts.api_client","filename":"api_client.py","lineno":19}
{"timestamp":"2026-07-04T08:50:21.037983Z","level":"info","event":"Using environment: staging","logger":"scripts.api_client","filename":"api_client.py","lineno":19}
{"timestamp":"2026-07-04T08:50:21.038116Z","level":"info","event":"Calling URL: http://host.docker.internal:8000/valuation","logger":"scripts.api_client","filename":"api_client.py","lineno":20}
{"timestamp":"2026-07-04T08:50:21.038912Z","level":"info","event":"Calling URL: http://host.docker.internal:8000/fastag","logger":"scripts.api_client","filename":"api_client.py","lineno":20}
{"timestamp":"2026-07-04T08:50:21.042142Z","level":"error","event":"RC failed for Vehicle V002: HTTPConnectionPool(host='host.docker.internal', port=8000): Max retries exceeded with url: /rc (Caused by NewConnectionError(\"HTTPConnection(host='host.docker.internal', port=8000): Failed to establish a new connection: [Errno 101] Network is unreachable\"))","logger":"utils.error_handler","try_number":1,"run_id":"manual__2026-07-04T08:49:58.860431+00:00","dag_id":"vehicle_batch_pipeline","ti_id":"019f2c51-fe94-7cd2-8174-cf6796a5458d","task_id":"process_batch_task","map_index":0,"filename":"error_handler.py","lineno":7}
{"timestamp":"2026-07-04T08:50:21.045485Z","level":"error","event":"FASTag failed for Vehicle V002: HTTPConnectionPool(host='host.docker.internal', port=8000): Max retries exceeded with url: /fastag (Caused by NewConnectionError(\"HTTPConnection(host='host.docker.internal', port=8000): Failed to establish a new connection: [Errno 101] Network is unreachable\"))","logger":"utils.error_handler","try_number":1,"run_id":"manual__2026-07-04T08:49:58.860431+00:00","dag_id":"vehicle_batch_pipeline","ti_id":"019f2c51-fe94-7cd2-8174-cf6796a5458d","task_id":"process_batch_task","map_index":0,"filename":"error_handler.py","lineno":7}
{"timestamp":"2026-07-04T08:50:21.045676Z","level":"error","event":"VRN failed for Vehicle V002: HTTPConnectionPool(host='host.docker.internal', port=8000): Max retries exceeded with url: /vrn (Caused by NewConnectionError(\"HTTPConnection(host='host.docker.internal', port=8000): Failed to establish a new connection: [Errno 101] Network is unreachable\"))","logger":"utils.error_handler","try_number":1,"run_id":"manual__2026-07-04T08:49:58.860431+00:00","dag_id":"vehicle_batch_pipeline","ti_id":"019f2c51-fe94-7cd2-8174-cf6796a5458d","task_id":"process_batch_task","map_index":0,"filename":"error_handler.py","lineno":7}
{"timestamp":"2026-07-04T08:50:21.045782Z","level":"error","event":"Valuation failed for Vehicle V002: HTTPConnectionPool(host='host.docker.internal', port=8000): Max retries exceeded with url: /valuation (Caused by NewConnectionError(\"HTTPConnection(host='host.docker.internal', port=8000): Failed to establish a new connection: [Errno 101] Network is unreachable\"))","logger":"utils.error_handler","try_number":1,"run_id":"manual__2026-07-04T08:49:58.860431+00:00","dag_id":"vehicle_batch_pipeline","ti_id":"019f2c51-fe94-7cd2-8174-cf6796a5458d","task_id":"process_batch_task","map_index":0,"filename":"error_handler.py","lineno":7}
{"timestamp":"2026-07-04T08:50:21.070521Z","level":"info","event":"V002 processed in 3.04 sec","logger":"task.stdout"}
{"timestamp":"2026-07-04T08:50:21.046520Z","level":"info","event":"\n==========================\nBatch Summary\n==========================\nTotal Records : 2\nSuccess : 2\nFailed : 0\nSuccess Rate : 100.0%\n==========================","logger":"scripts.process_batch","try_number":1,"run_id":"manual__2026-07-04T08:49:58.860431+00:00","dag_id":"vehicle_batch_pipeline","ti_id":"019f2c51-fe94-7cd2-8174-cf6796a5458d","task_id":"process_batch_task","map_index":0,"filename":"process_batch.py","lineno":42}
{"timestamp":"2026-07-04T08:50:21.071014Z","level":"info","event":"Done. Returned value was:    year    brand  ...  status                                              error\n0  2022   Toyota  ...  FAILED  HTTPConnectionPool(host='host.docker.internal'...\n1  2021  Hyundai  ...  FAILED  HTTPConnectionPool(host='host.docker.internal'...\n\n[2 rows x 7 columns]","try_number":1,"run_id":"manual__2026-07-04T08:49:58.860431+00:00","dag_id":"vehicle_batch_pipeline","ti_id":"019f2c51-fe94-7cd2-8174-cf6796a5458d","task_id":"process_batch_task","map_index":0,"logger":"airflow.task.operators.airflow.providers.standard.decorators.python._PythonDecoratedOperator","filename":"python.py","lineno":233}
{"timestamp":"2026-07-04T08:50:21.071167Z","level":"info","event":"::group::Post Execute","try_number":1,"run_id":"manual__2026-07-04T08:49:58.860431+00:00","dag_id":"vehicle_batch_pipeline","ti_id":"019f2c51-fe94-7cd2-8174-cf6796a5458d","task_id":"process_batch_task","map_index":0,"logger":"task","filename":"task_runner.py","lineno":1288}
{"timestamp":"2026-07-04T08:50:21.071415Z","level":"info","event":"Pushing xcom","ti":"RuntimeTaskInstance(id=UUID('019f2c51-fe94-7cd2-8174-cf6796a5458d'), task_id='process_batch_task', dag_id='vehicle_batch_pipeline', run_id='manual__2026-07-04T08:49:58.860431+00:00', try_number=1, dag_version_id=UUID('019f2c50-8b66-7475-9dae-822508d85766'), map_index=0, hostname='8e3d505c6688', context_carrier={'traceparent': '00-edba6e25268cc8a6ad29b5e9c38fa4cb-31635f6b2ae2cf5d-01'}, task=<Task(_PythonDecoratedOperator): process_batch_task>, bundle_instance=LocalDagBundle(name=dags-folder), max_tries=2, start_date=datetime.datetime(2026, 7, 4, 8, 50, 14, 345400, tzinfo=datetime.timezone.utc), end_date=None, state=<TaskInstanceState.RUNNING: 'running'>, is_mapped=True, rendered_map_index=None, sentry_integration='')","try_number":1,"run_id":"manual__2026-07-04T08:49:58.860431+00:00","dag_id":"vehicle_batch_pipeline","ti_id":"019f2c51-fe94-7cd2-8174-cf6796a5458d","task_id":"process_batch_task","map_index":0,"logger":"task","filename":"task_runner.py","lineno":1791}
{"timestamp":"2026-07-04T08:50:21.220813Z","level":"info","event":"Task instance in success state","logger":"task.stdout"}
{"timestamp":"2026-07-04T08:50:21.223252Z","level":"info","event":" Previous state of the Task instance: TaskInstanceState.RUNNING","logger":"task.stdout"}
{"timestamp":"2026-07-04T08:50:21.223790Z","level":"info","event":"Task operator:<Task(_PythonDecoratedOperator): process_batch_task>","logger":"task.stdout"}
{"timestamp":"2026-07-04T08:50:21.221136Z","level":"info","event":"::endgroup::","try_number":1,"run_id":"manual__2026-07-04T08:49:58.860431+00:00","dag_id":"vehicle_batch_pipeline","ti_id":"019f2c51-fe94-7cd2-8174-cf6796a5458d","task_id":"process_batch_task","map_index":0,"logger":"task","filename":"task_runner.py","lineno":1896}
