{"timestamp":"2026-07-03T15:03:05.858130Z","level":"info","event":"::group::Pre Execute","logger":"task","filename":"task_runner.py","lineno":1926}
{"timestamp":"2026-07-03T15:03:06.327856Z","level":"info","event":"DAG bundles loaded: dags-folder, example_dags","try_number":1,"dag_id":"vehicle_batch_pipeline","map_index":2,"run_id":"manual__2026-07-03T15:03:00.190227+00:00","task_id":"process_batch_task","ti_id":"019f2881-3a8a-74ba-89f8-3d5b190956ee","logger":"airflow.dag_processing.bundles.manager.DagBundlesManager","filename":"manager.py","lineno":209}
{"timestamp":"2026-07-03T15:03:06.330517Z","level":"info","event":"Filling up the DagBag from /opt/airflow/dags/vehicle_pipeline.py","try_number":1,"dag_id":"vehicle_batch_pipeline","map_index":2,"run_id":"manual__2026-07-03T15:03:00.190227+00:00","task_id":"process_batch_task","ti_id":"019f2881-3a8a-74ba-89f8-3d5b190956ee","logger":"airflow.dag_processing.dagbag.BundleDagBag","filename":"dagbag.py","lineno":469}
{"timestamp":"2026-07-03T15:03:06.479596Z","level":"info","event":"Task instance is in running state","logger":"task.stdout"}
{"timestamp":"2026-07-03T15:03:06.482121Z","level":"info","event":" Previous state of the Task instance: TaskInstanceState.QUEUED","logger":"task.stdout"}
{"timestamp":"2026-07-03T15:03:06.482687Z","level":"info","event":"Current task name:process_batch_task","logger":"task.stdout"}
{"timestamp":"2026-07-03T15:03:06.483109Z","level":"info","event":"Dag name:vehicle_batch_pipeline","logger":"task.stdout"}
{"timestamp":"2026-07-03T15:03:06.481330Z","level":"info","event":"::endgroup::","try_number":1,"dag_id":"vehicle_batch_pipeline","map_index":2,"run_id":"manual__2026-07-03T15:03:00.190227+00:00","task_id":"process_batch_task","ti_id":"019f2881-3a8a-74ba-89f8-3d5b190956ee","logger":"task","filename":"task_runner.py","lineno":1727}
{"timestamp":"2026-07-03T15:03:06.485455Z","level":"error","event":"2026-07-03 15:03:06,485 | INFO | Processing batch_3.csv","logger":"task.stderr"}
{"timestamp":"2026-07-03T15:03:06.485684Z","level":"info","event":"Processing batch_3.csv","logger":"scripts.process_batch","try_number":1,"dag_id":"vehicle_batch_pipeline","map_index":2,"run_id":"manual__2026-07-03T15:03:00.190227+00:00","task_id":"process_batch_task","ti_id":"019f2881-3a8a-74ba-89f8-3d5b190956ee","filename":"process_batch.py","lineno":13}
{"timestamp":"2026-07-03T15:03:06.497780Z","level":"error","event":"2026-07-03 15:03:06,497 | INFO | Rows = 1","logger":"task.stderr"}
{"timestamp":"2026-07-03T15:03:06.497786Z","level":"info","event":"Rows = 1","logger":"scripts.process_batch","try_number":1,"dag_id":"vehicle_batch_pipeline","map_index":2,"run_id":"manual__2026-07-03T15:03:00.190227+00:00","task_id":"process_batch_task","ti_id":"019f2881-3a8a-74ba-89f8-3d5b190956ee","filename":"process_batch.py","lineno":17}
{"timestamp":"2026-07-03T15:03:06.501291Z","level":"error","event":"2026-07-03 15:03:06,500 | INFO | Using environment: production","logger":"task.stderr"}
{"timestamp":"2026-07-03T15:03:06.501018Z","level":"info","event":"Using environment: production","logger":"scripts.api_client","filename":"api_client.py","lineno":19}
{"timestamp":"2026-07-03T15:03:06.504885Z","level":"error","event":"2026-07-03 15:03:06,501 | INFO | Using environment: production","logger":"task.stderr"}
{"timestamp":"2026-07-03T15:03:06.505545Z","level":"error","event":"2026-07-03 15:03:06,502 | INFO | Using environment: production","logger":"task.stderr"}
{"timestamp":"2026-07-03T15:03:06.506213Z","level":"error","event":"2026-07-03 15:03:06,502 | INFO | Calling URL: http://host.docker.internal:8000/rc","logger":"task.stderr"}
{"timestamp":"2026-07-03T15:03:06.502402Z","level":"info","event":"Using environment: production","logger":"scripts.api_client","filename":"api_client.py","lineno":19}
{"timestamp":"2026-07-03T15:03:06.502730Z","level":"info","event":"Calling URL: http://host.docker.internal:8000/rc","logger":"scripts.api_client","filename":"api_client.py","lineno":20}
{"timestamp":"2026-07-03T15:03:06.505169Z","level":"info","event":"Using environment: production","logger":"scripts.api_client","filename":"api_client.py","lineno":19}
{"timestamp":"2026-07-03T15:03:06.506073Z","level":"info","event":"Calling URL: http://host.docker.internal:8000/fastag","logger":"scripts.api_client","filename":"api_client.py","lineno":20}
{"timestamp":"2026-07-03T15:03:06.508820Z","level":"error","event":"2026-07-03 15:03:06,502 | INFO | Calling URL: http://host.docker.internal:8000/fastag","logger":"task.stderr"}
{"timestamp":"2026-07-03T15:03:06.509402Z","level":"error","event":"2026-07-03 15:03:06,505 | INFO | Calling URL: http://host.docker.internal:8000/vrn","logger":"task.stderr"}
{"timestamp":"2026-07-03T15:03:06.509876Z","level":"error","event":"2026-07-03 15:03:06,505 | INFO | Using environment: production","logger":"task.stderr"}
{"timestamp":"2026-07-03T15:03:06.510636Z","level":"error","event":"2026-07-03 15:03:06,507 | INFO | Calling URL: http://host.docker.internal:8000/valuation","logger":"task.stderr"}
{"timestamp":"2026-07-03T15:03:06.506765Z","level":"info","event":"Calling URL: http://host.docker.internal:8000/vrn","logger":"scripts.api_client","filename":"api_client.py","lineno":20}
{"timestamp":"2026-07-03T15:03:06.507008Z","level":"info","event":"Using environment: production","logger":"scripts.api_client","filename":"api_client.py","lineno":19}
{"timestamp":"2026-07-03T15:03:06.507583Z","level":"info","event":"Calling URL: http://host.docker.internal:8000/valuation","logger":"scripts.api_client","filename":"api_client.py","lineno":20}
{"timestamp":"2026-07-03T15:03:06.555961Z","level":"error","event":"2026-07-03 15:03:06,555 | WARNING | Retrying scripts.api_client.post in 1 seconds as it raised ConnectionError: HTTPConnectionPool(host='host.docker.internal', port=8000): Max retries exceeded with url: /fastag (Caused by NewConnectionError(\"HTTPConnection(host='host.docker.internal', port=8000): Failed to establish a new connection: [Errno 101] Network is unreachable\")).","logger":"task.stderr"}
{"timestamp":"2026-07-03T15:03:06.557351Z","level":"warning","event":"Retrying scripts.api_client.post in 1 seconds as it raised ConnectionError: HTTPConnectionPool(host='host.docker.internal', port=8000): Max retries exceeded with url: /fastag (Caused by NewConnectionError(\"HTTPConnection(host='host.docker.internal', port=8000): Failed to establish a new connection: [Errno 101] Network is unreachable\")).","logger":"scripts.api_client","filename":"before_sleep.py","lineno":64}
{"timestamp":"2026-07-03T15:03:06.557772Z","level":"warning","event":"Retrying scripts.api_client.post in 1 seconds as it raised ConnectionError: HTTPConnectionPool(host='host.docker.internal', port=8000): Max retries exceeded with url: /vrn (Caused by NewConnectionError(\"HTTPConnection(host='host.docker.internal', port=8000): Failed to establish a new connection: [Errno 101] Network is unreachable\")).","logger":"scripts.api_client","filename":"before_sleep.py","lineno":64}
{"timestamp":"2026-07-03T15:03:06.558672Z","level":"error","event":"2026-07-03 15:03:06,557 | WARNING | Retrying scripts.api_client.post in 1 seconds as it raised ConnectionError: HTTPConnectionPool(host='host.docker.internal', port=8000): Max retries exceeded with url: /vrn (Caused by NewConnectionError(\"HTTPConnection(host='host.docker.internal', port=8000): Failed to establish a new connection: [Errno 101] Network is unreachable\")).","logger":"task.stderr"}
{"timestamp":"2026-07-03T15:03:06.559213Z","level":"error","event":"2026-07-03 15:03:06,557 | WARNING | Retrying scripts.api_client.post in 1 seconds as it raised ConnectionError: HTTPConnectionPool(host='host.docker.internal', port=8000): Max retries exceeded with url: /rc (Caused by NewConnectionError(\"HTTPConnection(host='host.docker.internal', port=8000): Failed to establish a new connection: [Errno 101] Network is unreachable\")).","logger":"task.stderr"}
{"timestamp":"2026-07-03T15:03:06.559681Z","level":"error","event":"2026-07-03 15:03:06,556 | WARNING | Retrying scripts.api_client.post in 1 seconds as it raised ConnectionError: HTTPConnectionPool(host='host.docker.internal', port=8000): Max retries exceeded with url: /valuation (Caused by NewConnectionError(\"HTTPConnection(host='host.docker.internal', port=8000): Failed to establish a new connection: [Errno 101] Network is unreachable\")).","logger":"task.stderr"}
{"timestamp":"2026-07-03T15:03:06.558005Z","level":"warning","event":"Retrying scripts.api_client.post in 1 seconds as it raised ConnectionError: HTTPConnectionPool(host='host.docker.internal', port=8000): Max retries exceeded with url: /rc (Caused by NewConnectionError(\"HTTPConnection(host='host.docker.internal', port=8000): Failed to establish a new connection: [Errno 101] Network is unreachable\")).","logger":"scripts.api_client","filename":"before_sleep.py","lineno":64}
{"timestamp":"2026-07-03T15:03:06.558399Z","level":"warning","event":"Retrying scripts.api_client.post in 1 seconds as it raised ConnectionError: HTTPConnectionPool(host='host.docker.internal', port=8000): Max retries exceeded with url: /valuation (Caused by NewConnectionError(\"HTTPConnection(host='host.docker.internal', port=8000): Failed to establish a new connection: [Errno 101] Network is unreachable\")).","logger":"scripts.api_client","filename":"before_sleep.py","lineno":64}
{"timestamp":"2026-07-03T15:03:07.558989Z","level":"error","event":"2026-07-03 15:03:07,558 | INFO | Using environment: production","logger":"task.stderr"}
{"timestamp":"2026-07-03T15:03:07.562635Z","level":"error","event":"2026-07-03 15:03:07,558 | INFO | Using environment: production","logger":"task.stderr"}
{"timestamp":"2026-07-03T15:03:07.563461Z","level":"error","event":"2026-07-03 15:03:07,558 | INFO | Using environment: production","logger":"task.stderr"}
{"timestamp":"2026-07-03T15:03:07.565112Z","level":"error","event":"2026-07-03 15:03:07,559 | INFO | Calling URL: http://host.docker.internal:8000/valuation","logger":"task.stderr"}
{"timestamp":"2026-07-03T15:03:07.566933Z","level":"error","event":"2026-07-03 15:03:07,558 | INFO | Using environment: production","logger":"task.stderr"}
{"timestamp":"2026-07-03T15:03:07.567632Z","level":"error","event":"2026-07-03 15:03:07,559 | INFO | Calling URL: http://host.docker.internal:8000/fastag","logger":"task.stderr"}
{"timestamp":"2026-07-03T15:03:07.568269Z","level":"error","event":"2026-07-03 15:03:07,560 | INFO | Calling URL: http://host.docker.internal:8000/rc","logger":"task.stderr"}
{"timestamp":"2026-07-03T15:03:07.568764Z","level":"error","event":"2026-07-03 15:03:07,560 | INFO | Calling URL: http://host.docker.internal:8000/vrn","logger":"task.stderr"}
{"timestamp":"2026-07-03T15:03:07.559409Z","level":"info","event":"Using environment: production","logger":"scripts.api_client","filename":"api_client.py","lineno":19}
{"timestamp":"2026-07-03T15:03:07.559745Z","level":"info","event":"Using environment: production","logger":"scripts.api_client","filename":"api_client.py","lineno":19}
{"timestamp":"2026-07-03T15:03:07.560033Z","level":"info","event":"Using environment: production","logger":"scripts.api_client","filename":"api_client.py","lineno":19}
{"timestamp":"2026-07-03T15:03:07.560195Z","level":"info","event":"Using environment: production","logger":"scripts.api_client","filename":"api_client.py","lineno":19}
{"timestamp":"2026-07-03T15:03:07.560292Z","level":"info","event":"Calling URL: http://host.docker.internal:8000/fastag","logger":"scripts.api_client","filename":"api_client.py","lineno":20}
{"timestamp":"2026-07-03T15:03:07.561667Z","level":"info","event":"Calling URL: http://host.docker.internal:8000/valuation","logger":"scripts.api_client","filename":"api_client.py","lineno":20}
{"timestamp":"2026-07-03T15:03:07.562045Z","level":"info","event":"Calling URL: http://host.docker.internal:8000/rc","logger":"scripts.api_client","filename":"api_client.py","lineno":20}
{"timestamp":"2026-07-03T15:03:07.563646Z","level":"info","event":"Calling URL: http://host.docker.internal:8000/vrn","logger":"scripts.api_client","filename":"api_client.py","lineno":20}
{"timestamp":"2026-07-03T15:03:07.578129Z","level":"error","event":"2026-07-03 15:03:07,577 | WARNING | Retrying scripts.api_client.post in 2 seconds as it raised ConnectionError: HTTPConnectionPool(host='host.docker.internal', port=8000): Max retries exceeded with url: /rc (Caused by NewConnectionError(\"HTTPConnection(host='host.docker.internal', port=8000): Failed to establish a new connection: [Errno 101] Network is unreachable\")).","logger":"task.stderr"}
{"timestamp":"2026-07-03T15:03:07.578780Z","level":"warning","event":"Retrying scripts.api_client.post in 2 seconds as it raised ConnectionError: HTTPConnectionPool(host='host.docker.internal', port=8000): Max retries exceeded with url: /rc (Caused by NewConnectionError(\"HTTPConnection(host='host.docker.internal', port=8000): Failed to establish a new connection: [Errno 101] Network is unreachable\")).","logger":"scripts.api_client","filename":"before_sleep.py","lineno":64}
{"timestamp":"2026-07-03T15:03:07.579609Z","level":"warning","event":"Retrying scripts.api_client.post in 2 seconds as it raised ConnectionError: HTTPConnectionPool(host='host.docker.internal', port=8000): Max retries exceeded with url: /fastag (Caused by NewConnectionError(\"HTTPConnection(host='host.docker.internal', port=8000): Failed to establish a new connection: [Errno 101] Network is unreachable\")).","logger":"scripts.api_client","filename":"before_sleep.py","lineno":64}
{"timestamp":"2026-07-03T15:03:07.579763Z","level":"warning","event":"Retrying scripts.api_client.post in 2 seconds as it raised ConnectionError: HTTPConnectionPool(host='host.docker.internal', port=8000): Max retries exceeded with url: /vrn (Caused by NewConnectionError(\"HTTPConnection(host='host.docker.internal', port=8000): Failed to establish a new connection: [Errno 101] Network is unreachable\")).","logger":"scripts.api_client","filename":"before_sleep.py","lineno":64}
{"timestamp":"2026-07-03T15:03:07.583029Z","level":"error","event":"2026-07-03 15:03:07,578 | WARNING | Retrying scripts.api_client.post in 2 seconds as it raised ConnectionError: HTTPConnectionPool(host='host.docker.internal', port=8000): Max retries exceeded with url: /fastag (Caused by NewConnectionError(\"HTTPConnection(host='host.docker.internal', port=8000): Failed to establish a new connection: [Errno 101] Network is unreachable\")).","logger":"task.stderr"}
{"timestamp":"2026-07-03T15:03:07.583745Z","level":"error","event":"2026-07-03 15:03:07,578 | WARNING | Retrying scripts.api_client.post in 2 seconds as it raised ConnectionError: HTTPConnectionPool(host='host.docker.internal', port=8000): Max retries exceeded with url: /vrn (Caused by NewConnectionError(\"HTTPConnection(host='host.docker.internal', port=8000): Failed to establish a new connection: [Errno 101] Network is unreachable\")).","logger":"task.stderr"}
{"timestamp":"2026-07-03T15:03:07.584243Z","level":"error","event":"2026-07-03 15:03:07,581 | WARNING | Retrying scripts.api_client.post in 2 seconds as it raised ConnectionError: HTTPConnectionPool(host='host.docker.internal', port=8000): Max retries exceeded with url: /valuation (Caused by NewConnectionError(\"HTTPConnection(host='host.docker.internal', port=8000): Failed to establish a new connection: [Errno 101] Network is unreachable\")).","logger":"task.stderr"}
{"timestamp":"2026-07-03T15:03:07.582058Z","level":"warning","event":"Retrying scripts.api_client.post in 2 seconds as it raised ConnectionError: HTTPConnectionPool(host='host.docker.internal', port=8000): Max retries exceeded with url: /valuation (Caused by NewConnectionError(\"HTTPConnection(host='host.docker.internal', port=8000): Failed to establish a new connection: [Errno 101] Network is unreachable\")).","logger":"scripts.api_client","filename":"before_sleep.py","lineno":64}
{"timestamp":"2026-07-03T15:03:09.580310Z","level":"error","event":"2026-07-03 15:03:09,579 | INFO | Using environment: production","logger":"task.stderr"}
{"timestamp":"2026-07-03T15:03:09.582666Z","level":"error","event":"2026-07-03 15:03:09,580 | INFO | Using environment: production","logger":"task.stderr"}
{"timestamp":"2026-07-03T15:03:09.580887Z","level":"info","event":"Using environment: production","logger":"scripts.api_client","filename":"api_client.py","lineno":19}
{"timestamp":"2026-07-03T15:03:09.582242Z","level":"info","event":"Using environment: production","logger":"scripts.api_client","filename":"api_client.py","lineno":19}
{"timestamp":"2026-07-03T15:03:09.583475Z","level":"info","event":"Using environment: production","logger":"scripts.api_client","filename":"api_client.py","lineno":19}
{"timestamp":"2026-07-03T15:03:09.586089Z","level":"error","event":"2026-07-03 15:03:09,580 | INFO | Using environment: production","logger":"task.stderr"}
{"timestamp":"2026-07-03T15:03:09.587230Z","level":"error","event":"2026-07-03 15:03:09,581 | INFO | Calling URL: http://host.docker.internal:8000/rc","logger":"task.stderr"}
{"timestamp":"2026-07-03T15:03:09.588766Z","level":"error","event":"2026-07-03 15:03:09,583 | INFO | Calling URL: http://host.docker.internal:8000/fastag","logger":"task.stderr"}
{"timestamp":"2026-07-03T15:03:09.589266Z","level":"error","event":"2026-07-03 15:03:09,583 | INFO | Using environment: production","logger":"task.stderr"}
{"timestamp":"2026-07-03T15:03:09.589815Z","level":"error","event":"2026-07-03 15:03:09,584 | INFO | Calling URL: http://host.docker.internal:8000/vrn","logger":"task.stderr"}
{"timestamp":"2026-07-03T15:03:09.584480Z","level":"info","event":"Calling URL: http://host.docker.internal:8000/rc","logger":"scripts.api_client","filename":"api_client.py","lineno":20}
{"timestamp":"2026-07-03T15:03:09.584909Z","level":"info","event":"Calling URL: http://host.docker.internal:8000/fastag","logger":"scripts.api_client","filename":"api_client.py","lineno":20}
{"timestamp":"2026-07-03T15:03:09.585158Z","level":"info","event":"Calling URL: http://host.docker.internal:8000/vrn","logger":"scripts.api_client","filename":"api_client.py","lineno":20}
{"timestamp":"2026-07-03T15:03:09.589821Z","level":"info","event":"Using environment: production","logger":"scripts.api_client","filename":"api_client.py","lineno":19}
{"timestamp":"2026-07-03T15:03:09.593285Z","level":"error","event":"2026-07-03 15:03:09,590 | INFO | Calling URL: http://host.docker.internal:8000/valuation","logger":"task.stderr"}
{"timestamp":"2026-07-03T15:03:09.591059Z","level":"info","event":"Calling URL: http://host.docker.internal:8000/valuation","logger":"scripts.api_client","filename":"api_client.py","lineno":20}
{"timestamp":"2026-07-03T15:03:09.605039Z","level":"error","event":"2026-07-03 15:03:09,604 | ERROR | RC failed for Vehicle V005: HTTPConnectionPool(host='host.docker.internal', port=8000): Max retries exceeded with url: /rc (Caused by NewConnectionError(\"HTTPConnection(host='host.docker.internal', port=8000): Failed to establish a new connection: [Errno 101] Network is unreachable\"))","logger":"task.stderr"}
{"timestamp":"2026-07-03T15:03:09.606401Z","level":"error","event":"2026-07-03 15:03:09,605 | ERROR | FASTag failed for Vehicle V005: HTTPConnectionPool(host='host.docker.internal', port=8000): Max retries exceeded with url: /fastag (Caused by NewConnectionError(\"HTTPConnection(host='host.docker.internal', port=8000): Failed to establish a new connection: [Errno 101] Network is unreachable\"))","logger":"task.stderr"}
{"timestamp":"2026-07-03T15:03:09.607590Z","level":"error","event":"2026-07-03 15:03:09,605 | ERROR | VRN failed for Vehicle V005: HTTPConnectionPool(host='host.docker.internal', port=8000): Max retries exceeded with url: /vrn (Caused by NewConnectionError(\"HTTPConnection(host='host.docker.internal', port=8000): Failed to establish a new connection: [Errno 101] Network is unreachable\"))","logger":"task.stderr"}
{"timestamp":"2026-07-03T15:03:09.607994Z","level":"error","event":"2026-07-03 15:03:09,605 | ERROR | Valuation failed for Vehicle V005: HTTPConnectionPool(host='host.docker.internal', port=8000): Max retries exceeded with url: /valuation (Caused by NewConnectionError(\"HTTPConnection(host='host.docker.internal', port=8000): Failed to establish a new connection: [Errno 101] Network is unreachable\"))","logger":"task.stderr"}
{"timestamp":"2026-07-03T15:03:09.605183Z","level":"error","event":"RC failed for Vehicle V005: HTTPConnectionPool(host='host.docker.internal', port=8000): Max retries exceeded with url: /rc (Caused by NewConnectionError(\"HTTPConnection(host='host.docker.internal', port=8000): Failed to establish a new connection: [Errno 101] Network is unreachable\"))","logger":"utils.error_handler","try_number":1,"dag_id":"vehicle_batch_pipeline","map_index":2,"run_id":"manual__2026-07-03T15:03:00.190227+00:00","task_id":"process_batch_task","ti_id":"019f2881-3a8a-74ba-89f8-3d5b190956ee","filename":"error_handler.py","lineno":7}
{"timestamp":"2026-07-03T15:03:09.605409Z","level":"error","event":"FASTag failed for Vehicle V005: HTTPConnectionPool(host='host.docker.internal', port=8000): Max retries exceeded with url: /fastag (Caused by NewConnectionError(\"HTTPConnection(host='host.docker.internal', port=8000): Failed to establish a new connection: [Errno 101] Network is unreachable\"))","logger":"utils.error_handler","try_number":1,"dag_id":"vehicle_batch_pipeline","map_index":2,"run_id":"manual__2026-07-03T15:03:00.190227+00:00","task_id":"process_batch_task","ti_id":"019f2881-3a8a-74ba-89f8-3d5b190956ee","filename":"error_handler.py","lineno":7}
{"timestamp":"2026-07-03T15:03:09.605524Z","level":"error","event":"VRN failed for Vehicle V005: HTTPConnectionPool(host='host.docker.internal', port=8000): Max retries exceeded with url: /vrn (Caused by NewConnectionError(\"HTTPConnection(host='host.docker.internal', port=8000): Failed to establish a new connection: [Errno 101] Network is unreachable\"))","logger":"utils.error_handler","try_number":1,"dag_id":"vehicle_batch_pipeline","map_index":2,"run_id":"manual__2026-07-03T15:03:00.190227+00:00","task_id":"process_batch_task","ti_id":"019f2881-3a8a-74ba-89f8-3d5b190956ee","filename":"error_handler.py","lineno":7}
{"timestamp":"2026-07-03T15:03:09.605634Z","level":"error","event":"Valuation failed for Vehicle V005: HTTPConnectionPool(host='host.docker.internal', port=8000): Max retries exceeded with url: /valuation (Caused by NewConnectionError(\"HTTPConnection(host='host.docker.internal', port=8000): Failed to establish a new connection: [Errno 101] Network is unreachable\"))","logger":"utils.error_handler","try_number":1,"dag_id":"vehicle_batch_pipeline","map_index":2,"run_id":"manual__2026-07-03T15:03:00.190227+00:00","task_id":"process_batch_task","ti_id":"019f2881-3a8a-74ba-89f8-3d5b190956ee","filename":"error_handler.py","lineno":7}
{"timestamp":"2026-07-03T15:03:09.606767Z","level":"info","event":"\n==========================\nBatch Summary\n==========================\nTotal Records : 1\nSuccess : 1\nFailed : 0\nSuccess Rate : 100.0%\n==========================","logger":"scripts.process_batch","try_number":1,"dag_id":"vehicle_batch_pipeline","map_index":2,"run_id":"manual__2026-07-03T15:03:00.190227+00:00","task_id":"process_batch_task","ti_id":"019f2881-3a8a-74ba-89f8-3d5b190956ee","filename":"process_batch.py","lineno":42}
{"timestamp":"2026-07-03T15:03:09.614096Z","level":"error","event":"2026-07-03 15:03:09,606 | INFO |","logger":"task.stderr"}
{"timestamp":"2026-07-03T15:03:09.614571Z","level":"error","event":"==========================","logger":"task.stderr"}
{"timestamp":"2026-07-03T15:03:09.614954Z","level":"error","event":"Batch Summary","logger":"task.stderr"}
{"timestamp":"2026-07-03T15:03:09.615343Z","level":"error","event":"==========================","logger":"task.stderr"}
{"timestamp":"2026-07-03T15:03:09.615874Z","level":"error","event":"Total Records : 1","logger":"task.stderr"}
{"timestamp":"2026-07-03T15:03:09.616297Z","level":"error","event":"Success : 1","logger":"task.stderr"}
{"timestamp":"2026-07-03T15:03:09.616949Z","level":"error","event":"Failed : 0","logger":"task.stderr"}
{"timestamp":"2026-07-03T15:03:09.617364Z","level":"error","event":"Success Rate : 100.0%","logger":"task.stderr"}
{"timestamp":"2026-07-03T15:03:09.617732Z","level":"error","event":"==========================","logger":"task.stderr"}
{"timestamp":"2026-07-03T15:03:09.618162Z","level":"info","event":"V005 processed in 3.11 sec","logger":"task.stdout"}
{"timestamp":"2026-07-03T15:03:09.625368Z","level":"info","event":"Done. Returned value was:    year  brand  ...  status                                              error\n0  2020  Honda  ...  FAILED  HTTPConnectionPool(host='host.docker.internal'...\n\n[1 rows x 7 columns]","try_number":1,"dag_id":"vehicle_batch_pipeline","map_index":2,"run_id":"manual__2026-07-03T15:03:00.190227+00:00","task_id":"process_batch_task","ti_id":"019f2881-3a8a-74ba-89f8-3d5b190956ee","logger":"airflow.task.operators.airflow.providers.standard.decorators.python._PythonDecoratedOperator","filename":"python.py","lineno":233}
{"timestamp":"2026-07-03T15:03:09.625855Z","level":"info","event":"::group::Post Execute","try_number":1,"dag_id":"vehicle_batch_pipeline","map_index":2,"run_id":"manual__2026-07-03T15:03:00.190227+00:00","task_id":"process_batch_task","ti_id":"019f2881-3a8a-74ba-89f8-3d5b190956ee","logger":"task","filename":"task_runner.py","lineno":1288}
{"timestamp":"2026-07-03T15:03:09.626455Z","level":"info","event":"Pushing xcom","ti":"RuntimeTaskInstance(id=UUID('019f2881-3a8a-74ba-89f8-3d5b190956ee'), task_id='process_batch_task', dag_id='vehicle_batch_pipeline', run_id='manual__2026-07-03T15:03:00.190227+00:00', try_number=1, dag_version_id=UUID('019f287f-53b5-75e4-82c6-43b71ff9ce8d'), map_index=2, hostname='8e3d505c6688', context_carrier={'traceparent': '00-686e53898ca2bc24d819ecc60233930b-66c15995a94bedf7-01'}, task=<Task(_PythonDecoratedOperator): process_batch_task>, bundle_instance=LocalDagBundle(name=dags-folder), max_tries=2, start_date=datetime.datetime(2026, 7, 3, 15, 3, 5, 870816, tzinfo=datetime.timezone.utc), end_date=None, state=<TaskInstanceState.RUNNING: 'running'>, is_mapped=True, rendered_map_index=None, sentry_integration='')","try_number":1,"dag_id":"vehicle_batch_pipeline","map_index":2,"run_id":"manual__2026-07-03T15:03:00.190227+00:00","task_id":"process_batch_task","ti_id":"019f2881-3a8a-74ba-89f8-3d5b190956ee","logger":"task","filename":"task_runner.py","lineno":1791}
{"timestamp":"2026-07-03T15:03:09.748620Z","level":"info","event":"Task instance in success state","logger":"task.stdout"}
{"timestamp":"2026-07-03T15:03:09.749610Z","level":"info","event":" Previous state of the Task instance: TaskInstanceState.RUNNING","logger":"task.stdout"}
{"timestamp":"2026-07-03T15:03:09.750650Z","level":"info","event":"Task operator:<Task(_PythonDecoratedOperator): process_batch_task>","logger":"task.stdout"}
{"timestamp":"2026-07-03T15:03:09.739389Z","level":"info","event":"::endgroup::","try_number":1,"dag_id":"vehicle_batch_pipeline","map_index":2,"run_id":"manual__2026-07-03T15:03:00.190227+00:00","task_id":"process_batch_task","ti_id":"019f2881-3a8a-74ba-89f8-3d5b190956ee","logger":"task","filename":"task_runner.py","lineno":1896}
