{"timestamp":"2026-07-05T08:35:54.876159Z","level":"info","event":"::group::Pre Execute","logger":"task","filename":"task_runner.py","lineno":1926}
{"timestamp":"2026-07-05T08:35:55.391021Z","level":"info","event":"DAG bundles loaded: dags-folder, example_dags","task_id":"process_batch_task","try_number":1,"ti_id":"019f316b-5b06-7aea-8979-8012e3740cf6","run_id":"manual__2026-07-05T08:35:36.923947+00:00","map_index":2,"dag_id":"vehicle_batch_pipeline","logger":"airflow.dag_processing.bundles.manager.DagBundlesManager","filename":"manager.py","lineno":209}
{"timestamp":"2026-07-05T08:35:55.393129Z","level":"info","event":"Filling up the DagBag from /opt/airflow/dags/vehicle_pipeline.py","task_id":"process_batch_task","try_number":1,"ti_id":"019f316b-5b06-7aea-8979-8012e3740cf6","run_id":"manual__2026-07-05T08:35:36.923947+00:00","map_index":2,"dag_id":"vehicle_batch_pipeline","logger":"airflow.dag_processing.dagbag.BundleDagBag","filename":"dagbag.py","lineno":469}
{"timestamp":"2026-07-05T08:35:55.523229Z","level":"info","event":"Task instance is in running state","logger":"task.stdout"}
{"timestamp":"2026-07-05T08:35:55.524354Z","level":"info","event":" Previous state of the Task instance: TaskInstanceState.QUEUED","logger":"task.stdout"}
{"timestamp":"2026-07-05T08:35:55.525059Z","level":"info","event":"Current task name:process_batch_task","logger":"task.stdout"}
{"timestamp":"2026-07-05T08:35:55.525610Z","level":"info","event":"Dag name:vehicle_batch_pipeline","logger":"task.stdout"}
{"timestamp":"2026-07-05T08:35:55.523758Z","level":"info","event":"::endgroup::","task_id":"process_batch_task","try_number":1,"ti_id":"019f316b-5b06-7aea-8979-8012e3740cf6","run_id":"manual__2026-07-05T08:35:36.923947+00:00","map_index":2,"dag_id":"vehicle_batch_pipeline","logger":"task","filename":"task_runner.py","lineno":1727}
{"timestamp":"2026-07-05T08:35:55.526783Z","level":"info","event":"Processing batch_3.csv","logger":"scripts.process_batch","task_id":"process_batch_task","try_number":1,"ti_id":"019f316b-5b06-7aea-8979-8012e3740cf6","run_id":"manual__2026-07-05T08:35:36.923947+00:00","map_index":2,"dag_id":"vehicle_batch_pipeline","filename":"process_batch.py","lineno":14}
{"timestamp":"2026-07-05T08:35:55.527972Z","level":"error","event":"2026-07-05 08:35:55,526 | INFO | Processing batch_3.csv","logger":"task.stderr"}
{"timestamp":"2026-07-05T08:35:55.539679Z","level":"error","event":"2026-07-05 08:35:55,539 | INFO | Rows = 1","logger":"task.stderr"}
{"timestamp":"2026-07-05T08:35:55.539619Z","level":"info","event":"Rows = 1","logger":"scripts.process_batch","task_id":"process_batch_task","try_number":1,"ti_id":"019f316b-5b06-7aea-8979-8012e3740cf6","run_id":"manual__2026-07-05T08:35:36.923947+00:00","map_index":2,"dag_id":"vehicle_batch_pipeline","filename":"process_batch.py","lineno":18}
{"timestamp":"2026-07-05T08:35:55.540230Z","level":"warning","event":"Using Variable.get from `airflow.models` is deprecated.Please use `get` on Variable from sdk(`airflow.sdk.Variable`) instead","category":"DeprecationWarning","filename":"/home/airflow/.local/lib/python3.13/site-packages/airflow/models/variable.py","lineno":159,"task_id":"process_batch_task","try_number":1,"ti_id":"019f316b-5b06-7aea-8979-8012e3740cf6","run_id":"manual__2026-07-05T08:35:36.923947+00:00","map_index":2,"dag_id":"vehicle_batch_pipeline","logger":"py.warnings"}
{"timestamp":"2026-07-05T08:35:55.576249Z","level":"warning","event":"Skipping masking for a secret as it's too short (<5 chars)","logger":"airflow._shared.secrets_masker.secrets_masker","task_id":"process_batch_task","try_number":1,"ti_id":"019f316b-5b06-7aea-8979-8012e3740cf6","run_id":"manual__2026-07-05T08:35:36.923947+00:00","map_index":2,"dag_id":"vehicle_batch_pipeline","filename":"secrets_masker.py","lineno":590}
{"timestamp":"2026-07-05T08:35:55.576634Z","level":"info","event":"Valuation Enabled = True","logger":"scripts.process_batch","task_id":"process_batch_task","try_number":1,"ti_id":"019f316b-5b06-7aea-8979-8012e3740cf6","run_id":"manual__2026-07-05T08:35:36.923947+00:00","map_index":2,"dag_id":"vehicle_batch_pipeline","filename":"process_batch.py","lineno":30}
{"timestamp":"2026-07-05T08:35:55.578624Z","level":"error","event":"2026-07-05 08:35:55,576 | INFO | Valuation Enabled = True","logger":"task.stderr"}
{"timestamp":"2026-07-05T08:35:55.579283Z","level":"error","event":"2026-07-05 08:35:55,578 | INFO | Using environment: staging","logger":"task.stderr"}
{"timestamp":"2026-07-05T08:35:55.579893Z","level":"error","event":"2026-07-05 08:35:55,578 | INFO | Calling URL: http://host.docker.internal:8000/rc","logger":"task.stderr"}
{"timestamp":"2026-07-05T08:35:55.578426Z","level":"info","event":"Using environment: staging","logger":"scripts.api_client","filename":"api_client.py","lineno":19}
{"timestamp":"2026-07-05T08:35:55.578612Z","level":"info","event":"Calling URL: http://host.docker.internal:8000/rc","logger":"scripts.api_client","filename":"api_client.py","lineno":20}
{"timestamp":"2026-07-05T08:35:55.582309Z","level":"error","event":"2026-07-05 08:35:55,580 | INFO | Using environment: staging","logger":"task.stderr"}
{"timestamp":"2026-07-05T08:35:55.583094Z","level":"error","event":"2026-07-05 08:35:55,580 | INFO | Calling URL: http://host.docker.internal:8000/fastag","logger":"task.stderr"}
{"timestamp":"2026-07-05T08:35:55.580621Z","level":"info","event":"Using environment: staging","logger":"scripts.api_client","filename":"api_client.py","lineno":19}
{"timestamp":"2026-07-05T08:35:55.580926Z","level":"info","event":"Calling URL: http://host.docker.internal:8000/fastag","logger":"scripts.api_client","filename":"api_client.py","lineno":20}
{"timestamp":"2026-07-05T08:35:55.582727Z","level":"info","event":"Using environment: staging","logger":"scripts.api_client","filename":"api_client.py","lineno":19}
{"timestamp":"2026-07-05T08:35:55.583004Z","level":"info","event":"Calling URL: http://host.docker.internal:8000/vrn","logger":"scripts.api_client","filename":"api_client.py","lineno":20}
{"timestamp":"2026-07-05T08:35:55.586467Z","level":"error","event":"2026-07-05 08:35:55,582 | INFO | Using environment: staging","logger":"task.stderr"}
{"timestamp":"2026-07-05T08:35:55.587025Z","level":"error","event":"2026-07-05 08:35:55,582 | INFO | Calling URL: http://host.docker.internal:8000/vrn","logger":"task.stderr"}
{"timestamp":"2026-07-05T08:35:55.589596Z","level":"error","event":"2026-07-05 08:35:55,589 | INFO | Using environment: staging","logger":"task.stderr"}
{"timestamp":"2026-07-05T08:35:55.592178Z","level":"error","event":"2026-07-05 08:35:55,591 | INFO | Calling URL: http://host.docker.internal:8000/valuation","logger":"task.stderr"}
{"timestamp":"2026-07-05T08:35:55.591140Z","level":"info","event":"Using environment: staging","logger":"scripts.api_client","filename":"api_client.py","lineno":19}
{"timestamp":"2026-07-05T08:35:55.591389Z","level":"info","event":"Calling URL: http://host.docker.internal:8000/valuation","logger":"scripts.api_client","filename":"api_client.py","lineno":20}
{"timestamp":"2026-07-05T08:35:55.596150Z","level":"error","event":"2026-07-05 08:35:55,595 | WARNING | Retrying scripts.api_client.post in 1 seconds as it raised ConnectionError: HTTPConnectionPool(host='host.docker.internal', port=8000): Max retries exceeded with url: /rc (Caused by NewConnectionError(\"HTTPConnection(host='host.docker.internal', port=8000): Failed to establish a new connection: [Errno 101] Network is unreachable\")).","logger":"task.stderr"}
{"timestamp":"2026-07-05T08:35:55.597393Z","level":"error","event":"2026-07-05 08:35:55,597 | WARNING | Retrying scripts.api_client.post in 1 seconds as it raised ConnectionError: HTTPConnectionPool(host='host.docker.internal', port=8000): Max retries exceeded with url: /fastag (Caused by NewConnectionError(\"HTTPConnection(host='host.docker.internal', port=8000): Failed to establish a new connection: [Errno 101] Network is unreachable\")).","logger":"task.stderr"}
{"timestamp":"2026-07-05T08:35:55.596138Z","level":"warning","event":"Retrying scripts.api_client.post in 1 seconds as it raised ConnectionError: HTTPConnectionPool(host='host.docker.internal', port=8000): Max retries exceeded with url: /rc (Caused by NewConnectionError(\"HTTPConnection(host='host.docker.internal', port=8000): Failed to establish a new connection: [Errno 101] Network is unreachable\")).","logger":"scripts.api_client","filename":"before_sleep.py","lineno":64}
{"timestamp":"2026-07-05T08:35:55.597821Z","level":"warning","event":"Retrying scripts.api_client.post in 1 seconds as it raised ConnectionError: HTTPConnectionPool(host='host.docker.internal', port=8000): Max retries exceeded with url: /fastag (Caused by NewConnectionError(\"HTTPConnection(host='host.docker.internal', port=8000): Failed to establish a new connection: [Errno 101] Network is unreachable\")).","logger":"scripts.api_client","filename":"before_sleep.py","lineno":64}
{"timestamp":"2026-07-05T08:35:55.599684Z","level":"error","event":"2026-07-05 08:35:55,597 | WARNING | Retrying scripts.api_client.post in 1 seconds as it raised ConnectionError: HTTPConnectionPool(host='host.docker.internal', port=8000): Max retries exceeded with url: /valuation (Caused by NewConnectionError(\"HTTPConnection(host='host.docker.internal', port=8000): Failed to establish a new connection: [Errno 101] Network is unreachable\")).","logger":"task.stderr"}
{"timestamp":"2026-07-05T08:35:55.600232Z","level":"error","event":"2026-07-05 08:35:55,598 | WARNING | Retrying scripts.api_client.post in 1 seconds as it raised ConnectionError: HTTPConnectionPool(host='host.docker.internal', port=8000): Max retries exceeded with url: /vrn (Caused by NewConnectionError(\"HTTPConnection(host='host.docker.internal', port=8000): Failed to establish a new connection: [Errno 101] Network is unreachable\")).","logger":"task.stderr"}
{"timestamp":"2026-07-05T08:35:55.598280Z","level":"warning","event":"Retrying scripts.api_client.post in 1 seconds as it raised ConnectionError: HTTPConnectionPool(host='host.docker.internal', port=8000): Max retries exceeded with url: /valuation (Caused by NewConnectionError(\"HTTPConnection(host='host.docker.internal', port=8000): Failed to establish a new connection: [Errno 101] Network is unreachable\")).","logger":"scripts.api_client","filename":"before_sleep.py","lineno":64}
{"timestamp":"2026-07-05T08:35:55.598703Z","level":"warning","event":"Retrying scripts.api_client.post in 1 seconds as it raised ConnectionError: HTTPConnectionPool(host='host.docker.internal', port=8000): Max retries exceeded with url: /vrn (Caused by NewConnectionError(\"HTTPConnection(host='host.docker.internal', port=8000): Failed to establish a new connection: [Errno 101] Network is unreachable\")).","logger":"scripts.api_client","filename":"before_sleep.py","lineno":64}
{"timestamp":"2026-07-05T08:35:56.597485Z","level":"error","event":"2026-07-05 08:35:56,596 | INFO | Using environment: staging","logger":"task.stderr"}
{"timestamp":"2026-07-05T08:35:56.599303Z","level":"error","event":"2026-07-05 08:35:56,597 | INFO | Calling URL: http://host.docker.internal:8000/rc","logger":"task.stderr"}
{"timestamp":"2026-07-05T08:35:56.600157Z","level":"error","event":"2026-07-05 08:35:56,598 | INFO | Using environment: staging","logger":"task.stderr"}
{"timestamp":"2026-07-05T08:35:56.600943Z","level":"error","event":"2026-07-05 08:35:56,598 | INFO | Calling URL: http://host.docker.internal:8000/fastag","logger":"task.stderr"}
{"timestamp":"2026-07-05T08:35:56.597276Z","level":"info","event":"Using environment: staging","logger":"scripts.api_client","filename":"api_client.py","lineno":19}
{"timestamp":"2026-07-05T08:35:56.597634Z","level":"info","event":"Calling URL: http://host.docker.internal:8000/rc","logger":"scripts.api_client","filename":"api_client.py","lineno":20}
{"timestamp":"2026-07-05T08:35:56.598631Z","level":"info","event":"Using environment: staging","logger":"scripts.api_client","filename":"api_client.py","lineno":19}
{"timestamp":"2026-07-05T08:35:56.598803Z","level":"info","event":"Calling URL: http://host.docker.internal:8000/fastag","logger":"scripts.api_client","filename":"api_client.py","lineno":20}
{"timestamp":"2026-07-05T08:35:56.600461Z","level":"info","event":"Using environment: staging","logger":"scripts.api_client","filename":"api_client.py","lineno":19}
{"timestamp":"2026-07-05T08:35:56.600672Z","level":"info","event":"Calling URL: http://host.docker.internal:8000/vrn","logger":"scripts.api_client","filename":"api_client.py","lineno":20}
{"timestamp":"2026-07-05T08:35:56.600995Z","level":"info","event":"Using environment: staging","logger":"scripts.api_client","filename":"api_client.py","lineno":19}
{"timestamp":"2026-07-05T08:35:56.607351Z","level":"error","event":"2026-07-05 08:35:56,600 | INFO | Using environment: staging","logger":"task.stderr"}
{"timestamp":"2026-07-05T08:35:56.608140Z","level":"error","event":"2026-07-05 08:35:56,600 | INFO | Calling URL: http://host.docker.internal:8000/vrn","logger":"task.stderr"}
{"timestamp":"2026-07-05T08:35:56.608875Z","level":"error","event":"2026-07-05 08:35:56,600 | INFO | Using environment: staging","logger":"task.stderr"}
{"timestamp":"2026-07-05T08:35:56.609605Z","level":"error","event":"2026-07-05 08:35:56,601 | INFO | Calling URL: http://host.docker.internal:8000/valuation","logger":"task.stderr"}
{"timestamp":"2026-07-05T08:35:56.601683Z","level":"info","event":"Calling URL: http://host.docker.internal:8000/valuation","logger":"scripts.api_client","filename":"api_client.py","lineno":20}
{"timestamp":"2026-07-05T08:35:56.611253Z","level":"error","event":"2026-07-05 08:35:56,610 | WARNING | Retrying scripts.api_client.post in 2 seconds as it raised ConnectionError: HTTPConnectionPool(host='host.docker.internal', port=8000): Max retries exceeded with url: /fastag (Caused by NewConnectionError(\"HTTPConnection(host='host.docker.internal', port=8000): Failed to establish a new connection: [Errno 101] Network is unreachable\")).","logger":"task.stderr"}
{"timestamp":"2026-07-05T08:35:56.611532Z","level":"warning","event":"Retrying scripts.api_client.post in 2 seconds as it raised ConnectionError: HTTPConnectionPool(host='host.docker.internal', port=8000): Max retries exceeded with url: /fastag (Caused by NewConnectionError(\"HTTPConnection(host='host.docker.internal', port=8000): Failed to establish a new connection: [Errno 101] Network is unreachable\")).","logger":"scripts.api_client","filename":"before_sleep.py","lineno":64}
{"timestamp":"2026-07-05T08:35:56.612086Z","level":"warning","event":"Retrying scripts.api_client.post in 2 seconds as it raised ConnectionError: HTTPConnectionPool(host='host.docker.internal', port=8000): Max retries exceeded with url: /vrn (Caused by NewConnectionError(\"HTTPConnection(host='host.docker.internal', port=8000): Failed to establish a new connection: [Errno 101] Network is unreachable\")).","logger":"scripts.api_client","filename":"before_sleep.py","lineno":64}
{"timestamp":"2026-07-05T08:35:56.612332Z","level":"warning","event":"Retrying scripts.api_client.post in 2 seconds as it raised ConnectionError: HTTPConnectionPool(host='host.docker.internal', port=8000): Max retries exceeded with url: /valuation (Caused by NewConnectionError(\"HTTPConnection(host='host.docker.internal', port=8000): Failed to establish a new connection: [Errno 101] Network is unreachable\")).","logger":"scripts.api_client","filename":"before_sleep.py","lineno":64}
{"timestamp":"2026-07-05T08:35:56.612965Z","level":"warning","event":"Retrying scripts.api_client.post in 2 seconds as it raised ConnectionError: HTTPConnectionPool(host='host.docker.internal', port=8000): Max retries exceeded with url: /rc (Caused by NewConnectionError(\"HTTPConnection(host='host.docker.internal', port=8000): Failed to establish a new connection: [Errno 101] Network is unreachable\")).","logger":"scripts.api_client","filename":"before_sleep.py","lineno":64}
{"timestamp":"2026-07-05T08:35:56.617449Z","level":"error","event":"2026-07-05 08:35:56,611 | WARNING | Retrying scripts.api_client.post in 2 seconds as it raised ConnectionError: HTTPConnectionPool(host='host.docker.internal', port=8000): Max retries exceeded with url: /vrn (Caused by NewConnectionError(\"HTTPConnection(host='host.docker.internal', port=8000): Failed to establish a new connection: [Errno 101] Network is unreachable\")).","logger":"task.stderr"}
{"timestamp":"2026-07-05T08:35:56.618109Z","level":"error","event":"2026-07-05 08:35:56,611 | WARNING | Retrying scripts.api_client.post in 2 seconds as it raised ConnectionError: HTTPConnectionPool(host='host.docker.internal', port=8000): Max retries exceeded with url: /valuation (Caused by NewConnectionError(\"HTTPConnection(host='host.docker.internal', port=8000): Failed to establish a new connection: [Errno 101] Network is unreachable\")).","logger":"task.stderr"}
{"timestamp":"2026-07-05T08:35:56.618880Z","level":"error","event":"2026-07-05 08:35:56,612 | WARNING | Retrying scripts.api_client.post in 2 seconds as it raised ConnectionError: HTTPConnectionPool(host='host.docker.internal', port=8000): Max retries exceeded with url: /rc (Caused by NewConnectionError(\"HTTPConnection(host='host.docker.internal', port=8000): Failed to establish a new connection: [Errno 101] Network is unreachable\")).","logger":"task.stderr"}
{"timestamp":"2026-07-05T08:35:58.612648Z","level":"error","event":"2026-07-05 08:35:58,612 | INFO | Using environment: staging","logger":"task.stderr"}
{"timestamp":"2026-07-05T08:35:58.615784Z","level":"error","event":"2026-07-05 08:35:58,612 | INFO | Using environment: staging","logger":"task.stderr"}
{"timestamp":"2026-07-05T08:35:58.616651Z","level":"error","event":"2026-07-05 08:35:58,612 | INFO | Calling URL: http://host.docker.internal:8000/fastag","logger":"task.stderr"}
{"timestamp":"2026-07-05T08:35:58.617919Z","level":"error","event":"2026-07-05 08:35:58,612 | INFO | Using environment: staging","logger":"task.stderr"}
{"timestamp":"2026-07-05T08:35:58.619712Z","level":"error","event":"2026-07-05 08:35:58,613 | INFO | Calling URL: http://host.docker.internal:8000/vrn","logger":"task.stderr"}
{"timestamp":"2026-07-05T08:35:58.612603Z","level":"info","event":"Using environment: staging","logger":"scripts.api_client","filename":"api_client.py","lineno":19}
{"timestamp":"2026-07-05T08:35:58.613095Z","level":"info","event":"Using environment: staging","logger":"scripts.api_client","filename":"api_client.py","lineno":19}
{"timestamp":"2026-07-05T08:35:58.613471Z","level":"info","event":"Calling URL: http://host.docker.internal:8000/fastag","logger":"scripts.api_client","filename":"api_client.py","lineno":20}
{"timestamp":"2026-07-05T08:35:58.614965Z","level":"info","event":"Using environment: staging","logger":"scripts.api_client","filename":"api_client.py","lineno":19}
{"timestamp":"2026-07-05T08:35:58.615717Z","level":"info","event":"Calling URL: http://host.docker.internal:8000/vrn","logger":"scripts.api_client","filename":"api_client.py","lineno":20}
{"timestamp":"2026-07-05T08:35:58.616979Z","level":"info","event":"Using environment: staging","logger":"scripts.api_client","filename":"api_client.py","lineno":19}
{"timestamp":"2026-07-05T08:35:58.617269Z","level":"info","event":"Calling URL: http://host.docker.internal:8000/valuation","logger":"scripts.api_client","filename":"api_client.py","lineno":20}
{"timestamp":"2026-07-05T08:35:58.618247Z","level":"info","event":"Calling URL: http://host.docker.internal:8000/rc","logger":"scripts.api_client","filename":"api_client.py","lineno":20}
{"timestamp":"2026-07-05T08:35:58.633332Z","level":"error","event":"2026-07-05 08:35:58,613 | INFO | Using environment: staging","logger":"task.stderr"}
{"timestamp":"2026-07-05T08:35:58.633953Z","level":"error","event":"2026-07-05 08:35:58,615 | INFO | Calling URL: http://host.docker.internal:8000/valuation","logger":"task.stderr"}
{"timestamp":"2026-07-05T08:35:58.634492Z","level":"error","event":"2026-07-05 08:35:58,617 | INFO | Calling URL: http://host.docker.internal:8000/rc","logger":"task.stderr"}
{"timestamp":"2026-07-05T08:35:58.653389Z","level":"error","event":"2026-07-05 08:35:58,652 | ERROR | RC failed for Vehicle V005: HTTPConnectionPool(host='host.docker.internal', port=8000): Max retries exceeded with url: /rc (Caused by NewConnectionError(\"HTTPConnection(host='host.docker.internal', port=8000): Failed to establish a new connection: [Errno 101] Network is unreachable\"))","logger":"task.stderr"}
{"timestamp":"2026-07-05T08:35:58.656646Z","level":"error","event":"2026-07-05 08:35:58,653 | ERROR | FASTag failed for Vehicle V005: HTTPConnectionPool(host='host.docker.internal', port=8000): Max retries exceeded with url: /fastag (Caused by NewConnectionError(\"HTTPConnection(host='host.docker.internal', port=8000): Failed to establish a new connection: [Errno 101] Network is unreachable\"))","logger":"task.stderr"}
{"timestamp":"2026-07-05T08:35:58.659674Z","level":"error","event":"2026-07-05 08:35:58,653 | ERROR | VRN failed for Vehicle V005: HTTPConnectionPool(host='host.docker.internal', port=8000): Max retries exceeded with url: /vrn (Caused by NewConnectionError(\"HTTPConnection(host='host.docker.internal', port=8000): Failed to establish a new connection: [Errno 101] Network is unreachable\"))","logger":"task.stderr"}
{"timestamp":"2026-07-05T08:35:58.662191Z","level":"error","event":"2026-07-05 08:35:58,654 | ERROR | Valuation failed for Vehicle V005: HTTPConnectionPool(host='host.docker.internal', port=8000): Max retries exceeded with url: /valuation (Caused by NewConnectionError(\"HTTPConnection(host='host.docker.internal', port=8000): Failed to establish a new connection: [Errno 101] Network is unreachable\"))","logger":"task.stderr"}
{"timestamp":"2026-07-05T08:35:58.662945Z","level":"error","event":"2026-07-05 08:35:58,656 | INFO |","logger":"task.stderr"}
{"timestamp":"2026-07-05T08:35:58.663590Z","level":"error","event":"==========================","logger":"task.stderr"}
{"timestamp":"2026-07-05T08:35:58.664232Z","level":"error","event":"Batch Summary","logger":"task.stderr"}
{"timestamp":"2026-07-05T08:35:58.664811Z","level":"error","event":"==========================","logger":"task.stderr"}
{"timestamp":"2026-07-05T08:35:58.665365Z","level":"error","event":"Total Records : 1","logger":"task.stderr"}
{"timestamp":"2026-07-05T08:35:58.665961Z","level":"error","event":"Success : 1","logger":"task.stderr"}
{"timestamp":"2026-07-05T08:35:58.666536Z","level":"error","event":"Failed : 0","logger":"task.stderr"}
{"timestamp":"2026-07-05T08:35:58.667101Z","level":"error","event":"Success Rate : 100.0%","logger":"task.stderr"}
{"timestamp":"2026-07-05T08:35:58.667663Z","level":"error","event":"==========================","logger":"task.stderr"}
{"timestamp":"2026-07-05T08:35:58.653196Z","level":"error","event":"RC failed for Vehicle V005: HTTPConnectionPool(host='host.docker.internal', port=8000): Max retries exceeded with url: /rc (Caused by NewConnectionError(\"HTTPConnection(host='host.docker.internal', port=8000): Failed to establish a new connection: [Errno 101] Network is unreachable\"))","logger":"utils.error_handler","task_id":"process_batch_task","try_number":1,"ti_id":"019f316b-5b06-7aea-8979-8012e3740cf6","run_id":"manual__2026-07-05T08:35:36.923947+00:00","map_index":2,"dag_id":"vehicle_batch_pipeline","filename":"error_handler.py","lineno":7}
{"timestamp":"2026-07-05T08:35:58.653746Z","level":"error","event":"FASTag failed for Vehicle V005: HTTPConnectionPool(host='host.docker.internal', port=8000): Max retries exceeded with url: /fastag (Caused by NewConnectionError(\"HTTPConnection(host='host.docker.internal', port=8000): Failed to establish a new connection: [Errno 101] Network is unreachable\"))","logger":"utils.error_handler","task_id":"process_batch_task","try_number":1,"ti_id":"019f316b-5b06-7aea-8979-8012e3740cf6","run_id":"manual__2026-07-05T08:35:36.923947+00:00","map_index":2,"dag_id":"vehicle_batch_pipeline","filename":"error_handler.py","lineno":7}
{"timestamp":"2026-07-05T08:35:58.653967Z","level":"error","event":"VRN failed for Vehicle V005: HTTPConnectionPool(host='host.docker.internal', port=8000): Max retries exceeded with url: /vrn (Caused by NewConnectionError(\"HTTPConnection(host='host.docker.internal', port=8000): Failed to establish a new connection: [Errno 101] Network is unreachable\"))","logger":"utils.error_handler","task_id":"process_batch_task","try_number":1,"ti_id":"019f316b-5b06-7aea-8979-8012e3740cf6","run_id":"manual__2026-07-05T08:35:36.923947+00:00","map_index":2,"dag_id":"vehicle_batch_pipeline","filename":"error_handler.py","lineno":7}
{"timestamp":"2026-07-05T08:35:58.654128Z","level":"error","event":"Valuation failed for Vehicle V005: HTTPConnectionPool(host='host.docker.internal', port=8000): Max retries exceeded with url: /valuation (Caused by NewConnectionError(\"HTTPConnection(host='host.docker.internal', port=8000): Failed to establish a new connection: [Errno 101] Network is unreachable\"))","logger":"utils.error_handler","task_id":"process_batch_task","try_number":1,"ti_id":"019f316b-5b06-7aea-8979-8012e3740cf6","run_id":"manual__2026-07-05T08:35:36.923947+00:00","map_index":2,"dag_id":"vehicle_batch_pipeline","filename":"error_handler.py","lineno":7}
{"timestamp":"2026-07-05T08:35:58.656288Z","level":"info","event":"\n==========================\nBatch Summary\n==========================\nTotal Records : 1\nSuccess : 1\nFailed : 0\nSuccess Rate : 100.0%\n==========================","logger":"scripts.process_batch","task_id":"process_batch_task","try_number":1,"ti_id":"019f316b-5b06-7aea-8979-8012e3740cf6","run_id":"manual__2026-07-05T08:35:36.923947+00:00","map_index":2,"dag_id":"vehicle_batch_pipeline","filename":"process_batch.py","lineno":52}
{"timestamp":"2026-07-05T08:35:58.671476Z","level":"info","event":"V005 processed in 3.08 sec","logger":"task.stdout"}
{"timestamp":"2026-07-05T08:35:58.675614Z","level":"info","event":"Done. Returned value was:    year  brand  ...  status                                              error\n0  2020  Honda  ...  FAILED  HTTPConnectionPool(host='host.docker.internal'...\n\n[1 rows x 7 columns]","task_id":"process_batch_task","try_number":1,"ti_id":"019f316b-5b06-7aea-8979-8012e3740cf6","run_id":"manual__2026-07-05T08:35:36.923947+00:00","map_index":2,"dag_id":"vehicle_batch_pipeline","logger":"airflow.task.operators.airflow.providers.standard.decorators.python._PythonDecoratedOperator","filename":"python.py","lineno":233}
{"timestamp":"2026-07-05T08:35:58.676001Z","level":"info","event":"::group::Post Execute","task_id":"process_batch_task","try_number":1,"ti_id":"019f316b-5b06-7aea-8979-8012e3740cf6","run_id":"manual__2026-07-05T08:35:36.923947+00:00","map_index":2,"dag_id":"vehicle_batch_pipeline","logger":"task","filename":"task_runner.py","lineno":1288}
{"timestamp":"2026-07-05T08:35:58.676374Z","level":"info","event":"Pushing xcom","ti":"RuntimeTaskInstance(id=UUID('019f316b-5b06-7aea-8979-8012e3740cf6'), task_id='process_batch_task', dag_id='vehicle_batch_pipeline', run_id='manual__2026-07-05T08:35:36.923947+00:00', try_number=1, dag_version_id=UUID('019f2c50-8b66-7475-9dae-822508d85766'), map_index=2, hostname='8e3d505c6688', context_carrier={'traceparent': '00-c04e1c7b7a2f296b349d094ca6db8d8c-e4c7b71eebedb890-01'}, task=<Task(_PythonDecoratedOperator): process_batch_task>, bundle_instance=LocalDagBundle(name=dags-folder), max_tries=2, start_date=datetime.datetime(2026, 7, 5, 8, 35, 54, 886885, tzinfo=datetime.timezone.utc), end_date=None, state=<TaskInstanceState.RUNNING: 'running'>, is_mapped=True, rendered_map_index=None, sentry_integration='')","task_id":"process_batch_task","try_number":1,"ti_id":"019f316b-5b06-7aea-8979-8012e3740cf6","run_id":"manual__2026-07-05T08:35:36.923947+00:00","map_index":2,"dag_id":"vehicle_batch_pipeline","logger":"task","filename":"task_runner.py","lineno":1791}
{"timestamp":"2026-07-05T08:35:58.747473Z","level":"info","event":"Task instance in success state","logger":"task.stdout"}
{"timestamp":"2026-07-05T08:35:58.749835Z","level":"info","event":" Previous state of the Task instance: TaskInstanceState.RUNNING","logger":"task.stdout"}
{"timestamp":"2026-07-05T08:35:58.750995Z","level":"info","event":"Task operator:<Task(_PythonDecoratedOperator): process_batch_task>","logger":"task.stdout"}
{"timestamp":"2026-07-05T08:35:58.748528Z","level":"info","event":"::endgroup::","task_id":"process_batch_task","try_number":1,"ti_id":"019f316b-5b06-7aea-8979-8012e3740cf6","run_id":"manual__2026-07-05T08:35:36.923947+00:00","map_index":2,"dag_id":"vehicle_batch_pipeline","logger":"task","filename":"task_runner.py","lineno":1896}
